COUNT validPrims 84
COUNT ordered 352
COUNT unordered 180
PAIR 1 10 0 1 10 1
PAIR 1 10 0 2 9 1
PAIR 1 10 0 4 15 0
PAIR 1 10 0 5 14 1
PAIR 1 10 0 6 13 1
PAIR 1 10 0 7 12 0
PAIR 1 10 1 2 9 0
PAIR 1 10 1 4 15 1
PAIR 1 10 1 5 14 0
PAIR 1 10 1 6 13 0
PAIR 1 10 1 7 12 1
PAIR 1 11 0 1 11 1
PAIR 1 11 0 3 9 1
PAIR 1 11 0 4 14 1
PAIR 1 11 0 5 15 1
PAIR 1 11 0 6 12 1
PAIR 1 11 0 7 13 1
PAIR 1 11 1 3 9 0
PAIR 1 11 1 4 14 0
PAIR 1 11 1 5 15 0
PAIR 1 11 1 6 12 0
PAIR 1 11 1 7 13 0
PAIR 1 12 0 1 12 1
PAIR 1 12 0 2 15 0
PAIR 1 12 0 3 14 1
PAIR 1 12 0 4 9 1
PAIR 1 12 1 2 15 1
PAIR 1 12 1 3 14 0
PAIR 1 12 1 4 9 0
PAIR 1 13 0 1 13 1
PAIR 1 13 0 2 14 1
PAIR 1 13 0 3 15 1
PAIR 1 13 0 5 9 1
PAIR 1 13 0 6 10 1
PAIR 1 13 0 7 11 1
PAIR 1 13 1 2 14 0
PAIR 1 13 1 3 15 0
PAIR 1 13 1 5 9 0
PAIR 1 13 1 6 10 0
PAIR 1 13 1 7 11 0
PAIR 1 14 0 1 14 1
PAIR 1 14 0 2 13 1
PAIR 1 14 0 4 11 1
PAIR 1 14 0 5 10 1
PAIR 1 14 0 6 9 1
PAIR 1 14 1 2 13 0
PAIR 1 14 1 4 11 0
PAIR 1 14 1 5 10 0
PAIR 1 14 1 6 9 0
PAIR 1 15 0 1 15 1
PAIR 1 15 0 3 13 1
PAIR 1 15 0 4 10 0
PAIR 1 15 0 5 11 1
PAIR 1 15 0 7 9 1
PAIR 1 15 1 3 13 0
PAIR 1 15 1 4 10 1
PAIR 1 15 1 5 11 0
PAIR 1 15 1 7 9 0
PAIR 2 9 0 2 9 1
PAIR 2 9 0 4 15 0
PAIR 2 9 0 5 14 1
PAIR 2 9 0 6 13 1
PAIR 2 9 0 7 12 0
PAIR 2 9 1 4 15 1
PAIR 2 9 1 5 14 0
PAIR 2 9 1 6 13 0
PAIR 2 9 1 7 12 1
PAIR 2 11 0 2 11 1
PAIR 2 11 0 3 10 1
PAIR 2 11 1 3 10 0
PAIR 2 12 0 2 12 1
PAIR 2 12 0 4 10 1
PAIR 2 12 1 4 10 0
PAIR 2 13 0 2 13 1
PAIR 2 13 0 5 10 1
PAIR 2 13 0 6 9 1
PAIR 2 13 1 5 10 0
PAIR 2 13 1 6 9 0
PAIR 2 14 0 2 14 1
PAIR 2 14 0 5 9 1
PAIR 2 14 0 6 10 1
PAIR 2 14 1 5 9 0
PAIR 2 14 1 6 10 0
PAIR 2 15 0 2 15 1
PAIR 2 15 0 4 9 0
PAIR 2 15 0 7 10 1
PAIR 2 15 1 4 9 1
PAIR 2 15 1 7 10 0
PAIR 3 9 0 3 9 1
PAIR 3 9 0 4 14 1
PAIR 3 9 0 5 15 1
PAIR 3 9 0 6 12 1
PAIR 3 9 0 7 13 1
PAIR 3 9 1 4 14 0
PAIR 3 9 1 5 15 0
PAIR 3 9 1 6 12 0
PAIR 3 9 1 7 13 0
PAIR 3 10 0 3 10 1
PAIR 3 12 0 3 12 1
PAIR 3 12 0 4 11 1
PAIR 3 12 1 4 11 0
PAIR 3 13 0 3 13 1
PAIR 3 13 0 5 11 1
PAIR 3 13 0 7 9 1
PAIR 3 13 1 5 11 0
PAIR 3 13 1 7 9 0
PAIR 3 14 0 3 14 1
PAIR 3 14 0 4 9 1
PAIR 3 14 0 6 11 1
PAIR 3 14 1 4 9 0
PAIR 3 14 1 6 11 0
PAIR 3 15 0 3 15 1
PAIR 3 15 0 5 9 1
PAIR 3 15 0 7 11 1
PAIR 3 15 1 5 9 0
PAIR 3 15 1 7 11 0
PAIR 4 9 0 4 9 1
PAIR 4 10 0 4 10 1
PAIR 4 11 0 4 11 1
PAIR 4 13 0 4 13 1
PAIR 4 13 0 5 12 1
PAIR 4 13 0 6 15 0
PAIR 4 13 0 7 14 1
PAIR 4 13 1 5 12 0
PAIR 4 13 1 6 15 1
PAIR 4 13 1 7 14 0
PAIR 4 14 0 4 14 1
PAIR 4 14 0 6 12 1
PAIR 4 14 0 7 13 1
PAIR 4 14 1 6 12 0
PAIR 4 14 1 7 13 0
PAIR 4 15 0 4 15 1
PAIR 4 15 0 6 13 0
PAIR 4 15 0 7 12 1
PAIR 4 15 1 6 13 1
PAIR 4 15 1 7 12 0
PAIR 5 9 0 5 9 1
PAIR 5 9 0 6 10 1
PAIR 5 9 0 7 11 1
PAIR 5 9 1 6 10 0
PAIR 5 9 1 7 11 0
PAIR 5 10 0 5 10 1
PAIR 5 10 0 6 9 1
PAIR 5 10 1 6 9 0
PAIR 5 11 0 5 11 1
PAIR 5 11 0 7 9 1
PAIR 5 11 1 7 9 0
PAIR 5 12 0 5 12 1
PAIR 5 12 0 6 15 0
PAIR 5 12 0 7 14 1
PAIR 5 12 1 6 15 1
PAIR 5 12 1 7 14 0
PAIR 5 14 0 5 14 1
PAIR 5 14 0 6 13 1
PAIR 5 14 0 7 12 0
PAIR 5 14 1 6 13 0
PAIR 5 14 1 7 12 1
PAIR 5 15 0 5 15 1
PAIR 5 15 0 6 12 1
PAIR 5 15 0 7 13 1
PAIR 5 15 1 6 12 0
PAIR 5 15 1 7 13 0
PAIR 6 9 0 6 9 1
PAIR 6 10 0 6 10 1
PAIR 6 11 0 6 11 1
PAIR 6 12 0 6 12 1
PAIR 6 12 0 7 13 1
PAIR 6 12 1 7 13 0
PAIR 6 13 0 6 13 1
PAIR 6 13 0 7 12 0
PAIR 6 13 1 7 12 1
PAIR 6 15 0 6 15 1
PAIR 6 15 0 7 14 1
PAIR 6 15 1 7 14 0
PAIR 7 9 0 7 9 1
PAIR 7 10 0 7 10 1
PAIR 7 11 0 7 11 1
PAIR 7 12 0 7 12 1
PAIR 7 13 0 7 13 1
PAIR 7 14 0 7 14 1
COUNT nonfano 144
TRIPLE 1 2 6
TRIPLE 1 2 7
TRIPLE 1 3 6
TRIPLE 1 3 7
TRIPLE 1 6 6
TRIPLE 1 6 7
TRIPLE 1 7 6
TRIPLE 1 7 7
TRIPLE 2 1 2
TRIPLE 2 1 3
TRIPLE 2 1 6
TRIPLE 2 1 7
TRIPLE 2 2 1
TRIPLE 2 2 3
TRIPLE 2 3 1
TRIPLE 2 3 2
TRIPLE 2 3 4
TRIPLE 2 3 5
TRIPLE 2 4 3
TRIPLE 2 4 7
TRIPLE 2 5 3
TRIPLE 2 5 7
TRIPLE 2 6 3
TRIPLE 2 6 5
TRIPLE 2 7 3
TRIPLE 2 7 4
TRIPLE 2 7 6
TRIPLE 2 7 7
TRIPLE 3 1 2
TRIPLE 3 1 3
TRIPLE 3 1 6
TRIPLE 3 1 7
TRIPLE 3 2 1
TRIPLE 3 2 3
TRIPLE 3 2 4
TRIPLE 3 2 5
TRIPLE 3 3 1
TRIPLE 3 3 2
TRIPLE 3 4 2
TRIPLE 3 4 6
TRIPLE 3 5 2
TRIPLE 3 5 6
TRIPLE 3 6 2
TRIPLE 3 6 4
TRIPLE 3 6 6
TRIPLE 3 6 7
TRIPLE 3 7 2
TRIPLE 3 7 5
TRIPLE 4 1 4
TRIPLE 4 1 5
TRIPLE 4 2 4
TRIPLE 4 2 6
TRIPLE 4 3 4
TRIPLE 4 3 7
TRIPLE 4 4 1
TRIPLE 4 4 2
TRIPLE 4 4 3
TRIPLE 4 4 5
TRIPLE 4 4 6
TRIPLE 4 4 7
TRIPLE 4 5 1
TRIPLE 4 5 4
TRIPLE 4 6 2
TRIPLE 4 6 4
TRIPLE 4 7 3
TRIPLE 4 7 4
TRIPLE 5 1 4
TRIPLE 5 1 5
TRIPLE 5 2 4
TRIPLE 5 2 7
TRIPLE 5 3 4
TRIPLE 5 3 6
TRIPLE 5 4 1
TRIPLE 5 4 2
TRIPLE 5 4 3
TRIPLE 5 4 5
TRIPLE 5 4 6
TRIPLE 5 4 7
TRIPLE 5 5 1
TRIPLE 5 5 4
TRIPLE 5 6 2
TRIPLE 5 6 4
TRIPLE 5 6 6
TRIPLE 5 6 7
TRIPLE 5 7 3
TRIPLE 5 7 4
TRIPLE 5 7 6
TRIPLE 5 7 7
TRIPLE 6 1 2
TRIPLE 6 1 3
TRIPLE 6 1 4
TRIPLE 6 1 5
TRIPLE 6 1 6
TRIPLE 6 1 7
TRIPLE 6 2 1
TRIPLE 6 2 3
TRIPLE 6 2 4
TRIPLE 6 2 6
TRIPLE 6 3 1
TRIPLE 6 3 2
TRIPLE 6 3 5
TRIPLE 6 3 7
TRIPLE 6 4 1
TRIPLE 6 4 2
TRIPLE 6 4 5
TRIPLE 6 4 6
TRIPLE 6 5 1
TRIPLE 6 5 3
TRIPLE 6 5 4
TRIPLE 6 5 7
TRIPLE 6 6 2
TRIPLE 6 6 3
TRIPLE 6 6 4
TRIPLE 6 6 5
TRIPLE 6 7 6
TRIPLE 6 7 7
TRIPLE 7 1 2
TRIPLE 7 1 3
TRIPLE 7 1 4
TRIPLE 7 1 5
TRIPLE 7 1 6
TRIPLE 7 1 7
TRIPLE 7 2 1
TRIPLE 7 2 3
TRIPLE 7 2 5
TRIPLE 7 2 6
TRIPLE 7 3 1
TRIPLE 7 3 2
TRIPLE 7 3 4
TRIPLE 7 3 7
TRIPLE 7 4 1
TRIPLE 7 4 3
TRIPLE 7 4 5
TRIPLE 7 4 7
TRIPLE 7 5 1
TRIPLE 7 5 2
TRIPLE 7 5 4
TRIPLE 7 5 6
TRIPLE 7 6 6
TRIPLE 7 6 7
TRIPLE 7 7 2
TRIPLE 7 7 3
TRIPLE 7 7 4
TRIPLE 7 7 5
COUNT arrows 60
ARROW 1 2 6 6 2 1
ARROW 1 3 6 6 3 1
ARROW 1 3 7 7 3 1
ARROW 1 6 6 6 6 1
ARROW 1 7 6 6 7 1
ARROW 1 7 7 7 7 1
ARROW 2 1 6 6 1 2
ARROW 2 3 2 2 3 2
ARROW 2 3 4 4 3 2
ARROW 2 4 3 3 4 2
ARROW 2 7 3 3 7 2
ARROW 2 7 4 4 7 2
ARROW 2 7 7 7 7 2
ARROW 3 1 2 2 1 3
ARROW 3 1 6 6 1 3
ARROW 3 1 7 7 1 3
ARROW 3 2 1 1 2 3
ARROW 3 2 3 3 2 3
ARROW 3 2 5 5 2 3
ARROW 3 4 6 6 4 3
ARROW 3 5 2 2 5 3
ARROW 3 5 6 6 5 3
ARROW 3 6 2 2 6 3
ARROW 3 6 6 6 6 3
ARROW 4 5 4 4 5 4
ARROW 4 6 4 4 6 4
ARROW 4 7 4 4 7 4
ARROW 5 1 4 4 1 5
ARROW 5 3 4 4 3 5
ARROW 5 3 6 6 3 5
ARROW 5 4 1 1 4 5
ARROW 5 4 3 3 4 5
ARROW 5 4 5 5 4 5
ARROW 5 4 7 7 4 5
ARROW 5 6 4 4 6 5
ARROW 5 6 6 6 6 5
ARROW 5 7 6 6 7 5
ARROW 5 7 7 7 7 5
ARROW 6 1 6 6 1 6
ARROW 6 2 4 4 2 6
ARROW 6 3 2 2 3 6
ARROW 6 4 2 2 4 6
ARROW 6 4 6 6 4 6
ARROW 6 5 4 4 5 6
ARROW 6 7 7 7 7 6
ARROW 7 1 2 2 1 7
ARROW 7 1 4 4 1 7
ARROW 7 1 6 6 1 7
ARROW 7 1 7 7 1 7
ARROW 7 2 1 1 2 7
ARROW 7 2 3 3 2 7
ARROW 7 2 5 5 2 7
ARROW 7 3 4 4 3 7
ARROW 7 4 1 1 4 7
ARROW 7 4 3 3 4 7
ARROW 7 4 5 5 4 7
ARROW 7 4 7 7 4 7
ARROW 7 5 2 2 5 7
ARROW 7 5 6 6 5 7
ARROW 7 6 6 6 6 7
MEASURE 0 E 0 1 VAR 0 1
MEASURE 1 E 0 1 VAR 1 150
SWEEP 1 1 150 FITS
SWEEP 2 1 15000 FITS
SWEEP 3 1 1500000 FITS
SWEEP 4 1 150000000 FITS
SWEEP 5 1 15000000000 FITS
SWEEP 6 1 1500000000000 FITS
SWEEP 7 1 150000000000000 FITS
SWEEP 8 1 15000000000000000 FITS
SWEEP 9 1 1500000000000000000 FITS
SWEEP 10 1 150000000000000000000 BIGINT
SWEEP 11 1 15000000000000000000000 BIGINT
SWEEP 12 1 1500000000000000000000000 BIGINT
BIG 1 1 150
BIG 2 1 15000
BIG 3 1 1500000
BIG 4 1 150000000
BIG 5 1 15000000000
BIG 6 1 1500000000000
BIG 7 1 150000000000000
BIG 8 1 15000000000000000
BIG 9 1 1500000000000000000
BIG 10 1 150000000000000000000
BIG 11 1 15000000000000000000000
BIG 12 1 1500000000000000000000000
BIG 13 1 150000000000000000000000000
BIG 14 1 15000000000000000000000000000
BIG 15 1 1500000000000000000000000000000
BIG 16 1 150000000000000000000000000000000
BIG 17 1 15000000000000000000000000000000000
BIG 18 1 1500000000000000000000000000000000000
BIG 19 1 150000000000000000000000000000000000000
BIG 20 1 15000000000000000000000000000000000000000
ORACLE MISMATCH
