Madaros v0.80.0 -- the Sounio self-hosted compiler
the bare highland that does not negotiate with ill-formed code -- Sfakia, Crete
Horizon 3: self-hosted primary compiler.

Main file: 5 items
Loaded 1 modules
Resolve skip: single module with no imports
Type checking module 0
Type check complete for module 0
imported_compile: begin
imported_compile: load_begin
imported_compile: load_done
imported_compile: loaded 1 modules
imported_compile: typecheck_begin
imported_compile: typecheck_done
imported_compile: typecheck ok
imported_compile: lower_begin
lower_array: seed_begin
lower_array: seed_done
lower_array: dep_mode into_acc
lower_array: seed_main_idx 4
lower_array: final_fn_count 8
lower_array: arena_reset_totals ok=0 skip=0 sites_reclaimed=0
imported_compile: lower_done
Merged IR: 8 functions
Written to /tmp/madaros-run.65l0J2/main.elf
Written to /tmp/madaros-run.65l0J2/main.elf
Compilation successful!
   Output: /tmp/madaros-run.65l0J2/main.elf
VALIDPRIMS 84 PASS
PAIR 1 10 0 1 10 1
PAIR 1 10 0 2 9 1
PAIR 1 10 0 4 15 0
PAIR 1 10 0 5 14 1
PAIR 1 10 0 6 13 1
PAIR 1 10 0 7 12 0
PAIR 1 10 1 2 9 0
PAIR 1 10 1 4 15 1
PAIR 1 10 1 5 14 0
PAIR 1 10 1 6 13 0
PAIR 1 10 1 7 12 1
PAIR 1 11 0 1 11 1
PAIR 1 11 0 3 9 1
PAIR 1 11 0 4 14 1
PAIR 1 11 0 5 15 1
PAIR 1 11 0 6 12 1
PAIR 1 11 0 7 13 1
PAIR 1 11 1 3 9 0
PAIR 1 11 1 4 14 0
PAIR 1 11 1 5 15 0
PAIR 1 11 1 6 12 0
PAIR 1 11 1 7 13 0
PAIR 1 12 0 1 12 1
PAIR 1 12 0 2 15 0
PAIR 1 12 0 3 14 1
PAIR 1 12 0 4 9 1
PAIR 1 12 1 2 15 1
PAIR 1 12 1 3 14 0
PAIR 1 12 1 4 9 0
PAIR 1 13 0 1 13 1
PAIR 1 13 0 2 14 1
PAIR 1 13 0 3 15 1
PAIR 1 13 0 5 9 1
PAIR 1 13 0 6 10 1
PAIR 1 13 0 7 11 1
PAIR 1 13 1 2 14 0
PAIR 1 13 1 3 15 0
PAIR 1 13 1 5 9 0
PAIR 1 13 1 6 10 0
PAIR 1 13 1 7 11 0
PAIR 1 14 0 1 14 1
PAIR 1 14 0 2 13 1
PAIR 1 14 0 4 11 1
PAIR 1 14 0 5 10 1
PAIR 1 14 0 6 9 1
PAIR 1 14 1 2 13 0
PAIR 1 14 1 4 11 0
PAIR 1 14 1 5 10 0
PAIR 1 14 1 6 9 0
PAIR 1 15 0 1 15 1
PAIR 1 15 0 3 13 1
PAIR 1 15 0 4 10 0
PAIR 1 15 0 5 11 1
PAIR 1 15 0 7 9 1
PAIR 1 15 1 3 13 0
PAIR 1 15 1 4 10 1
PAIR 1 15 1 5 11 0
PAIR 1 15 1 7 9 0
PAIR 2 9 0 2 9 1
PAIR 2 9 0 4 15 0
PAIR 2 9 0 5 14 1
PAIR 2 9 0 6 13 1
PAIR 2 9 0 7 12 0
PAIR 2 9 1 4 15 1
PAIR 2 9 1 5 14 0
PAIR 2 9 1 6 13 0
PAIR 2 9 1 7 12 1
PAIR 2 11 0 2 11 1
PAIR 2 11 0 3 10 1
PAIR 2 11 1 3 10 0
PAIR 2 12 0 2 12 1
PAIR 2 12 0 4 10 1
PAIR 2 12 1 4 10 0
PAIR 2 13 0 2 13 1
PAIR 2 13 0 5 10 1
PAIR 2 13 0 6 9 1
PAIR 2 13 1 5 10 0
PAIR 2 13 1 6 9 0
PAIR 2 14 0 2 14 1
PAIR 2 14 0 5 9 1
PAIR 2 14 0 6 10 1
PAIR 2 14 1 5 9 0
PAIR 2 14 1 6 10 0
PAIR 2 15 0 2 15 1
PAIR 2 15 0 4 9 0
PAIR 2 15 0 7 10 1
PAIR 2 15 1 4 9 1
PAIR 2 15 1 7 10 0
PAIR 3 9 0 3 9 1
PAIR 3 9 0 4 14 1
PAIR 3 9 0 5 15 1
PAIR 3 9 0 6 12 1
PAIR 3 9 0 7 13 1
PAIR 3 9 1 4 14 0
PAIR 3 9 1 5 15 0
PAIR 3 9 1 6 12 0
PAIR 3 9 1 7 13 0
PAIR 3 10 0 3 10 1
PAIR 3 12 0 3 12 1
PAIR 3 12 0 4 11 1
PAIR 3 12 1 4 11 0
PAIR 3 13 0 3 13 1
PAIR 3 13 0 5 11 1
PAIR 3 13 0 7 9 1
PAIR 3 13 1 5 11 0
PAIR 3 13 1 7 9 0
PAIR 3 14 0 3 14 1
PAIR 3 14 0 4 9 1
PAIR 3 14 0 6 11 1
PAIR 3 14 1 4 9 0
PAIR 3 14 1 6 11 0
PAIR 3 15 0 3 15 1
PAIR 3 15 0 5 9 1
PAIR 3 15 0 7 11 1
PAIR 3 15 1 5 9 0
PAIR 3 15 1 7 11 0
PAIR 4 9 0 4 9 1
PAIR 4 10 0 4 10 1
PAIR 4 11 0 4 11 1
PAIR 4 13 0 4 13 1
PAIR 4 13 0 5 12 1
PAIR 4 13 0 6 15 0
PAIR 4 13 0 7 14 1
PAIR 4 13 1 5 12 0
PAIR 4 13 1 6 15 1
PAIR 4 13 1 7 14 0
PAIR 4 14 0 4 14 1
PAIR 4 14 0 6 12 1
PAIR 4 14 0 7 13 1
PAIR 4 14 1 6 12 0
PAIR 4 14 1 7 13 0
PAIR 4 15 0 4 15 1
PAIR 4 15 0 6 13 0
PAIR 4 15 0 7 12 1
PAIR 4 15 1 6 13 1
PAIR 4 15 1 7 12 0
PAIR 5 9 0 5 9 1
PAIR 5 9 0 6 10 1
PAIR 5 9 0 7 11 1
PAIR 5 9 1 6 10 0
PAIR 5 9 1 7 11 0
PAIR 5 10 0 5 10 1
PAIR 5 10 0 6 9 1
PAIR 5 10 1 6 9 0
PAIR 5 11 0 5 11 1
PAIR 5 11 0 7 9 1
PAIR 5 11 1 7 9 0
PAIR 5 12 0 5 12 1
PAIR 5 12 0 6 15 0
PAIR 5 12 0 7 14 1
PAIR 5 12 1 6 15 1
PAIR 5 12 1 7 14 0
PAIR 5 14 0 5 14 1
PAIR 5 14 0 6 13 1
PAIR 5 14 0 7 12 0
PAIR 5 14 1 6 13 0
PAIR 5 14 1 7 12 1
PAIR 5 15 0 5 15 1
PAIR 5 15 0 6 12 1
PAIR 5 15 0 7 13 1
PAIR 5 15 1 6 12 0
PAIR 5 15 1 7 13 0
PAIR 6 9 0 6 9 1
PAIR 6 10 0 6 10 1
PAIR 6 11 0 6 11 1
PAIR 6 12 0 6 12 1
PAIR 6 12 0 7 13 1
PAIR 6 12 1 7 13 0
PAIR 6 13 0 6 13 1
PAIR 6 13 0 7 12 0
PAIR 6 13 1 7 12 1
PAIR 6 15 0 6 15 1
PAIR 6 15 0 7 14 1
PAIR 6 15 1 7 14 0
PAIR 7 9 0 7 9 1
PAIR 7 10 0 7 10 1
PAIR 7 11 0 7 11 1
PAIR 7 12 0 7 12 1
PAIR 7 13 0 7 13 1
PAIR 7 14 0 7 14 1
ORDERED FAIL=352
UNORDERED FAIL=180
CANONICAL-ZD FAIL
