═══════════════════════════════════════════════════════════════════════
  Door F: Pre-ictal sweep — MSE vs Associator Norm  (α=0.2)
  chb11, seizure at 298s, 256Hz, 16ch
  Baseline: interictal holdout at t=10s
═══════════════════════════════════════════════════════════════════════

  baseline_mse=0.106403
  baseline_assoc=2.261586

  label    t_rel  mse        mse_ratio  assoc      assoc_ratio
  ──────────────────────────────────────────────────────────────────
  FAR      -60s  0.521815  4.904156  1.551761  0.686138
  PRE30    -30s  2.685059  25.234887  2.937671  1.298943
  PRE10    -10s  0.891830  8.381649  1.790696  0.791788
  PRE5      -5s  4.601253  43.243786  2.439190  1.078531
  IC        +0s  2.603353  24.466994  2.918586  1.290504
  POST      +5s  8.870118  83.363700  3.803575  1.681817

T1 PASS: MSE at onset = 24.466994× baseline (>1.0)
T2 PASS: baseline assoc = 2.261586 > 0
T3 PASS: assoc at onset = 1.290504× baseline (structural change)
T4 FAIL (exploratory): assoc_ratio at −10s = 0.791788 ≤ mse_ratio = 8.381649

FAILURES: 1

  Passed: 3

  Failed: 1

