═══════════════════════════════════════════════════════════════════════
  Door F: Pre-ictal sweep — MSE vs Associator Norm  (α=0.2)
  chb16, seizure at 2290s, 256Hz, 16ch
  Baseline: interictal holdout at t=10s
═══════════════════════════════════════════════════════════════════════

  baseline_mse=1.125243
  baseline_assoc=2.663432

  label    t_rel  mse        mse_ratio  assoc      assoc_ratio
  ──────────────────────────────────────────────────────────────────
  FAR      -60s  0.486576  0.432419  1.049943  0.394207
  PRE30    -30s  1.487626  1.322049  1.252390  0.470217
  PRE10    -10s  0.449731  0.399674  1.000411  0.375610
  PRE5      -5s  5.783707  5.139964  2.853023  1.071183
  IC        +0s  0.839848  0.746371  4.953226  1.859715
  POST      +5s  1.422162  1.263872  2.111988  0.792957

T1 FAIL: MSE at onset = 0.746371× baseline (expected >1.0)
T2 PASS: baseline assoc = 2.663432 > 0
T3 PASS: assoc at onset = 1.859715× baseline (structural change)
T4 FAIL (exploratory): assoc_ratio at −10s = 0.375610 ≤ mse_ratio = 0.399674

FAILURES: 2

  Passed: 2

  Failed: 2

