═══════════════════════════════════════════════════════════════════════
  Door F: Pre-ictal sweep — MSE vs Associator Norm  (α=0.2)
  chb24, seizure at 480s, 256Hz, 16ch
  Baseline: interictal holdout at t=10s
═══════════════════════════════════════════════════════════════════════

  baseline_mse=0.115929
  baseline_assoc=1.444784

  label    t_rel  mse        mse_ratio  assoc      assoc_ratio
  ──────────────────────────────────────────────────────────────────
  FAR      -60s  0.311157  2.684026  2.166410  1.499469
  PRE30    -30s  0.367865  3.173185  1.518921  1.051313
  PRE10    -10s  0.248365  2.142379  3.682530  2.548844
  PRE5      -5s  1.304007  11.248290  2.402194  1.662666
  IC        +0s  0.054384  0.469113  2.168424  1.500863
  POST      +5s  0.596515  5.145504  10.422675  7.214000

T1 FAIL: MSE at onset = 0.469113× baseline (expected >1.0)
T2 PASS: baseline assoc = 1.444784 > 0
T3 PASS: assoc at onset = 1.500863× baseline (structural change)
T4 PASS (exploratory): assoc_ratio at −10s = 2.548844 > mse_ratio = 2.142379

FAILURES: 1

  Passed: 3

  Failed: 1

