═══════════════════════════════════════════════════════════════════════
  Door F: Pre-ictal sweep — MSE vs Associator Norm  (α=0.2)
  chb18, seizure at 3477s, 256Hz, 16ch
  Baseline: interictal holdout at t=10s
═══════════════════════════════════════════════════════════════════════

  baseline_mse=0.069466
  baseline_assoc=1.499688

  label    t_rel  mse        mse_ratio  assoc      assoc_ratio
  ──────────────────────────────────────────────────────────────────
  FAR      -60s  1.959807  28.212507  1.488505  0.992543
  PRE30    -30s  2.545651  36.646056  0.999135  0.666229
  PRE10    -10s  2.487067  35.802711  1.154321  0.769707
  PRE5      -5s  1.254129  18.053875  0.971542  0.647830
  IC        +0s  2.062478  29.690519  1.606853  1.071458
  POST      +5s  6.345090  91.341078  2.033400  1.355882

T1 PASS: MSE at onset = 29.690519× baseline (>1.0)
T2 PASS: baseline assoc = 1.499688 > 0
T3 PASS: assoc at onset = 1.071458× baseline (structural change)
T4 FAIL (exploratory): assoc_ratio at −10s = 0.769707 ≤ mse_ratio = 35.802711

FAILURES: 1

  Passed: 3

  Failed: 1

