═══════════════════════════════════════════════════════════════════════
  Door F: Pre-ictal sweep — MSE vs Associator Norm  (α=0.2)
  chb15, seizure at 272s, 256Hz, 16ch
  Baseline: interictal holdout at t=10s
═══════════════════════════════════════════════════════════════════════

  baseline_mse=0.821988
  baseline_assoc=1.559307

  label    t_rel  mse        mse_ratio  assoc      assoc_ratio
  ──────────────────────────────────────────────────────────────────
  FAR      -60s  2.159391  2.627034  2.593404  1.663177
  PRE30    -30s  1.535235  1.867710  2.461977  1.578892
  PRE10    -10s  0.229963  0.279764  1.823129  1.169192
  PRE5      -5s  1.380129  1.679013  1.385847  0.888759
  IC        +0s  0.449202  0.546483  2.459963  1.577600
  POST      +5s  0.521877  0.634896  2.217853  1.422333

T1 FAIL: MSE at onset = 0.546483× baseline (expected >1.0)
T2 PASS: baseline assoc = 1.559307 > 0
T3 PASS: assoc at onset = 1.577600× baseline (structural change)
T4 PASS (exploratory): assoc_ratio at −10s = 1.169192 > mse_ratio = 0.279764

FAILURES: 1

  Passed: 3

  Failed: 1

