═══════════════════════════════════════════════════════════════════════
  Door F: Pre-ictal sweep — MSE vs Associator Norm  (α=0.2)
  chb21, seizure at 1288s, 256Hz, 16ch
  Baseline: interictal holdout at t=10s
═══════════════════════════════════════════════════════════════════════

  baseline_mse=0.244636
  baseline_assoc=1.378225

  label    t_rel  mse        mse_ratio  assoc      assoc_ratio
  ──────────────────────────────────────────────────────────────────
  FAR      -60s  1.027846  4.201537  1.973884  1.432192
  PRE30    -30s  0.070693  0.288971  2.239025  1.624571
  PRE10    -10s  0.232735  0.951351  1.245672  0.903823
  PRE5      -5s  0.125921  0.514727  1.185843  0.860413
  IC        +0s  0.101410  0.414535  1.315957  0.954820
  POST      +5s  0.225599  0.922184  2.754009  1.998229

T1 FAIL: MSE at onset = 0.414535× baseline (expected >1.0)
T2 PASS: baseline assoc = 1.378225 > 0
T3 PASS: assoc at onset = 0.954820× baseline (structural change)
T4 FAIL (exploratory): assoc_ratio at −10s = 0.903823 ≤ mse_ratio = 0.951351

FAILURES: 2

  Passed: 2

  Failed: 2

