source: /orangefs/training/sounio/door-f-runs/door-f-20260420T225341-755100/sio/door_f_chb05.sio 320863
 bytes
import: stdlib/math/sedenion.sio 22929
 bytes
import: stdlib/math/octonion.sio 8599
 bytes
total source: 360953
 bytes
tokens: 79705

st_count: 4
 depth_end: 0

globals: 136
 bss=1133208

effects: scanned 119
 functions
refined: 14934
 in 3
 passes
  prev=0
 L26

  prev=3
 L26

  prev=51
 L26

  prev=77
 L21

  prev=3
 L21

  prev=51
 L21

unc_detail: dot=0
 decl=0
 let=0
 colon=0
 other=6

epistemic: 42333
 expr, 42327
 certain (99
%), 6
 uncertain [ident=9702
 ops=5148
 other=6
], types=7
, gate=950
/1000
epistemic_main: 37016
 expr, 37013
 certain (99
%), 3
 uncertain
knightian: 0
 sites, gap_sum=0

knowledge_subtype: 0
 sites, 0
 violations
knowledge_units: 0
 sites with dimensional Knowledge<T>
tier_dist: PLATINUM=42327
 GOLD=0
 SILVER=0
 BRONZE=0
 [PLATINUM%=99
%]
econf: total=42333
 platinum=42327
 gate_pass=42327
 knightian=6
 min=0
 mean=999
 gate=950

compile: fns=119
 code=1112358
 main=fn36
 patches=364
 gates[direct=314
 guarded=0
]
elf: /tmp/souc_run_gQ6XGr 1116454
 bytes (bss=1133208
)
