═══════════════════════════════════════════════════════════════════════
  Door F: Pre-ictal sweep — MSE vs Associator Norm  (α=0.2)
  chb13, seizure at 2077s, 256Hz, 16ch
  Baseline: interictal holdout at t=10s
═══════════════════════════════════════════════════════════════════════

  baseline_mse=0.470177
  baseline_assoc=1.260450

  label    t_rel  mse        mse_ratio  assoc      assoc_ratio
  ──────────────────────────────────────────────────────────────────
  FAR      -60s  0.596442  1.268548  1.801928  1.429591
  PRE30    -30s  0.425483  0.904942  1.745652  1.384944
  PRE10    -10s  0.517186  1.099982  0.980733  0.778082
  PRE5      -5s  0.208652  0.443774  0.931109  0.738712
  IC        +0s  0.948989  2.018366  1.763038  1.398737
  POST      +5s  0.957495  2.036458  1.524318  1.209344

T1 PASS: MSE at onset = 2.018366× baseline (>1.0)
T2 PASS: baseline assoc = 1.260450 > 0
T3 PASS: assoc at onset = 1.398737× baseline (structural change)
T4 FAIL (exploratory): assoc_ratio at −10s = 0.778082 ≤ mse_ratio = 1.099982

FAILURES: 1

  Passed: 3

  Failed: 1

