source: /orangefs/training/sounio/door-f-runs/door-f-20260420T225341-755100/sio/door_f_chb22.sio 318416
 bytes
import: stdlib/math/sedenion.sio 22929
 bytes
import: stdlib/math/octonion.sio 8599
 bytes
total source: 358506
 bytes
tokens: 77250

st_count: 4
 depth_end: 0

globals: 136
 bss=1133208

effects: scanned 119
 functions
refined: 12479
 in 3
 passes
  prev=0
 L26

  prev=3
 L26

  prev=51
 L26

  prev=77
 L21

  prev=3
 L21

  prev=51
 L21

unc_detail: dot=0
 decl=0
 let=0
 colon=0
 other=6

epistemic: 39878
 expr, 39872
 certain (99
%), 6
 uncertain [ident=9702
 ops=2693
 other=6
], types=7
, gate=950
/1000
epistemic_main: 34561
 expr, 34558
 certain (99
%), 3
 uncertain
knightian: 0
 sites, gap_sum=0

knowledge_subtype: 0
 sites, 0
 violations
knowledge_units: 0
 sites with dimensional Knowledge<T>
tier_dist: PLATINUM=39872
 GOLD=0
 SILVER=0
 BRONZE=0
 [PLATINUM%=99
%]
econf: total=39878
 platinum=39872
 gate_pass=39872
 knightian=6
 min=0
 mean=999
 gate=950

compile: fns=119
 code=1027617
 main=fn36
 patches=364
 gates[direct=314
 guarded=0
]
elf: /tmp/souc_run_vSXt1Y 1031713
 bytes (bss=1133208
)
