═══════════════════════════════════════════════════════════════════════
  Door F: Pre-ictal sweep — MSE vs Associator Norm  (α=0.2)
  chb20, seizure at 94s, 256Hz, 16ch
  Baseline: interictal holdout at t=10s
═══════════════════════════════════════════════════════════════════════

  baseline_mse=0.086078
  baseline_assoc=2.890529

  label    t_rel  mse        mse_ratio  assoc      assoc_ratio
  ──────────────────────────────────────────────────────────────────
  FAR      -60s  0.802429  9.322118  1.515782  0.524396
  PRE30    -30s  0.673973  7.829802  1.198579  0.414657
  PRE10    -10s  1.633047  18.971722  2.200308  0.761213
  PRE5      -5s  6.844012  79.509461  1.003338  0.347112
  IC        +0s  10.001136  116.186957  3.185594  1.102080
  POST      +5s  2.057827  23.906555  1.388348  0.480309

T1 PASS: MSE at onset = 116.186957× baseline (>1.0)
T2 PASS: baseline assoc = 2.890529 > 0
T3 PASS: assoc at onset = 1.102080× baseline (structural change)
T4 FAIL (exploratory): assoc_ratio at −10s = 0.761213 ≤ mse_ratio = 18.971722

FAILURES: 1

  Passed: 3

  Failed: 1

