═══════════════════════════════════════════════════════════════════════
  Door F: Pre-ictal sweep — MSE vs Associator Norm  (α=0.2)
  chb01, seizure at 2996s, 256Hz, 16ch
  Baseline: interictal holdout at t=10s
═══════════════════════════════════════════════════════════════════════

  baseline_mse=0.017094
  baseline_assoc=1.416288

  label    t_rel  mse        mse_ratio  assoc      assoc_ratio
  ──────────────────────────────────────────────────────────────────
  FAR      -60s  0.151692  8.874173  1.124208  0.793771
  PRE30    -30s  0.084472  4.941699  0.799828  0.564735
  PRE10    -10s  0.074137  4.337121  1.102452  0.778410
  PRE5      -5s  0.068388  4.000768  0.937677  0.662067
  IC        +0s  0.112782  6.597887  1.669806  1.179001
  POST      +5s  0.675317  39.506844  4.005983  2.828508

T1 PASS: MSE at onset = 6.597887× baseline (>1.0)
T2 PASS: baseline assoc = 1.416288 > 0
T3 PASS: assoc at onset = 1.179001× baseline (structural change)
T4 FAIL (exploratory): assoc_ratio at −10s = 0.778410 ≤ mse_ratio = 4.337121

FAILURES: 1

  Passed: 3

  Failed: 1

