═══════════════════════════════════════════════════════════════════════
  Door F: Pre-ictal sweep — MSE vs Associator Norm  (α=0.2)
  chb08, seizure at 2670s, 256Hz, 16ch
  Baseline: interictal holdout at t=10s
═══════════════════════════════════════════════════════════════════════

  baseline_mse=0.087964
  baseline_assoc=1.146789

  label    t_rel  mse        mse_ratio  assoc      assoc_ratio
  ──────────────────────────────────────────────────────────────────
  FAR      -60s  0.459113  5.219343  2.614240  2.279618
  PRE30    -30s  0.269824  3.067437  1.717684  1.497821
  PRE10    -10s  0.413782  4.704002  1.893432  1.651074
  PRE5      -5s  0.334705  3.805029  1.853784  1.616500
  IC        +0s  0.398170  4.526520  1.958538  1.707845
  POST      +5s  0.744389  8.462445  4.654652  4.058858

T1 PASS: MSE at onset = 4.526520× baseline (>1.0)
T2 PASS: baseline assoc = 1.146789 > 0
T3 PASS: assoc at onset = 1.707845× baseline (structural change)
T4 FAIL (exploratory): assoc_ratio at −10s = 1.651074 ≤ mse_ratio = 4.704002

FAILURES: 1

  Passed: 3

  Failed: 1

