═══════════════════════════════════════════════════════════════════════
  Door F: Pre-ictal sweep — MSE vs Associator Norm  (α=0.2)
  chb23, seizure at 3962s, 256Hz, 16ch
  Baseline: interictal holdout at t=10s
═══════════════════════════════════════════════════════════════════════

  baseline_mse=0.050761
  baseline_assoc=2.489454

  label    t_rel  mse        mse_ratio  assoc      assoc_ratio
  ──────────────────────────────────────────────────────────────────
  FAR      -60s  1.008627  19.870142  1.405286  0.564495
  PRE30    -30s  0.838975  16.527961  1.320689  0.530513
  PRE10    -10s  0.727666  14.335159  2.186693  0.878382
  PRE5      -5s  11.919046  234.807504  3.012387  1.210059
  IC        +0s  1.672128  32.941243  3.093222  1.242530
  POST      +5s  6.542307  128.884706  4.550237  1.827805

T1 PASS: MSE at onset = 32.941243× baseline (>1.0)
T2 PASS: baseline assoc = 2.489454 > 0
T3 PASS: assoc at onset = 1.242530× baseline (structural change)
T4 FAIL (exploratory): assoc_ratio at −10s = 0.878382 ≤ mse_ratio = 14.335159

FAILURES: 1

  Passed: 3

  Failed: 1

