═══════════════════════════════════════════════════════════════════════
  Door F: Pre-ictal sweep — MSE vs Associator Norm  (α=0.2)
  chb09, seizure at 12231s, 256Hz, 16ch
  Baseline: interictal holdout at t=10s
═══════════════════════════════════════════════════════════════════════

  baseline_mse=0.153964
  baseline_assoc=1.024502

  label    t_rel  mse        mse_ratio  assoc      assoc_ratio
  ──────────────────────────────────────────────────────────────────
  FAR      -60s  0.064914  0.421615  0.283351  0.276574
  PRE30    -30s  0.119229  0.774393  0.351541  0.343133
  PRE10    -10s  0.103654  0.673237  0.333785  0.325802
  PRE5      -5s  0.086325  0.560684  0.388362  0.379074
  IC        +0s  0.160522  1.042594  0.493225  0.481430
  POST      +5s  0.045882  0.298003  0.684524  0.668153

T1 PASS: MSE at onset = 1.042594× baseline (>1.0)
T2 PASS: baseline assoc = 1.024502 > 0
T3 FAIL: assoc at onset = 0.481430× (no change)
T4 FAIL (exploratory): assoc_ratio at −10s = 0.325802 ≤ mse_ratio = 0.673237

FAILURES: 2

  Passed: 2

  Failed: 2

