═══════════════════════════════════════════════════════════════════════
  Door F: Pre-ictal sweep — MSE vs Associator Norm  (α=0.2)
  chb14, seizure at 1986s, 256Hz, 16ch
  Baseline: interictal holdout at t=10s
═══════════════════════════════════════════════════════════════════════

  baseline_mse=0.595110
  baseline_assoc=1.275649

  label    t_rel  mse        mse_ratio  assoc      assoc_ratio
  ──────────────────────────────────────────────────────────────────
  FAR      -60s  1.172520  1.970256  0.493146  0.386584
  PRE30    -30s  1.522797  2.558848  0.920928  0.721929
  PRE10    -10s  1.020592  1.714964  0.776050  0.608357
  PRE5      -5s  2.262622  3.802022  1.331902  1.044097
  IC        +0s  0.491293  0.825549  1.075995  0.843488
  POST      +5s  1.110969  1.866830  0.435238  0.341189

T1 FAIL: MSE at onset = 0.825549× baseline (expected >1.0)
T2 PASS: baseline assoc = 1.275649 > 0
T3 PASS: assoc at onset = 0.843488× baseline (structural change)
T4 FAIL (exploratory): assoc_ratio at −10s = 0.608357 ≤ mse_ratio = 1.714964

FAILURES: 2

  Passed: 2

  Failed: 2

