source: /orangefs/training/sounio/door-f-runs/door-f-20260420T225341-755100/sio/door_f_chb12.sio 320074
 bytes
import: stdlib/math/sedenion.sio 22929
 bytes
import: stdlib/math/octonion.sio 8599
 bytes
total source: 360164
 bytes
tokens: 78908

st_count: 4
 depth_end: 0

globals: 136
 bss=1133208

effects: scanned 119
 functions
refined: 14137
 in 3
 passes
  prev=0
 L26

  prev=3
 L26

  prev=51
 L26

  prev=77
 L21

  prev=3
 L21

  prev=51
 L21

unc_detail: dot=0
 decl=0
 let=0
 colon=0
 other=6

epistemic: 41536
 expr, 41530
 certain (99
%), 6
 uncertain [ident=9702
 ops=4351
 other=6
], types=7
, gate=950
/1000
epistemic_main: 36219
 expr, 36216
 certain (99
%), 3
 uncertain
knightian: 0
 sites, gap_sum=0

knowledge_subtype: 0
 sites, 0
 violations
knowledge_units: 0
 sites with dimensional Knowledge<T>
tier_dist: PLATINUM=41530
 GOLD=0
 SILVER=0
 BRONZE=0
 [PLATINUM%=99
%]
econf: total=41536
 platinum=41530
 gate_pass=41530
 knightian=6
 min=0
 mean=999
 gate=950

compile: fns=119
 code=1044571
 main=fn36
 patches=364
 gates[direct=314
 guarded=0
]
elf: /tmp/souc_run_N11qrD 1048667
 bytes (bss=1133208
)
