═══════════════════════════════════════════════════════════════════════
  Door F: Pre-ictal sweep — MSE vs Associator Norm  (α=0.2)
  chb06, seizure at 1724s, 256Hz, 16ch
  Baseline: interictal holdout at t=10s
═══════════════════════════════════════════════════════════════════════

  baseline_mse=0.135125
  baseline_assoc=1.198884

  label    t_rel  mse        mse_ratio  assoc      assoc_ratio
  ──────────────────────────────────────────────────────────────────
  FAR      -60s  0.216808  1.604505  0.540558  0.450885
  PRE30    -30s  0.079698  0.589812  0.564955  0.471234
  PRE10    -10s  0.225762  1.670771  0.961346  0.801868
  PRE5      -5s  0.405428  3.000403  0.921746  0.768837
  IC        +0s  1.135079  8.400239  1.049467  0.875370
  POST      +5s  0.150265  1.112045  0.626610  0.522661

T1 PASS: MSE at onset = 8.400239× baseline (>1.0)
T2 PASS: baseline assoc = 1.198884 > 0
T3 PASS: assoc at onset = 0.875370× baseline (structural change)
T4 FAIL (exploratory): assoc_ratio at −10s = 0.801868 ≤ mse_ratio = 1.670771

FAILURES: 1

  Passed: 3

  Failed: 1

