═══════════════════════════════════════════════════════════════════════
  Door F: Pre-ictal sweep — MSE vs Associator Norm  (α=0.2)
  chb19, seizure at 299s, 256Hz, 16ch
  Baseline: interictal holdout at t=10s
═══════════════════════════════════════════════════════════════════════

  baseline_mse=0.289157
  baseline_assoc=1.685756

  label    t_rel  mse        mse_ratio  assoc      assoc_ratio
  ──────────────────────────────────────────────────────────────────
  FAR      -60s  0.215980  0.746930  1.337969  0.793691
  PRE30    -30s  0.359217  1.242292  2.065953  1.225535
  PRE10    -10s  0.501961  1.735949  1.349143  0.800319
  PRE5      -5s  0.284033  0.982280  1.749200  1.037635
  IC        +0s  0.635434  2.197542  1.921273  1.139710
  POST      +5s  0.878684  3.038784  1.804959  1.070712

T1 PASS: MSE at onset = 2.197542× baseline (>1.0)
T2 PASS: baseline assoc = 1.685756 > 0
T3 PASS: assoc at onset = 1.139710× baseline (structural change)
T4 FAIL (exploratory): assoc_ratio at −10s = 0.800319 ≤ mse_ratio = 1.735949

FAILURES: 1

  Passed: 3

  Failed: 1

