═══════════════════════════════════════════════════════════════════════
  Door F: Pre-ictal sweep — MSE vs Associator Norm  (α=0.2)
  chb17, seizure at 2282s, 256Hz, 16ch
  Baseline: interictal holdout at t=10s
═══════════════════════════════════════════════════════════════════════

  baseline_mse=0.008970
  baseline_assoc=1.263866

  label    t_rel  mse        mse_ratio  assoc      assoc_ratio
  ──────────────────────────────────────────────────────────────────
  FAR      -60s  0.303514  33.836293  2.141008  1.694015
  PRE30    -30s  0.340507  37.960315  1.861908  1.473184
  PRE10    -10s  0.244452  27.251963  1.496541  1.184098
  PRE5      -5s  0.237603  26.488397  2.072126  1.639514
  IC        +0s  0.224052  24.977688  2.328486  1.842352
  POST      +5s  0.381497  42.529985  1.998521  1.581276

T1 PASS: MSE at onset = 24.977688× baseline (>1.0)
T2 PASS: baseline assoc = 1.263866 > 0
T3 PASS: assoc at onset = 1.842352× baseline (structural change)
T4 FAIL (exploratory): assoc_ratio at −10s = 1.184098 ≤ mse_ratio = 27.251963

FAILURES: 1

  Passed: 3

  Failed: 1

