═══════════════════════════════════════════════════════════════════════
  Door F: Pre-ictal sweep — MSE vs Associator Norm  (α=0.2)
  chb22, seizure at 3367s, 256Hz, 16ch
  Baseline: interictal holdout at t=10s
═══════════════════════════════════════════════════════════════════════

  baseline_mse=0.015610
  baseline_assoc=2.595463

  label    t_rel  mse        mse_ratio  assoc      assoc_ratio
  ──────────────────────────────────────────────────────────────────
  FAR      -60s  16.693070  1069.391369  7.001062  2.697424
  PRE30    -30s  6.539263  418.918259  2.023406  0.779593
  PRE10    -10s  0.907433  58.131968  2.493864  0.960855
  PRE5      -5s  9.354913  599.294379  2.653892  1.022512
  IC        +0s  3.398421  217.709659  2.986974  1.150844
  POST      +5s  4.590811  294.096527  2.916952  1.123866

T1 PASS: MSE at onset = 217.709659× baseline (>1.0)
T2 PASS: baseline assoc = 2.595463 > 0
T3 PASS: assoc at onset = 1.150844× baseline (structural change)
T4 FAIL (exploratory): assoc_ratio at −10s = 0.960855 ≤ mse_ratio = 58.131968

FAILURES: 1

  Passed: 3

  Failed: 1

