═══════════════════════════════════════════════════════════════════════
  Door F: Pre-ictal sweep — MSE vs Associator Norm  (α=0.2)
  chb04, seizure at 7804s, 256Hz, 16ch
  Baseline: interictal holdout at t=10s
═══════════════════════════════════════════════════════════════════════

  baseline_mse=0.106143
  baseline_assoc=9.469944

  label    t_rel  mse        mse_ratio  assoc      assoc_ratio
  ──────────────────────────────────────────────────────────────────
  FAR      -60s  0.847999  7.989227  6.861214  0.724525
  PRE30    -30s  0.306546  2.888057  2.202650  0.232594
  PRE10    -10s  0.886776  8.354561  2.603110  0.274881
  PRE5      -5s  0.456630  4.302033  4.189345  0.442383
  IC        +0s  8.117067  76.473102  9.985796  1.054473
  POST      +5s  0.856182  8.066322  2.824108  0.298218

T1 PASS: MSE at onset = 76.473102× baseline (>1.0)
T2 PASS: baseline assoc = 9.469944 > 0
T3 PASS: assoc at onset = 1.054473× baseline (structural change)
T4 FAIL (exploratory): assoc_ratio at −10s = 0.274881 ≤ mse_ratio = 8.354561

FAILURES: 1

  Passed: 3

  Failed: 1

