═══════════════════════════════════════════════════════════════════════
  Door F: Pre-ictal sweep — MSE vs Associator Norm  (α=0.2)
  chb07, seizure at 4920s, 256Hz, 16ch
  Baseline: interictal holdout at t=10s
═══════════════════════════════════════════════════════════════════════

  baseline_mse=0.831405
  baseline_assoc=2.049403

  label    t_rel  mse        mse_ratio  assoc      assoc_ratio
  ──────────────────────────────────────────────────────────────────
  FAR      -60s  13.739750  16.525946  8.342684  4.070788
  PRE30    -30s  5.706988  6.864272  1.668237  0.814012
  PRE10    -10s  3.183388  3.828926  2.996507  1.462137
  PRE5      -5s  6.377876  7.671204  3.148489  1.536296
  IC        +0s  20.693913  24.890298  2.578440  1.258143
  POST      +5s  21.390424  25.728050  7.476118  3.647950

T1 PASS: MSE at onset = 24.890298× baseline (>1.0)
T2 PASS: baseline assoc = 2.049403 > 0
T3 PASS: assoc at onset = 1.258143× baseline (structural change)
T4 FAIL (exploratory): assoc_ratio at −10s = 1.462137 ≤ mse_ratio = 3.828926

FAILURES: 1

  Passed: 3

  Failed: 1

