═══════════════════════════════════════════════════════════════════════
  Door F: Pre-ictal sweep — MSE vs Associator Norm  (α=0.2)
  chb12, seizure at 1665s, 256Hz, 16ch
  Baseline: interictal holdout at t=10s
═══════════════════════════════════════════════════════════════════════

  baseline_mse=0.093265
  baseline_assoc=1.460496

  label    t_rel  mse        mse_ratio  assoc      assoc_ratio
  ──────────────────────────────────────────────────────────────────
  FAR      -60s  0.756012  8.106083  2.049395  1.403219
  PRE30    -30s  0.315762  3.385646  0.937226  0.641718
  PRE10    -10s  0.252753  2.710058  1.767018  1.209876
  PRE5      -5s  0.922038  9.886235  1.660691  1.137074
  IC        +0s  0.514092  5.512173  1.893604  1.296549
  POST      +5s  0.173918  1.864774  1.485790  1.017319

T1 PASS: MSE at onset = 5.512173× baseline (>1.0)
T2 PASS: baseline assoc = 1.460496 > 0
T3 PASS: assoc at onset = 1.296549× baseline (structural change)
T4 FAIL (exploratory): assoc_ratio at −10s = 1.209876 ≤ mse_ratio = 2.710058

FAILURES: 1

  Passed: 3

  Failed: 1

