═══════════════════════════════════════════════════════════════════════
  Door F: Pre-ictal sweep — MSE vs Associator Norm  (α=0.2)
  chb02, seizure at 130s, 256Hz, 16ch
  Baseline: interictal holdout at t=10s
═══════════════════════════════════════════════════════════════════════

  baseline_mse=0.034915
  baseline_assoc=4.605607

  label    t_rel  mse        mse_ratio  assoc      assoc_ratio
  ──────────────────────────────────────────────────────────────────
  FAR      -60s  2.206299  63.190502  2.274684  0.493894
  PRE30    -30s  24.663700  706.391814  9.917710  2.153399
  PRE10    -10s  0.532097  15.239758  3.504152  0.760845
  PRE5      -5s  3.088790  88.465879  1.865704  0.405094
  IC        +0s  10.590511  303.322302  6.265537  1.360415
  POST      +5s  8.421108  241.188555  4.288227  0.931088

T1 PASS: MSE at onset = 303.322302× baseline (>1.0)
T2 PASS: baseline assoc = 4.605607 > 0
T3 PASS: assoc at onset = 1.360415× baseline (structural change)
T4 FAIL (exploratory): assoc_ratio at −10s = 0.760845 ≤ mse_ratio = 15.239758

FAILURES: 1

  Passed: 3

  Failed: 1

