═══════════════════════════════════════════════════════════════════════
  Door F: Pre-ictal sweep — MSE vs Associator Norm  (α=0.2)
  chb03, seizure at 362s, 256Hz, 16ch
  Baseline: interictal holdout at t=10s
═══════════════════════════════════════════════════════════════════════

  baseline_mse=0.136418
  baseline_assoc=4.515276

  label    t_rel  mse        mse_ratio  assoc      assoc_ratio
  ──────────────────────────────────────────────────────────────────
  FAR      -60s  3.808499  27.917823  5.378379  1.191152
  PRE30    -30s  5.447838  39.934833  1.719679  0.380858
  PRE10    -10s  4.965848  36.401654  1.534559  0.339859
  PRE5      -5s  3.279043  24.036700  1.756742  0.389066
  IC        +0s  13.277760  97.331300  5.182212  1.147706
  POST      +5s  21.949120  160.895845  7.638366  1.691672

T1 PASS: MSE at onset = 97.331300× baseline (>1.0)
T2 PASS: baseline assoc = 4.515276 > 0
T3 PASS: assoc at onset = 1.147706× baseline (structural change)
T4 FAIL (exploratory): assoc_ratio at −10s = 0.339859 ≤ mse_ratio = 36.401654

FAILURES: 1

  Passed: 3

  Failed: 1

