═══════════════════════════════════════════════════════════════════════
  Door F: Pre-ictal sweep — MSE vs Associator Norm  (α=0.2)
  chb06, seizure at 327s, 256Hz, 16ch
  Baseline: interictal holdout at t=10s
═══════════════════════════════════════════════════════════════════════

  baseline_mse=0.161422
  baseline_assoc=3.575658

  label    t_rel  mse        mse_ratio  assoc      assoc_ratio
  ──────────────────────────────────────────────────────────────────
  FAR      -60s  1.552501  9.617647  3.293499  0.921089
  PRE30    -30s  0.818274  5.069160  8.319365  2.326667
  PRE10    -10s  4.358879  27.002990  7.650877  2.139711
  PRE5      -5s  0.280436  1.737283  4.696533  1.313474
  IC        +0s  2.589076  16.039166  6.712206  1.877194
  POST      +5s  0.228393  1.414882  2.623270  0.733647

T1 PASS: MSE at onset = 16.039166× baseline (>1.0)
T2 PASS: baseline assoc = 3.575658 > 0
T3 PASS: assoc at onset = 1.877194× baseline (structural change)
T4 FAIL (exploratory): assoc_ratio at −10s = 2.139711 ≤ mse_ratio = 27.002990

FAILURES: 1

  Passed: 3

  Failed: 1

