═══════════════════════════════════════════════════════════════════════
  Door F: Pre-ictal sweep — MSE vs Associator Norm  (α=0.2)
  chb05, seizure at 417s, 256Hz, 16ch
  Baseline: interictal holdout at t=10s
═══════════════════════════════════════════════════════════════════════

  baseline_mse=0.027938
  baseline_assoc=1.241024

  label    t_rel  mse        mse_ratio  assoc      assoc_ratio
  ──────────────────────────────────────────────────────────────────
  FAR      -60s  3.381957  121.050664  2.545364  2.051020
  PRE30    -30s  0.570783  20.430092  1.487600  1.198688
  PRE10    -10s  0.288639  10.331294  3.315260  2.671391
  PRE5      -5s  0.236575  8.467754  1.693774  1.364820
  IC        +0s  0.195940  7.013291  1.609163  1.296642
  POST      +5s  1.632924  58.447388  2.768560  2.230868

T1 PASS: MSE at onset = 7.013291× baseline (>1.0)
T2 PASS: baseline assoc = 1.241024 > 0
T3 PASS: assoc at onset = 1.296642× baseline (structural change)
T4 FAIL (exploratory): assoc_ratio at −10s = 2.671391 ≤ mse_ratio = 10.331294

FAILURES: 1

  Passed: 3

  Failed: 1

