═══════════════════════════════════════════════════════════════════════
  Door F: Pre-ictal sweep — MSE vs Associator Norm  (α=0.2)
  chb10, seizure at 6313s, 256Hz, 16ch
  Baseline: interictal holdout at t=10s
═══════════════════════════════════════════════════════════════════════

  baseline_mse=0.920992
  baseline_assoc=2.006717

  label    t_rel  mse        mse_ratio  assoc      assoc_ratio
  ──────────────────────────────────────────────────────────────────
  FAR      -60s  5.704020  6.193341  2.252187  1.122324
  PRE30    -30s  14.246042  15.468143  1.769962  0.882019
  PRE10    -10s  9.355879  10.158477  1.557323  0.776055
  PRE5      -5s  10.563633  11.469838  1.702471  0.848386
  IC        +0s  2.920173  3.170681  2.197478  1.095061
  POST      +5s  9.031983  9.806795  2.837977  1.414239

T1 PASS: MSE at onset = 3.170681× baseline (>1.0)
T2 PASS: baseline assoc = 2.006717 > 0
T3 PASS: assoc at onset = 1.095061× baseline (structural change)
T4 FAIL (exploratory): assoc_ratio at −10s = 0.776055 ≤ mse_ratio = 10.158477

FAILURES: 1

  Passed: 3

  Failed: 1

