[diag] run_dir=/home/demetrios/work/sounio/artifacts/diagnostic/final-20260220T115414Z
[diag] command=cargo check -p souc
    Checking cfg-if v1.0.4
    Checking bitflags v2.10.0
    Checking memchr v2.7.6
    Checking once_cell v1.21.3
    Checking equivalent v1.0.2
    Checking linux-raw-sys v0.11.0
    Checking utf8parse v0.2.2
    Checking adler2 v2.0.1
    Checking simd-adler32 v0.3.8
    Checking hashbrown v0.16.1
    Checking smallvec v1.15.1
    Checking gimli v0.32.3
    Checking libc v0.2.180
    Checking serde_core v1.0.228
    Checking typenum v1.19.0
    Checking crossbeam-utils v0.8.21
    Checking unicode-width v0.2.2
    Checking zerocopy v0.8.36
    Checking unicode-width v0.1.14
    Checking anstyle-query v1.1.5
   Compiling lazy_static v1.5.0
    Checking anstyle v1.0.13
    Checking rustc-demangle v0.1.27
    Checking regex-syntax v0.8.8
    Checking anstyle-parse v0.2.7
    Checking log v0.4.29
    Checking colorchoice v1.0.4
    Checking is_terminal_polyfill v1.70.2
    Checking winnow v0.7.14
    Checking clap_lex v0.7.7
    Checking miniz_oxide v0.8.9
    Checking tracing-core v0.1.36
   Compiling logos-codegen v0.14.4
    Checking toml_write v0.1.2
    Checking linux-raw-sys v0.4.15
    Checking nibble_vec v0.1.0
    Checking unicode-linebreak v0.1.5
    Checking anstream v0.6.21
    Checking foldhash v0.1.5
    Checking is_ci v1.2.0
    Checking endian-type v0.1.2
    Checking home v0.5.12
    Checking allocator-api2 v0.2.21
    Checking pin-project-lite v0.2.16
    Checking strsim v0.11.1
    Checking either v1.15.0
    Checking option-ext v0.2.0
    Checking sharded-slab v0.1.7
    Checking radix_trie v0.2.1
    Checking supports-color v3.0.2
    Checking rustix v1.1.3
    Checking getopts v0.2.24
    Checking crossbeam-epoch v0.9.18
    Checking num-traits v0.2.19
    Checking object v0.37.3
    Checking tracing v0.1.44
    Checking clap_builder v4.5.56
    Checking rustix v0.38.44
    Checking tracing-log v0.2.0
    Checking owo-colors v4.2.3
    Checking zmij v1.0.17
    Checking textwrap v0.16.2
    Checking indexmap v2.13.0
    Checking crc32fast v1.5.0
    Checking thread_local v1.1.9
    Checking hashbrown v0.15.5
    Checking crossbeam-deque v0.8.6
    Checking termcolor v1.4.1
    Checking itoa v1.0.17
    Checking supports-unicode v3.0.0
    Checking same-file v1.0.6
    Checking cpufeatures v0.2.17
    Checking fixedbitset v0.4.2
    Checking generic-array v0.14.7
    Checking unicode-segmentation v1.12.0
    Checking pulldown-cmark-escape v0.10.1
    Checking iana-time-zone v0.1.65
    Checking unicase v2.9.0
    Checking rayon-core v1.13.0
    Checking nu-ansi-term v0.50.3
    Checking supports-hyperlinks v3.2.0
    Checking codespan-reporting v0.11.1
    Checking walkdir v2.5.0
    Checking flate2 v1.1.8
    Checking thiserror v1.0.69
    Checking pulldown-cmark v0.10.3
   Compiling souc v1.0.0-beta (/home/demetrios/work/sounio/crates/souc)
    Checking libm v0.2.16
    Checking glob v0.3.3
    Checking regex-automata v0.4.13
    Checking chrono v0.4.43
    Checking rustc-hash v2.1.1
    Checking rayon v1.11.0
    Checking hex v0.4.3
    Checking lru v0.12.5
warning: souc@1.0.0-beta: Embedding 53 stdlib/compiler modules
warning: souc@1.0.0-beta: Generated embedded_stdlib.rs with 53 modules
    Checking id-arena v2.3.0
    Checking petgraph v0.6.5
    Checking block-buffer v0.10.4
    Checking crypto-common v0.1.7
    Checking digest v0.10.7
   Compiling logos-derive v0.14.4
    Checking sha2 v0.10.9
    Checking logos v0.14.4
    Checking nix v0.30.1
    Checking nix v0.28.0
    Checking dirs-sys v0.4.1
    Checking num_cpus v1.17.0
    Checking dirs v5.0.1
    Checking which v6.0.3
    Checking terminal_size v0.4.3
    Checking fd-lock v4.0.4
    Checking addr2line v0.25.1
    Checking clap v4.5.56
    Checking ctrlc v3.5.1
    Checking serde v1.0.228
    Checking serde_json v1.0.149
    Checking matchers v0.2.0
    Checking toml_datetime v0.6.11
    Checking serde_spanned v0.6.9
    Checking bincode v1.3.3
    Checking tracing-subscriber v0.3.22
    Checking toml_edit v0.22.27
    Checking rustyline v14.0.0
    Checking backtrace v0.3.76
    Checking ahash v0.8.12
    Checking hashbrown v0.14.5
    Checking backtrace-ext v0.2.1
    Checking miette v7.6.0
    Checking toml v0.8.23
    Checking string-interner v0.17.0
    Finished `dev` profile [unoptimized + debuginfo] target(s) in 1m 04s
