[diag] run_dir=/home/demetrios/work/sounio/artifacts/diagnostic/final-20260220T115414Z
[diag] command=cargo check -p souc --test integration_repl --test integration_lsp
    Checking regex-syntax v0.8.8
    Checking either v1.15.0
    Checking aho-corasick v1.1.4
    Checking getrandom v0.3.4
    Checking num-traits v0.2.19
    Checking fastrand v2.3.0
    Checking zerocopy v0.8.36
    Checking plotters-backend v0.3.7
    Checking ciborium-io v0.2.2
   Compiling souc v1.0.0-beta.1 (/home/demetrios/work/sounio/crates/souc)
    Checking wait-timeout v0.2.1
    Checking bit-vec v0.8.0
    Checking quick-error v1.2.3
    Checking cast v0.3.0
    Checking fnv v1.0.7
    Checking tinytemplate v1.2.1
    Checking is-terminal v0.4.17
    Checking console v0.15.11
    Checking unarray v0.1.4
    Checking diff v0.1.13
    Checking yansi v1.0.1
    Checking similar v2.7.0
    Checking anes v0.1.6
    Checking oorandom v11.1.5
    Checking bytemuck v1.24.0
    Checking anyhow v1.0.100
    Checking soir v1.0.0-beta.1 (/home/demetrios/work/sounio/crates/soir)
    Checking rand_core v0.9.5
    Checking itertools v0.10.5
    Checking rayon v1.11.0
    Checking which v6.0.3
    Checking tempfile v3.24.0
    Checking plotters-svg v0.3.7
    Checking bit-set v0.8.0
    Checking rand v0.9.2
    Checking rand_xorshift v0.4.0
    Checking rusty-fork v0.3.1
    Checking pretty_assertions v1.4.1
    Checking insta v1.46.1
    Checking chrono v0.4.43
    Checking plotters v0.3.7
    Checking criterion-plot v0.5.0
    Checking regex-automata v0.4.13
    Checking matchers v0.2.0
    Checking regex v1.12.2
    Checking tracing-subscriber v0.3.22
    Checking half v2.7.1
    Checking ahash v0.8.12
    Checking ppv-lite86 v0.2.21
    Checking hashbrown v0.14.5
    Checking ciborium-ll v0.2.2
    Checking rand_chacha v0.9.0
    Checking ciborium v0.2.2
    Checking proptest v1.9.0
    Checking string-interner v0.17.0
    Checking criterion v0.5.1
warning: souc@1.0.0-beta.1: Embedding 53 stdlib/compiler modules
warning: souc@1.0.0-beta.1: Generated embedded_stdlib.rs with 53 modules
error[E0063]: missing fields `mem_bandwidth_gbs` and `peak_fp32_tflops` in initializer of `gpu::runtime::DeviceInfo`
    --> crates/souc/src/codegen/gpu/runtime.rs:1178:9
     |
1178 |         Self {
     |         ^^^^ missing `mem_bandwidth_gbs` and `peak_fp32_tflops`

error[E0063]: missing fields `mem_bandwidth_gbs` and `peak_fp32_tflops` in initializer of `gpu::runtime::DeviceInfo`
    --> crates/souc/src/codegen/gpu/runtime.rs:1193:9
     |
1193 |         Self {
     |         ^^^^ missing `mem_bandwidth_gbs` and `peak_fp32_tflops`

For more information about this error, try `rustc --explain E0063`.
warning: souc@1.0.0-beta.1: Embedding 53 stdlib/compiler modules
warning: souc@1.0.0-beta.1: Generated embedded_stdlib.rs with 53 modules
error: could not compile `souc` (lib) due to 2 previous errors
