

================================================================
== Synthesis Summary Report of 'target23_batch'
================================================================
+ General Information: 
    * Date:           Mon Aug  3 15:13:20 2026
    * Version:        2025.1 (Build 6135595 on May 21 2025)
    * Project:        target23_batch
    * Solution:       solution (Vitis Kernel Flow Target)
    * Product family: virtexuplus
    * Target device:  xcu250-figd2104-2L-e
    

+ Performance & Resource Estimates: 
    
    PS: '+' for module; 'o' for loop; '*' for dataflow
    +-----------------------+---------+-------+------------+-----------+----------+------------+------+----------+----------+----------+-------------+-------------+-----+
    |        Modules        |  Issue  |       |         Latency        | Iteration|            | Trip |          |          |          |             |             |     |
    |        & Loops        |   Type  | Slack |  (cycles)  |    (ns)   |  Latency |  Interval  | Count| Pipelined|   BRAM   |    DSP   |      FF     |     LUT     | URAM|
    +-----------------------+---------+-------+------------+-----------+----------+------------+------+----------+----------+----------+-------------+-------------+-----+
    |+ target23_batch       |   Timing|  -0.00|  3447699450|  1.149e+10|         -|  3447699451|     -|        no|  16 (~0%)|  496 (4%)|  29978 (~0%)|   21851 (1%)|    -|
    | o leaf_loop           |        -|   2.43|  3447699310|  1.149e+10|  10416010|           -|   331|        no|         -|         -|            -|            -|    -|
    |  o step_loop          |        -|   2.43|    10415999|  3.472e+07|      1488|           -|  7000|        no|         -|         -|            -|            -|    -|
    |   + rk4               |        -|   0.03|          56|    186.648|         -|           1|     -|       yes|         -|  464 (3%)|  22406 (~0%)|  14252 (~0%)|    -|
    |   + localize_event    |        -|   0.03|        1428|  4.760e+03|         -|        1428|     -|        no|         -|         -|   1023 (~0%)|   1117 (~0%)|    -|
    |    + rk4              |        -|   0.03|          56|    186.648|         -|           1|     -|       yes|         -|  464 (3%)|  22406 (~0%)|  14252 (~0%)|    -|
    |    o event_bisection  |       II|   2.43|        1369|  4.563e+03|        59|          57|    24|       yes|         -|         -|            -|            -|    -|
    +-----------------------+---------+-------+------------+-----------+----------+------------+------+----------+----------+----------+-------------+-------------+-----+


================================================================
== HW Interfaces
================================================================
* M_AXI
+-------------+------------+------------+---------------+---------+--------+----------+-----------+--------------+--------------+-------------+-------------+-------------------+
| Interface   | Read/Write | Data Width | Address Width | Latency | Offset | Register | Max Widen | Max Read     | Max Write    | Num Read    | Num Write   | Resource Estimate |
|             |            | (SW->HW)   |               |         |        |          | Bitwidth  | Burst Length | Burst Length | Outstanding | Outstanding |                   |
+-------------+------------+------------+---------------+---------+--------+----------+-----------+--------------+--------------+-------------+-------------+-------------------+
| m_axi_gmem0 | READ_ONLY  | 64 -> 128  | 64            | 64      | slave  | 0        | 512       | 64           | 16           | 16          | 16          | BRAM=8            |
| m_axi_gmem1 | WRITE_ONLY | 64 -> 512  | 64            | 64      | slave  | 0        | 512       | 16           | 64           | 16          | 16          | BRAM=8            |
+-------------+------------+------------+---------------+---------+--------+----------+-----------+--------------+--------------+-------------+-------------+-------------------+

* S_AXILITE Interfaces
+---------------+------------+---------------+--------+----------+
| Interface     | Data Width | Address Width | Offset | Register |
+---------------+------------+---------------+--------+----------+
| s_axi_control | 32         | 6             | 16     | 0        |
+---------------+------------+---------------+--------+----------+

* S_AXILITE Registers
+---------------+--------------+--------+-------+--------+----------------------------------+------------------------------------------------------------------------------------+
| Interface     | Register     | Offset | Width | Access | Description                      | Bit Fields                                                                         |
+---------------+--------------+--------+-------+--------+----------------------------------+------------------------------------------------------------------------------------+
| s_axi_control | CTRL         | 0x00   | 32    | RW     | Control signals                  | 0=AP_START 1=AP_DONE 2=AP_IDLE 3=AP_READY 4=AP_CONTINUE 7=AUTO_RESTART 9=INTERRUPT |
| s_axi_control | GIER         | 0x04   | 32    | RW     | Global Interrupt Enable Register | 0=Enable                                                                           |
| s_axi_control | IP_IER       | 0x08   | 32    | RW     | IP Interrupt Enable Register     | 0=CHAN0_INT_EN 1=CHAN1_INT_EN                                                      |
| s_axi_control | IP_ISR       | 0x0c   | 32    | RW     | IP Interrupt Status Register     | 0=CHAN0_INT_ST 1=CHAN1_INT_ST                                                      |
| s_axi_control | initial_xy_1 | 0x10   | 32    | W      | Data signal of initial_xy        |                                                                                    |
| s_axi_control | initial_xy_2 | 0x14   | 32    | W      | Data signal of initial_xy        |                                                                                    |
| s_axi_control | output_r_1   | 0x1c   | 32    | W      | Data signal of output_r          |                                                                                    |
| s_axi_control | output_r_2   | 0x20   | 32    | W      | Data signal of output_r          |                                                                                    |
| s_axi_control | n_leaves     | 0x28   | 32    | W      | Data signal of n_leaves          |                                                                                    |
+---------------+--------------+--------+-------+--------+----------------------------------+------------------------------------------------------------------------------------+

* Other Ports
+-------------+-----------+----------+
| Port        | Direction | Bitwidth |
+-------------+-----------+----------+
| event_done  | out       | 1        |
| event_start | out       | 1        |
+-------------+-----------+----------+

* TOP LEVEL CONTROL
+-----------+---------------+-----------+
| Interface | Type          | Ports     |
+-----------+---------------+-----------+
| ap_clk    | clock         | ap_clk    |
| ap_rst_n  | reset         | ap_rst_n  |
| interrupt | interrupt     | interrupt |
| ap_ctrl   | ap_ctrl_chain |           |
+-----------+---------------+-----------+


================================================================
== SW I/O Information
================================================================
* Top Function Arguments
+------------+-----------+--------------------+
| Argument   | Direction | Datatype           |
+------------+-----------+--------------------+
| initial_xy | in        | ap_int<64> const * |
| output     | out       | ap_int<64>*        |
| n_leaves   | in        | int                |
+------------+-----------+--------------------+

* SW-to-HW Mapping
+------------+---------------+-----------+----------+----------------------------------------+
| Argument   | HW Interface  | HW Type   | HW Usage | HW Info                                |
+------------+---------------+-----------+----------+----------------------------------------+
| initial_xy | m_axi_gmem0   | interface |          | channel=0                              |
| initial_xy | s_axi_control | register  | offset   | name=initial_xy_1 offset=0x10 range=32 |
| initial_xy | s_axi_control | register  | offset   | name=initial_xy_2 offset=0x14 range=32 |
| output     | m_axi_gmem1   | interface |          | channel=0                              |
| output     | s_axi_control | register  | offset   | name=output_r_1 offset=0x1c range=32   |
| output     | s_axi_control | register  | offset   | name=output_r_2 offset=0x20 range=32   |
| n_leaves   | s_axi_control | register  |          | name=n_leaves offset=0x28 range=32     |
+------------+---------------+-----------+----------+----------------------------------------+


================================================================
== M_AXI Burst Information
================================================================
 Note: All burst requests might be further partitioned into multiple requests during RTL generation based on max_read_burst_length or max_write_burst_length settings.

* Inferred Burst Summary
+--------------+-----------+----------+-------+-----------+------------------------------------------------------------------------------------------------------+
| HW Interface | Direction | Length   | Width | Loop      | Loop Location                                                                                        |
+--------------+-----------+----------+-------+-----------+------------------------------------------------------------------------------------------------------+
| m_axi_gmem0  | read      | variable | 128   | leaf_loop | /home/devsounio/u250-runs/target23-batch-20260803/hardware/fpga/u250_target23_batch/kernel.cpp:101:5 |
| m_axi_gmem1  | write     | variable | 512   |           |                                                                                                      |
+--------------+-----------+----------+-------+-----------+------------------------------------------------------------------------------------------------------+

* All M_AXI Variable Accesses
+--------------+------------+-------------------------------------------------------------------------------------------------------+-----------+--------------+----------+-----------+------------------------------------------------------------------------------------------------------+------------+----------------------------------------------------------------------------------------------------------+
| HW Interface | Variable   | Access Location                                                                                       | Direction | Burst Status | Length   | Loop      | Loop Location                                                                                        | Resolution | Problem                                                                                                  |
+--------------+------------+-------------------------------------------------------------------------------------------------------+-----------+--------------+----------+-----------+------------------------------------------------------------------------------------------------------+------------+----------------------------------------------------------------------------------------------------------+
| m_axi_gmem0  | initial_xy | /home/devsounio/u250-runs/target23-batch-20260803/hardware/fpga/u250_target23_batch/kernel.cpp:101:5  | read      | Widen Fail   |          | leaf_loop | /home/devsounio/u250-runs/target23-batch-20260803/hardware/fpga/u250_target23_batch/kernel.cpp:101:5 | 214-235    | Start index of the access is unaligned                                                                   |
| m_axi_gmem0  | initial_xy | /home/devsounio/u250-runs/target23-batch-20260803/hardware/fpga/u250_target23_batch/kernel.cpp:101:5  | read      | Widen Fail   |          | leaf_loop | /home/devsounio/u250-runs/target23-batch-20260803/hardware/fpga/u250_target23_batch/kernel.cpp:101:5 | 214-234    | Sequential access length is not divisible by 2                                                           |
| m_axi_gmem0  | initial_xy | /home/devsounio/u250-runs/target23-batch-20260803/hardware/fpga/u250_target23_batch/kernel.cpp:103:39 | read      | Widened      | variable | leaf_loop | /home/devsounio/u250-runs/target23-batch-20260803/hardware/fpga/u250_target23_batch/kernel.cpp:101:5 |            |                                                                                                          |
| m_axi_gmem0  | initial_xy | /home/devsounio/u250-runs/target23-batch-20260803/hardware/fpga/u250_target23_batch/kernel.cpp:103:17 | read      | Widened      | variable | leaf_loop | /home/devsounio/u250-runs/target23-batch-20260803/hardware/fpga/u250_target23_batch/kernel.cpp:101:5 |            |                                                                                                          |
| m_axi_gmem0  | initial_xy | /home/devsounio/u250-runs/target23-batch-20260803/hardware/fpga/u250_target23_batch/kernel.cpp:103:39 | read      | Inferred     | variable | leaf_loop | /home/devsounio/u250-runs/target23-batch-20260803/hardware/fpga/u250_target23_batch/kernel.cpp:101:5 |            |                                                                                                          |
| m_axi_gmem0  | initial_xy | /home/devsounio/u250-runs/target23-batch-20260803/hardware/fpga/u250_target23_batch/kernel.cpp:103:17 | read      | Inferred     | variable | leaf_loop | /home/devsounio/u250-runs/target23-batch-20260803/hardware/fpga/u250_target23_batch/kernel.cpp:101:5 |            |                                                                                                          |
| m_axi_gmem1  | output     | /home/devsounio/u250-runs/target23-batch-20260803/hardware/fpga/u250_target23_batch/kernel.cpp:101:5  | write     | Widen Fail   |          | leaf_loop | /home/devsounio/u250-runs/target23-batch-20260803/hardware/fpga/u250_target23_batch/kernel.cpp:101:5 | 214-353    | Could not widen since type i512 size is greater than or equal to the max_widen_bitwidth threshold of 512 |
| m_axi_gmem1  | output     | /home/devsounio/u250-runs/target23-batch-20260803/hardware/fpga/u250_target23_batch/kernel.cpp:145:26 | write     | Widened      | variable | leaf_loop | /home/devsounio/u250-runs/target23-batch-20260803/hardware/fpga/u250_target23_batch/kernel.cpp:101:5 |            |                                                                                                          |
| m_axi_gmem1  | output     | /home/devsounio/u250-runs/target23-batch-20260803/hardware/fpga/u250_target23_batch/kernel.cpp:145:26 | write     | Inferred     | variable | leaf_loop | /home/devsounio/u250-runs/target23-batch-20260803/hardware/fpga/u250_target23_batch/kernel.cpp:101:5 |            |                                                                                                          |
| m_axi_gmem1  | output     | /home/devsounio/u250-runs/target23-batch-20260803/hardware/fpga/u250_target23_batch/kernel.cpp:146:26 | write     | Widened      | variable | leaf_loop | /home/devsounio/u250-runs/target23-batch-20260803/hardware/fpga/u250_target23_batch/kernel.cpp:101:5 |            |                                                                                                          |
| m_axi_gmem1  | output     | /home/devsounio/u250-runs/target23-batch-20260803/hardware/fpga/u250_target23_batch/kernel.cpp:146:26 | write     | Inferred     | variable | leaf_loop | /home/devsounio/u250-runs/target23-batch-20260803/hardware/fpga/u250_target23_batch/kernel.cpp:101:5 |            |                                                                                                          |
| m_axi_gmem1  | output     | /home/devsounio/u250-runs/target23-batch-20260803/hardware/fpga/u250_target23_batch/kernel.cpp:147:26 | write     | Widened      | variable | leaf_loop | /home/devsounio/u250-runs/target23-batch-20260803/hardware/fpga/u250_target23_batch/kernel.cpp:101:5 |            |                                                                                                          |
| m_axi_gmem1  | output     | /home/devsounio/u250-runs/target23-batch-20260803/hardware/fpga/u250_target23_batch/kernel.cpp:147:26 | write     | Inferred     | variable | leaf_loop | /home/devsounio/u250-runs/target23-batch-20260803/hardware/fpga/u250_target23_batch/kernel.cpp:101:5 |            |                                                                                                          |
| m_axi_gmem1  | output     | /home/devsounio/u250-runs/target23-batch-20260803/hardware/fpga/u250_target23_batch/kernel.cpp:148:26 | write     | Widened      | variable | leaf_loop | /home/devsounio/u250-runs/target23-batch-20260803/hardware/fpga/u250_target23_batch/kernel.cpp:101:5 |            |                                                                                                          |
| m_axi_gmem1  | output     | /home/devsounio/u250-runs/target23-batch-20260803/hardware/fpga/u250_target23_batch/kernel.cpp:148:26 | write     | Inferred     | variable | leaf_loop | /home/devsounio/u250-runs/target23-batch-20260803/hardware/fpga/u250_target23_batch/kernel.cpp:101:5 |            |                                                                                                          |
| m_axi_gmem1  | output     | /home/devsounio/u250-runs/target23-batch-20260803/hardware/fpga/u250_target23_batch/kernel.cpp:149:26 | write     | Widened      | variable | leaf_loop | /home/devsounio/u250-runs/target23-batch-20260803/hardware/fpga/u250_target23_batch/kernel.cpp:101:5 |            |                                                                                                          |
| m_axi_gmem1  | output     | /home/devsounio/u250-runs/target23-batch-20260803/hardware/fpga/u250_target23_batch/kernel.cpp:149:26 | write     | Inferred     | variable | leaf_loop | /home/devsounio/u250-runs/target23-batch-20260803/hardware/fpga/u250_target23_batch/kernel.cpp:101:5 |            |                                                                                                          |
| m_axi_gmem1  | output     | /home/devsounio/u250-runs/target23-batch-20260803/hardware/fpga/u250_target23_batch/kernel.cpp:150:26 | write     | Widened      | variable | leaf_loop | /home/devsounio/u250-runs/target23-batch-20260803/hardware/fpga/u250_target23_batch/kernel.cpp:101:5 |            |                                                                                                          |
| m_axi_gmem1  | output     | /home/devsounio/u250-runs/target23-batch-20260803/hardware/fpga/u250_target23_batch/kernel.cpp:150:26 | write     | Inferred     | variable | leaf_loop | /home/devsounio/u250-runs/target23-batch-20260803/hardware/fpga/u250_target23_batch/kernel.cpp:101:5 |            |                                                                                                          |
| m_axi_gmem1  | output     | /home/devsounio/u250-runs/target23-batch-20260803/hardware/fpga/u250_target23_batch/kernel.cpp:151:26 | write     | Widened      | variable | leaf_loop | /home/devsounio/u250-runs/target23-batch-20260803/hardware/fpga/u250_target23_batch/kernel.cpp:101:5 |            |                                                                                                          |
| m_axi_gmem1  | output     | /home/devsounio/u250-runs/target23-batch-20260803/hardware/fpga/u250_target23_batch/kernel.cpp:151:26 | write     | Inferred     | variable | leaf_loop | /home/devsounio/u250-runs/target23-batch-20260803/hardware/fpga/u250_target23_batch/kernel.cpp:101:5 |            |                                                                                                          |
| m_axi_gmem1  | output     | /home/devsounio/u250-runs/target23-batch-20260803/hardware/fpga/u250_target23_batch/kernel.cpp:152:26 | write     | Widened      | variable | leaf_loop | /home/devsounio/u250-runs/target23-batch-20260803/hardware/fpga/u250_target23_batch/kernel.cpp:101:5 |            |                                                                                                          |
| m_axi_gmem1  | output     | /home/devsounio/u250-runs/target23-batch-20260803/hardware/fpga/u250_target23_batch/kernel.cpp:152:26 | write     | Inferred     | variable | leaf_loop | /home/devsounio/u250-runs/target23-batch-20260803/hardware/fpga/u250_target23_batch/kernel.cpp:101:5 |            |                                                                                                          |
+--------------+------------+-------------------------------------------------------------------------------------------------------+-----------+--------------+----------+-----------+------------------------------------------------------------------------------------------------------+------------+----------------------------------------------------------------------------------------------------------+

    * Resolution URL: docs.xilinx.com/access/sources/dita/topic?Doc_Version=2025.1%20English&url=ug1448-hls-guidance&resourceid=XXX-YYY.html (replace XXX-YYY with column value)

================================================================
== Bind Op Report
================================================================
+--------------------------------+-----+--------+--------------------+--------+----------+---------+
| Name                           | DSP | Pragma | Variable           | Op     | Impl     | Latency |
+--------------------------------+-----+--------+--------------------+--------+----------+---------+
| + target23_batch               | 496 |        |                    |        |          |         |
|   icmp_ln101_fu_490_p2         |     |        | icmp_ln101         | setgt  | auto     | 0       |
|   empty_fu_510_p3              |     |        | empty              | select | auto_sel | 0       |
|   icmp_ln101_1_fu_564_p2       |     |        | icmp_ln101_1       | setlt  | auto     | 0       |
|   add_ln101_fu_569_p2          |     |        | add_ln101          | add    | fabric   | 0       |
|   armed_1_fu_613_p2            |     |        | armed_1            | or     | auto     | 0       |
|   steps_fu_618_p2              |     |        | steps              | add    | fabric   | 0       |
|   xor_ln118_fu_632_p2          |     |        | xor_ln118          | xor    | auto     | 0       |
|   and_ln118_fu_637_p2          |     |        | and_ln118          | and    | auto     | 0       |
|   event1_time_4_fu_663_p2      |     |        | event1_time_4      | add    | fabric   | 0       |
|   icmp_ln122_fu_669_p2         |     |        | icmp_ln122         | seteq  | auto     | 0       |
|   event1_time_1_fu_675_p3      |     |        | event1_time_1      | select | auto_sel | 0       |
|   icmp_ln122_1_fu_683_p2       |     |        | icmp_ln122_1       | seteq  | auto     | 0       |
|   event2_time_2_fu_689_p3      |     |        | event2_time_2      | select | auto_sel | 0       |
|   event2_state_x_2_fu_697_p3   |     |        | event2_state_x_2   | select | auto_sel | 0       |
|   event2_state_y_2_fu_705_p3   |     |        | event2_state_y_2   | select | auto_sel | 0       |
|   event2_state_ell_2_fu_713_p3 |     |        | event2_state_ell_2 | select | auto_sel | 0       |
|   events_2_fu_721_p2           |     |        | events_2           | add    | fabric   | 0       |
|   time_1_fu_727_p2             |     |        | time_1             | add    | fabric   | 0       |
|   flags_fu_733_p2              |     |        | flags              | seteq  | auto     | 0       |
|   xor_ln134_fu_739_p2          |     |        | xor_ln134          | xor    | auto     | 0       |
|   icmp_ln112_fu_745_p2         |     |        | icmp_ln112         | setlt  | auto     | 0       |
|   or_cond32_fu_750_p2          |     |        | or_cond32          | and    | auto     | 0       |
|   mul_64s_64s_104_5_1_U44      | 16  |        | product            | mul    | auto     | 4       |
|   initial_normal_fu_798_p2     |     |        | initial_normal     | add    | fabric   | 0       |
|   mul_64s_64s_104_5_1_U45      | 16  |        | product_1          | mul    | auto     | 4       |
|   final_normal_fu_803_p2       |     |        | final_normal       | add    | fabric   | 0       |
|   icmp_ln142_fu_808_p2         |     |        | icmp_ln142         | setgt  | auto     | 0       |
|   flags_2_fu_830_p3            |     |        | flags_2            | select | auto_sel | 0       |
|   icmp_ln143_fu_814_p2         |     |        | icmp_ln143         | setgt  | auto     | 0       |
|   flags_3_fu_849_p3            |     |        | flags_3            | select | auto_sel | 0       |
|  + rk4 (grp_rk4_fu_456)        | 464 |        |                    |        |          |         |
|    mul_64s_64s_104_5_1_U11     | 16  |        | product            | mul    | auto     | 4       |
|    value_fu_274_p2             |     |        | value              | add    | fabric   | 0       |
|    sub_ln28_fu_216_p2          |     |        | sub_ln28           | sub    | fabric   | 0       |
|    sub_ln28_1_fu_290_p2        |     |        | sub_ln28_1         | sub    | fabric   | 0       |
|    half_w_zs_fu_310_p3         |     |        | half_w_zs          | select | auto_sel | 0       |
|    mul_64s_64s_103_5_1_U7      | 16  |        | product_2          | mul    | auto     | 4       |
|    out_x_7_fu_385_p2           |     |        | out_x_7            | sub    | fabric   | 0       |
|    mul_64s_64s_104_5_1_U12     | 16  |        | product_3          | mul    | auto     | 4       |
|    out_y_7_fu_390_p2           |     |        | out_y_7            | sub    | fabric   | 0       |
|    sub_ln38_fu_368_p2          |     |        | sub_ln38           | sub    | fabric   | 0       |
|    out_w_7_fu_372_p2           |     |        | out_w_7            | add    | fabric   | 0       |
|    sub_ln28_2_fu_240_p2        |     |        | sub_ln28_2         | sub    | fabric   | 0       |
|    sub_ln28_3_fu_318_p2        |     |        | sub_ln28_3         | sub    | fabric   | 0       |
|    b_2_fu_323_p3               |     |        | b_2                | select | auto_sel | 0       |
|    mul_63s_64s_104_5_1_U2      | 16  |        | product_4          | mul    | auto     | 4       |
|    out_x_8_fu_460_p2           |     |        | out_x_8            | add    | fabric   | 0       |
|    mul_64s_63s_104_5_1_U3      | 16  |        | product_5          | mul    | auto     | 4       |
|    out_y_8_fu_468_p2           |     |        | out_y_8            | add    | fabric   | 0       |
|    mul_63s_64s_104_5_1_U1      | 16  |        | product_6          | mul    | auto     | 4       |
|    out_w_fu_440_p2             |     |        | out_w              | add    | fabric   | 0       |
|    mul_64s_64s_104_5_1_U13     | 16  |        | product_7          | mul    | auto     | 4       |
|    value_1_fu_476_p2           |     |        | value_1            | add    | fabric   | 0       |
|    sub_ln28_4_fu_444_p2        |     |        | sub_ln28_4         | sub    | fabric   | 0       |
|    sub_ln28_5_fu_492_p2        |     |        | sub_ln28_5         | sub    | fabric   | 0       |
|    half_w_zs_1_fu_512_p3       |     |        | half_w_zs_1        | select | auto_sel | 0       |
|    mul_64s_64s_103_5_1_U8      | 16  |        | product_8          | mul    | auto     | 4       |
|    out_x_9_fu_579_p2           |     |        | out_x_9            | sub    | fabric   | 0       |
|    mul_64s_64s_104_5_1_U14     | 16  |        | product_9          | mul    | auto     | 4       |
|    out_y_9_fu_584_p2           |     |        | out_y_9            | sub    | fabric   | 0       |
|    mul_64s_63s_104_5_1_U4      | 16  |        | product_10         | mul    | auto     | 4       |
|    out_x_10_fu_652_p2          |     |        | out_x_10           | add    | fabric   | 0       |
|    mul_64s_63s_104_5_1_U5      | 16  |        | product_11         | mul    | auto     | 4       |
|    out_y_10_fu_656_p2          |     |        | out_y_10           | add    | fabric   | 0       |
|    mul_64s_63s_104_5_1_U6      | 16  |        | product_12         | mul    | auto     | 4       |
|    out_w_3_fu_664_p2           |     |        | out_w_3            | add    | fabric   | 0       |
|    mul_64s_64s_104_5_1_U15     | 16  |        | product_13         | mul    | auto     | 4       |
|    value_2_fu_701_p2           |     |        | value_2            | add    | fabric   | 0       |
|    sub_ln28_6_fu_668_p2        |     |        | sub_ln28_6         | sub    | fabric   | 0       |
|    sub_ln28_7_fu_717_p2        |     |        | sub_ln28_7         | sub    | fabric   | 0       |
|    half_w_zs_2_fu_737_p3       |     |        | half_w_zs_2        | select | auto_sel | 0       |
|    mul_64s_64s_103_5_1_U9      | 16  |        | product_14         | mul    | auto     | 4       |
|    out_x_11_fu_803_p2          |     |        | out_x_11           | sub    | fabric   | 0       |
|    mul_64s_64s_104_5_1_U16     | 16  |        | product_15         | mul    | auto     | 4       |
|    out_y_11_fu_846_p2          |     |        | out_y_11           | sub    | fabric   | 0       |
|    mul_64s_64s_104_5_1_U18     | 16  |        | product_16         | mul    | auto     | 4       |
|    out_x_12_fu_982_p2          |     |        | out_x_12           | add    | fabric   | 0       |
|    mul_64s_64s_104_5_1_U19     | 16  |        | product_17         | mul    | auto     | 4       |
|    out_y_12_fu_986_p2          |     |        | out_y_12           | add    | fabric   | 0       |
|    mul_64s_64s_104_5_1_U17     | 16  |        | product_18         | mul    | auto     | 4       |
|    out_w_5_fu_947_p2           |     |        | out_w_5            | add    | fabric   | 0       |
|    mul_64s_64s_104_5_1_U20     | 16  |        | product_19         | mul    | auto     | 4       |
|    value_3_fu_990_p2           |     |        | value_3            | add    | fabric   | 0       |
|    sub_ln28_8_fu_951_p2        |     |        | sub_ln28_8         | sub    | fabric   | 0       |
|    sub_ln28_9_fu_1006_p2       |     |        | sub_ln28_9         | sub    | fabric   | 0       |
|    half_w_zs_3_fu_1026_p3      |     |        | half_w_zs_3        | select | auto_sel | 0       |
|    mul_64s_64s_103_5_1_U10     | 16  |        | product_20         | mul    | auto     | 4       |
|    mul_64s_64s_104_5_1_U21     | 16  |        | product_21         | mul    | auto     | 4       |
|    tmp16_fu_832_p2             |     |        | tmp16              | add    | fabric   | 0       |
|    add_ln60_fu_865_p2          |     |        | add_ln60           | add    | fabric   | 0       |
|    tmp108_fu_874_p2            |     |        | tmp108             | add    | fabric   | 0       |
|    add_ln61_fu_912_p2          |     |        | add_ln61           | add    | fabric   | 0       |
|    tmp126_fu_841_p2            |     |        | tmp126             | add    | fabric   | 0       |
|    add_ln39_fu_753_p2          |     |        | add_ln39           | add    | fabric   | 0       |
|    add_ln63_fu_967_p2          |     |        | add_ln63           | add    | fabric   | 0       |
|    mul_64s_64s_104_5_1_U23     | 16  |        | product_22         | mul    | auto     | 4       |
|    mul_64s_66ns_129_5_1_U27    | 16  |        | mul_ln28           | mul    | auto     | 4       |
|    sub_ln28_10_fu_1313_p2      |     |        | sub_ln28_10        | sub    | fabric   | 0       |
|    select_ln28_fu_1355_p3      |     |        | select_ln28        | select | auto_sel | 0       |
|    sub_ln28_11_fu_1366_p2      |     |        | sub_ln28_11        | sub    | fabric   | 0       |
|    select_ln28_1_fu_1372_p3    |     |        | select_ln28_1      | select | auto_sel | 0       |
|    out_x_fu_1383_p2            |     |        | out_x              | add    | fabric   | 0       |
|    mul_64s_64s_104_5_1_U24     | 16  |        | product_23         | mul    | auto     | 4       |
|    mul_64s_66ns_129_5_1_U28    | 16  |        | mul_ln28_1         | mul    | auto     | 4       |
|    sub_ln28_12_fu_1318_p2      |     |        | sub_ln28_12        | sub    | fabric   | 0       |
|    select_ln28_2_fu_1415_p3    |     |        | select_ln28_2      | select | auto_sel | 0       |
|    sub_ln28_13_fu_1426_p2      |     |        | sub_ln28_13        | sub    | fabric   | 0       |
|    select_ln28_3_fu_1432_p3    |     |        | select_ln28_3      | select | auto_sel | 0       |
|    out_y_fu_1443_p2            |     |        | out_y              | add    | fabric   | 0       |
|    mul_64s_64s_104_5_1_U25     | 16  |        | product_24         | mul    | auto     | 4       |
|    mul_64s_66ns_129_5_1_U29    | 16  |        | mul_ln28_2         | mul    | auto     | 4       |
|    sub_ln28_14_fu_1323_p2      |     |        | sub_ln28_14        | sub    | fabric   | 0       |
|    select_ln28_4_fu_1475_p3    |     |        | select_ln28_4      | select | auto_sel | 0       |
|    sub_ln28_15_fu_1486_p2      |     |        | sub_ln28_15        | sub    | fabric   | 0       |
|    select_ln28_5_fu_1492_p3    |     |        | select_ln28_5      | select | auto_sel | 0       |
|    out_w_6_fu_1503_p2          |     |        | out_w_6            | add    | fabric   | 0       |
|    mul_64s_64s_104_5_1_U22     | 16  |        | product_25         | mul    | auto     | 4       |
|    mul_64s_66ns_129_5_1_U26    | 16  |        | mul_ln28_3         | mul    | auto     | 4       |
|    sub_ln28_16_fu_1248_p2      |     |        | sub_ln28_16        | sub    | fabric   | 0       |
|    select_ln28_6_fu_1280_p3    |     |        | select_ln28_6      | select | auto_sel | 0       |
|    sub_ln28_17_fu_1291_p2      |     |        | sub_ln28_17        | sub    | fabric   | 0       |
|    select_ln28_7_fu_1297_p3    |     |        | select_ln28_7      | select | auto_sel | 0       |
|    out_ell_fu_1308_p2          |     |        | out_ell            | add    | fabric   | 0       |
|  + localize_event              | 0   |        |                    |        |          |         |
|    icmp_ln78_fu_154_p2         |     |        | icmp_ln78          | seteq  | auto     | 0       |
|    iteration_2_fu_160_p2       |     |        | iteration_2        | add    | fabric   | 0       |
|    add_ln81_fu_185_p2          |     |        | add_ln81           | add    | fabric   | 0       |
|    select_ln83_fu_232_p3       |     |        | select_ln83        | select | auto_sel | 0       |
|    select_ln83_1_fu_239_p3     |     |        | select_ln83_1      | select | auto_sel | 0       |
|    select_ln83_2_fu_246_p3     |     |        | select_ln83_2      | select | auto_sel | 0       |
|    low_1_fu_253_p3             |     |        | low_1              | select | auto_sel | 0       |
|    high_2_fu_258_p3            |     |        | high_2             | select | auto_sel | 0       |
|   + rk4 (grp_rk4_fu_98)        | 464 |        |                    |        |          |         |
|     mul_64s_64s_104_5_1_U11    | 16  |        | product            | mul    | auto     | 4       |
|     value_fu_274_p2            |     |        | value              | add    | fabric   | 0       |
|     sub_ln28_fu_216_p2         |     |        | sub_ln28           | sub    | fabric   | 0       |
|     sub_ln28_1_fu_290_p2       |     |        | sub_ln28_1         | sub    | fabric   | 0       |
|     half_w_zs_fu_310_p3        |     |        | half_w_zs          | select | auto_sel | 0       |
|     mul_64s_64s_103_5_1_U7     | 16  |        | product_2          | mul    | auto     | 4       |
|     out_x_7_fu_385_p2          |     |        | out_x_7            | sub    | fabric   | 0       |
|     mul_64s_64s_104_5_1_U12    | 16  |        | product_3          | mul    | auto     | 4       |
|     out_y_7_fu_390_p2          |     |        | out_y_7            | sub    | fabric   | 0       |
|     sub_ln38_fu_368_p2         |     |        | sub_ln38           | sub    | fabric   | 0       |
|     out_w_7_fu_372_p2          |     |        | out_w_7            | add    | fabric   | 0       |
|     sub_ln28_2_fu_240_p2       |     |        | sub_ln28_2         | sub    | fabric   | 0       |
|     sub_ln28_3_fu_318_p2       |     |        | sub_ln28_3         | sub    | fabric   | 0       |
|     b_2_fu_323_p3              |     |        | b_2                | select | auto_sel | 0       |
|     mul_63s_64s_104_5_1_U2     | 16  |        | product_4          | mul    | auto     | 4       |
|     out_x_8_fu_460_p2          |     |        | out_x_8            | add    | fabric   | 0       |
|     mul_64s_63s_104_5_1_U3     | 16  |        | product_5          | mul    | auto     | 4       |
|     out_y_8_fu_468_p2          |     |        | out_y_8            | add    | fabric   | 0       |
|     mul_63s_64s_104_5_1_U1     | 16  |        | product_6          | mul    | auto     | 4       |
|     out_w_fu_440_p2            |     |        | out_w              | add    | fabric   | 0       |
|     mul_64s_64s_104_5_1_U13    | 16  |        | product_7          | mul    | auto     | 4       |
|     value_1_fu_476_p2          |     |        | value_1            | add    | fabric   | 0       |
|     sub_ln28_4_fu_444_p2       |     |        | sub_ln28_4         | sub    | fabric   | 0       |
|     sub_ln28_5_fu_492_p2       |     |        | sub_ln28_5         | sub    | fabric   | 0       |
|     half_w_zs_1_fu_512_p3      |     |        | half_w_zs_1        | select | auto_sel | 0       |
|     mul_64s_64s_103_5_1_U8     | 16  |        | product_8          | mul    | auto     | 4       |
|     out_x_9_fu_579_p2          |     |        | out_x_9            | sub    | fabric   | 0       |
|     mul_64s_64s_104_5_1_U14    | 16  |        | product_9          | mul    | auto     | 4       |
|     out_y_9_fu_584_p2          |     |        | out_y_9            | sub    | fabric   | 0       |
|     mul_64s_63s_104_5_1_U4     | 16  |        | product_10         | mul    | auto     | 4       |
|     out_x_10_fu_652_p2         |     |        | out_x_10           | add    | fabric   | 0       |
|     mul_64s_63s_104_5_1_U5     | 16  |        | product_11         | mul    | auto     | 4       |
|     out_y_10_fu_656_p2         |     |        | out_y_10           | add    | fabric   | 0       |
|     mul_64s_63s_104_5_1_U6     | 16  |        | product_12         | mul    | auto     | 4       |
|     out_w_3_fu_664_p2          |     |        | out_w_3            | add    | fabric   | 0       |
|     mul_64s_64s_104_5_1_U15    | 16  |        | product_13         | mul    | auto     | 4       |
|     value_2_fu_701_p2          |     |        | value_2            | add    | fabric   | 0       |
|     sub_ln28_6_fu_668_p2       |     |        | sub_ln28_6         | sub    | fabric   | 0       |
|     sub_ln28_7_fu_717_p2       |     |        | sub_ln28_7         | sub    | fabric   | 0       |
|     half_w_zs_2_fu_737_p3      |     |        | half_w_zs_2        | select | auto_sel | 0       |
|     mul_64s_64s_103_5_1_U9     | 16  |        | product_14         | mul    | auto     | 4       |
|     out_x_11_fu_803_p2         |     |        | out_x_11           | sub    | fabric   | 0       |
|     mul_64s_64s_104_5_1_U16    | 16  |        | product_15         | mul    | auto     | 4       |
|     out_y_11_fu_846_p2         |     |        | out_y_11           | sub    | fabric   | 0       |
|     mul_64s_64s_104_5_1_U18    | 16  |        | product_16         | mul    | auto     | 4       |
|     out_x_12_fu_982_p2         |     |        | out_x_12           | add    | fabric   | 0       |
|     mul_64s_64s_104_5_1_U19    | 16  |        | product_17         | mul    | auto     | 4       |
|     out_y_12_fu_986_p2         |     |        | out_y_12           | add    | fabric   | 0       |
|     mul_64s_64s_104_5_1_U17    | 16  |        | product_18         | mul    | auto     | 4       |
|     out_w_5_fu_947_p2          |     |        | out_w_5            | add    | fabric   | 0       |
|     mul_64s_64s_104_5_1_U20    | 16  |        | product_19         | mul    | auto     | 4       |
|     value_3_fu_990_p2          |     |        | value_3            | add    | fabric   | 0       |
|     sub_ln28_8_fu_951_p2       |     |        | sub_ln28_8         | sub    | fabric   | 0       |
|     sub_ln28_9_fu_1006_p2      |     |        | sub_ln28_9         | sub    | fabric   | 0       |
|     half_w_zs_3_fu_1026_p3     |     |        | half_w_zs_3        | select | auto_sel | 0       |
|     mul_64s_64s_103_5_1_U10    | 16  |        | product_20         | mul    | auto     | 4       |
|     mul_64s_64s_104_5_1_U21    | 16  |        | product_21         | mul    | auto     | 4       |
|     tmp16_fu_832_p2            |     |        | tmp16              | add    | fabric   | 0       |
|     add_ln60_fu_865_p2         |     |        | add_ln60           | add    | fabric   | 0       |
|     tmp108_fu_874_p2           |     |        | tmp108             | add    | fabric   | 0       |
|     add_ln61_fu_912_p2         |     |        | add_ln61           | add    | fabric   | 0       |
|     tmp126_fu_841_p2           |     |        | tmp126             | add    | fabric   | 0       |
|     add_ln39_fu_753_p2         |     |        | add_ln39           | add    | fabric   | 0       |
|     add_ln63_fu_967_p2         |     |        | add_ln63           | add    | fabric   | 0       |
|     mul_64s_64s_104_5_1_U23    | 16  |        | product_22         | mul    | auto     | 4       |
|     mul_64s_66ns_129_5_1_U27   | 16  |        | mul_ln28           | mul    | auto     | 4       |
|     sub_ln28_10_fu_1313_p2     |     |        | sub_ln28_10        | sub    | fabric   | 0       |
|     select_ln28_fu_1355_p3     |     |        | select_ln28        | select | auto_sel | 0       |
|     sub_ln28_11_fu_1366_p2     |     |        | sub_ln28_11        | sub    | fabric   | 0       |
|     select_ln28_1_fu_1372_p3   |     |        | select_ln28_1      | select | auto_sel | 0       |
|     out_x_fu_1383_p2           |     |        | out_x              | add    | fabric   | 0       |
|     mul_64s_64s_104_5_1_U24    | 16  |        | product_23         | mul    | auto     | 4       |
|     mul_64s_66ns_129_5_1_U28   | 16  |        | mul_ln28_1         | mul    | auto     | 4       |
|     sub_ln28_12_fu_1318_p2     |     |        | sub_ln28_12        | sub    | fabric   | 0       |
|     select_ln28_2_fu_1415_p3   |     |        | select_ln28_2      | select | auto_sel | 0       |
|     sub_ln28_13_fu_1426_p2     |     |        | sub_ln28_13        | sub    | fabric   | 0       |
|     select_ln28_3_fu_1432_p3   |     |        | select_ln28_3      | select | auto_sel | 0       |
|     out_y_fu_1443_p2           |     |        | out_y              | add    | fabric   | 0       |
|     mul_64s_64s_104_5_1_U25    | 16  |        | product_24         | mul    | auto     | 4       |
|     mul_64s_66ns_129_5_1_U29   | 16  |        | mul_ln28_2         | mul    | auto     | 4       |
|     sub_ln28_14_fu_1323_p2     |     |        | sub_ln28_14        | sub    | fabric   | 0       |
|     select_ln28_4_fu_1475_p3   |     |        | select_ln28_4      | select | auto_sel | 0       |
|     sub_ln28_15_fu_1486_p2     |     |        | sub_ln28_15        | sub    | fabric   | 0       |
|     select_ln28_5_fu_1492_p3   |     |        | select_ln28_5      | select | auto_sel | 0       |
|     out_w_6_fu_1503_p2         |     |        | out_w_6            | add    | fabric   | 0       |
|     mul_64s_64s_104_5_1_U22    | 16  |        | product_25         | mul    | auto     | 4       |
|     mul_64s_66ns_129_5_1_U26   | 16  |        | mul_ln28_3         | mul    | auto     | 4       |
|     sub_ln28_16_fu_1248_p2     |     |        | sub_ln28_16        | sub    | fabric   | 0       |
|     select_ln28_6_fu_1280_p3   |     |        | select_ln28_6      | select | auto_sel | 0       |
|     sub_ln28_17_fu_1291_p2     |     |        | sub_ln28_17        | sub    | fabric   | 0       |
|     select_ln28_7_fu_1297_p3   |     |        | select_ln28_7      | select | auto_sel | 0       |
|     out_ell_fu_1308_p2         |     |        | out_ell            | add    | fabric   | 0       |
+--------------------------------+-----+--------+--------------------+--------+----------+---------+


================================================================
== Storage Report
================================================================
+-------------------+-----------+-----------+------+------+--------+----------+------+---------+------------------+
| Name              | Usage     | Type      | BRAM | URAM | Pragma | Variable | Impl | Latency | Bitwidth, Depth, |
|                   |           |           |      |      |        |          |      |         | Banks            |
+-------------------+-----------+-----------+------+------+--------+----------+------+---------+------------------+
| + target23_batch  |           |           | 16   | 0    |        |          |      |         |                  |
|   control_s_axi_U | interface | s_axilite |      |      |        |          |      |         |                  |
|   gmem0_m_axi_U   | interface | m_axi     | 8    |      |        |          |      |         |                  |
|   gmem1_m_axi_U   | interface | m_axi     | 8    |      |        |          |      |         |                  |
+-------------------+-----------+-----------+------+------+--------+----------+------+---------+------------------+


================================================================
== Pragma Report
================================================================
* Valid Pragma Syntax
+----------------+-----------------------------------------------------------------------+-------------------------------------------------------------------------------------------+
| Type           | Options                                                               | Location                                                                                  |
+----------------+-----------------------------------------------------------------------+-------------------------------------------------------------------------------------------+
| INLINE         |                                                                       | ../../../../hardware/fpga/u250_target23_batch/kernel.cpp:21 in qmul                       |
| INLINE         |                                                                       | ../../../../hardware/fpga/u250_target23_batch/kernel.cpp:27 in qdiv                       |
| INLINE         |                                                                       | ../../../../hardware/fpga/u250_target23_batch/kernel.cpp:32 in field                      |
| INLINE         |                                                                       | ../../../../hardware/fpga/u250_target23_batch/kernel.cpp:44 in add_scaled                 |
| INLINE         | off                                                                   | ../../../../hardware/fpga/u250_target23_batch/kernel.cpp:54 in rk4                        |
| INLINE         | off                                                                   | ../../../../hardware/fpga/u250_target23_batch/kernel.cpp:73 in localize_event             |
| UNROLL         | factor=1                                                              | ../../../../hardware/fpga/u250_target23_batch/kernel.cpp:79 in localize_event             |
| LOOP_TRIPCOUNT | min=24 max=24                                                         | ../../../../hardware/fpga/u250_target23_batch/kernel.cpp:80 in localize_event             |
| INTERFACE      | m_axi port=initial_xy bundle=gmem0 depth=662 max_read_burst_length=64 | ../../../../hardware/fpga/u250_target23_batch/kernel.cpp:95 in target23_batch, initial_xy |
| INTERFACE      | m_axi port=output bundle=gmem1 depth=2648 max_write_burst_length=64   | ../../../../hardware/fpga/u250_target23_batch/kernel.cpp:96 in target23_batch, output     |
| INTERFACE      | s_axilite port=n_leaves                                               | ../../../../hardware/fpga/u250_target23_batch/kernel.cpp:97 in target23_batch, n_leaves   |
| INTERFACE      | s_axilite port=return                                                 | ../../../../hardware/fpga/u250_target23_batch/kernel.cpp:98 in target23_batch, return     |
| LOOP_TRIPCOUNT | min=331 max=331                                                       | ../../../../hardware/fpga/u250_target23_batch/kernel.cpp:102 in target23_batch            |
| LOOP_TRIPCOUNT | min=6500 max=7000                                                     | ../../../../hardware/fpga/u250_target23_batch/kernel.cpp:113 in target23_batch            |
+----------------+-----------------------------------------------------------------------+-------------------------------------------------------------------------------------------+


