Copyright 1986-2022 Xilinx, Inc. All Rights Reserved. Copyright 2022-2025 Advanced Micro Devices, Inc. All Rights Reserved.
-----------------------------------------------------------------------------------------------------------------------------------------------------------------------------------------------------------
| Tool Version : Vivado v.2025.1 (lin64) Build 6140274 Wed May 21 22:58:25 MDT 2025
| Date         : Mon Aug  3 16:32:58 2026
| Host         : vitis-u250-builder running 64-bit Ubuntu 22.04.5 LTS
| Command      : report_accelerator_utilization -kernels { target23_batch:level0_i/level1/level1_i/ulp/target23_batch_1/inst:target23_batch_1} -file kernel_util_routed.rpt -name kernel_util_routed -json
| Design       : level0_wrapper
| Device       : xcu250
| Design State : Routed
-----------------------------------------------------------------------------------------------------------------------------------------------------------------------------------------------------------

Accelerator Utilization Design Information

Table of Contents
-----------------
1. System Utilization

1. System Utilization
---------------------

+---------------------+-------------------+------------------+-------------------+----------------+----------------+-----------------+
| Name                | LUT               | LUTAsMem         | REG               | BRAM           | URAM           | DSP             |
+---------------------+-------------------+------------------+-------------------+----------------+----------------+-----------------+
| Platform            |  107401 [  6.22%] |  12329 [  1.56%] |  179587 [  5.20%] |  185 [  6.88%] |    0 [  0.00%] |     7 [  0.06%] |
| User Budget         | 1618807 [100.00%] | 777863 [100.00%] | 3272829 [100.00%] | 2503 [100.00%] | 1280 [100.00%] | 12281 [100.00%] |
|    Used Resources   |   14264 [  0.88%] |   2125 [  0.27%] |   16482 [  0.50%] |   12 [  0.48%] |    0 [  0.00%] |   496 [  4.04%] |
|    Unused Resources | 1604543 [ 99.12%] | 775738 [ 99.73%] | 3256347 [ 99.50%] | 2491 [ 99.52%] | 1280 [100.00%] | 11785 [ 95.96%] |
| target23_batch      |   14264 [  0.88%] |   2125 [  0.27%] |   16482 [  0.50%] |   12 [  0.48%] |    0 [  0.00%] |   496 [  4.04%] |
|    target23_batch_1 |   14264 [  0.88%] |   2125 [  0.27%] |   16482 [  0.50%] |   12 [  0.48%] |    0 [  0.00%] |   496 [  4.04%] |
+---------------------+-------------------+------------------+-------------------+----------------+----------------+-----------------+


