Copyright 1986-2022 Xilinx, Inc. All Rights Reserved. Copyright 2022-2025 Advanced Micro Devices, Inc. All Rights Reserved.
----------------------------------------------------------------------------------------------------------------------------------------------------------------------------------------------------------------
| Tool Version      : Vivado v.2025.1 (lin64) Build 6140274 Wed May 21 22:58:25 MDT 2025
| Date              : Mon Aug  3 16:32:42 2026
| Host              : vitis-u250-builder running 64-bit Ubuntu 22.04.5 LTS
| Command           : report_timing_summary -max_paths 10 -file hw_bb_locked_timing_summary_routed.rpt -pb hw_bb_locked_timing_summary_routed.pb -rpx hw_bb_locked_timing_summary_routed.rpx -warn_on_violation
| Design            : level0_wrapper
| Device            : xcu250-figd2104
| Speed File        : -2L  PRODUCTION 1.28 03-30-2022
| Design State      : Routed
| Temperature Grade : E
----------------------------------------------------------------------------------------------------------------------------------------------------------------------------------------------------------------

Timing Summary Report

------------------------------------------------------------------------------------------------
| Timer Settings
| --------------
------------------------------------------------------------------------------------------------

  Enable Multi Corner Analysis               :  Yes
  Enable Pessimism Removal                   :  Yes
  Pessimism Removal Resolution               :  Nearest Common Node
  Enable Input Delay Default Clock           :  No
  Enable Preset / Clear Arcs                 :  No
  Disable Flight Delays                      :  No
  Ignore I/O Paths                           :  No
  Timing Early Launch at Borrowing Latches   :  No
  Borrow Time for Max Delay Exceptions       :  Yes
  Merge Timing Exceptions                    :  Yes
  Inter-SLR Compensation                     :  Conservative

  Corner  Analyze    Analyze    
  Name    Max Paths  Min Paths  
  ------  ---------  ---------  
  Slow    Yes        Yes        
  Fast    Yes        Yes        


------------------------------------------------------------------------------------------------
| Report Methodology
| ------------------
------------------------------------------------------------------------------------------------

No report available as report_methodology has not been run prior. Run report_methodology on the current design for the summary of methodology violations.



check_timing report

Table of Contents
-----------------
1. checking no_clock (0)
2. checking constant_clock (0)
3. checking pulse_width_clock (0)
4. checking unconstrained_internal_endpoints (0)
5. checking no_input_delay (10)
6. checking no_output_delay (9)
7. checking multiple_clock (0)
8. checking generated_clocks (0)
9. checking loops (0)
10. checking partial_input_delay (0)
11. checking partial_output_delay (0)
12. checking latch_loops (0)

1. checking no_clock (0)
------------------------
 There are 0 register/latch pins with no clock.


2. checking constant_clock (0)
------------------------------
 There are 0 register/latch pins with constant_clock.


3. checking pulse_width_clock (0)
---------------------------------
 There are 0 register/latch pins which need pulse_width check


4. checking unconstrained_internal_endpoints (0)
------------------------------------------------
 There are 0 pins that are not constrained for maximum delay.

 There are 0 pins that are not constrained for maximum delay due to constant clock.


5. checking no_input_delay (10)
-------------------------------
 There are 10 input ports with no input delay specified. (HIGH)

 There are 0 input ports with no input delay but user has a false path constraint.


6. checking no_output_delay (9)
-------------------------------
 There are 9 ports with no output delay specified. (HIGH)

 There are 0 ports with no output delay but user has a false path constraint

 There are 0 ports with no output delay but with a timing clock defined on it or propagating through it


7. checking multiple_clock (0)
------------------------------
 There are 0 register/latch pins with multiple clocks.


8. checking generated_clocks (0)
--------------------------------
 There are 0 generated clocks that are not connected to a clock source.


9. checking loops (0)
---------------------
 There are 0 combinational loops in the design.


10. checking partial_input_delay (0)
------------------------------------
 There are 0 input ports with partial input delay specified.


11. checking partial_output_delay (0)
-------------------------------------
 There are 0 ports with partial output delay specified.


12. checking latch_loops (0)
----------------------------
 There are 0 combinational latch loops in the design through latch input



------------------------------------------------------------------------------------------------
| Design Timing Summary
| ---------------------
------------------------------------------------------------------------------------------------

    WNS(ns)      TNS(ns)  TNS Failing Endpoints  TNS Total Endpoints      WHS(ns)      THS(ns)  THS Failing Endpoints  THS Total Endpoints     WPWS(ns)     TPWS(ns)  TPWS Failing Endpoints  TPWS Total Endpoints  
    -------      -------  ---------------------  -------------------      -------      -------  ---------------------  -------------------     --------     --------  ----------------------  --------------------  
      0.057        0.000                      0               551847        0.010        0.000                      0               549584        0.000        0.000                       0                219872  


All user specified timing constraints are met.


------------------------------------------------------------------------------------------------
| Clock Summary
| -------------
------------------------------------------------------------------------------------------------

Clock                                                                                                                                                                                                                                                                                                                                                                                                                     Waveform(ns)           Period(ns)      Frequency(MHz)
-----                                                                                                                                                                                                                                                                                                                                                                                                                     ------------           ----------      --------------
io_clk_ddr4_00_clk_p                                                                                                                                                                                                                                                                                                                                                                                                      {0.000 1.666}          3.332           300.120         
  mmcm_clkout0                                                                                                                                                                                                                                                                                                                                                                                                            {0.000 1.666}          3.332           300.120         
    pll_clk[0]                                                                                                                                                                                                                                                                                                                                                                                                            {0.000 0.208}          0.417           2400.960        
      pll_clk[0]_DIV                                                                                                                                                                                                                                                                                                                                                                                                      {0.000 1.666}          3.332           300.120         
    pll_clk[1]                                                                                                                                                                                                                                                                                                                                                                                                            {0.000 0.208}          0.417           2400.960        
      pll_clk[1]_DIV                                                                                                                                                                                                                                                                                                                                                                                                      {0.000 1.666}          3.332           300.120         
    pll_clk[2]                                                                                                                                                                                                                                                                                                                                                                                                            {0.000 0.208}          0.417           2400.960        
      pll_clk[2]_DIV                                                                                                                                                                                                                                                                                                                                                                                                      {0.000 1.666}          3.332           300.120         
  mmcm_clkout6                                                                                                                                                                                                                                                                                                                                                                                                            {0.000 3.332}          6.664           150.060         
io_clk_ddr4_01                                                                                                                                                                                                                                                                                                                                                                                                            {0.000 1.666}          3.333           300.030         
  bufg_div_BUFGCE_O                                                                                                                                                                                                                                                                                                                                                                                                       {0.000 3.333}          9.999           100.010         
    clk_kernel_00_unbuffered_net                                                                                                                                                                                                                                                                                                                                                                                          {0.000 1.667}          3.333           300.030         
    clk_kernel_01_unbuffered_net                                                                                                                                                                                                                                                                                                                                                                                          {0.000 1.000}          2.000           500.050         
io_clk_pcie_user_00                                                                                                                                                                                                                                                                                                                                                                                                       {0.000 5.000}          10.000          100.000         
  GTYE4_CHANNEL_QPLL0CLK[0]                                                                                                                                                                                                                                                                                                                                                                                               {0.000 0.100}          0.200           5000.001        
  GTYE4_CHANNEL_QPLL0CLK[0]_1                                                                                                                                                                                                                                                                                                                                                                                             {0.000 0.100}          0.200           5000.001        
  GTYE4_CHANNEL_QPLL0CLK[0]_2                                                                                                                                                                                                                                                                                                                                                                                             {0.000 0.100}          0.200           5000.001        
  GTYE4_CHANNEL_QPLL0CLK[0]_3                                                                                                                                                                                                                                                                                                                                                                                             {0.000 0.100}          0.200           5000.001        
  GTYE4_CHANNEL_QPLL0REFCLK[0]                                                                                                                                                                                                                                                                                                                                                                                            {0.000 5.000}          10.000          100.000         
  GTYE4_CHANNEL_QPLL0REFCLK[0]_1                                                                                                                                                                                                                                                                                                                                                                                          {0.000 5.000}          10.000          100.000         
  GTYE4_CHANNEL_QPLL0REFCLK[0]_2                                                                                                                                                                                                                                                                                                                                                                                          {0.000 5.000}          10.000          100.000         
  GTYE4_CHANNEL_QPLL0REFCLK[0]_3                                                                                                                                                                                                                                                                                                                                                                                          {0.000 5.000}          10.000          100.000         
  GTYE4_CHANNEL_QPLL1CLK[0]                                                                                                                                                                                                                                                                                                                                                                                               {0.000 0.100}          0.200           5000.001        
    GTYE4_CHANNEL_TXOUTCLK[0]                                                                                                                                                                                                                                                                                                                                                                                             {0.000 1.000}          2.000           500.000         
    GTYE4_CHANNEL_TXOUTCLK[1]                                                                                                                                                                                                                                                                                                                                                                                             {0.000 1.000}          2.000           500.000         
    GTYE4_CHANNEL_TXOUTCLK[2]                                                                                                                                                                                                                                                                                                                                                                                             {0.000 1.000}          2.000           500.000         
