

================================================================
== Vitis HLS Report for 'target23_picard_step'
================================================================
* Date:           Mon Aug  3 18:49:29 2026

* Version:        2025.1 (Build 6135595 on May 21 2025)
* Project:        target23_picard_step_synth
* Solution:       solution (Vitis Kernel Flow Target)
* Product family: virtexuplus
* Target device:  xcu250-figd2104-2L-e


================================================================
== Performance Estimates
================================================================
+ Timing: 
    * Summary: 
    +--------+---------+----------+------------+
    |  Clock |  Target | Estimated| Uncertainty|
    +--------+---------+----------+------------+
    |ap_clk  |  4.00 ns|  2.920 ns|     1.08 ns|
    +--------+---------+----------+------------+

+ Latency: 
    * Summary: 
    +---------+---------+----------+----------+-----+-----+---------+
    |  Latency (cycles) |  Latency (absolute) |  Interval | Pipeline|
    |   min   |   max   |    min   |    max   | min | max |   Type  |
    +---------+---------+----------+----------+-----+-----+---------+
    |      267|      267|  1.068 us|  1.068 us|  268|  268|       no|
    +---------+---------+----------+----------+-----+-----+---------+

    + Detail: 
        * Instance: 
        +----------------------------------------------------+-----------------------------------------+---------+---------+----------+----------+-----+-----+------------------------------------------------+
        |                                                    |                                         |  Latency (cycles) |  Latency (absolute) |  Interval |                    Pipeline                    |
        |                      Instance                      |                  Module                 |   min   |   max   |    min   |    max   | min | max |                      Type                      |
        +----------------------------------------------------+-----------------------------------------+---------+---------+----------+----------+-----+-----+------------------------------------------------+
        |grp_target23_picard_step_Pipeline_case_loop_fu_112  |target23_picard_step_Pipeline_case_loop  |      194|      194|  0.776 us|  0.776 us|  110|  110|  loop auto-rewind stp (delay=0 clock cycles(s))|
        +----------------------------------------------------+-----------------------------------------+---------+---------+----------+----------+-----+-----+------------------------------------------------+

        * Loop: 
        N/A



================================================================
== Utilization Estimates
================================================================
* Summary: 
+---------------------+---------+-------+---------+---------+------+
|         Name        | BRAM_18K|  DSP  |    FF   |   LUT   | URAM |
+---------------------+---------+-------+---------+---------+------+
|DSP                  |        -|      -|        -|        -|     -|
|Expression           |        -|      -|        0|      119|     -|
|FIFO                 |        -|      -|        -|        -|     -|
|Instance             |       19|     50|    22239|    28710|     0|
|Memory               |        -|      -|        -|        -|     -|
|Multiplexer          |        -|      -|        0|      440|     -|
|Register             |        -|      -|      269|        -|     -|
+---------------------+---------+-------+---------+---------+------+
|Total                |       19|     50|    22508|    29269|     0|
+---------------------+---------+-------+---------+---------+------+
|Available SLR        |     1344|   3072|   864000|   432000|   320|
+---------------------+---------+-------+---------+---------+------+
|Utilization SLR (%)  |        1|      1|        2|        6|     0|
+---------------------+---------+-------+---------+---------+------+
|Available            |     5376|  12288|  3456000|  1728000|  1280|
+---------------------+---------+-------+---------+---------+------+
|Utilization (%)      |       ~0|     ~0|       ~0|        1|     0|
+---------------------+---------+-------+---------+---------+------+

+ Detail: 
    * Instance: 
    +----------------------------------------------------+-----------------------------------------+---------+----+-------+-------+-----+
    |                      Instance                      |                  Module                 | BRAM_18K| DSP|   FF  |  LUT  | URAM|
    +----------------------------------------------------+-----------------------------------------+---------+----+-------+-------+-----+
    |control_s_axi_U                                     |control_s_axi                            |        0|   0|    214|    360|    0|
    |gmem0_m_axi_U                                       |gmem0_m_axi                              |       15|   0|   1424|   1352|    0|
    |gmem1_m_axi_U                                       |gmem1_m_axi                              |        4|   0|    894|    948|    0|
    |grp_target23_picard_step_Pipeline_case_loop_fu_112  |target23_picard_step_Pipeline_case_loop  |        0|  50|  19707|  26050|    0|
    +----------------------------------------------------+-----------------------------------------+---------+----+-------+-------+-----+
    |Total                                               |                                         |       19|  50|  22239|  28710|    0|
    +----------------------------------------------------+-----------------------------------------+---------+----+-------+-------+-----+

    * DSP: 
    N/A

    * Memory: 
    N/A

    * FIFO: 
    N/A

    * Expression: 
    +----------------------+----------+----+---+----+------------+------------+
    |     Variable Name    | Operation| DSP| FF| LUT| Bitwidth P0| Bitwidth P1|
    +----------------------+----------+----+---+----+------------+------------+
    |add_ln137_fu_149_p2   |         +|   0|  0|  43|          36|          36|
    |icmp_ln137_fu_123_p2  |      icmp|   0|  0|  39|          32|           1|
    |ap_block_state1       |        or|   0|  0|   2|           1|           1|
    |empty_fu_175_p3       |    select|   0|  0|  35|           1|          35|
    +----------------------+----------+----+---+----+------------+------------+
    |Total                 |          |   0|  0| 119|          70|          73|
    +----------------------+----------+----+---+----+------------+------------+

    * Multiplexer: 
    +-----------------+-----+-----------+-----+-----------+
    |       Name      | LUT | Input Size| Bits| Total Bits|
    +-----------------+-----+-----------+-----+-----------+
    |ap_NS_fsm        |  344|         75|    1|         75|
    |ap_done          |    9|          2|    1|          2|
    |gmem0_0_ARADDR   |   14|          3|   64|        192|
    |gmem0_0_ARLEN    |   14|          3|   32|         96|
    |gmem0_0_ARVALID  |   14|          3|    1|          3|
    |gmem0_0_RREADY   |    9|          2|    1|          2|
    |gmem0_blk_n_AR   |    9|          2|    1|          2|
    |gmem1_0_AWVALID  |    9|          2|    1|          2|
    |gmem1_0_BREADY   |    9|          2|    1|          2|
    |gmem1_0_WVALID   |    9|          2|    1|          2|
    +-----------------+-----+-----------+-----+-----------+
    |Total            |  440|         96|  104|        378|
    +-----------------+-----+-----------+-----+-----------+

    * Register: 
    +-----------------------------------------------------------------+----+----+-----+-----------+
    |                               Name                              | FF | LUT| Bits| Const Bits|
    +-----------------------------------------------------------------+----+----+-----+-----------+
    |ap_CS_fsm                                                        |  74|   0|   74|          0|
    |ap_done_reg                                                      |   1|   0|    1|          0|
    |ap_rst_n_inv                                                     |   1|   0|    1|          0|
    |ap_rst_reg_1                                                     |   1|   0|    1|          0|
    |ap_rst_reg_2                                                     |   1|   0|    1|          0|
    |empty_reg_213                                                    |  35|   0|   35|          0|
    |grp_target23_picard_step_Pipeline_case_loop_fu_112_ap_start_reg  |   1|   0|    1|          0|
    |n_cases_read_reg_197                                             |  32|   0|   32|          0|
    |output_r_read_reg_202                                            |  64|   0|   64|          0|
    |trunc_ln_reg_207                                                 |  59|   0|   59|          0|
    +-----------------------------------------------------------------+----+----+-----+-----------+
    |Total                                                            | 269|   0|  269|          0|
    +-----------------------------------------------------------------+----+----+-----+-----------+



================================================================
== Interface
================================================================
* Summary: 
+-----------------------+-----+-----+---------------+----------------------+--------------+
|       RTL Ports       | Dir | Bits|    Protocol   |     Source Object    |    C Type    |
+-----------------------+-----+-----+---------------+----------------------+--------------+
|s_axi_control_AWVALID  |   in|    1|          s_axi|               control|        scalar|
|s_axi_control_AWREADY  |  out|    1|          s_axi|               control|        scalar|
|s_axi_control_AWADDR   |   in|    6|          s_axi|               control|        scalar|
|s_axi_control_WVALID   |   in|    1|          s_axi|               control|        scalar|
|s_axi_control_WREADY   |  out|    1|          s_axi|               control|        scalar|
|s_axi_control_WDATA    |   in|   32|          s_axi|               control|        scalar|
|s_axi_control_WSTRB    |   in|    4|          s_axi|               control|        scalar|
|s_axi_control_ARVALID  |   in|    1|          s_axi|               control|        scalar|
|s_axi_control_ARREADY  |  out|    1|          s_axi|               control|        scalar|
|s_axi_control_ARADDR   |   in|    6|          s_axi|               control|        scalar|
|s_axi_control_RVALID   |  out|    1|          s_axi|               control|        scalar|
|s_axi_control_RREADY   |   in|    1|          s_axi|               control|        scalar|
|s_axi_control_RDATA    |  out|   32|          s_axi|               control|        scalar|
|s_axi_control_RRESP    |  out|    2|          s_axi|               control|        scalar|
|s_axi_control_BVALID   |  out|    1|          s_axi|               control|        scalar|
|s_axi_control_BREADY   |   in|    1|          s_axi|               control|        scalar|
|s_axi_control_BRESP    |  out|    2|          s_axi|               control|        scalar|
|ap_clk                 |   in|    1|  ap_ctrl_chain|  target23_picard_step|  return value|
|ap_rst_n               |   in|    1|  ap_ctrl_chain|  target23_picard_step|  return value|
|interrupt              |  out|    1|  ap_ctrl_chain|  target23_picard_step|  return value|
|m_axi_gmem0_AWVALID    |  out|    1|          m_axi|                 gmem0|       pointer|
|m_axi_gmem0_AWREADY    |   in|    1|          m_axi|                 gmem0|       pointer|
|m_axi_gmem0_AWADDR     |  out|   64|          m_axi|                 gmem0|       pointer|
|m_axi_gmem0_AWID       |  out|    1|          m_axi|                 gmem0|       pointer|
|m_axi_gmem0_AWLEN      |  out|    8|          m_axi|                 gmem0|       pointer|
|m_axi_gmem0_AWSIZE     |  out|    3|          m_axi|                 gmem0|       pointer|
|m_axi_gmem0_AWBURST    |  out|    2|          m_axi|                 gmem0|       pointer|
|m_axi_gmem0_AWLOCK     |  out|    2|          m_axi|                 gmem0|       pointer|
|m_axi_gmem0_AWCACHE    |  out|    4|          m_axi|                 gmem0|       pointer|
|m_axi_gmem0_AWPROT     |  out|    3|          m_axi|                 gmem0|       pointer|
|m_axi_gmem0_AWQOS      |  out|    4|          m_axi|                 gmem0|       pointer|
|m_axi_gmem0_AWREGION   |  out|    4|          m_axi|                 gmem0|       pointer|
|m_axi_gmem0_AWUSER     |  out|    1|          m_axi|                 gmem0|       pointer|
|m_axi_gmem0_WVALID     |  out|    1|          m_axi|                 gmem0|       pointer|
|m_axi_gmem0_WREADY     |   in|    1|          m_axi|                 gmem0|       pointer|
|m_axi_gmem0_WDATA      |  out|  256|          m_axi|                 gmem0|       pointer|
|m_axi_gmem0_WSTRB      |  out|   32|          m_axi|                 gmem0|       pointer|
|m_axi_gmem0_WLAST      |  out|    1|          m_axi|                 gmem0|       pointer|
|m_axi_gmem0_WID        |  out|    1|          m_axi|                 gmem0|       pointer|
|m_axi_gmem0_WUSER      |  out|    1|          m_axi|                 gmem0|       pointer|
|m_axi_gmem0_ARVALID    |  out|    1|          m_axi|                 gmem0|       pointer|
|m_axi_gmem0_ARREADY    |   in|    1|          m_axi|                 gmem0|       pointer|
|m_axi_gmem0_ARADDR     |  out|   64|          m_axi|                 gmem0|       pointer|
|m_axi_gmem0_ARID       |  out|    1|          m_axi|                 gmem0|       pointer|
|m_axi_gmem0_ARLEN      |  out|    8|          m_axi|                 gmem0|       pointer|
|m_axi_gmem0_ARSIZE     |  out|    3|          m_axi|                 gmem0|       pointer|
|m_axi_gmem0_ARBURST    |  out|    2|          m_axi|                 gmem0|       pointer|
|m_axi_gmem0_ARLOCK     |  out|    2|          m_axi|                 gmem0|       pointer|
|m_axi_gmem0_ARCACHE    |  out|    4|          m_axi|                 gmem0|       pointer|
|m_axi_gmem0_ARPROT     |  out|    3|          m_axi|                 gmem0|       pointer|
|m_axi_gmem0_ARQOS      |  out|    4|          m_axi|                 gmem0|       pointer|
|m_axi_gmem0_ARREGION   |  out|    4|          m_axi|                 gmem0|       pointer|
|m_axi_gmem0_ARUSER     |  out|    1|          m_axi|                 gmem0|       pointer|
|m_axi_gmem0_RVALID     |   in|    1|          m_axi|                 gmem0|       pointer|
|m_axi_gmem0_RREADY     |  out|    1|          m_axi|                 gmem0|       pointer|
|m_axi_gmem0_RDATA      |   in|  256|          m_axi|                 gmem0|       pointer|
|m_axi_gmem0_RLAST      |   in|    1|          m_axi|                 gmem0|       pointer|
|m_axi_gmem0_RID        |   in|    1|          m_axi|                 gmem0|       pointer|
|m_axi_gmem0_RUSER      |   in|    1|          m_axi|                 gmem0|       pointer|
|m_axi_gmem0_RRESP      |   in|    2|          m_axi|                 gmem0|       pointer|
|m_axi_gmem0_BVALID     |   in|    1|          m_axi|                 gmem0|       pointer|
|m_axi_gmem0_BREADY     |  out|    1|          m_axi|                 gmem0|       pointer|
|m_axi_gmem0_BRESP      |   in|    2|          m_axi|                 gmem0|       pointer|
|m_axi_gmem0_BID        |   in|    1|          m_axi|                 gmem0|       pointer|
|m_axi_gmem0_BUSER      |   in|    1|          m_axi|                 gmem0|       pointer|
|m_axi_gmem1_AWVALID    |  out|    1|          m_axi|                 gmem1|       pointer|
|m_axi_gmem1_AWREADY    |   in|    1|          m_axi|                 gmem1|       pointer|
|m_axi_gmem1_AWADDR     |  out|   64|          m_axi|                 gmem1|       pointer|
|m_axi_gmem1_AWID       |  out|    1|          m_axi|                 gmem1|       pointer|
|m_axi_gmem1_AWLEN      |  out|    8|          m_axi|                 gmem1|       pointer|
|m_axi_gmem1_AWSIZE     |  out|    3|          m_axi|                 gmem1|       pointer|
|m_axi_gmem1_AWBURST    |  out|    2|          m_axi|                 gmem1|       pointer|
|m_axi_gmem1_AWLOCK     |  out|    2|          m_axi|                 gmem1|       pointer|
|m_axi_gmem1_AWCACHE    |  out|    4|          m_axi|                 gmem1|       pointer|
|m_axi_gmem1_AWPROT     |  out|    3|          m_axi|                 gmem1|       pointer|
|m_axi_gmem1_AWQOS      |  out|    4|          m_axi|                 gmem1|       pointer|
|m_axi_gmem1_AWREGION   |  out|    4|          m_axi|                 gmem1|       pointer|
|m_axi_gmem1_AWUSER     |  out|    1|          m_axi|                 gmem1|       pointer|
|m_axi_gmem1_WVALID     |  out|    1|          m_axi|                 gmem1|       pointer|
|m_axi_gmem1_WREADY     |   in|    1|          m_axi|                 gmem1|       pointer|
|m_axi_gmem1_WDATA      |  out|  128|          m_axi|                 gmem1|       pointer|
|m_axi_gmem1_WSTRB      |  out|   16|          m_axi|                 gmem1|       pointer|
|m_axi_gmem1_WLAST      |  out|    1|          m_axi|                 gmem1|       pointer|
|m_axi_gmem1_WID        |  out|    1|          m_axi|                 gmem1|       pointer|
|m_axi_gmem1_WUSER      |  out|    1|          m_axi|                 gmem1|       pointer|
|m_axi_gmem1_ARVALID    |  out|    1|          m_axi|                 gmem1|       pointer|
|m_axi_gmem1_ARREADY    |   in|    1|          m_axi|                 gmem1|       pointer|
|m_axi_gmem1_ARADDR     |  out|   64|          m_axi|                 gmem1|       pointer|
|m_axi_gmem1_ARID       |  out|    1|          m_axi|                 gmem1|       pointer|
|m_axi_gmem1_ARLEN      |  out|    8|          m_axi|                 gmem1|       pointer|
|m_axi_gmem1_ARSIZE     |  out|    3|          m_axi|                 gmem1|       pointer|
|m_axi_gmem1_ARBURST    |  out|    2|          m_axi|                 gmem1|       pointer|
|m_axi_gmem1_ARLOCK     |  out|    2|          m_axi|                 gmem1|       pointer|
|m_axi_gmem1_ARCACHE    |  out|    4|          m_axi|                 gmem1|       pointer|
|m_axi_gmem1_ARPROT     |  out|    3|          m_axi|                 gmem1|       pointer|
|m_axi_gmem1_ARQOS      |  out|    4|          m_axi|                 gmem1|       pointer|
|m_axi_gmem1_ARREGION   |  out|    4|          m_axi|                 gmem1|       pointer|
|m_axi_gmem1_ARUSER     |  out|    1|          m_axi|                 gmem1|       pointer|
|m_axi_gmem1_RVALID     |   in|    1|          m_axi|                 gmem1|       pointer|
|m_axi_gmem1_RREADY     |  out|    1|          m_axi|                 gmem1|       pointer|
|m_axi_gmem1_RDATA      |   in|  128|          m_axi|                 gmem1|       pointer|
|m_axi_gmem1_RLAST      |   in|    1|          m_axi|                 gmem1|       pointer|
|m_axi_gmem1_RID        |   in|    1|          m_axi|                 gmem1|       pointer|
|m_axi_gmem1_RUSER      |   in|    1|          m_axi|                 gmem1|       pointer|
|m_axi_gmem1_RRESP      |   in|    2|          m_axi|                 gmem1|       pointer|
|m_axi_gmem1_BVALID     |   in|    1|          m_axi|                 gmem1|       pointer|
|m_axi_gmem1_BREADY     |  out|    1|          m_axi|                 gmem1|       pointer|
|m_axi_gmem1_BRESP      |   in|    2|          m_axi|                 gmem1|       pointer|
|m_axi_gmem1_BID        |   in|    1|          m_axi|                 gmem1|       pointer|
|m_axi_gmem1_BUSER      |   in|    1|          m_axi|                 gmem1|       pointer|
+-----------------------+-----+-----+---------------+----------------------+--------------+

