Madares v0.80.0 -- the Sounio self-hosted compiler
the bare highland that does not negotiate with ill-formed code -- Sfakia, Crete
Horizon 3: self-hosted primary compiler.

Main file: 2
 items
Merged IR: 2
 functions
Imported frontend summary: ok
Main file: 2
 items
Merged IR: 2
 functions
Imported frontend summary: ok
Native dispatch: requested=native resolved=x86_64-linux matrix=auto source=fallback fallback=unresolved_default_x86_64_linux gpu_strict_parity=false
module_native_driver: imported source uses modular IR path
imported_compile: begin
imported_compile: load_begin
imported_compile: load_done
imported_compile: loaded 2
 modules
imported_compile: typecheck_begin
imported_compile: typecheck_done
imported_compile: typecheck ok
imported_compile: lower_begin
lower_array: seed_begin
lower_array: seed_done
lower_array: dep_begin 1

lower_array: dep_lower_done 1

lower_array: merge_begin 1

lower_array: merge_done 1

lower_array: final_fn_count 10

imported_compile: lower_done
Merged IR: 10
 functions
Written to /tmp/madaros-run.2ZX3Zy/main.elf
Compilation successful!
   Output: /tmp/madaros-run.2ZX3Zy/main.elf
PASS gpu_hlir_vec4_lane_plan_imported offsets=0,32,64,96 values=1,2,3,4
