source: /tmp/hess_seed_sweep/seizure_hessian_ossm_seed14000.sio 23349
 bytes
total source: 31825
 bytes
tokens: 7279

st_count: 0
 depth_end: 0

globals: 27
 bss=3213080

effects: scanned 45
 functions
refined: 255
 in 3
 passes
  prev=8
 L272

  prev=16
 L279

  prev=17
 L279

  prev=19
 L279

  prev=16
 L286

unc_detail: dot=0
 decl=0
 let=0
 colon=0
 other=5

epistemic: 4105
 expr, 4098
 certain (99
%), 7
 uncertain [ident=167
 ops=84
 other=5
], types=7
, gate=950
/1000
epistemic_main: 2889
 expr, 2882
 certain (99
%), 7
 uncertain
knightian: 0
 sites, gap_sum=0

knowledge_subtype: 0
 sites, 0
 violations
knowledge_units: 0
 sites with dimensional Knowledge<T>
tier_dist: PLATINUM=4098
 GOLD=0
 SILVER=0
 BRONZE=0
 [PLATINUM%=99
%]
econf: total=4105
 platinum=4098
 gate_pass=4098
 knightian=7
 min=0
 mean=998
 gate=950

compile: fns=45
 code=70009
 main=fn26
 patches=85
 gates[direct=85
 guarded=0
]
elf: /tmp/souc_run_YArDgh 74105
 bytes (bss=3213080
)
