===============================================================
  EPILEPSY O-SSM: Hessian Non-Associativity in Seizure EEG
  CHB-MIT Scalp EEG | Ictal vs Interictal vs Baseline
===============================================================
  Windows: 2220
 (ictal=780
 interictal=900
 baseline=540
)
  Patients: 9

  Training: ictal(1) vs non-ictal(0)
  Method: leave-one-patient-out, 8x8 Hessian per test window
  seed_offset=1000


  Fold 0
/9
 ... train_acc=56
% test_acc=72
% hessians=300

  Fold 1
/9
 ... train_acc=45
% test_acc=51
% hessians=180

  Fold 2
/9
 ... train_acc=65
% test_acc=58
% hessians=420

  Fold 3
/9
 ... train_acc=48
% test_acc=15
% hessians=120

  Fold 4
/9
 ... train_acc=55
% test_acc=59
% hessians=420

  Fold 5
/9
 ... train_acc=63
% test_acc=56
% hessians=300

  Fold 6
/9
 ... train_acc=60
% test_acc=32
% hessians=120

  Fold 7
/9
 ... train_acc=53
% test_acc=42
% hessians=180

  Fold 8
/9
 ... train_acc=51
% test_acc=34
% hessians=180


===============================================================
  RESULTS: Seizure EEG Hessian Non-Associativity
===============================================================
  Ictal windows tested:      780

  Interictal windows tested:  900

  Baseline windows tested:    540


  Mean ||H_offdiag|| (x1e6, non-associative curvature):
    Ictal:      59322242469

    Interictal: 80371735703

    Baseline:   117145935048


  Ratios (higher = more path-dependent propagation):
    Ictal / Baseline:      506
 (x1000, expect >>1000)
    Interictal / Baseline: 686
 (x1000)
    Ictal / Interictal:    738
 (x1000, expect >1000)

  Off-diag / Diag ratio (non-associativity fraction):
    Ictal:      1954
/1000
    Interictal: 1699
/1000
    Baseline:   4641
/1000

  Hypothesis not supported by this data

DONE
