===============================================================
  EPILEPSY O-SSM: Hessian Non-Associativity in Seizure EEG
  CHB-MIT Scalp EEG | Ictal vs Interictal vs Baseline
===============================================================
  Windows: 2220
 (ictal=780
 interictal=900
 baseline=540
)
  Patients: 9

  Training: ictal(1) vs non-ictal(0)
  Method: leave-one-patient-out, 8x8 Hessian per test window
  seed_offset=2000


  Fold 0
/9
 ... train_acc=62
% test_acc=63
% hessians=300

  Fold 1
/9
 ... train_acc=61
% test_acc=62
% hessians=180

  Fold 2
/9
 ... train_acc=61
% test_acc=65
% hessians=420

  Fold 3
/9
 ... train_acc=58
% test_acc=45
% hessians=120

  Fold 4
/9
 ... train_acc=66
% test_acc=56
% hessians=420

  Fold 5
/9
 ... train_acc=63
% test_acc=58
% hessians=300

  Fold 6
/9
 ... train_acc=59
% test_acc=50
% hessians=120

  Fold 7
/9
 ... train_acc=53
% test_acc=38
% hessians=180

  Fold 8
/9
 ... train_acc=60
% test_acc=47
% hessians=180


===============================================================
  RESULTS: Seizure EEG Hessian Non-Associativity
===============================================================
  Ictal windows tested:      780

  Interictal windows tested:  900

  Baseline windows tested:    540


  Mean ||H_offdiag|| (x1e6, non-associative curvature):
    Ictal:      168716517694

    Interictal: 97794318738

    Baseline:   154386781029


  Ratios (higher = more path-dependent propagation):
    Ictal / Baseline:      1093
 (x1000, expect >>1000)
    Interictal / Baseline: 633
 (x1000)
    Ictal / Interictal:    1725
 (x1000, expect >1000)

  Off-diag / Diag ratio (non-associativity fraction):
    Ictal:      2447
/1000
    Interictal: 2108
/1000
    Baseline:   2217
/1000

  Partial support: Ictal > Baseline, but gradient not monotonic

DONE
