===============================================================
  EPILEPSY O-SSM: Hessian Non-Associativity in Seizure EEG
  CHB-MIT Scalp EEG | Ictal vs Interictal vs Baseline
===============================================================
  Windows: 2220
 (ictal=780
 interictal=900
 baseline=540
)
  Patients: 9

  Training: ictal(1) vs non-ictal(0)
  Method: leave-one-patient-out, 8x8 Hessian per test window
  seed_offset=6000


  Fold 0
/9
 ... train_acc=65
% test_acc=59
% hessians=300

  Fold 1
/9
 ... train_acc=63
% test_acc=63
% hessians=180

  Fold 2
/9
 ... train_acc=66
% test_acc=57
% hessians=420

  Fold 3
/9
 ... train_acc=56
% test_acc=31
% hessians=120

  Fold 4
/9
 ... train_acc=58
% test_acc=56
% hessians=420

  Fold 5
/9
 ... train_acc=53
% test_acc=42
% hessians=300

  Fold 6
/9
 ... train_acc=57
% test_acc=9
% hessians=120

  Fold 7
/9
 ... train_acc=64
% test_acc=66
% hessians=180

  Fold 8
/9
 ... train_acc=60
% test_acc=40
% hessians=180


===============================================================
  RESULTS: Seizure EEG Hessian Non-Associativity
===============================================================
  Ictal windows tested:      780

  Interictal windows tested:  900

  Baseline windows tested:    540


  Mean ||H_offdiag|| (x1e6, non-associative curvature):
    Ictal:      117700327051

    Interictal: 74383928449

    Baseline:   92451475688


  Ratios (higher = more path-dependent propagation):
    Ictal / Baseline:      1273
 (x1000, expect >>1000)
    Interictal / Baseline: 805
 (x1000)
    Ictal / Interictal:    1582
 (x1000, expect >1000)

  Off-diag / Diag ratio (non-associativity fraction):
    Ictal:      1594
/1000
    Interictal: 1617
/1000
    Baseline:   2762
/1000

  Partial support: Ictal > Baseline, but gradient not monotonic

DONE
