===============================================================
  EPILEPSY O-SSM: Hessian Non-Associativity in Seizure EEG
  CHB-MIT Scalp EEG | Ictal vs Interictal vs Baseline
===============================================================
  Windows: 2220
 (ictal=780
 interictal=900
 baseline=540
)
  Patients: 9

  Training: ictal(1) vs non-ictal(0)
  Method: leave-one-patient-out, 8x8 Hessian per test window
  seed_offset=10000


  Fold 0
/9
 ... train_acc=63
% test_acc=57
% hessians=300

  Fold 1
/9
 ... train_acc=61
% test_acc=68
% hessians=180

  Fold 2
/9
 ... train_acc=66
% test_acc=57
% hessians=420

  Fold 3
/9
 ... train_acc=62
% test_acc=100
% hessians=120

  Fold 4
/9
 ... train_acc=66
% test_acc=57
% hessians=420

  Fold 5
/9
 ... train_acc=61
% test_acc=54
% hessians=300

  Fold 6
/9
 ... train_acc=62
% test_acc=86
% hessians=120

  Fold 7
/9
 ... train_acc=61
% test_acc=65
% hessians=180

  Fold 8
/9
 ... train_acc=53
% test_acc=33
% hessians=180


===============================================================
  RESULTS: Seizure EEG Hessian Non-Associativity
===============================================================
  Ictal windows tested:      780

  Interictal windows tested:  900

  Baseline windows tested:    540


  Mean ||H_offdiag|| (x1e6, non-associative curvature):
    Ictal:      94747458566

    Interictal: 93826727606

    Baseline:   61417048424


  Ratios (higher = more path-dependent propagation):
    Ictal / Baseline:      1543
 (x1000, expect >>1000)
    Interictal / Baseline: 1528
 (x1000)
    Ictal / Interictal:    1010
 (x1000, expect >1000)

  Off-diag / Diag ratio (non-associativity fraction):
    Ictal:      1521
/1000
    Interictal: 2064
/1000
    Baseline:   1581
/1000

  *** HYPOTHESIS CONFIRMED: Ictal > Interictal > Baseline ***
  Seizure propagation produces the highest non-associative
  curvature, consistent with path-dependent cortical cascades.

DONE
