===============================================================
  EPILEPSY O-SSM: Hessian Non-Associativity in Seizure EEG
  CHB-MIT Scalp EEG | Ictal vs Interictal vs Baseline
===============================================================
  Windows: 2220
 (ictal=780
 interictal=900
 baseline=540
)
  Patients: 9

  Training: ictal(1) vs non-ictal(0)
  Method: leave-one-patient-out, 8x8 Hessian per test window
  seed_offset=11000


  Fold 0
/9
 ... train_acc=56
% test_acc=70
% hessians=300

  Fold 1
/9
 ... train_acc=64
% test_acc=64
% hessians=180

  Fold 2
/9
 ... train_acc=58
% test_acc=67
% hessians=420

  Fold 3
/9
 ... train_acc=58
% test_acc=40
% hessians=120

  Fold 4
/9
 ... train_acc=66
% test_acc=56
% hessians=420

  Fold 5
/9
 ... train_acc=62
% test_acc=48
% hessians=300

  Fold 6
/9
 ... train_acc=59
% test_acc=60
% hessians=120

  Fold 7
/9
 ... train_acc=63
% test_acc=63
% hessians=180

  Fold 8
/9
 ... train_acc=64
% test_acc=66
% hessians=180


===============================================================
  RESULTS: Seizure EEG Hessian Non-Associativity
===============================================================
  Ictal windows tested:      780

  Interictal windows tested:  900

  Baseline windows tested:    540


  Mean ||H_offdiag|| (x1e6, non-associative curvature):
    Ictal:      130604176081

    Interictal: 61399919789

    Baseline:   118337098603


  Ratios (higher = more path-dependent propagation):
    Ictal / Baseline:      1104
 (x1000, expect >>1000)
    Interictal / Baseline: 519
 (x1000)
    Ictal / Interictal:    2127
 (x1000, expect >1000)

  Off-diag / Diag ratio (non-associativity fraction):
    Ictal:      1621
/1000
    Interictal: 1468
/1000
    Baseline:   1923
/1000

  Partial support: Ictal > Baseline, but gradient not monotonic

DONE
