===============================================================
  EPILEPSY O-SSM: Hessian Non-Associativity in Seizure EEG
  CHB-MIT Scalp EEG | Ictal vs Interictal vs Baseline
===============================================================
  Windows: 2220
 (ictal=780
 interictal=900
 baseline=540
)
  Patients: 9

  Training: ictal(1) vs non-ictal(0)
  Method: leave-one-patient-out, 8x8 Hessian per test window
  seed_offset=4000


  Fold 0
/9
 ... train_acc=65
% test_acc=60
% hessians=300

  Fold 1
/9
 ... train_acc=52
% test_acc=66
% hessians=180

  Fold 2
/9
 ... train_acc=66
% test_acc=56
% hessians=420

  Fold 3
/9
 ... train_acc=62
% test_acc=98
% hessians=120

  Fold 4
/9
 ... train_acc=60
% test_acc=61
% hessians=420

  Fold 5
/9
 ... train_acc=65
% test_acc=61
% hessians=300

  Fold 6
/9
 ... train_acc=60
% test_acc=25
% hessians=120

  Fold 7
/9
 ... train_acc=64
% test_acc=66
% hessians=180

  Fold 8
/9
 ... train_acc=64
% test_acc=64
% hessians=180


===============================================================
  RESULTS: Seizure EEG Hessian Non-Associativity
===============================================================
  Ictal windows tested:      780

  Interictal windows tested:  900

  Baseline windows tested:    540


  Mean ||H_offdiag|| (x1e6, non-associative curvature):
    Ictal:      93717484198

    Interictal: 78977305309

    Baseline:   78910553274


  Ratios (higher = more path-dependent propagation):
    Ictal / Baseline:      1188
 (x1000, expect >>1000)
    Interictal / Baseline: 1001
 (x1000)
    Ictal / Interictal:    1187
 (x1000, expect >1000)

  Off-diag / Diag ratio (non-associativity fraction):
    Ictal:      2092
/1000
    Interictal: 3049
/1000
    Baseline:   2788
/1000

  *** HYPOTHESIS CONFIRMED: Ictal > Interictal > Baseline ***
  Seizure propagation produces the highest non-associative
  curvature, consistent with path-dependent cortical cascades.

DONE
