

================================================================
== Vitis HLS Report for 'target23_chained_taylor41'
================================================================
* Date:           Tue Aug  4 09:54:16 2026

* Version:        2025.1 (Build 6135595 on May 21 2025)
* Project:        target23_chained_taylor41_synth
* Solution:       solution (Vitis Kernel Flow Target)
* Product family: virtexuplus
* Target device:  xcu250-figd2104-2L-e


================================================================
== Performance Estimates
================================================================
+ Timing: 
    * Summary: 
    +--------+----------+----------+------------+
    |  Clock |  Target  | Estimated| Uncertainty|
    +--------+----------+----------+------------+
    |ap_clk  |  10.00 ns|  7.300 ns|     2.70 ns|
    +--------+----------+----------+------------+

+ Latency: 
    * Summary: 
    +---------+------------+----------+------------+-----+------------+---------+
    |   Latency (cycles)   |   Latency (absolute)  |     Interval     | Pipeline|
    |   min   |     max    |    min   |     max    | min |     max    |   Type  |
    +---------+------------+----------+------------+-----+------------+---------+
    |      853|  3778879861|  8.530 us|  37.789 sec|  854|  3778879862|       no|
    +---------+------------+----------+------------+-----+------------+---------+

    + Detail: 
        * Instance: 
        +-----------------------------------------------------------------+------------------------------------------------------+---------+---------+-----------+-----------+-----+--------+------------------------------------------------+
        |                                                                 |                                                      |  Latency (cycles) |   Latency (absolute)  |   Interval   |                    Pipeline                    |
        |                             Instance                            |                        Module                        |   min   |   max   |    min    |    max    | min |   max  |                      Type                      |
        +-----------------------------------------------------------------+------------------------------------------------------+---------+---------+-----------+-----------+-----+--------+------------------------------------------------+
        |grp_times_i_fu_610                                               |times_i                                               |        5|        5|  50.000 ns|  50.000 ns|    4|       4|                                             yes|
        |grp_advance_fu_628                                               |advance                                               |       16|   101744|   0.160 us|   1.017 ms|   16|  101744|                                              no|
        |grp_load_q_fu_671                                                |load_q                                                |       78|       78|   0.780 us|   0.780 us|    7|       7|                                             yes|
        |grp_target23_chained_taylor41_Pipeline_VITIS_LOOP_294_1_fu_680   |target23_chained_taylor41_Pipeline_VITIS_LOOP_294_1   |      102|      102|   1.020 us|   1.020 us|   35|      35|  loop auto-rewind stp (delay=0 clock cycles(s))|
        |grp_target23_chained_taylor41_Pipeline_VITIS_LOOP_235_1_fu_692   |target23_chained_taylor41_Pipeline_VITIS_LOOP_235_1   |        6|        6|  60.000 ns|  60.000 ns|    5|       5|  loop auto-rewind stp (delay=0 clock cycles(s))|
        |grp_target23_chained_taylor41_Pipeline_VITIS_LOOP_253_4_fu_704   |target23_chained_taylor41_Pipeline_VITIS_LOOP_253_4   |        6|        6|  60.000 ns|  60.000 ns|    5|       5|  loop auto-rewind stp (delay=0 clock cycles(s))|
        |grp_target23_chained_taylor41_Pipeline_VITIS_LOOP_249_3_fu_716   |target23_chained_taylor41_Pipeline_VITIS_LOOP_249_3   |        6|        6|  60.000 ns|  60.000 ns|    5|       5|  loop auto-rewind stp (delay=0 clock cycles(s))|
        |grp_target23_chained_taylor41_Pipeline_VITIS_LOOP_260_5_fu_728   |target23_chained_taylor41_Pipeline_VITIS_LOOP_260_5   |        6|        6|  60.000 ns|  60.000 ns|    5|       5|  loop auto-rewind stp (delay=0 clock cycles(s))|
        |grp_close_box_fu_746                                             |close_box                                             |        6|     4765|  60.000 ns|  47.650 us|    6|    4765|                                              no|
        |grp_target23_chained_taylor41_Pipeline_VITIS_LOOP_277_1_fu_769   |target23_chained_taylor41_Pipeline_VITIS_LOOP_277_1   |        9|        9|  90.000 ns|  90.000 ns|    8|       8|  loop auto-rewind stp (delay=0 clock cycles(s))|
        |grp_target23_chained_taylor41_Pipeline_VITIS_LOOP_277_11_fu_777  |target23_chained_taylor41_Pipeline_VITIS_LOOP_277_11  |        9|        9|  90.000 ns|  90.000 ns|    8|       8|  loop auto-rewind stp (delay=0 clock cycles(s))|
        |grp_target23_chained_taylor41_Pipeline_VITIS_LOOP_277_12_fu_785  |target23_chained_taylor41_Pipeline_VITIS_LOOP_277_12  |        9|        9|  90.000 ns|  90.000 ns|    8|       8|  loop auto-rewind stp (delay=0 clock cycles(s))|
        |grp_target23_chained_taylor41_Pipeline_VITIS_LOOP_277_13_fu_792  |target23_chained_taylor41_Pipeline_VITIS_LOOP_277_13  |        9|        9|  90.000 ns|  90.000 ns|    8|       8|  loop auto-rewind stp (delay=0 clock cycles(s))|
        |grp_target23_chained_taylor41_Pipeline_VITIS_LOOP_323_3_fu_799   |target23_chained_taylor41_Pipeline_VITIS_LOOP_323_3   |       30|       30|   0.300 us|   0.300 us|   29|      29|  loop auto-rewind stp (delay=0 clock cycles(s))|
        |grp_target23_chained_taylor41_Pipeline_VITIS_LOOP_277_14_fu_812  |target23_chained_taylor41_Pipeline_VITIS_LOOP_277_14  |        9|        9|  90.000 ns|  90.000 ns|    8|       8|  loop auto-rewind stp (delay=0 clock cycles(s))|
        |grp_target23_chained_taylor41_Pipeline_VITIS_LOOP_277_15_fu_820  |target23_chained_taylor41_Pipeline_VITIS_LOOP_277_15  |        9|        9|  90.000 ns|  90.000 ns|    8|       8|  loop auto-rewind stp (delay=0 clock cycles(s))|
        |grp_target23_chained_taylor41_Pipeline_VITIS_LOOP_327_4_fu_828   |target23_chained_taylor41_Pipeline_VITIS_LOOP_327_4   |        6|        6|  60.000 ns|  60.000 ns|    5|       5|  loop auto-rewind stp (delay=0 clock cycles(s))|
        +-----------------------------------------------------------------+------------------------------------------------------+---------+---------+-----------+-----------+-----+--------+------------------------------------------------+

        * Loop: 
        +---------------------+---------+------------+---------------+-----------+-----------+------+----------+
        |                     |   Latency (cycles)   |   Iteration   |  Initiation Interval  | Trip |          |
        |      Loop Name      |   min   |     max    |    Latency    |  achieved |   target  | Count| Pipelined|
        +---------------------+---------+------------+---------------+-----------+-----------+------+----------+
        |- VITIS_LOOP_300_2   |   501584|  3778879007|  595 ~ 4482656|          -|          -|   843|        no|
        | + VITIS_LOOP_239_2  |     1218|     4273798|    29 ~ 101757|          -|          -|    42|        no|
        +---------------------+---------+------------+---------------+-----------+-----------+------+----------+



================================================================
== Utilization Estimates
================================================================
* Summary: 
+---------------------+---------+-------+---------+---------+------+
|         Name        | BRAM_18K|  DSP  |    FF   |   LUT   | URAM |
+---------------------+---------+-------+---------+---------+------+
|DSP                  |        -|      -|        -|        -|     -|
|Expression           |        -|      -|        0|     7769|     -|
|FIFO                 |        -|      -|        -|        -|     -|
|Instance             |        3|   2921|   284896|   265714|     0|
|Memory               |        -|      -|        -|        -|     -|
|Multiplexer          |        -|      -|        0|     3527|     -|
|Register             |        -|      -|    15689|        -|     -|
+---------------------+---------+-------+---------+---------+------+
|Total                |        3|   2921|   300585|   277010|     0|
+---------------------+---------+-------+---------+---------+------+
|Available SLR        |     1344|   3072|   864000|   432000|   320|
+---------------------+---------+-------+---------+---------+------+
|Utilization SLR (%)  |       ~0|     95|       34|       64|     0|
+---------------------+---------+-------+---------+---------+------+
|Available            |     5376|  12288|  3456000|  1728000|  1280|
+---------------------+---------+-------+---------+---------+------+
|Utilization (%)      |       ~0|     23|        8|       16|     0|
+---------------------+---------+-------+---------+---------+------+

+ Detail: 
    * Instance: 
    +-----------------------------------------------------------------+------------------------------------------------------+---------+------+--------+--------+-----+
    |                             Instance                            |                        Module                        | BRAM_18K|  DSP |   FF   |   LUT  | URAM|
    +-----------------------------------------------------------------+------------------------------------------------------+---------+------+--------+--------+-----+
    |grp_advance_fu_628                                               |advance                                               |        0|  2072|  223684|  209576|    0|
    |grp_close_box_fu_746                                             |close_box                                             |        0|   679|   51270|   46148|    0|
    |control_s_axi_U                                                  |control_s_axi                                         |        0|     0|     214|     360|    0|
    |gmem0_m_axi_U                                                    |gmem0_m_axi                                           |        2|     0|     607|     658|    0|
    |gmem1_m_axi_U                                                    |gmem1_m_axi                                           |        1|     0|     601|     645|    0|
    |grp_load_q_fu_671                                                |load_q                                                |        0|     0|     276|     207|    0|
    |grp_target23_chained_taylor41_Pipeline_VITIS_LOOP_235_1_fu_692   |target23_chained_taylor41_Pipeline_VITIS_LOOP_235_1   |        0|     0|       5|      69|    0|
    |grp_target23_chained_taylor41_Pipeline_VITIS_LOOP_249_3_fu_716   |target23_chained_taylor41_Pipeline_VITIS_LOOP_249_3   |        0|     0|       5|      69|    0|
    |grp_target23_chained_taylor41_Pipeline_VITIS_LOOP_253_4_fu_704   |target23_chained_taylor41_Pipeline_VITIS_LOOP_253_4   |        0|     0|       5|      69|    0|
    |grp_target23_chained_taylor41_Pipeline_VITIS_LOOP_260_5_fu_728   |target23_chained_taylor41_Pipeline_VITIS_LOOP_260_5   |        0|     0|    1797|     531|    0|
    |grp_target23_chained_taylor41_Pipeline_VITIS_LOOP_277_1_fu_769   |target23_chained_taylor41_Pipeline_VITIS_LOOP_277_1   |        0|     0|      38|     137|    0|
    |grp_target23_chained_taylor41_Pipeline_VITIS_LOOP_277_11_fu_777  |target23_chained_taylor41_Pipeline_VITIS_LOOP_277_11  |        0|     0|      38|     137|    0|
    |grp_target23_chained_taylor41_Pipeline_VITIS_LOOP_277_12_fu_785  |target23_chained_taylor41_Pipeline_VITIS_LOOP_277_12  |        0|     0|      38|     137|    0|
    |grp_target23_chained_taylor41_Pipeline_VITIS_LOOP_277_13_fu_792  |target23_chained_taylor41_Pipeline_VITIS_LOOP_277_13  |        0|     0|      38|     137|    0|
    |grp_target23_chained_taylor41_Pipeline_VITIS_LOOP_277_14_fu_812  |target23_chained_taylor41_Pipeline_VITIS_LOOP_277_14  |        0|     0|      38|     137|    0|
    |grp_target23_chained_taylor41_Pipeline_VITIS_LOOP_277_15_fu_820  |target23_chained_taylor41_Pipeline_VITIS_LOOP_277_15  |        0|     0|      38|     137|    0|
    |grp_target23_chained_taylor41_Pipeline_VITIS_LOOP_294_1_fu_680   |target23_chained_taylor41_Pipeline_VITIS_LOOP_294_1   |        0|     0|    1337|     575|    0|
    |grp_target23_chained_taylor41_Pipeline_VITIS_LOOP_323_3_fu_799   |target23_chained_taylor41_Pipeline_VITIS_LOOP_323_3   |        0|     0|     238|     417|    0|
    |grp_target23_chained_taylor41_Pipeline_VITIS_LOOP_327_4_fu_828   |target23_chained_taylor41_Pipeline_VITIS_LOOP_327_4   |        0|     0|       5|      69|    0|
    |grp_times_i_fu_610                                               |times_i                                               |        0|   170|    4624|    5499|    0|
    +-----------------------------------------------------------------+------------------------------------------------------+---------+------+--------+--------+-----+
    |Total                                                            |                                                      |        3|  2921|  284896|  265714|    0|
    +-----------------------------------------------------------------+------------------------------------------------------+---------+------+--------+--------+-----+

    * DSP: 
    N/A

    * Memory: 
    N/A

    * FIFO: 
    N/A

    * Expression: 
    +------------------------------------+----------+----+---+-----+------------+------------+
    |            Variable Name           | Operation| DSP| FF| LUT | Bitwidth P0| Bitwidth P1|
    +------------------------------------+----------+----+---+-----+------------+------------+
    |add_ln183_1_fu_1275_p2              |         +|   0|  0|  232|         225|         225|
    |add_ln183_2_fu_1338_p2              |         +|   0|  0|  232|         225|         225|
    |add_ln183_3_fu_1484_p2              |         +|   0|  0|  232|         225|         225|
    |add_ln183_4_fu_1522_p2              |         +|   0|  0|  232|         225|         225|
    |add_ln183_5_fu_1544_p2              |         +|   0|  0|  232|         225|         225|
    |add_ln183_fu_1248_p2                |         +|   0|  0|  232|         225|         225|
    |add_ln236_fu_1137_p2                |         +|   0|  0|   25|          18|           9|
    |add_ln290_fu_969_p2                 |         +|   0|  0|   39|          32|           1|
    |add_ln291_fu_983_p2                 |         +|   0|  0|   39|          32|           2|
    |add_ln292_fu_1008_p2                |         +|   0|  0|   39|          32|           2|
    |add_ln295_fu_1014_p2                |         +|   0|  0|   39|          32|           4|
    |add_ln296_1_fu_1026_p2              |         +|   0|  0|   39|          32|           4|
    |add_ln296_fu_1020_p2                |         +|   0|  0|   39|          32|           4|
    |add_ln297_10_fu_1217_p2             |         +|   0|  0|   71|          64|          64|
    |add_ln297_11_fu_1222_p2             |         +|   0|  0|   25|          18|           5|
    |add_ln297_12_fu_1232_p2             |         +|   0|  0|   71|          64|          64|
    |add_ln297_13_fu_1237_p2             |         +|   0|  0|   71|          64|          64|
    |add_ln297_1_fu_1147_p2              |         +|   0|  0|   25|          18|           8|
    |add_ln297_2_fu_1157_p2              |         +|   0|  0|   71|          64|          64|
    |add_ln297_3_fu_1162_p2              |         +|   0|  0|   25|          18|           8|
    |add_ln297_4_fu_1172_p2              |         +|   0|  0|   71|          64|          64|
    |add_ln297_5_fu_1177_p2              |         +|   0|  0|   25|          18|           7|
    |add_ln297_6_fu_1187_p2              |         +|   0|  0|   71|          64|          64|
    |add_ln297_7_fu_1192_p2              |         +|   0|  0|   25|          18|           7|
    |add_ln297_8_fu_1202_p2              |         +|   0|  0|   71|          64|          64|
    |add_ln297_9_fu_1207_p2              |         +|   0|  0|   25|          18|           6|
    |add_ln297_fu_1032_p2                |         +|   0|  0|   39|          32|           4|
    |add_ln298_fu_1043_p2                |         +|   0|  0|   39|          32|           4|
    |add_ln299_1_fu_943_p2               |         +|   0|  0|   32|          32|          32|
    |add_ln299_fu_937_p2                 |         +|   0|  0|   32|          32|          32|
    |add_ln300_fu_1262_p2                |         +|   0|  0|   17|          10|           1|
    |base_fu_906_p2                      |         +|   0|  0|   32|          32|          32|
    |event_index_2_fu_1788_p2            |         +|   0|  0|   39|          32|           1|
    |iteration_1_fu_1387_p2              |         +|   0|  0|   13|           6|           1|
    |value_4_fu_1914_p2                  |         +|   0|  0|  231|         224|         185|
    |value_fu_1393_p2                    |         +|   0|  0|  231|         224|         224|
    |middle_fu_1461_p2                   |         -|   0|  0|  231|         224|         224|
    |normal_lo_fu_1777_p2                |         -|   0|  0|  231|         224|         224|
    |sub_ln184_1_fu_1358_p2              |         -|   0|  0|  232|         225|         225|
    |sub_ln184_2_fu_1498_p2              |         -|   0|  0|  232|         225|         225|
    |sub_ln184_3_fu_1564_p2              |         -|   0|  0|  232|         225|         225|
    |sub_ln184_fu_1292_p2                |         -|   0|  0|  232|         225|         225|
    |sub_ln258_fu_1590_p2                |         -|   0|  0|  232|         225|         225|
    |sub_ln25_1_fu_1422_p2               |         -|   0|  0|  230|           1|         223|
    |sub_ln25_fu_1407_p2                 |         -|   0|  0|  231|           1|         224|
    |sub_ln264_fu_1683_p2                |         -|   0|  0|  231|         224|         224|
    |sub_ln288_fu_900_p2                 |         -|   0|  0|   32|          32|          32|
    |sub_ln299_1_fu_949_p2               |         -|   0|  0|   32|          32|          32|
    |sub_ln299_2_fu_955_p2               |         -|   0|  0|   32|          32|          32|
    |sub_ln299_fu_925_p2                 |         -|   0|  0|   39|          32|          32|
    |and_ln183_1_fu_1576_p2              |       and|   0|  0|    2|           1|           1|
    |and_ln183_fu_1370_p2                |       and|   0|  0|    2|           1|           1|
    |and_ln26_fu_1452_p2                 |       and|   0|  0|    2|           1|           1|
    |and_ln309_fu_1320_p2                |       and|   0|  0|    2|           1|           1|
    |ap_block_state1267_on_subcall_done  |       and|   0|  0|    2|           1|           1|
    |ap_predicate_op2842_call_state1267  |       and|   0|  0|    2|           1|           1|
    |or_cond57_fu_2012_p2                |       and|   0|  0|    2|           1|           1|
    |armed_fu_1038_p2                    |      icmp|   0|  0|  231|         224|           1|
    |icmp_ln184_1_fu_1364_p2             |      icmp|   0|  0|  232|         225|           1|
    |icmp_ln184_2_fu_1504_p2             |      icmp|   0|  0|  232|         225|           1|
    |icmp_ln184_3_fu_1570_p2             |      icmp|   0|  0|  232|         225|           1|
    |icmp_ln184_fu_1298_p2               |      icmp|   0|  0|  232|         225|           1|
    |icmp_ln239_fu_1381_p2               |      icmp|   0|  0|   13|           6|           6|
    |icmp_ln258_fu_1596_p2               |      icmp|   0|  0|  232|         225|         143|
    |icmp_ln266_fu_1782_p2               |      icmp|   0|  0|  231|         224|           1|
    |icmp_ln299_1_fu_993_p2              |      icmp|   0|  0|   39|          32|          10|
    |icmp_ln299_2_fu_979_p2              |      icmp|   0|  0|   39|          32|          32|
    |icmp_ln299_fu_965_p2                |      icmp|   0|  0|   39|          32|          32|
    |icmp_ln300_fu_2007_p2               |      icmp|   0|  0|   17|          10|           9|
    |icmp_ln309_fu_1314_p2               |      icmp|   0|  0|    9|           2|           1|
    |ap_block_state1                     |        or|   0|  0|    2|           1|           1|
    |ap_block_state756_on_subcall_done   |        or|   0|  0|    2|           1|           1|
    |or_ln299_1_fu_1003_p2               |        or|   0|  0|    2|           1|           1|
    |or_ln299_fu_998_p2                  |        or|   0|  0|    2|           1|           1|
    |quotient_fu_1437_p3                 |    select|   0|  0|  207|           1|         223|
    |select_ln310_1_fu_1808_p3           |    select|   0|  0|   32|           1|          32|
    |select_ln310_fu_1800_p3             |    select|   0|  0|   32|           1|          32|
    |value_5_fu_1972_p3                  |    select|   0|  0|  208|           1|         224|
    |value_6_fu_1990_p3                  |    select|   0|  0|   32|           1|          32|
    |xor_ln183_1_fu_1558_p2              |       xor|   0|  0|    2|           1|           2|
    |xor_ln183_fu_1352_p2                |       xor|   0|  0|    2|           1|           2|
    |xor_ln310_fu_1794_p2                |       xor|   0|  0|    2|           1|           2|
    +------------------------------------+----------+----+---+-----+------------+------------+
    |Total                               |          |   0|  0| 7769|        6405|        5552|
    +------------------------------------+----------+----+---+-----+------------+------------+

    * Multiplexer: 
    +----------------------------------------------+------+-----------+-----+-----------+
    |                     Name                     |  LUT | Input Size| Bits| Total Bits|
    +----------------------------------------------+------+-----------+-----+-----------+
    |ap_NS_fsm                                     |  2693|       1268|    1|       1268|
    |ap_done                                       |     9|          2|    1|          2|
    |ap_phi_mux_cleanup_dest_slot_0_phi_fu_602_p4  |     9|          2|    1|          2|
    |ap_phi_mux_cond195_ph213_phi_fu_428_p4        |    14|          3|    2|          6|
    |armed_1_fu_370                                |    43|          8|    1|          8|
    |bits_fu_374                                   |     9|          2|  224|        448|
    |center_1_2_fu_382                             |     9|          2|  224|        448|
    |center_279_fu_378                             |     9|          2|  224|        448|
    |center_3_2_fu_390                             |     9|          2|  224|        448|
    |center_fu_386                                 |     9|          2|  224|        448|
    |event_index_reg_569                           |     9|          2|   32|         64|
    |events_1_fu_330                               |     9|          2|   32|         64|
    |gmem0_0_ARADDR                                |    14|          3|   64|        192|
    |gmem0_0_ARLEN                                 |    14|          3|   32|         96|
    |gmem0_0_ARVALID                               |    14|          3|    1|          3|
    |gmem0_0_RREADY                                |    14|          3|    1|          3|
    |gmem0_blk_n_AR                                |     9|          2|    1|          2|
    |gmem0_blk_n_R                                 |     9|          2|    1|          2|
    |gmem1_0_AWADDR                                |    65|         15|   64|        960|
    |gmem1_0_AWLEN                                 |    54|         10|   32|        320|
    |gmem1_0_AWVALID                               |    49|          9|    1|          9|
    |gmem1_0_BREADY                                |    49|          9|    1|          9|
    |gmem1_0_WDATA                                 |    43|          8|   32|        256|
    |gmem1_0_WSTRB                                 |    43|          8|    4|         32|
    |gmem1_0_WVALID                                |    43|          8|    1|          8|
    |gmem1_blk_n_AW                                |     9|          2|    1|          2|
    |gmem1_blk_n_B                                 |     9|          2|    1|          2|
    |grp_advance_fu_628_p_read4                    |    14|          3|  224|        672|
    |grp_load_q_fu_671_ap_start                    |     9|          2|    1|          2|
    |grp_load_q_fu_671_memory                      |    14|          3|   64|        192|
    |grp_load_q_fu_671_word                        |    54|         10|   32|        320|
    |high_center_2_fu_282                          |     9|          2|  224|        448|
    |high_i_3_ph_reg_514                           |     9|          2|  224|        448|
    |high_radius_1_reg_435                         |     9|          2|  224|        448|
    |high_reg_466                                  |     9|          2|  224|        448|
    |iteration_reg_445                             |     9|          2|    6|         12|
    |local_step_fu_326                             |     9|          2|   10|         20|
    |low_center_1_fu_262                           |     9|          2|  224|        448|
    |low_center_2_fu_266                           |     9|          2|  224|        448|
    |low_center_3_fu_270                           |     9|          2|  224|        448|
    |low_center_fu_258                             |     9|          2|  224|        448|
    |low_i_3_ph_reg_502                            |     9|          2|  224|        448|
    |low_radius_5_reg_456                          |     9|          2|  224|        448|
    |low_radius_fu_366                             |     9|          2|  224|        448|
    |low_radius_i_3_ph_reg_526                     |     9|          2|  224|        448|
    |low_reg_478                                   |     9|          2|  224|        448|
    |p_0_0_0157_ph_reg_490                         |     9|          2|  224|        448|
    |phi_mul_fu_322                                |     9|          2|   18|         36|
    |valid_1_reg_538                               |    14|          3|    1|          3|
    +----------------------------------------------+------+-----------+-----+-----------+
    |Total                                         |  3527|       1439| 4919|      13079|
    +----------------------------------------------+------+-----------+-----+-----------+

    * Register: 
    +------------------------------------------------------------------------------+------+----+------+-----------+
    |                                     Name                                     |  FF  | LUT| Bits | Const Bits|
    +------------------------------------------------------------------------------+------+----+------+-----------+
    |add_ln236_reg_2457                                                            |    18|   0|    18|          0|
    |add_ln297_10_reg_2482                                                         |    64|   0|    64|          0|
    |add_ln297_12_reg_2487                                                         |    64|   0|    64|          0|
    |add_ln297_13_reg_2492                                                         |    64|   0|    64|          0|
    |add_ln297_2_reg_2462                                                          |    64|   0|    64|          0|
    |add_ln297_4_reg_2467                                                          |    64|   0|    64|          0|
    |add_ln297_6_reg_2472                                                          |    64|   0|    64|          0|
    |add_ln297_8_reg_2477                                                          |    64|   0|    64|          0|
    |add_ln300_reg_2497                                                            |    10|   0|    10|          0|
    |ap_CS_fsm                                                                     |  1267|   0|  1267|          0|
    |ap_done_reg                                                                   |     1|   0|     1|          0|
    |ap_rst_n_inv                                                                  |     1|   0|     1|          0|
    |ap_rst_reg_1                                                                  |     1|   0|     1|          0|
    |ap_rst_reg_2                                                                  |     1|   0|     1|          0|
    |armed_1_fu_370                                                                |     1|   0|     1|          0|
    |armed_reg_2297                                                                |     1|   0|     1|          0|
    |base_reg_2221                                                                 |    32|   0|    32|          0|
    |bits_fu_374                                                                   |   224|   0|   224|          0|
    |call_ret_reg_2677_0                                                           |   224|   0|   224|          0|
    |center_1_2_fu_382                                                             |   224|   0|   224|          0|
    |center_279_fu_378                                                             |   224|   0|   224|          0|
    |center_3_2_fu_390                                                             |   224|   0|   224|          0|
    |center_5_reg_2572                                                             |   224|   0|   224|          0|
    |center_fu_386                                                                 |   224|   0|   224|          0|
    |cleanup_dest_slot_0_reg_598                                                   |     1|   0|     1|          0|
    |count_reg_2260                                                                |    32|   0|    32|          0|
    |event_box_hi_070_fu_350                                                       |   224|   0|   224|          0|
    |event_box_hi_1_073_fu_354                                                     |   224|   0|   224|          0|
    |event_box_hi_1_reg_2672                                                       |   224|   0|   224|          0|
    |event_box_hi_2_074_fu_358                                                     |   224|   0|   224|          0|
    |event_box_hi_3_075_fu_362                                                     |   224|   0|   224|          0|
    |event_box_hi_reg_2667                                                         |   224|   0|   224|          0|
    |event_box_lo_064_fu_334                                                       |   224|   0|   224|          0|
    |event_box_lo_1_067_fu_338                                                     |   224|   0|   224|          0|
    |event_box_lo_1_reg_2662                                                       |   224|   0|   224|          0|
    |event_box_lo_2_068_fu_342                                                     |   224|   0|   224|          0|
    |event_box_lo_3_069_fu_346                                                     |   224|   0|   224|          0|
    |event_box_lo_reg_2657                                                         |   224|   0|   224|          0|
    |event_index_reg_569                                                           |    32|   0|    32|          0|
    |events_1_fu_330                                                               |    32|   0|    32|          0|
    |events_reg_2302                                                               |    32|   0|    32|          0|
    |following_1_fu_310                                                            |   224|   0|   224|          0|
    |following_2_fu_314                                                            |   224|   0|   224|          0|
    |following_2_load_reg_2773                                                     |   224|   0|   224|          0|
    |following_3_fu_318                                                            |   224|   0|   224|          0|
    |following_fu_306                                                              |   224|   0|   224|          0|
    |following_radius_reg_2450                                                     |   224|   0|   224|          0|
    |grp_advance_fu_628_ap_start_reg                                               |     1|   0|     1|          0|
    |grp_close_box_fu_746_ap_start_reg                                             |     1|   0|     1|          0|
    |grp_load_q_fu_671_ap_start_reg                                                |     1|   0|     1|          0|
    |grp_target23_chained_taylor41_Pipeline_VITIS_LOOP_235_1_fu_692_ap_start_reg   |     1|   0|     1|          0|
    |grp_target23_chained_taylor41_Pipeline_VITIS_LOOP_249_3_fu_716_ap_start_reg   |     1|   0|     1|          0|
    |grp_target23_chained_taylor41_Pipeline_VITIS_LOOP_253_4_fu_704_ap_start_reg   |     1|   0|     1|          0|
    |grp_target23_chained_taylor41_Pipeline_VITIS_LOOP_260_5_fu_728_ap_start_reg   |     1|   0|     1|          0|
    |grp_target23_chained_taylor41_Pipeline_VITIS_LOOP_277_11_fu_777_ap_start_reg  |     1|   0|     1|          0|
    |grp_target23_chained_taylor41_Pipeline_VITIS_LOOP_277_12_fu_785_ap_start_reg  |     1|   0|     1|          0|
    |grp_target23_chained_taylor41_Pipeline_VITIS_LOOP_277_13_fu_792_ap_start_reg  |     1|   0|     1|          0|
    |grp_target23_chained_taylor41_Pipeline_VITIS_LOOP_277_14_fu_812_ap_start_reg  |     1|   0|     1|          0|
    |grp_target23_chained_taylor41_Pipeline_VITIS_LOOP_277_15_fu_820_ap_start_reg  |     1|   0|     1|          0|
    |grp_target23_chained_taylor41_Pipeline_VITIS_LOOP_277_1_fu_769_ap_start_reg   |     1|   0|     1|          0|
    |grp_target23_chained_taylor41_Pipeline_VITIS_LOOP_294_1_fu_680_ap_start_reg   |     1|   0|     1|          0|
    |grp_target23_chained_taylor41_Pipeline_VITIS_LOOP_323_3_fu_799_ap_start_reg   |     1|   0|     1|          0|
    |grp_target23_chained_taylor41_Pipeline_VITIS_LOOP_327_4_fu_828_ap_start_reg   |     1|   0|     1|          0|
    |grp_times_i_fu_610_ap_start_reg                                               |     1|   0|     1|          0|
    |high_center_2_fu_282                                                          |   224|   0|   224|          0|
    |high_i_3_ph_reg_514                                                           |   224|   0|   224|          0|
    |high_radius_1_reg_435                                                         |   224|   0|   224|          0|
    |high_radius_reg_2516                                                          |   224|   0|   224|          0|
    |high_reg_466                                                                  |   224|   0|   224|          0|
    |icmp_ln239_reg_2525                                                           |     1|   0|     1|          0|
    |icmp_ln299_2_reg_2255                                                         |     1|   0|     1|          0|
    |icmp_ln299_reg_2245                                                           |     1|   0|     1|          0|
    |input_r_read_reg_2042                                                         |    64|   0|    64|          0|
    |iteration_1_reg_2529                                                          |     6|   0|     6|          0|
    |iteration_reg_445                                                             |     6|   0|     6|          0|
    |local_step_fu_326                                                             |    10|   0|    10|          0|
    |low_center_1_fu_262                                                           |   224|   0|   224|          0|
    |low_center_2_fu_266                                                           |   224|   0|   224|          0|
    |low_center_3_fu_270                                                           |   224|   0|   224|          0|
    |low_center_fu_258                                                             |   224|   0|   224|          0|
    |low_i_3_ph_reg_502                                                            |   224|   0|   224|          0|
    |low_radius_5_reg_456                                                          |   224|   0|   224|          0|
    |low_radius_fu_366                                                             |   224|   0|   224|          0|
    |low_radius_i_3_ph_reg_526                                                     |   224|   0|   224|          0|
    |low_reg_478                                                                   |   224|   0|   224|          0|
    |middle_center_1_fu_294                                                        |   224|   0|   224|          0|
    |middle_center_2_fu_298                                                        |   224|   0|   224|          0|
    |middle_center_3_fu_302                                                        |   224|   0|   224|          0|
    |middle_center_fu_290                                                          |   224|   0|   224|          0|
    |middle_radius_reg_2556                                                        |   224|   0|   224|          0|
    |middle_reg_2546                                                               |   224|   0|   224|          0|
    |or_ln299_1_reg_2265                                                           |     1|   0|     1|          0|
    |output_r_read_reg_2031                                                        |    64|   0|    64|          0|
    |p_0_0_0157_ph_reg_490                                                         |   224|   0|   224|          0|
    |partition_id_reg_2240                                                         |    32|   0|    32|          0|
    |partition_read_reg_2026                                                       |    32|   0|    32|          0|
    |phi_mul_fu_322                                                                |    18|   0|    18|          0|
    |radius_reg_2274                                                               |   224|   0|   224|          0|
    |ref_tmp2_reg_2292                                                             |   224|   0|   224|          0|
    |reg_870                                                                       |   224|   0|   224|          0|
    |reg_876                                                                       |   224|   0|   224|          0|
    |reg_882                                                                       |   224|   0|   224|          0|
    |start_step_reg_2250                                                           |    32|   0|    32|          0|
    |sub_ln264_reg_2649                                                            |   224|   0|   224|          0|
    |sub_ln299_2_reg_2235                                                          |    32|   0|    32|          0|
    |time_reg_2269                                                                 |   224|   0|   224|          0|
    |tmp_5_reg_2540                                                                |     1|   0|     1|          0|
    |tmp_reg_2512                                                                  |     1|   0|     1|          0|
    |trunc_ln277_1_reg_2702                                                        |    62|   0|    62|          0|
    |trunc_ln277_2_reg_2708                                                        |    62|   0|    62|          0|
    |trunc_ln277_3_reg_2714                                                        |    62|   0|    62|          0|
    |trunc_ln277_4_reg_2726                                                        |    62|   0|    62|          0|
    |trunc_ln277_5_reg_2732                                                        |    62|   0|    62|          0|
    |trunc_ln8_reg_2692                                                            |    62|   0|    62|          0|
    |trunc_ln9_reg_2720                                                            |    62|   0|    62|          0|
    |valid_1_reg_538                                                               |     1|   0|     1|          0|
    |valid_reg_2446                                                                |     1|   0|     1|          0|
    |value_4_reg_2746                                                              |   224|   0|   224|          0|
    |value_5_reg_2787                                                              |   224|   0|   224|          0|
    |value_6_reg_2797                                                              |    32|   0|    32|          0|
    |value_reg_2534                                                                |   224|   0|   224|          0|
    |zs_hi_reg_2285                                                                |   224|   0|   224|          0|
    |zs_lo_reg_2279                                                                |   224|   0|   224|          0|
    +------------------------------------------------------------------------------+------+----+------+-----------+
    |Total                                                                         | 15689|   0| 15689|          0|
    +------------------------------------------------------------------------------+------+----+------+-----------+



================================================================
== Interface
================================================================
* Summary: 
+-----------------------+-----+-----+---------------+---------------------------+--------------+
|       RTL Ports       | Dir | Bits|    Protocol   |       Source Object       |    C Type    |
+-----------------------+-----+-----+---------------+---------------------------+--------------+
|s_axi_control_AWVALID  |   in|    1|          s_axi|                    control|        scalar|
|s_axi_control_AWREADY  |  out|    1|          s_axi|                    control|        scalar|
|s_axi_control_AWADDR   |   in|    6|          s_axi|                    control|        scalar|
|s_axi_control_WVALID   |   in|    1|          s_axi|                    control|        scalar|
|s_axi_control_WREADY   |  out|    1|          s_axi|                    control|        scalar|
|s_axi_control_WDATA    |   in|   32|          s_axi|                    control|        scalar|
|s_axi_control_WSTRB    |   in|    4|          s_axi|                    control|        scalar|
|s_axi_control_ARVALID  |   in|    1|          s_axi|                    control|        scalar|
|s_axi_control_ARREADY  |  out|    1|          s_axi|                    control|        scalar|
|s_axi_control_ARADDR   |   in|    6|          s_axi|                    control|        scalar|
|s_axi_control_RVALID   |  out|    1|          s_axi|                    control|        scalar|
|s_axi_control_RREADY   |   in|    1|          s_axi|                    control|        scalar|
|s_axi_control_RDATA    |  out|   32|          s_axi|                    control|        scalar|
|s_axi_control_RRESP    |  out|    2|          s_axi|                    control|        scalar|
|s_axi_control_BVALID   |  out|    1|          s_axi|                    control|        scalar|
|s_axi_control_BREADY   |   in|    1|          s_axi|                    control|        scalar|
|s_axi_control_BRESP    |  out|    2|          s_axi|                    control|        scalar|
|ap_clk                 |   in|    1|  ap_ctrl_chain|  target23_chained_taylor41|  return value|
|ap_rst_n               |   in|    1|  ap_ctrl_chain|  target23_chained_taylor41|  return value|
|interrupt              |  out|    1|  ap_ctrl_chain|  target23_chained_taylor41|  return value|
|m_axi_gmem0_AWVALID    |  out|    1|          m_axi|                      gmem0|       pointer|
|m_axi_gmem0_AWREADY    |   in|    1|          m_axi|                      gmem0|       pointer|
|m_axi_gmem0_AWADDR     |  out|   64|          m_axi|                      gmem0|       pointer|
|m_axi_gmem0_AWID       |  out|    1|          m_axi|                      gmem0|       pointer|
|m_axi_gmem0_AWLEN      |  out|    8|          m_axi|                      gmem0|       pointer|
|m_axi_gmem0_AWSIZE     |  out|    3|          m_axi|                      gmem0|       pointer|
|m_axi_gmem0_AWBURST    |  out|    2|          m_axi|                      gmem0|       pointer|
|m_axi_gmem0_AWLOCK     |  out|    2|          m_axi|                      gmem0|       pointer|
|m_axi_gmem0_AWCACHE    |  out|    4|          m_axi|                      gmem0|       pointer|
|m_axi_gmem0_AWPROT     |  out|    3|          m_axi|                      gmem0|       pointer|
|m_axi_gmem0_AWQOS      |  out|    4|          m_axi|                      gmem0|       pointer|
|m_axi_gmem0_AWREGION   |  out|    4|          m_axi|                      gmem0|       pointer|
|m_axi_gmem0_AWUSER     |  out|    1|          m_axi|                      gmem0|       pointer|
|m_axi_gmem0_WVALID     |  out|    1|          m_axi|                      gmem0|       pointer|
|m_axi_gmem0_WREADY     |   in|    1|          m_axi|                      gmem0|       pointer|
|m_axi_gmem0_WDATA      |  out|   32|          m_axi|                      gmem0|       pointer|
|m_axi_gmem0_WSTRB      |  out|    4|          m_axi|                      gmem0|       pointer|
|m_axi_gmem0_WLAST      |  out|    1|          m_axi|                      gmem0|       pointer|
|m_axi_gmem0_WID        |  out|    1|          m_axi|                      gmem0|       pointer|
|m_axi_gmem0_WUSER      |  out|    1|          m_axi|                      gmem0|       pointer|
|m_axi_gmem0_ARVALID    |  out|    1|          m_axi|                      gmem0|       pointer|
|m_axi_gmem0_ARREADY    |   in|    1|          m_axi|                      gmem0|       pointer|
|m_axi_gmem0_ARADDR     |  out|   64|          m_axi|                      gmem0|       pointer|
|m_axi_gmem0_ARID       |  out|    1|          m_axi|                      gmem0|       pointer|
|m_axi_gmem0_ARLEN      |  out|    8|          m_axi|                      gmem0|       pointer|
|m_axi_gmem0_ARSIZE     |  out|    3|          m_axi|                      gmem0|       pointer|
|m_axi_gmem0_ARBURST    |  out|    2|          m_axi|                      gmem0|       pointer|
|m_axi_gmem0_ARLOCK     |  out|    2|          m_axi|                      gmem0|       pointer|
|m_axi_gmem0_ARCACHE    |  out|    4|          m_axi|                      gmem0|       pointer|
|m_axi_gmem0_ARPROT     |  out|    3|          m_axi|                      gmem0|       pointer|
|m_axi_gmem0_ARQOS      |  out|    4|          m_axi|                      gmem0|       pointer|
|m_axi_gmem0_ARREGION   |  out|    4|          m_axi|                      gmem0|       pointer|
|m_axi_gmem0_ARUSER     |  out|    1|          m_axi|                      gmem0|       pointer|
|m_axi_gmem0_RVALID     |   in|    1|          m_axi|                      gmem0|       pointer|
|m_axi_gmem0_RREADY     |  out|    1|          m_axi|                      gmem0|       pointer|
|m_axi_gmem0_RDATA      |   in|   32|          m_axi|                      gmem0|       pointer|
|m_axi_gmem0_RLAST      |   in|    1|          m_axi|                      gmem0|       pointer|
|m_axi_gmem0_RID        |   in|    1|          m_axi|                      gmem0|       pointer|
|m_axi_gmem0_RUSER      |   in|    1|          m_axi|                      gmem0|       pointer|
|m_axi_gmem0_RRESP      |   in|    2|          m_axi|                      gmem0|       pointer|
|m_axi_gmem0_BVALID     |   in|    1|          m_axi|                      gmem0|       pointer|
|m_axi_gmem0_BREADY     |  out|    1|          m_axi|                      gmem0|       pointer|
|m_axi_gmem0_BRESP      |   in|    2|          m_axi|                      gmem0|       pointer|
|m_axi_gmem0_BID        |   in|    1|          m_axi|                      gmem0|       pointer|
|m_axi_gmem0_BUSER      |   in|    1|          m_axi|                      gmem0|       pointer|
|m_axi_gmem1_AWVALID    |  out|    1|          m_axi|                      gmem1|       pointer|
|m_axi_gmem1_AWREADY    |   in|    1|          m_axi|                      gmem1|       pointer|
|m_axi_gmem1_AWADDR     |  out|   64|          m_axi|                      gmem1|       pointer|
|m_axi_gmem1_AWID       |  out|    1|          m_axi|                      gmem1|       pointer|
|m_axi_gmem1_AWLEN      |  out|    8|          m_axi|                      gmem1|       pointer|
|m_axi_gmem1_AWSIZE     |  out|    3|          m_axi|                      gmem1|       pointer|
|m_axi_gmem1_AWBURST    |  out|    2|          m_axi|                      gmem1|       pointer|
|m_axi_gmem1_AWLOCK     |  out|    2|          m_axi|                      gmem1|       pointer|
|m_axi_gmem1_AWCACHE    |  out|    4|          m_axi|                      gmem1|       pointer|
|m_axi_gmem1_AWPROT     |  out|    3|          m_axi|                      gmem1|       pointer|
|m_axi_gmem1_AWQOS      |  out|    4|          m_axi|                      gmem1|       pointer|
|m_axi_gmem1_AWREGION   |  out|    4|          m_axi|                      gmem1|       pointer|
|m_axi_gmem1_AWUSER     |  out|    1|          m_axi|                      gmem1|       pointer|
|m_axi_gmem1_WVALID     |  out|    1|          m_axi|                      gmem1|       pointer|
|m_axi_gmem1_WREADY     |   in|    1|          m_axi|                      gmem1|       pointer|
|m_axi_gmem1_WDATA      |  out|   32|          m_axi|                      gmem1|       pointer|
|m_axi_gmem1_WSTRB      |  out|    4|          m_axi|                      gmem1|       pointer|
|m_axi_gmem1_WLAST      |  out|    1|          m_axi|                      gmem1|       pointer|
|m_axi_gmem1_WID        |  out|    1|          m_axi|                      gmem1|       pointer|
|m_axi_gmem1_WUSER      |  out|    1|          m_axi|                      gmem1|       pointer|
|m_axi_gmem1_ARVALID    |  out|    1|          m_axi|                      gmem1|       pointer|
|m_axi_gmem1_ARREADY    |   in|    1|          m_axi|                      gmem1|       pointer|
|m_axi_gmem1_ARADDR     |  out|   64|          m_axi|                      gmem1|       pointer|
|m_axi_gmem1_ARID       |  out|    1|          m_axi|                      gmem1|       pointer|
|m_axi_gmem1_ARLEN      |  out|    8|          m_axi|                      gmem1|       pointer|
|m_axi_gmem1_ARSIZE     |  out|    3|          m_axi|                      gmem1|       pointer|
|m_axi_gmem1_ARBURST    |  out|    2|          m_axi|                      gmem1|       pointer|
|m_axi_gmem1_ARLOCK     |  out|    2|          m_axi|                      gmem1|       pointer|
|m_axi_gmem1_ARCACHE    |  out|    4|          m_axi|                      gmem1|       pointer|
|m_axi_gmem1_ARPROT     |  out|    3|          m_axi|                      gmem1|       pointer|
|m_axi_gmem1_ARQOS      |  out|    4|          m_axi|                      gmem1|       pointer|
|m_axi_gmem1_ARREGION   |  out|    4|          m_axi|                      gmem1|       pointer|
|m_axi_gmem1_ARUSER     |  out|    1|          m_axi|                      gmem1|       pointer|
|m_axi_gmem1_RVALID     |   in|    1|          m_axi|                      gmem1|       pointer|
|m_axi_gmem1_RREADY     |  out|    1|          m_axi|                      gmem1|       pointer|
|m_axi_gmem1_RDATA      |   in|   32|          m_axi|                      gmem1|       pointer|
|m_axi_gmem1_RLAST      |   in|    1|          m_axi|                      gmem1|       pointer|
|m_axi_gmem1_RID        |   in|    1|          m_axi|                      gmem1|       pointer|
|m_axi_gmem1_RUSER      |   in|    1|          m_axi|                      gmem1|       pointer|
|m_axi_gmem1_RRESP      |   in|    2|          m_axi|                      gmem1|       pointer|
|m_axi_gmem1_BVALID     |   in|    1|          m_axi|                      gmem1|       pointer|
|m_axi_gmem1_BREADY     |  out|    1|          m_axi|                      gmem1|       pointer|
|m_axi_gmem1_BRESP      |   in|    2|          m_axi|                      gmem1|       pointer|
|m_axi_gmem1_BID        |   in|    1|          m_axi|                      gmem1|       pointer|
|m_axi_gmem1_BUSER      |   in|    1|          m_axi|                      gmem1|       pointer|
+-----------------------+-----+-----+---------------+---------------------------+--------------+


