
****** vitis-run v2025.1 (64-bit)
  **** SW Build 6137779 on 2025-05-21-18:10:03
  **** Start of session at: Tue Aug  4 09:49:31 2026
    ** Copyright 1986-2022 Xilinx, Inc. All Rights Reserved.
    ** Copyright 2022-2025 Advanced Micro Devices, Inc. All Rights Reserved.

  **** HLS Build v2025.1 6135595
Sourcing Tcl script '/home/devsounio/cs6_chained_taylor41_20260804/hardware/fpga/u250_target23_chained_taylor41/run_hls_csim.tcl'
INFO: [HLS 200-1510] Running: open_project -reset target23_chained_taylor41_csim 
WARNING: [HLS 200-2182] The 'target23_chained_taylor41_csim' project will not automatically appear within Vitis IDE workspaces and is meant only for TCL batch use.  Please use open_component instead of open_project/open_solution to generate Vitis IDE compatible component files and directory structure.
Resolution: For help on HLS 200-2182 see docs.xilinx.com/access/sources/dita/topic?Doc_Version=2025.1%20English&url=ug1448-hls-guidance&resourceid=200-2182.html
INFO: [HLS 200-10] Opening and resetting solution '/home/devsounio/cs6_chained_taylor41_20260804/target23_chained_taylor41_csim'.
INFO: [HLS 200-1510] Running: set_top target23_chained_taylor41 
INFO: [HLS 200-1510] Running: add_files /home/devsounio/cs6_chained_taylor41_20260804/hardware/fpga/u250_target23_chained_taylor41/kernel.cpp 
INFO: [HLS 200-10] Adding design file '/home/devsounio/cs6_chained_taylor41_20260804/hardware/fpga/u250_target23_chained_taylor41/kernel.cpp' to the project
INFO: [HLS 200-1510] Running: add_files -tb /home/devsounio/cs6_chained_taylor41_20260804/hardware/fpga/u250_target23_chained_taylor41/testbench.cpp 
INFO: [HLS 200-10] Adding test bench file '/home/devsounio/cs6_chained_taylor41_20260804/hardware/fpga/u250_target23_chained_taylor41/testbench.cpp' to the project
INFO: [HLS 200-1510] Running: open_solution -reset solution -flow_target vitis 
INFO: [HLS 200-10] Creating and opening solution '/home/devsounio/cs6_chained_taylor41_20260804/target23_chained_taylor41_csim/solution'.
INFO: [HLS 200-10] Cleaning up the solution database.
INFO: [HLS 200-1505] Using flow_target 'vitis'
Resolution: For help on HLS 200-1505 see docs.xilinx.com/access/sources/dita/topic?Doc_Version=2025.1%20English&url=ug1448-hls-guidance&resourceid=200-1505.html
INFO: [HLS 200-435] Setting 'open_solution -flow_target vitis' configuration: config_interface -m_axi_latency=64
INFO: [HLS 200-435] Setting 'open_solution -flow_target vitis' configuration: config_interface -m_axi_alignment_byte_size=64
INFO: [HLS 200-435] Setting 'open_solution -flow_target vitis' configuration: config_interface -m_axi_max_widen_bitwidth=512
INFO: [HLS 200-435] Setting 'open_solution -flow_target vitis' configuration: config_rtl -register_reset_num=3
INFO: [HLS 200-1510] Running: set_part xcu250-figd2104-2L-e 
INFO: [HLS 200-1611] Setting target device to 'xcu250-figd2104-2L-e'
INFO: [HLS 200-1510] Running: create_clock -period 10.0 -name default 
INFO: [SYN 201-201] Setting up clock 'default' with a period of 10ns.
INFO: [HLS 200-1510] Running: csim_design -argv /home/devsounio/cs6_chained_taylor41_20260804/scripts/research/receipts/cs6_u250_target23_chained_taylor41_v1/hardware_inputs.bin /home/devsounio/cs6_chained_taylor41_20260804/scripts/research/receipts/cs6_u250_target23_chained_taylor41_v1/expected.bin 
INFO: [SIM 211-2] *************** CSIM start ***************
INFO: [SIM 211-4] CSIM will launch CLANG as the compiler.
INFO: [HLS 200-2036] Building debug C Simulation binaries
   Compiling ../../../../hardware/fpga/u250_target23_chained_taylor41/testbench.cpp in debug mode
   Compiling ../../../../hardware/fpga/u250_target23_chained_taylor41/kernel.cpp in debug mode
   Generating csim.exe
CSIM_PARTITIONS=2
CSIM_STEPS=1686
CSIM_WORDS=16860
CSIM_MISMATCHES=0
TARGET23_CHAINED_TAYLOR41_CSIM_PASS=true
INFO: [SIM 211-1] CSim done with 0 errors.
INFO: [SIM 211-3] *************** CSIM finish ***************
INFO: [HLS 200-2161] Finished Command csim_design Elapsed time: 00:03:02; Allocated memory: 0.324 MB.
INFO: [HLS 200-1510] Running: close_project 
INFO: [HLS 200-112] Total CPU user time: 183.93 seconds. Total CPU system time: 0.73 seconds. Total elapsed time: 185.04 seconds; peak allocated memory: 441.324 MB.
INFO: [vitis-run 60-791] Total elapsed time: 0h 3m 6s
INFO: [vitis-run 60-1662] Stopping dispatch session having empty uuid.

