

================================================================
== Vitis HLS Report for 'target23_chained_taylor41'
================================================================
* Date:           Tue Aug  4 09:47:19 2026

* Version:        2025.1 (Build 6135595 on May 21 2025)
* Project:        target23_chained_taylor41_synth
* Solution:       solution (Vitis Kernel Flow Target)
* Product family: virtexuplus
* Target device:  xcu250-figd2104-2L-e


================================================================
== Performance Estimates
================================================================
+ Timing: 
    * Summary: 
    +--------+----------+----------+------------+
    |  Clock |  Target  | Estimated| Uncertainty|
    +--------+----------+----------+------------+
    |ap_clk  |  10.00 ns|  7.300 ns|     2.70 ns|
    +--------+----------+----------+------------+

+ Latency: 
    * Summary: 
    +---------+------------+----------+------------+-----+------------+---------+
    |   Latency (cycles)   |   Latency (absolute)  |     Interval     | Pipeline|
    |   min   |     max    |    min   |     max    | min |     max    |   Type  |
    +---------+------------+----------+------------+-----+------------+---------+
    |      853|  1709409277|  8.530 us|  17.094 sec|  854|  1709409278|       no|
    +---------+------------+----------+------------+-----+------------+---------+

    + Detail: 
        * Instance: 
        +-----------------------------------------------------------------+------------------------------------------------------+---------+---------+-----------+-----------+-----+---------+------------------------------------------------+
        |                                                                 |                                                      |  Latency (cycles) |   Latency (absolute)  |    Interval   |                    Pipeline                    |
        |                             Instance                            |                        Module                        |   min   |   max   |    min    |    max    | min |   max   |                      Type                      |
        +-----------------------------------------------------------------+------------------------------------------------------+---------+---------+-----------+-----------+-----+---------+------------------------------------------------+
        |grp_advance_fu_339                                               |advance                                               |       16|    46027|   0.160 us|   0.460 ms|   16|    46027|                                              no|
        |grp_load_q_fu_376                                                |load_q                                                |       78|       78|   0.780 us|   0.780 us|    7|        7|                                             yes|
        |grp_target23_chained_taylor41_Pipeline_VITIS_LOOP_285_1_fu_385   |target23_chained_taylor41_Pipeline_VITIS_LOOP_285_1   |      102|      102|   1.020 us|   1.020 us|   35|       35|  loop auto-rewind stp (delay=0 clock cycles(s))|
        |grp_localize_event_fu_397                                        |localize_event                                        |       19|  1981154|   0.190 us|  19.812 ms|   19|  1981154|                                              no|
        |grp_target23_chained_taylor41_Pipeline_VITIS_LOOP_268_1_fu_408   |target23_chained_taylor41_Pipeline_VITIS_LOOP_268_1   |        9|        9|  90.000 ns|  90.000 ns|    8|        8|  loop auto-rewind stp (delay=0 clock cycles(s))|
        |grp_target23_chained_taylor41_Pipeline_VITIS_LOOP_268_11_fu_416  |target23_chained_taylor41_Pipeline_VITIS_LOOP_268_11  |        9|        9|  90.000 ns|  90.000 ns|    8|        8|  loop auto-rewind stp (delay=0 clock cycles(s))|
        |grp_target23_chained_taylor41_Pipeline_VITIS_LOOP_268_12_fu_424  |target23_chained_taylor41_Pipeline_VITIS_LOOP_268_12  |        9|        9|  90.000 ns|  90.000 ns|    8|        8|  loop auto-rewind stp (delay=0 clock cycles(s))|
        |grp_target23_chained_taylor41_Pipeline_VITIS_LOOP_268_13_fu_431  |target23_chained_taylor41_Pipeline_VITIS_LOOP_268_13  |        9|        9|  90.000 ns|  90.000 ns|    8|        8|  loop auto-rewind stp (delay=0 clock cycles(s))|
        |grp_target23_chained_taylor41_Pipeline_VITIS_LOOP_314_3_fu_438   |target23_chained_taylor41_Pipeline_VITIS_LOOP_314_3   |       30|       30|   0.300 us|   0.300 us|   29|       29|  loop auto-rewind stp (delay=0 clock cycles(s))|
        |grp_target23_chained_taylor41_Pipeline_VITIS_LOOP_268_14_fu_451  |target23_chained_taylor41_Pipeline_VITIS_LOOP_268_14  |        9|        9|  90.000 ns|  90.000 ns|    8|        8|  loop auto-rewind stp (delay=0 clock cycles(s))|
        |grp_target23_chained_taylor41_Pipeline_VITIS_LOOP_268_15_fu_459  |target23_chained_taylor41_Pipeline_VITIS_LOOP_268_15  |        9|        9|  90.000 ns|  90.000 ns|    8|        8|  loop auto-rewind stp (delay=0 clock cycles(s))|
        |grp_target23_chained_taylor41_Pipeline_VITIS_LOOP_318_4_fu_467   |target23_chained_taylor41_Pipeline_VITIS_LOOP_318_4   |        6|        6|  60.000 ns|  60.000 ns|    5|        5|  loop auto-rewind stp (delay=0 clock cycles(s))|
        +-----------------------------------------------------------------+------------------------------------------------------+---------+---------+-----------+-----------+-----+---------+------------------------------------------------+

        * Loop: 
        +--------------------+---------+------------+---------------+-----------+-----------+------+----------+
        |                    |   Latency (cycles)   |   Iteration   |  Initiation Interval  | Trip |          |
        |      Loop Name     |   min   |     max    |    Latency    |  achieved |   target  | Count| Pipelined|
        +--------------------+---------+------------+---------------+-----------+-----------+------+----------+
        |- VITIS_LOOP_291_2  |   501584|  1709408423|  595 ~ 2027768|          -|          -|   843|        no|
        +--------------------+---------+------------+---------------+-----------+-----------+------+----------+



================================================================
== Utilization Estimates
================================================================
* Summary: 
+---------------------+---------+-------+---------+---------+------+
|         Name        | BRAM_18K|  DSP  |    FF   |   LUT   | URAM |
+---------------------+---------+-------+---------+---------+------+
|DSP                  |        -|      -|        -|        -|     -|
|Expression           |        -|      -|        0|     3124|     -|
|FIFO                 |        -|      -|        -|        -|     -|
|Instance             |        3|  22593|   598955|   566531|     0|
|Memory               |        -|      -|        -|        -|     -|
|Multiplexer          |        -|      -|        0|     3364|     -|
|Register             |        -|      -|     6919|        -|     -|
+---------------------+---------+-------+---------+---------+------+
|Total                |        3|  22593|   605874|   573019|     0|
+---------------------+---------+-------+---------+---------+------+
|Available SLR        |     1344|   3072|   864000|   432000|   320|
+---------------------+---------+-------+---------+---------+------+
|Utilization SLR (%)  |       ~0|    735|       70|      132|     0|
+---------------------+---------+-------+---------+---------+------+
|Available            |     5376|  12288|  3456000|  1728000|  1280|
+---------------------+---------+-------+---------+---------+------+
|Utilization (%)      |       ~0|    183|       17|       33|     0|
+---------------------+---------+-------+---------+---------+------+

+ Detail: 
    * Instance: 
    +-----------------------------------------------------------------+------------------------------------------------------+---------+-------+--------+--------+-----+
    |                             Instance                            |                        Module                        | BRAM_18K|  DSP  |   FF   |   LUT  | URAM|
    +-----------------------------------------------------------------+------------------------------------------------------+---------+-------+--------+--------+-----+
    |grp_advance_fu_339                                               |advance                                               |        0|   8492|  253975|  239677|    0|
    |control_s_axi_U                                                  |control_s_axi                                         |        0|      0|     214|     360|    0|
    |gmem0_m_axi_U                                                    |gmem0_m_axi                                           |        2|      0|     607|     658|    0|
    |gmem1_m_axi_U                                                    |gmem1_m_axi                                           |        1|      0|     601|     645|    0|
    |grp_load_q_fu_376                                                |load_q                                                |        0|      0|     276|     207|    0|
    |grp_localize_event_fu_397                                        |localize_event                                        |        0|  14101|  341474|  323101|    0|
    |grp_target23_chained_taylor41_Pipeline_VITIS_LOOP_268_1_fu_408   |target23_chained_taylor41_Pipeline_VITIS_LOOP_268_1   |        0|      0|      38|     137|    0|
    |grp_target23_chained_taylor41_Pipeline_VITIS_LOOP_268_11_fu_416  |target23_chained_taylor41_Pipeline_VITIS_LOOP_268_11  |        0|      0|      38|     137|    0|
    |grp_target23_chained_taylor41_Pipeline_VITIS_LOOP_268_12_fu_424  |target23_chained_taylor41_Pipeline_VITIS_LOOP_268_12  |        0|      0|      38|     137|    0|
    |grp_target23_chained_taylor41_Pipeline_VITIS_LOOP_268_13_fu_431  |target23_chained_taylor41_Pipeline_VITIS_LOOP_268_13  |        0|      0|      38|     137|    0|
    |grp_target23_chained_taylor41_Pipeline_VITIS_LOOP_268_14_fu_451  |target23_chained_taylor41_Pipeline_VITIS_LOOP_268_14  |        0|      0|      38|     137|    0|
    |grp_target23_chained_taylor41_Pipeline_VITIS_LOOP_268_15_fu_459  |target23_chained_taylor41_Pipeline_VITIS_LOOP_268_15  |        0|      0|      38|     137|    0|
    |grp_target23_chained_taylor41_Pipeline_VITIS_LOOP_285_1_fu_385   |target23_chained_taylor41_Pipeline_VITIS_LOOP_285_1   |        0|      0|    1337|     575|    0|
    |grp_target23_chained_taylor41_Pipeline_VITIS_LOOP_314_3_fu_438   |target23_chained_taylor41_Pipeline_VITIS_LOOP_314_3   |        0|      0|     238|     417|    0|
    |grp_target23_chained_taylor41_Pipeline_VITIS_LOOP_318_4_fu_467   |target23_chained_taylor41_Pipeline_VITIS_LOOP_318_4   |        0|      0|       5|      69|    0|
    +-----------------------------------------------------------------+------------------------------------------------------+---------+-------+--------+--------+-----+
    |Total                                                            |                                                      |        3|  22593|  598955|  566531|    0|
    +-----------------------------------------------------------------+------------------------------------------------------+---------+-------+--------+--------+-----+

    * DSP: 
    N/A

    * Memory: 
    N/A

    * FIFO: 
    N/A

    * Expression: 
    +------------------------------------+----------+----+---+-----+------------+------------+
    |            Variable Name           | Operation| DSP| FF| LUT | Bitwidth P0| Bitwidth P1|
    +------------------------------------+----------+----+---+-----+------------+------------+
    |add_ln177_1_fu_878_p2               |         +|   0|  0|  232|         225|         225|
    |add_ln177_fu_851_p2                 |         +|   0|  0|  232|         225|         225|
    |add_ln281_fu_564_p2                 |         +|   0|  0|   39|          32|           1|
    |add_ln282_fu_578_p2                 |         +|   0|  0|   39|          32|           2|
    |add_ln283_fu_603_p2                 |         +|   0|  0|   39|          32|           2|
    |add_ln286_fu_609_p2                 |         +|   0|  0|   39|          32|           4|
    |add_ln287_1_fu_621_p2               |         +|   0|  0|   39|          32|           4|
    |add_ln287_fu_615_p2                 |         +|   0|  0|   39|          32|           4|
    |add_ln288_10_fu_820_p2              |         +|   0|  0|   71|          64|          64|
    |add_ln288_11_fu_825_p2              |         +|   0|  0|   25|          18|           5|
    |add_ln288_12_fu_835_p2              |         +|   0|  0|   71|          64|          64|
    |add_ln288_13_fu_840_p2              |         +|   0|  0|   71|          64|          64|
    |add_ln288_1_fu_750_p2               |         +|   0|  0|   25|          18|           8|
    |add_ln288_2_fu_760_p2               |         +|   0|  0|   71|          64|          64|
    |add_ln288_3_fu_765_p2               |         +|   0|  0|   25|          18|           8|
    |add_ln288_4_fu_775_p2               |         +|   0|  0|   71|          64|          64|
    |add_ln288_5_fu_780_p2               |         +|   0|  0|   25|          18|           7|
    |add_ln288_6_fu_790_p2               |         +|   0|  0|   71|          64|          64|
    |add_ln288_7_fu_795_p2               |         +|   0|  0|   25|          18|           7|
    |add_ln288_8_fu_805_p2               |         +|   0|  0|   71|          64|          64|
    |add_ln288_9_fu_810_p2               |         +|   0|  0|   25|          18|           6|
    |add_ln288_fu_627_p2                 |         +|   0|  0|   39|          32|           4|
    |add_ln289_fu_638_p2                 |         +|   0|  0|   39|          32|           4|
    |add_ln290_1_fu_538_p2               |         +|   0|  0|   32|          32|          32|
    |add_ln290_fu_532_p2                 |         +|   0|  0|   32|          32|          32|
    |add_ln291_fu_865_p2                 |         +|   0|  0|   17|          10|           1|
    |add_ln292_fu_740_p2                 |         +|   0|  0|   25|          18|           9|
    |add_ln302_fu_948_p2                 |         +|   0|  0|   39|          32|           1|
    |base_fu_501_p2                      |         +|   0|  0|   32|          32|          32|
    |value_fu_1061_p2                    |         +|   0|  0|  231|         224|         185|
    |sub_ln178_fu_895_p2                 |         -|   0|  0|  232|         225|         225|
    |sub_ln279_fu_495_p2                 |         -|   0|  0|   32|          32|          32|
    |sub_ln290_1_fu_544_p2               |         -|   0|  0|   32|          32|          32|
    |sub_ln290_2_fu_550_p2               |         -|   0|  0|   32|          32|          32|
    |sub_ln290_fu_520_p2                 |         -|   0|  0|   39|          32|          32|
    |and_ln300_fu_923_p2                 |       and|   0|  0|    2|           1|           1|
    |ap_block_state1249_on_subcall_done  |       and|   0|  0|    2|           1|           1|
    |ap_predicate_op2646_call_state1249  |       and|   0|  0|    2|           1|           1|
    |or_cond24_fu_1159_p2                |       and|   0|  0|    2|           1|           1|
    |armed_fu_633_p2                     |      icmp|   0|  0|  231|         224|           1|
    |icmp_ln178_fu_901_p2                |      icmp|   0|  0|  232|         225|           1|
    |icmp_ln290_1_fu_588_p2              |      icmp|   0|  0|   39|          32|          10|
    |icmp_ln290_2_fu_574_p2              |      icmp|   0|  0|   39|          32|          32|
    |icmp_ln290_fu_560_p2                |      icmp|   0|  0|   39|          32|          32|
    |icmp_ln291_fu_1154_p2               |      icmp|   0|  0|   17|          10|           9|
    |icmp_ln300_fu_917_p2                |      icmp|   0|  0|    9|           2|           1|
    |ap_block_state1                     |        or|   0|  0|    2|           1|           1|
    |or_ln290_1_fu_598_p2                |        or|   0|  0|    2|           1|           1|
    |or_ln290_fu_593_p2                  |        or|   0|  0|    2|           1|           1|
    |select_ln301_1_fu_961_p3            |    select|   0|  0|   32|           1|          32|
    |select_ln301_fu_954_p3              |    select|   0|  0|   32|           1|          32|
    |value_1_fu_1119_p3                  |    select|   0|  0|  208|           1|         224|
    |value_2_fu_1137_p3                  |    select|   0|  0|   32|           1|          32|
    |xor_ln301_fu_934_p2                 |       xor|   0|  0|    2|           1|           2|
    +------------------------------------+----------+----+---+-----+------------+------------+
    |Total                               |          |   0|  0| 3124|        2564|        2024|
    +------------------------------------+----------+----+---+-----+------------+------------+

    * Multiplexer: 
    +----------------------------------------------+------+-----------+-----+-----------+
    |                     Name                     |  LUT | Input Size| Bits| Total Bits|
    +----------------------------------------------+------+-----------+-----+-----------+
    |ap_NS_fsm                                     |  2693|       1250|    1|       1250|
    |ap_done                                       |     9|          2|    1|          2|
    |ap_phi_mux_cleanup_dest_slot_0_phi_fu_331_p4  |     9|          2|    1|          2|
    |ap_phi_mux_cond99_ph103_phi_fu_284_p4         |    14|          3|    2|          6|
    |armed_1_fu_222                                |    20|          4|    1|          4|
    |bits_fu_230                                   |     9|          2|  224|        448|
    |center_1_2_fu_238                             |     9|          2|  224|        448|
    |center_230_fu_234                             |     9|          2|  224|        448|
    |center_3_2_fu_246                             |     9|          2|  224|        448|
    |center_fu_242                                 |     9|          2|  224|        448|
    |event_index_reg_310                           |     9|          2|   32|         64|
    |events_1_fu_218                               |     9|          2|   32|         64|
    |gmem0_0_ARADDR                                |    14|          3|   64|        192|
    |gmem0_0_ARLEN                                 |    14|          3|   32|         96|
    |gmem0_0_ARVALID                               |    14|          3|    1|          3|
    |gmem0_0_RREADY                                |    14|          3|    1|          3|
    |gmem0_blk_n_AR                                |     9|          2|    1|          2|
    |gmem0_blk_n_R                                 |     9|          2|    1|          2|
    |gmem1_0_AWADDR                                |    65|         15|   64|        960|
    |gmem1_0_AWLEN                                 |    54|         10|   32|        320|
    |gmem1_0_AWVALID                               |    49|          9|    1|          9|
    |gmem1_0_BREADY                                |    49|          9|    1|          9|
    |gmem1_0_WDATA                                 |    43|          8|   32|        256|
    |gmem1_0_WSTRB                                 |    43|          8|    4|         32|
    |gmem1_0_WVALID                                |    43|          8|    1|          8|
    |gmem1_blk_n_AW                                |     9|          2|    1|          2|
    |gmem1_blk_n_B                                 |     9|          2|    1|          2|
    |grp_load_q_fu_376_ap_start                    |     9|          2|    1|          2|
    |grp_load_q_fu_376_memory                      |    14|          3|   64|        192|
    |grp_load_q_fu_376_word                        |    54|         10|   32|        320|
    |local_step_fu_214                             |     9|          2|   10|         20|
    |phi_mul_fu_210                                |     9|          2|   18|         36|
    |radius_1_fu_226                               |     9|          2|  224|        448|
    |valid_1_reg_291                               |    14|          3|    1|          3|
    +----------------------------------------------+------+-----------+-----+-----------+
    |Total                                         |  3364|       1386| 1777|       6549|
    +----------------------------------------------+------+-----------+-----+-----------+

    * Register: 
    +------------------------------------------------------------------------------+------+----+------+-----------+
    |                                     Name                                     |  FF  | LUT| Bits | Const Bits|
    +------------------------------------------------------------------------------+------+----+------+-----------+
    |add_ln288_10_reg_1451                                                         |    64|   0|    64|          0|
    |add_ln288_12_reg_1456                                                         |    64|   0|    64|          0|
    |add_ln288_13_reg_1461                                                         |    64|   0|    64|          0|
    |add_ln288_2_reg_1431                                                          |    64|   0|    64|          0|
    |add_ln288_4_reg_1436                                                          |    64|   0|    64|          0|
    |add_ln288_6_reg_1441                                                          |    64|   0|    64|          0|
    |add_ln288_8_reg_1446                                                          |    64|   0|    64|          0|
    |add_ln291_reg_1466                                                            |    10|   0|    10|          0|
    |add_ln292_reg_1426                                                            |    18|   0|    18|          0|
    |and_ln300_reg_1480                                                            |     1|   0|     1|          0|
    |ap_CS_fsm                                                                     |  1249|   0|  1249|          0|
    |ap_done_reg                                                                   |     1|   0|     1|          0|
    |ap_rst_n_inv                                                                  |     1|   0|     1|          0|
    |ap_rst_reg_1                                                                  |     1|   0|     1|          0|
    |ap_rst_reg_2                                                                  |     1|   0|     1|          0|
    |armed_1_fu_222                                                                |     1|   0|     1|          0|
    |armed_1_load_reg_1476                                                         |     1|   0|     1|          0|
    |armed_reg_1318                                                                |     1|   0|     1|          0|
    |base_reg_1243                                                                 |    32|   0|    32|          0|
    |bits_fu_230                                                                   |   224|   0|   224|          0|
    |center_1_2_fu_238                                                             |   224|   0|   224|          0|
    |center_230_fu_234                                                             |   224|   0|   224|          0|
    |center_3_2_fu_246                                                             |   224|   0|   224|          0|
    |center_fu_242                                                                 |   224|   0|   224|          0|
    |cleanup_dest_slot_0_reg_327                                                   |     1|   0|     1|          0|
    |count_reg_1282                                                                |    32|   0|    32|          0|
    |event_index_reg_310                                                           |    32|   0|    32|          0|
    |events_1_fu_218                                                               |    32|   0|    32|          0|
    |events_reg_1323                                                               |    32|   0|    32|          0|
    |following_1_fu_198                                                            |   224|   0|   224|          0|
    |following_2_fu_202                                                            |   224|   0|   224|          0|
    |following_2_load_reg_1577                                                     |   224|   0|   224|          0|
    |following_3_fu_206                                                            |   224|   0|   224|          0|
    |following_fu_194                                                              |   224|   0|   224|          0|
    |following_radius_reg_1419                                                     |   224|   0|   224|          0|
    |grp_advance_fu_339_ap_start_reg                                               |     1|   0|     1|          0|
    |grp_load_q_fu_376_ap_start_reg                                                |     1|   0|     1|          0|
    |grp_localize_event_fu_397_ap_start_reg                                        |     1|   0|     1|          0|
    |grp_target23_chained_taylor41_Pipeline_VITIS_LOOP_268_11_fu_416_ap_start_reg  |     1|   0|     1|          0|
    |grp_target23_chained_taylor41_Pipeline_VITIS_LOOP_268_12_fu_424_ap_start_reg  |     1|   0|     1|          0|
    |grp_target23_chained_taylor41_Pipeline_VITIS_LOOP_268_13_fu_431_ap_start_reg  |     1|   0|     1|          0|
    |grp_target23_chained_taylor41_Pipeline_VITIS_LOOP_268_14_fu_451_ap_start_reg  |     1|   0|     1|          0|
    |grp_target23_chained_taylor41_Pipeline_VITIS_LOOP_268_15_fu_459_ap_start_reg  |     1|   0|     1|          0|
    |grp_target23_chained_taylor41_Pipeline_VITIS_LOOP_268_1_fu_408_ap_start_reg   |     1|   0|     1|          0|
    |grp_target23_chained_taylor41_Pipeline_VITIS_LOOP_285_1_fu_385_ap_start_reg   |     1|   0|     1|          0|
    |grp_target23_chained_taylor41_Pipeline_VITIS_LOOP_314_3_fu_438_ap_start_reg   |     1|   0|     1|          0|
    |grp_target23_chained_taylor41_Pipeline_VITIS_LOOP_318_4_fu_467_ap_start_reg   |     1|   0|     1|          0|
    |icmp_ln290_2_reg_1277                                                         |     1|   0|     1|          0|
    |icmp_ln290_reg_1267                                                           |     1|   0|     1|          0|
    |input_r_read_reg_1189                                                         |    64|   0|    64|          0|
    |local_step_fu_214                                                             |    10|   0|    10|          0|
    |or_ln290_1_reg_1287                                                           |     1|   0|     1|          0|
    |output_r_read_reg_1178                                                        |    64|   0|    64|          0|
    |partition_id_reg_1262                                                         |    32|   0|    32|          0|
    |partition_read_reg_1173                                                       |    32|   0|    32|          0|
    |phi_mul_fu_210                                                                |    18|   0|    18|          0|
    |radius_1_fu_226                                                               |   224|   0|   224|          0|
    |radius_reg_1296                                                               |   224|   0|   224|          0|
    |ref_tmp2_reg_1313                                                             |   224|   0|   224|          0|
    |start_step_reg_1272                                                           |    32|   0|    32|          0|
    |sub_ln290_2_reg_1257                                                          |    32|   0|    32|          0|
    |time_reg_1291                                                                 |   224|   0|   224|          0|
    |tmp_2_reg_1472                                                                |     1|   0|     1|          0|
    |tmp_reg_1484                                                                  |     1|   0|     1|          0|
    |trunc_ln268_1_reg_1506                                                        |    62|   0|    62|          0|
    |trunc_ln268_2_reg_1512                                                        |    62|   0|    62|          0|
    |trunc_ln268_3_reg_1518                                                        |    62|   0|    62|          0|
    |trunc_ln268_4_reg_1530                                                        |    62|   0|    62|          0|
    |trunc_ln268_5_reg_1536                                                        |    62|   0|    62|          0|
    |trunc_ln3_reg_1496                                                            |    62|   0|    62|          0|
    |trunc_ln4_reg_1524                                                            |    62|   0|    62|          0|
    |valid_1_reg_291                                                               |     1|   0|     1|          0|
    |valid_reg_1415                                                                |     1|   0|     1|          0|
    |value_1_reg_1591                                                              |   224|   0|   224|          0|
    |value_2_reg_1601                                                              |    32|   0|    32|          0|
    |value_reg_1550                                                                |   224|   0|   224|          0|
    |zs_hi_reg_1307                                                                |   224|   0|   224|          0|
    |zs_lo_reg_1301                                                                |   224|   0|   224|          0|
    +------------------------------------------------------------------------------+------+----+------+-----------+
    |Total                                                                         |  6919|   0|  6919|          0|
    +------------------------------------------------------------------------------+------+----+------+-----------+



================================================================
== Interface
================================================================
* Summary: 
+-----------------------+-----+-----+---------------+---------------------------+--------------+
|       RTL Ports       | Dir | Bits|    Protocol   |       Source Object       |    C Type    |
+-----------------------+-----+-----+---------------+---------------------------+--------------+
|s_axi_control_AWVALID  |   in|    1|          s_axi|                    control|        scalar|
|s_axi_control_AWREADY  |  out|    1|          s_axi|                    control|        scalar|
|s_axi_control_AWADDR   |   in|    6|          s_axi|                    control|        scalar|
|s_axi_control_WVALID   |   in|    1|          s_axi|                    control|        scalar|
|s_axi_control_WREADY   |  out|    1|          s_axi|                    control|        scalar|
|s_axi_control_WDATA    |   in|   32|          s_axi|                    control|        scalar|
|s_axi_control_WSTRB    |   in|    4|          s_axi|                    control|        scalar|
|s_axi_control_ARVALID  |   in|    1|          s_axi|                    control|        scalar|
|s_axi_control_ARREADY  |  out|    1|          s_axi|                    control|        scalar|
|s_axi_control_ARADDR   |   in|    6|          s_axi|                    control|        scalar|
|s_axi_control_RVALID   |  out|    1|          s_axi|                    control|        scalar|
|s_axi_control_RREADY   |   in|    1|          s_axi|                    control|        scalar|
|s_axi_control_RDATA    |  out|   32|          s_axi|                    control|        scalar|
|s_axi_control_RRESP    |  out|    2|          s_axi|                    control|        scalar|
|s_axi_control_BVALID   |  out|    1|          s_axi|                    control|        scalar|
|s_axi_control_BREADY   |   in|    1|          s_axi|                    control|        scalar|
|s_axi_control_BRESP    |  out|    2|          s_axi|                    control|        scalar|
|ap_clk                 |   in|    1|  ap_ctrl_chain|  target23_chained_taylor41|  return value|
|ap_rst_n               |   in|    1|  ap_ctrl_chain|  target23_chained_taylor41|  return value|
|interrupt              |  out|    1|  ap_ctrl_chain|  target23_chained_taylor41|  return value|
|m_axi_gmem0_AWVALID    |  out|    1|          m_axi|                      gmem0|       pointer|
|m_axi_gmem0_AWREADY    |   in|    1|          m_axi|                      gmem0|       pointer|
|m_axi_gmem0_AWADDR     |  out|   64|          m_axi|                      gmem0|       pointer|
|m_axi_gmem0_AWID       |  out|    1|          m_axi|                      gmem0|       pointer|
|m_axi_gmem0_AWLEN      |  out|    8|          m_axi|                      gmem0|       pointer|
|m_axi_gmem0_AWSIZE     |  out|    3|          m_axi|                      gmem0|       pointer|
|m_axi_gmem0_AWBURST    |  out|    2|          m_axi|                      gmem0|       pointer|
|m_axi_gmem0_AWLOCK     |  out|    2|          m_axi|                      gmem0|       pointer|
|m_axi_gmem0_AWCACHE    |  out|    4|          m_axi|                      gmem0|       pointer|
|m_axi_gmem0_AWPROT     |  out|    3|          m_axi|                      gmem0|       pointer|
|m_axi_gmem0_AWQOS      |  out|    4|          m_axi|                      gmem0|       pointer|
|m_axi_gmem0_AWREGION   |  out|    4|          m_axi|                      gmem0|       pointer|
|m_axi_gmem0_AWUSER     |  out|    1|          m_axi|                      gmem0|       pointer|
|m_axi_gmem0_WVALID     |  out|    1|          m_axi|                      gmem0|       pointer|
|m_axi_gmem0_WREADY     |   in|    1|          m_axi|                      gmem0|       pointer|
|m_axi_gmem0_WDATA      |  out|   32|          m_axi|                      gmem0|       pointer|
|m_axi_gmem0_WSTRB      |  out|    4|          m_axi|                      gmem0|       pointer|
|m_axi_gmem0_WLAST      |  out|    1|          m_axi|                      gmem0|       pointer|
|m_axi_gmem0_WID        |  out|    1|          m_axi|                      gmem0|       pointer|
|m_axi_gmem0_WUSER      |  out|    1|          m_axi|                      gmem0|       pointer|
|m_axi_gmem0_ARVALID    |  out|    1|          m_axi|                      gmem0|       pointer|
|m_axi_gmem0_ARREADY    |   in|    1|          m_axi|                      gmem0|       pointer|
|m_axi_gmem0_ARADDR     |  out|   64|          m_axi|                      gmem0|       pointer|
|m_axi_gmem0_ARID       |  out|    1|          m_axi|                      gmem0|       pointer|
|m_axi_gmem0_ARLEN      |  out|    8|          m_axi|                      gmem0|       pointer|
|m_axi_gmem0_ARSIZE     |  out|    3|          m_axi|                      gmem0|       pointer|
|m_axi_gmem0_ARBURST    |  out|    2|          m_axi|                      gmem0|       pointer|
|m_axi_gmem0_ARLOCK     |  out|    2|          m_axi|                      gmem0|       pointer|
|m_axi_gmem0_ARCACHE    |  out|    4|          m_axi|                      gmem0|       pointer|
|m_axi_gmem0_ARPROT     |  out|    3|          m_axi|                      gmem0|       pointer|
|m_axi_gmem0_ARQOS      |  out|    4|          m_axi|                      gmem0|       pointer|
|m_axi_gmem0_ARREGION   |  out|    4|          m_axi|                      gmem0|       pointer|
|m_axi_gmem0_ARUSER     |  out|    1|          m_axi|                      gmem0|       pointer|
|m_axi_gmem0_RVALID     |   in|    1|          m_axi|                      gmem0|       pointer|
|m_axi_gmem0_RREADY     |  out|    1|          m_axi|                      gmem0|       pointer|
|m_axi_gmem0_RDATA      |   in|   32|          m_axi|                      gmem0|       pointer|
|m_axi_gmem0_RLAST      |   in|    1|          m_axi|                      gmem0|       pointer|
|m_axi_gmem0_RID        |   in|    1|          m_axi|                      gmem0|       pointer|
|m_axi_gmem0_RUSER      |   in|    1|          m_axi|                      gmem0|       pointer|
|m_axi_gmem0_RRESP      |   in|    2|          m_axi|                      gmem0|       pointer|
|m_axi_gmem0_BVALID     |   in|    1|          m_axi|                      gmem0|       pointer|
|m_axi_gmem0_BREADY     |  out|    1|          m_axi|                      gmem0|       pointer|
|m_axi_gmem0_BRESP      |   in|    2|          m_axi|                      gmem0|       pointer|
|m_axi_gmem0_BID        |   in|    1|          m_axi|                      gmem0|       pointer|
|m_axi_gmem0_BUSER      |   in|    1|          m_axi|                      gmem0|       pointer|
|m_axi_gmem1_AWVALID    |  out|    1|          m_axi|                      gmem1|       pointer|
|m_axi_gmem1_AWREADY    |   in|    1|          m_axi|                      gmem1|       pointer|
|m_axi_gmem1_AWADDR     |  out|   64|          m_axi|                      gmem1|       pointer|
|m_axi_gmem1_AWID       |  out|    1|          m_axi|                      gmem1|       pointer|
|m_axi_gmem1_AWLEN      |  out|    8|          m_axi|                      gmem1|       pointer|
|m_axi_gmem1_AWSIZE     |  out|    3|          m_axi|                      gmem1|       pointer|
|m_axi_gmem1_AWBURST    |  out|    2|          m_axi|                      gmem1|       pointer|
|m_axi_gmem1_AWLOCK     |  out|    2|          m_axi|                      gmem1|       pointer|
|m_axi_gmem1_AWCACHE    |  out|    4|          m_axi|                      gmem1|       pointer|
|m_axi_gmem1_AWPROT     |  out|    3|          m_axi|                      gmem1|       pointer|
|m_axi_gmem1_AWQOS      |  out|    4|          m_axi|                      gmem1|       pointer|
|m_axi_gmem1_AWREGION   |  out|    4|          m_axi|                      gmem1|       pointer|
|m_axi_gmem1_AWUSER     |  out|    1|          m_axi|                      gmem1|       pointer|
|m_axi_gmem1_WVALID     |  out|    1|          m_axi|                      gmem1|       pointer|
|m_axi_gmem1_WREADY     |   in|    1|          m_axi|                      gmem1|       pointer|
|m_axi_gmem1_WDATA      |  out|   32|          m_axi|                      gmem1|       pointer|
|m_axi_gmem1_WSTRB      |  out|    4|          m_axi|                      gmem1|       pointer|
|m_axi_gmem1_WLAST      |  out|    1|          m_axi|                      gmem1|       pointer|
|m_axi_gmem1_WID        |  out|    1|          m_axi|                      gmem1|       pointer|
|m_axi_gmem1_WUSER      |  out|    1|          m_axi|                      gmem1|       pointer|
|m_axi_gmem1_ARVALID    |  out|    1|          m_axi|                      gmem1|       pointer|
|m_axi_gmem1_ARREADY    |   in|    1|          m_axi|                      gmem1|       pointer|
|m_axi_gmem1_ARADDR     |  out|   64|          m_axi|                      gmem1|       pointer|
|m_axi_gmem1_ARID       |  out|    1|          m_axi|                      gmem1|       pointer|
|m_axi_gmem1_ARLEN      |  out|    8|          m_axi|                      gmem1|       pointer|
|m_axi_gmem1_ARSIZE     |  out|    3|          m_axi|                      gmem1|       pointer|
|m_axi_gmem1_ARBURST    |  out|    2|          m_axi|                      gmem1|       pointer|
|m_axi_gmem1_ARLOCK     |  out|    2|          m_axi|                      gmem1|       pointer|
|m_axi_gmem1_ARCACHE    |  out|    4|          m_axi|                      gmem1|       pointer|
|m_axi_gmem1_ARPROT     |  out|    3|          m_axi|                      gmem1|       pointer|
|m_axi_gmem1_ARQOS      |  out|    4|          m_axi|                      gmem1|       pointer|
|m_axi_gmem1_ARREGION   |  out|    4|          m_axi|                      gmem1|       pointer|
|m_axi_gmem1_ARUSER     |  out|    1|          m_axi|                      gmem1|       pointer|
|m_axi_gmem1_RVALID     |   in|    1|          m_axi|                      gmem1|       pointer|
|m_axi_gmem1_RREADY     |  out|    1|          m_axi|                      gmem1|       pointer|
|m_axi_gmem1_RDATA      |   in|   32|          m_axi|                      gmem1|       pointer|
|m_axi_gmem1_RLAST      |   in|    1|          m_axi|                      gmem1|       pointer|
|m_axi_gmem1_RID        |   in|    1|          m_axi|                      gmem1|       pointer|
|m_axi_gmem1_RUSER      |   in|    1|          m_axi|                      gmem1|       pointer|
|m_axi_gmem1_RRESP      |   in|    2|          m_axi|                      gmem1|       pointer|
|m_axi_gmem1_BVALID     |   in|    1|          m_axi|                      gmem1|       pointer|
|m_axi_gmem1_BREADY     |  out|    1|          m_axi|                      gmem1|       pointer|
|m_axi_gmem1_BRESP      |   in|    2|          m_axi|                      gmem1|       pointer|
|m_axi_gmem1_BID        |   in|    1|          m_axi|                      gmem1|       pointer|
|m_axi_gmem1_BUSER      |   in|    1|          m_axi|                      gmem1|       pointer|
+-----------------------+-----+-----+---------------+---------------------------+--------------+


