Option Map File Used: '/opt/amd/2025.1/Vitis/data/vitis/vpp/optMap.xml'

****** v++ v2025.1 (64-bit)
  **** SW Build 6137779 on 2025-05-21-18:10:03
  **** Start of session at: Tue Aug  4 19:09:08 2026
    ** Copyright 1986-2022 Xilinx, Inc. All Rights Reserved.
    ** Copyright 2022-2025 Advanced Micro Devices, Inc. All Rights Reserved.

INFO: [v++ 60-1306] Additional information associated with this v++ link can be found at:
	Reports: /home/devsounio/cs6_chained_taylor41_20260804/xclbin-build5/_x_link/reports/link
	Log files: /home/devsounio/cs6_chained_taylor41_20260804/xclbin-build5/_x_link/logs/link
INFO: [v++ 60-1548] Creating build summary session with primary output /home/devsounio/cs6_chained_taylor41_20260804/xclbin-build5/target23_chained_taylor41.xclbin.link_summary, at Tue Aug  4 19:09:11 2026
INFO: [v++ 60-1315] Creating rulecheck session with output '/home/devsounio/cs6_chained_taylor41_20260804/xclbin-build5/_x_link/reports/link/v++_link_target23_chained_taylor41_guidance.html', at Tue Aug  4 19:09:11 2026
INFO: [v++ 60-895]   Target platform: /opt/xilinx/platforms/xilinx_u250_gen3x16_xdma_4_1_202210_1/xilinx_u250_gen3x16_xdma_4_1_202210_1.xpfm
INFO: [v++ 60-1578]   This platform contains Xilinx Shell Archive '/opt/xilinx/platforms/xilinx_u250_gen3x16_xdma_4_1_202210_1/hw/hw.xsa'
INFO: [v++ 74-78] Compiler Version string: 2025.1
INFO: [v++ 60-1302] Platform 'xilinx_u250_gen3x16_xdma_4_1_202210_1.xpfm' has been explicitly enabled for this release.
INFO: [v++ 60-629] Linking for hardware target
INFO: [v++ 60-423]   Target device: xilinx_u250_gen3x16_xdma_4_1_202210_1
ERROR: [v++ 60-909] Specified kernel frequency not supported. Minimum supported value is 10 MHz. Please increase the specified value.
ERROR: [v++ 60-628] Kernel link setup failed to complete
ERROR: [v++ 60-703] Failed to finish linking
INFO: [v++ 60-1653] Closing dispatch client.
[3JTERM environment variable not set.
