Option Map File Used: '/opt/amd/2025.1/Vitis/data/vitis/vpp/optMap.xml'

****** v++ v2025.1 (64-bit)
  **** SW Build 6137779 on 2025-05-21-18:10:03
  **** Start of session at: Tue Aug  4 19:10:40 2026
    ** Copyright 1986-2022 Xilinx, Inc. All Rights Reserved.
    ** Copyright 2022-2025 Advanced Micro Devices, Inc. All Rights Reserved.

INFO: [v++ 60-1306] Additional information associated with this v++ link can be found at:
	Reports: /home/devsounio/cs6_chained_taylor41_20260804/xclbin-build10/_x_link/reports/link
	Log files: /home/devsounio/cs6_chained_taylor41_20260804/xclbin-build10/_x_link/logs/link
INFO: [v++ 60-1548] Creating build summary session with primary output /home/devsounio/cs6_chained_taylor41_20260804/xclbin-build10/target23_chained_taylor41.xclbin.link_summary, at Tue Aug  4 19:10:42 2026
INFO: [v++ 60-1315] Creating rulecheck session with output '/home/devsounio/cs6_chained_taylor41_20260804/xclbin-build10/_x_link/reports/link/v++_link_target23_chained_taylor41_guidance.html', at Tue Aug  4 19:10:42 2026
INFO: [v++ 60-895]   Target platform: /opt/xilinx/platforms/xilinx_u250_gen3x16_xdma_4_1_202210_1/xilinx_u250_gen3x16_xdma_4_1_202210_1.xpfm
INFO: [v++ 60-1578]   This platform contains Xilinx Shell Archive '/opt/xilinx/platforms/xilinx_u250_gen3x16_xdma_4_1_202210_1/hw/hw.xsa'
INFO: [v++ 74-78] Compiler Version string: 2025.1
INFO: [v++ 60-1302] Platform 'xilinx_u250_gen3x16_xdma_4_1_202210_1.xpfm' has been explicitly enabled for this release.
INFO: [v++ 60-629] Linking for hardware target
INFO: [v++ 60-423]   Target device: xilinx_u250_gen3x16_xdma_4_1_202210_1
INFO: [v++ 60-1332] Run 'run_link' status: Not started
INFO: [v++ 60-1443] [19:10:46] Run run_link: Step system_link: Started
INFO: [v++ 60-1453] Command Line: system_link --xo /home/devsounio/cs6_chained_taylor41_20260804/xclbin-build3/target23_chained_taylor41.xo --config /home/devsounio/cs6_chained_taylor41_20260804/xclbin-build10/_x_link/link/int/syslinkConfig.ini --xpfm /opt/xilinx/platforms/xilinx_u250_gen3x16_xdma_4_1_202210_1/xilinx_u250_gen3x16_xdma_4_1_202210_1.xpfm --target hw --output_dir /home/devsounio/cs6_chained_taylor41_20260804/xclbin-build10/_x_link/link/int --temp_dir /home/devsounio/cs6_chained_taylor41_20260804/xclbin-build10/_x_link/link/sys_link
INFO: [v++ 60-1454] Run Directory: /home/devsounio/cs6_chained_taylor41_20260804/xclbin-build10/_x_link/link/run_link
INFO: [SYSTEM_LINK 82-70] Extracting xo v3 file /home/devsounio/cs6_chained_taylor41_20260804/xclbin-build3/target23_chained_taylor41.xo
INFO: [SYSTEM_LINK 82-53] Creating IP database /home/devsounio/cs6_chained_taylor41_20260804/xclbin-build10/_x_link/link/sys_link/_sysl/.cdb/xd_ip_db.xml
INFO: [SYSTEM_LINK 82-38] [19:10:47] build_xd_ip_db started: /opt/amd/2025.1/Vitis/bin/build_xd_ip_db -ip_search 0  -sds-pf /home/devsounio/cs6_chained_taylor41_20260804/xclbin-build10/_x_link/link/sys_link/hw.hpfm -clkid 0 -ip /home/devsounio/cs6_chained_taylor41_20260804/xclbin-build10/_x_link/link/sys_link/iprepo/xilinx_com_hls_target23_chained_taylor41_1_0,target23_chained_taylor41 -o /home/devsounio/cs6_chained_taylor41_20260804/xclbin-build10/_x_link/link/sys_link/_sysl/.cdb/xd_ip_db.xml
INFO: [SYSTEM_LINK 82-37] [19:10:47] build_xd_ip_db finished successfully
Time (s): cpu = 00:00:00.23 ; elapsed = 00:00:00.27 . Memory (MB): peak = 498.832 ; gain = 0.000 ; free physical = 42547 ; free virtual = 78898
INFO: [SYSTEM_LINK 82-51] Create system connectivity graph
INFO: [SYSTEM_LINK 82-102] Applying explicit connections to the system connectivity graph: /home/devsounio/cs6_chained_taylor41_20260804/xclbin-build10/_x_link/link/sys_link/cfgraph/cfgen_cfgraph.xml
INFO: [SYSTEM_LINK 82-38] [19:10:47] cfgen started: /opt/amd/2025.1/Vitis/bin/cfgen  -nk target23_chained_taylor41:1:target23_chained_taylor41_1 -sp target23_chained_taylor41_1.input:DDR[0] -sp target23_chained_taylor41_1.output:DDR[1] -dpa_mem_offload false -dpa_aie_mem_offload false -dmclkid 0 -r /home/devsounio/cs6_chained_taylor41_20260804/xclbin-build10/_x_link/link/sys_link/_sysl/.cdb/xd_ip_db.xml -o /home/devsounio/cs6_chained_taylor41_20260804/xclbin-build10/_x_link/link/sys_link/cfgraph/cfgen_cfgraph.xml
INFO: [CFGEN 83-0] Kernel Specs: 
INFO: [CFGEN 83-0]   kernel: target23_chained_taylor41, num: 1  {target23_chained_taylor41_1}
INFO: [CFGEN 83-0] Port Specs: 
INFO: [CFGEN 83-0]   kernel: target23_chained_taylor41_1, k_port: input, sptag: DDR[0]
INFO: [CFGEN 83-0]   kernel: target23_chained_taylor41_1, k_port: output, sptag: DDR[1]
INFO: [SYSTEM_LINK 82-37] [19:10:51] cfgen finished successfully
Time (s): cpu = 00:00:03 ; elapsed = 00:00:03 . Memory (MB): peak = 498.832 ; gain = 0.000 ; free physical = 42534 ; free virtual = 78886
INFO: [SYSTEM_LINK 82-52] Create top-level block diagram
INFO: [SYSTEM_LINK 82-38] [19:10:51] cf2bd started: /opt/amd/2025.1/Vitis/bin/cf2bd  --linux --trace_buffer 1024 --input_file /home/devsounio/cs6_chained_taylor41_20260804/xclbin-build10/_x_link/link/sys_link/cfgraph/cfgen_cfgraph.xml --ip_db /home/devsounio/cs6_chained_taylor41_20260804/xclbin-build10/_x_link/link/sys_link/_sysl/.cdb/xd_ip_db.xml --cf_name dr --working_dir /home/devsounio/cs6_chained_taylor41_20260804/xclbin-build10/_x_link/link/sys_link/_sysl/.xsd --temp_dir /home/devsounio/cs6_chained_taylor41_20260804/xclbin-build10/_x_link/link/sys_link --output_dir /home/devsounio/cs6_chained_taylor41_20260804/xclbin-build10/_x_link/link/int --target_bd ulp.bd
INFO: [CF2BD 82-31] Launching cf2xd: cf2xd -linux -trace-buffer 1024 -i /home/devsounio/cs6_chained_taylor41_20260804/xclbin-build10/_x_link/link/sys_link/cfgraph/cfgen_cfgraph.xml -r /home/devsounio/cs6_chained_taylor41_20260804/xclbin-build10/_x_link/link/sys_link/_sysl/.cdb/xd_ip_db.xml -o dr.xml
INFO: [CF2BD 82-28] cf2xd finished successfully
INFO: [CF2BD 82-31] Launching cf_xsd: cf_xsd -disable-address-gen -bd ulp.bd -dn dr -dp /home/devsounio/cs6_chained_taylor41_20260804/xclbin-build10/_x_link/link/sys_link/_sysl/.xsd
INFO: [CF2BD 82-28] cf_xsd finished successfully
INFO: [SYSTEM_LINK 82-37] [19:10:53] cf2bd finished successfully
Time (s): cpu = 00:00:02 ; elapsed = 00:00:02 . Memory (MB): peak = 498.832 ; gain = 0.000 ; free physical = 42527 ; free virtual = 78880
INFO: [v++ 60-1441] [19:10:53] Run run_link: Step system_link: Completed
Time (s): cpu = 00:00:07 ; elapsed = 00:00:08 . Memory (MB): peak = 515.836 ; gain = 0.000 ; free physical = 42654 ; free virtual = 78991
INFO: [v++ 60-1443] [19:10:53] Run run_link: Step cf2sw: Started
INFO: [v++ 60-1453] Command Line: cf2sw -sdsl /home/devsounio/cs6_chained_taylor41_20260804/xclbin-build10/_x_link/link/int/sdsl.dat -rtd /home/devsounio/cs6_chained_taylor41_20260804/xclbin-build10/_x_link/link/int/cf2sw.rtd -nofilter /home/devsounio/cs6_chained_taylor41_20260804/xclbin-build10/_x_link/link/int/cf2sw_full.rtd -xclbin /home/devsounio/cs6_chained_taylor41_20260804/xclbin-build10/_x_link/link/int/xclbin_orig.xml -o /home/devsounio/cs6_chained_taylor41_20260804/xclbin-build10/_x_link/link/int/xclbin_orig.1.xml
INFO: [v++ 60-1454] Run Directory: /home/devsounio/cs6_chained_taylor41_20260804/xclbin-build10/_x_link/link/run_link
INFO: [v++ 60-1441] [19:10:56] Run run_link: Step cf2sw: Completed
Time (s): cpu = 00:00:03 ; elapsed = 00:00:03 . Memory (MB): peak = 515.836 ; gain = 0.000 ; free physical = 42650 ; free virtual = 78988
INFO: [v++ 60-1443] [19:10:56] Run run_link: Step rtd2_system_diagram: Started
INFO: [v++ 60-1453] Command Line: rtd2SystemDiagram
INFO: [v++ 60-1454] Run Directory: /home/devsounio/cs6_chained_taylor41_20260804/xclbin-build10/_x_link/link/run_link
INFO: [v++ 60-1441] [19:10:56] Run run_link: Step rtd2_system_diagram: Completed
Time (s): cpu = 00:00:00 ; elapsed = 00:00:00.27 . Memory (MB): peak = 515.836 ; gain = 0.000 ; free physical = 42629 ; free virtual = 78966
INFO: [v++ 60-1443] [19:10:56] Run run_link: Step vpl: Started
INFO: [v++ 60-1453] Command Line: vpl -t hw -f /opt/xilinx/platforms/xilinx_u250_gen3x16_xdma_4_1_202210_1/xilinx_u250_gen3x16_xdma_4_1_202210_1.xpfm --kernel_frequency 10 --remote_ip_cache /home/devsounio/cs6_chained_taylor41_20260804/hardware/fpga/u250_target23_chained_taylor41/.ipcache --output_dir /home/devsounio/cs6_chained_taylor41_20260804/xclbin-build10/_x_link/link/int --log_dir /home/devsounio/cs6_chained_taylor41_20260804/xclbin-build10/_x_link/logs/link --report_dir /home/devsounio/cs6_chained_taylor41_20260804/xclbin-build10/_x_link/reports/link --config /home/devsounio/cs6_chained_taylor41_20260804/xclbin-build10/_x_link/link/int/vplConfig.ini -k /home/devsounio/cs6_chained_taylor41_20260804/xclbin-build10/_x_link/link/int/kernel_info.dat --webtalk_flag Vitis --temp_dir /home/devsounio/cs6_chained_taylor41_20260804/xclbin-build10/_x_link/link --no-info --iprepo /home/devsounio/cs6_chained_taylor41_20260804/xclbin-build10/_x_link/link/int/xo/ip_repo/xilinx_com_hls_target23_chained_taylor41_1_0 --messageDb /home/devsounio/cs6_chained_taylor41_20260804/xclbin-build10/_x_link/link/run_link/vpl.pb /home/devsounio/cs6_chained_taylor41_20260804/xclbin-build10/_x_link/link/int/dr.bd.tcl
INFO: [v++ 60-1454] Run Directory: /home/devsounio/cs6_chained_taylor41_20260804/xclbin-build10/_x_link/link/run_link

****** vpl v2025.1 (64-bit)
  **** SW Build 6137779 on 2025-05-21-18:10:03
  **** Start of session at: Tue Aug  4 19:10:57 2026
    ** Copyright 1986-2022 Xilinx, Inc. All Rights Reserved.
    ** Copyright 2022-2025 Advanced Micro Devices, Inc. All Rights Reserved.

INFO: [VPL 60-839] Read in kernel information from file '/home/devsounio/cs6_chained_taylor41_20260804/xclbin-build10/_x_link/link/int/kernel_info.dat'.
INFO: [VPL 74-78] Compiler Version string: 2025.1
INFO: [VPL 60-423]   Target device: xilinx_u250_gen3x16_xdma_4_1_202210_1
INFO: [VPL 60-1032] Extracting hardware platform to /home/devsounio/cs6_chained_taylor41_20260804/xclbin-build10/_x_link/link/vivado/vpl/.local/hw_platform
[19:11:06] Run vpl: Step create_project: Started
Creating Vivado project.
[19:11:10] Run vpl: Step create_project: Completed
[19:11:10] Run vpl: Step create_bd: Started
[19:11:37] Run vpl: Step create_bd: Completed
[19:11:37] Run vpl: Step update_bd: Started
[19:11:37] Run vpl: Step update_bd: Completed
[19:11:37] Run vpl: Step generate_target: Started
[19:12:37] Run vpl: Step generate_target: Completed
[19:12:37] Run vpl: Step config_hw_runs: Started
[19:12:53] Run vpl: Step config_hw_runs: Completed
[19:12:53] Run vpl: Step synth: Started
[19:13:53] Block-level synthesis in progress, 0 of 1 jobs complete, 1 job running.
[19:14:24] Block-level synthesis in progress, 0 of 1 jobs complete, 1 job running.
[19:14:50] Run vpl: Step synth: Completed
[19:14:50] Run vpl: Step impl: Started
[19:36:23] Finished 2nd of 6 tasks (FPGA linking synthesized kernels to platform). Elapsed time: 00h 25m 25s 

[19:36:23] Starting logic optimization..
[19:37:23] Phase 1 Initialization
[19:37:23] Phase 1.1 Core Generation And Design Setup
[19:37:23] Phase 1.1.1 Generate And Synthesize MIG Cores
[19:46:25] Phase 1.1.2 Generate And Synthesize Debug Cores
[19:49:25] Phase 1.2 Setup Constraints And Sort Netlist
[19:49:25] Phase 2 Timer Update And Timing Data Collection
[19:49:25] Phase 2.1 Timer Update
[19:49:55] Phase 2.2 Timing Data Collection
[19:49:55] Phase 3 Retarget
[19:50:55] Phase 4 Constant propagation
[19:51:26] Phase 5 Sweep
[19:52:56] Phase 6 BUFG optimization
[19:53:26] Phase 7 Shift Register Optimization
[19:53:26] Phase 8 Post Processing Netlist
[19:53:56] Phase 9 Finalization
[19:53:56] Phase 9.1 Finalizing Design Cores and Updating Shapes
[19:54:56] Phase 9.2 Verifying Netlist Connectivity
[19:55:56] Finished 3rd of 6 tasks (FPGA logic optimization). Elapsed time: 00h 19m 33s 

[19:55:56] Starting logic placement..
[19:57:27] Phase 1 Placer Initialization
[19:57:27] Phase 1.1 Placer Initialization Netlist Sorting
[20:05:28] Phase 1.2 IO Placement/ Clock Placement/ Build Placer Device
[20:07:58] Phase 1.3 Build Placer Netlist Model
[20:15:00] Phase 1.4 Constrain Clocks/Macros
[20:15:30] Phase 2 Global Placement
[20:16:00] Phase 2.1 Floorplanning
[20:25:02] Phase 2.1.1 Partition Driven Placement
[20:25:02] Phase 2.1.1.1 PBP: Partition Driven Placement
[20:41:09] Phase 2.1.1.2 PBP: Clock Region Placement
[20:51:45] Phase 2.1.1.3 PBP: Discrete Incremental
[20:53:46] Phase 2.1.1.4 PBP: Compute Congestion
[20:54:16] Phase 2.1.1.5 PBP: Macro Placement
[20:54:47] Phase 2.1.1.6 PBP: UpdateTiming
[20:55:47] Phase 2.2 Physical Synthesis After Floorplan
[20:57:49] Phase 2.3 Update Timing before SLR Path Opt
[20:58:19] Phase 2.4 Post-Processing in Floorplanning
[20:58:19] Phase 2.5 Global Place Phase1
[21:21:32] Phase 2.6 Global Place Phase2
[21:21:32] Phase 2.6.1 UpdateTiming Before Physical Synthesis
[21:22:33] Phase 2.6.2 Physical Synthesis In Placer
[21:37:41] Phase 3 Detail Placement
[21:38:42] Phase 3.1 Commit Multi Column Macros
[21:39:12] Phase 3.2 Commit Most Macros & LUTRAMs
[21:54:20] Phase 3.3 Small Shape DP
[21:54:20] Phase 3.3.1 Small Shape Clustering
[21:59:53] Phase 3.3.2 Slice Area Swap
[22:00:24] Phase 3.3.2.1 Slice Area Swap Initial
[22:09:29] Phase 3.4 Place Remaining
[22:10:29] Phase 3.5 Re-assign LUT pins
[22:12:30] Phase 3.6 Pipeline Register Optimization
[22:13:31] Phase 3.7 Fast Optimization
[22:18:34] Phase 4 Post Placement Optimization and Clean-Up
[22:18:34] Phase 4.1 Post Commit Optimization
[22:22:36] Phase 4.1.1 Post Placement Optimization
[22:23:06] Phase 4.1.1.1 BUFG Insertion
[22:23:06] Phase 1 Physical Synthesis Initialization
[22:25:08] Phase 4.1.1.2 BUFG Replication
[22:25:08] Phase 4.1.1.3 Post Placement Timing Optimization
[22:31:41] Phase 4.1.1.4 Replication
[22:34:43] Phase 4.2 Post Placement Cleanup
[22:34:43] Phase 4.3 Placer Reporting
[22:34:43] Phase 4.3.1 Print Estimated Congestion
[22:34:43] Phase 4.4 Final Placement Cleanup
[22:39:22] Run vpl: Step impl: Failed
[22:39:24] Run vpl: FINISHED. Run Status: impl ERROR

===>The following messages were generated while processing /home/devsounio/cs6_chained_taylor41_20260804/xclbin-build10/_x_link/link/vivado/vpl/prj/prj.runs/impl_1 :
ERROR: [VPL 78-110] Invalid part string Project

===>The following messages were generated while  creating FPGA bitstream. Log file: /home/devsounio/cs6_chained_taylor41_20260804/xclbin-build10/_x_link/link/vivado/vpl/runme.log :
ERROR: [VPL 12-13638] Failed runs(s) : 'impl_1'
ERROR: [VPL 60-773] In '/home/devsounio/cs6_chained_taylor41_20260804/xclbin-build10/_x_link/link/vivado/vpl/runme.log', caught Tcl error:  ERROR: [Common 17-39] 'wait_on_runs' failed due to earlier errors.
WARNING: [VPL 60-732] Link warning: No monitor points found for BD automation.
WARNING: [VPL 60-732] Link warning: The available LUTs may not be sufficient to accommodate the kernels
ERROR: [VPL 60-704] Integration error, Failed to complete hardware generation. The run name is 'impl_1'. An error stack with function names and arguments may be available in the 'vivado.log'.
ERROR: [VPL 60-1328] Vpl run 'vpl' failed
ERROR: [VPL 60-806] Failed to finish platform linker
INFO: [v++ 60-1442] [22:39:24] Run run_link: Step vpl: Failed
Time (s): cpu = 00:01:18 ; elapsed = 03:28:28 . Memory (MB): peak = 515.836 ; gain = 0.000 ; free physical = 35039 ; free virtual = 72164
ERROR: [v++ 60-661] v++ link run 'run_link' failed
ERROR: [v++ 60-626] Kernel link failed to complete
ERROR: [v++ 60-703] Failed to finish linking
INFO: [v++ 60-1653] Closing dispatch client.
[3JTERM environment variable not set.
