Option Map File Used: '/opt/amd/2025.1/Vitis/data/vitis/vpp/optMap.xml'

****** v++ v2025.1 (64-bit)
  **** SW Build 6137779 on 2025-05-21-18:10:03
  **** Start of session at: Tue Aug  4 11:06:46 2026
    ** Copyright 1986-2022 Xilinx, Inc. All Rights Reserved.
    ** Copyright 2022-2025 Advanced Micro Devices, Inc. All Rights Reserved.

INFO: [v++ 60-1306] Additional information associated with this v++ compile can be found at:
	Reports: /home/devsounio/cs6_chained_taylor41_20260804/xclbin-build3/_x_compile/reports/target23_chained_taylor41
	Log files: /home/devsounio/cs6_chained_taylor41_20260804/xclbin-build3/_x_compile/logs/target23_chained_taylor41
INFO: [v++ 60-1548] Creating build summary session with primary output /home/devsounio/cs6_chained_taylor41_20260804/xclbin-build3/target23_chained_taylor41.xo.compile_summary, at Tue Aug  4 11:06:48 2026
INFO: [v++ 60-1315] Creating rulecheck session with output '/home/devsounio/cs6_chained_taylor41_20260804/xclbin-build3/_x_compile/reports/target23_chained_taylor41/v++_compile_target23_chained_taylor41_guidance.html', at Tue Aug  4 11:06:48 2026
INFO: [v++ 60-895]   Target platform: /opt/xilinx/platforms/xilinx_u250_gen3x16_xdma_4_1_202210_1/xilinx_u250_gen3x16_xdma_4_1_202210_1.xpfm
INFO: [v++ 60-1578]   This platform contains Xilinx Shell Archive '/opt/xilinx/platforms/xilinx_u250_gen3x16_xdma_4_1_202210_1/hw/hw.xsa'
INFO: [v++ 74-78] Compiler Version string: 2025.1
INFO: [v++ 60-1302] Platform 'xilinx_u250_gen3x16_xdma_4_1_202210_1.xpfm' has been explicitly enabled for this release.
INFO: [v++ 60-585] Compiling for hardware target
INFO: [v++ 60-423]   Target device: xilinx_u250_gen3x16_xdma_4_1_202210_1
INFO: [v++ 60-242] Creating kernel: 'target23_chained_taylor41'
INFO: [v++ 60-1616] Creating a HLS clock using hls.clock option: 100 MHz

===>The following messages were generated while  performing high-level synthesis for kernel: target23_chained_taylor41 Log file: /home/devsounio/cs6_chained_taylor41_20260804/xclbin-build3/_x_compile/target23_chained_taylor41/target23_chained_taylor41/vitis_hls.log :
INFO: [v++ 204-61] Pipelining function 'load_q'.
INFO: [v++ 200-1470] Pipelining result : Target II = NA, Final II = 7, Depth = 79, function 'load_q'
INFO: [v++ 204-61] Pipelining loop 'VITIS_LOOP_294_1'.
INFO: [v++ 200-1470] Pipelining result : Target II = NA, Final II = 7, Depth = 80, loop 'VITIS_LOOP_294_1'
INFO: [v++ 204-61] Pipelining loop 'VITIS_LOOP_195_1'.
INFO: [v++ 200-1470] Pipelining result : Target II = NA, Final II = 1, Depth = 1, loop 'VITIS_LOOP_195_1'
INFO: [v++ 204-61] Pipelining loop 'VITIS_LOOP_107_1'.
INFO: [v++ 200-1470] Pipelining result : Target II = NA, Final II = 1, Depth = 2, loop 'VITIS_LOOP_107_1'
INFO: [v++ 204-61] Pipelining function 'times_i'.
WARNING: [v++ 200-882] User specified resource constraint cannot be honored operation type mul(II = 1)..
Resolution: For help on HLS 200-882 see docs.xilinx.com/access/sources/dita/topic?Doc_Version=2025.1%20English&url=ug1448-hls-guidance&resourceid=200-882.html
WARNING: [v++ 200-885] The II Violation in module 'times_i' (function 'times_i'): Unable to schedule 'mul' operation 448 bit ('p10', /home/devsounio/cs6_chained_taylor41_20260804/hardware/fpga/u250_target23_chained_taylor41/kernel.cpp:55) due to limited resources (II = 2).
Resolution: For help on HLS 200-885 see docs.xilinx.com/access/sources/dita/topic?Doc_Version=2025.1%20English&url=ug1448-hls-guidance&resourceid=200-885.html
WARNING: [v++ 200-885] The II Violation in module 'times_i' (function 'times_i'): Unable to schedule 'mul' operation 448 bit ('p11', /home/devsounio/cs6_chained_taylor41_20260804/hardware/fpga/u250_target23_chained_taylor41/kernel.cpp:56) due to limited resources (II = 3).
Resolution: For help on HLS 200-885 see docs.xilinx.com/access/sources/dita/topic?Doc_Version=2025.1%20English&url=ug1448-hls-guidance&resourceid=200-885.html
INFO: [v++ 200-1470] Pipelining result : Target II = NA, Final II = 4, Depth = 6, function 'times_i'
INFO: [v++ 204-61] Pipelining loop 'VITIS_LOOP_85_1'.
INFO: [v++ 200-1470] Pipelining result : Target II = NA, Final II = 4, Depth = 8, loop 'VITIS_LOOP_85_1'
INFO: [v++ 204-61] Pipelining loop 'VITIS_LOOP_117_3'.
INFO: [v++ 200-1470] Pipelining result : Target II = NA, Final II = 1, Depth = 1, loop 'VITIS_LOOP_117_3'
INFO: [v++ 204-61] Pipelining loop 'VITIS_LOOP_134_6'.
INFO: [v++ 200-1470] Pipelining result : Target II = NA, Final II = 1, Depth = 1, loop 'VITIS_LOOP_134_6'
INFO: [v++ 204-61] Pipelining loop 'VITIS_LOOP_124_4'.
INFO: [v++ 200-1470] Pipelining result : Target II = NA, Final II = 1, Depth = 1, loop 'VITIS_LOOP_124_4'
INFO: [v++ 204-61] Pipelining loop 'VITIS_LOOP_126_5'.
INFO: [v++ 200-1470] Pipelining result : Target II = NA, Final II = 1, Depth = 2, loop 'VITIS_LOOP_126_5'
INFO: [v++ 204-61] Pipelining loop 'VITIS_LOOP_142_1'.
INFO: [v++ 200-1470] Pipelining result : Target II = NA, Final II = 1, Depth = 1, loop 'VITIS_LOOP_142_1'
INFO: [v++ 204-61] Pipelining loop 'VITIS_LOOP_151_4'.
INFO: [v++ 200-1470] Pipelining result : Target II = NA, Final II = 4, Depth = 8, loop 'VITIS_LOOP_151_4'
INFO: [v++ 204-61] Pipelining loop 'VITIS_LOOP_212_2'.
INFO: [v++ 200-1470] Pipelining result : Target II = NA, Final II = 1, Depth = 5, loop 'VITIS_LOOP_212_2'
INFO: [v++ 204-61] Pipelining loop 'VITIS_LOOP_172_1'.
INFO: [v++ 204-61] Unable to satisfy pipeline directive for loop 'VITIS_LOOP_172_1': unable to pipeline.
INFO: [v++ 204-61] Pipelining loop 'VITIS_LOOP_235_1'.
INFO: [v++ 200-1470] Pipelining result : Target II = NA, Final II = 1, Depth = 1, loop 'VITIS_LOOP_235_1'
INFO: [v++ 204-61] Pipelining loop 'VITIS_LOOP_253_4'.
INFO: [v++ 200-1470] Pipelining result : Target II = NA, Final II = 1, Depth = 1, loop 'VITIS_LOOP_253_4'
INFO: [v++ 204-61] Pipelining loop 'VITIS_LOOP_249_3'.
INFO: [v++ 200-1470] Pipelining result : Target II = NA, Final II = 1, Depth = 1, loop 'VITIS_LOOP_249_3'
INFO: [v++ 204-61] Pipelining loop 'VITIS_LOOP_260_5'.
INFO: [v++ 200-1470] Pipelining result : Target II = NA, Final II = 1, Depth = 1, loop 'VITIS_LOOP_260_5'
INFO: [v++ 204-61] Pipelining loop 'VITIS_LOOP_277_1'.
INFO: [v++ 200-1470] Pipelining result : Target II = NA, Final II = 1, Depth = 2, loop 'VITIS_LOOP_277_1'
INFO: [v++ 204-61] Pipelining loop 'VITIS_LOOP_277_1'.
INFO: [v++ 200-1470] Pipelining result : Target II = NA, Final II = 1, Depth = 2, loop 'VITIS_LOOP_277_1'
INFO: [v++ 204-61] Pipelining loop 'VITIS_LOOP_277_1'.
INFO: [v++ 200-1470] Pipelining result : Target II = NA, Final II = 1, Depth = 2, loop 'VITIS_LOOP_277_1'
INFO: [v++ 204-61] Pipelining loop 'VITIS_LOOP_277_1'.
INFO: [v++ 200-1470] Pipelining result : Target II = NA, Final II = 1, Depth = 2, loop 'VITIS_LOOP_277_1'
INFO: [v++ 204-61] Pipelining loop 'VITIS_LOOP_323_3'.
INFO: [v++ 200-1470] Pipelining result : Target II = NA, Final II = 7, Depth = 8, loop 'VITIS_LOOP_323_3'
INFO: [v++ 204-61] Pipelining loop 'VITIS_LOOP_277_1'.
INFO: [v++ 200-1470] Pipelining result : Target II = NA, Final II = 1, Depth = 2, loop 'VITIS_LOOP_277_1'
INFO: [v++ 204-61] Pipelining loop 'VITIS_LOOP_277_1'.
INFO: [v++ 200-1470] Pipelining result : Target II = NA, Final II = 1, Depth = 2, loop 'VITIS_LOOP_277_1'
INFO: [v++ 204-61] Pipelining loop 'VITIS_LOOP_327_4'.
INFO: [v++ 200-1470] Pipelining result : Target II = NA, Final II = 1, Depth = 1, loop 'VITIS_LOOP_327_4'
INFO: [v++ 200-790] **** Loop Constraint Status: All loop constraints were NOT satisfied.
INFO: [v++ 200-789] **** Estimated Fmax: 136.99 MHz
INFO: [v++ 60-594] Finished kernel compilation
INFO: [v++ 60-244] Generating system estimate report...
INFO: [v++ 60-1092] Generated system estimate report: /home/devsounio/cs6_chained_taylor41_20260804/xclbin-build3/_x_compile/reports/target23_chained_taylor41/system_estimate_target23_chained_taylor41.xtxt
INFO: [v++ 60-586] Created /home/devsounio/cs6_chained_taylor41_20260804/xclbin-build3/target23_chained_taylor41.xo
INFO: [v++ 60-2343] Use the Vitis Unified IDE to visualize and navigate the reports. Run the following command. 
    vitis --analyze /home/devsounio/cs6_chained_taylor41_20260804/xclbin-build3/target23_chained_taylor41.xo.compile_summary 
INFO: [v++ 60-791] Total elapsed time: 0h 1m 39s
INFO: [v++ 60-1653] Closing dispatch client.
Option Map File Used: '/opt/amd/2025.1/Vitis/data/vitis/vpp/optMap.xml'

****** v++ v2025.1 (64-bit)
  **** SW Build 6137779 on 2025-05-21-18:10:03
  **** Start of session at: Tue Aug  4 11:08:31 2026
    ** Copyright 1986-2022 Xilinx, Inc. All Rights Reserved.
    ** Copyright 2022-2025 Advanced Micro Devices, Inc. All Rights Reserved.

INFO: [v++ 60-1306] Additional information associated with this v++ link can be found at:
	Reports: /home/devsounio/cs6_chained_taylor41_20260804/xclbin-build3/_x_link/reports/link
	Log files: /home/devsounio/cs6_chained_taylor41_20260804/xclbin-build3/_x_link/logs/link
INFO: [v++ 60-1548] Creating build summary session with primary output /home/devsounio/cs6_chained_taylor41_20260804/xclbin-build3/target23_chained_taylor41.xclbin.link_summary, at Tue Aug  4 11:08:34 2026
INFO: [v++ 60-1315] Creating rulecheck session with output '/home/devsounio/cs6_chained_taylor41_20260804/xclbin-build3/_x_link/reports/link/v++_link_target23_chained_taylor41_guidance.html', at Tue Aug  4 11:08:34 2026
INFO: [v++ 60-895]   Target platform: /opt/xilinx/platforms/xilinx_u250_gen3x16_xdma_4_1_202210_1/xilinx_u250_gen3x16_xdma_4_1_202210_1.xpfm
INFO: [v++ 60-1578]   This platform contains Xilinx Shell Archive '/opt/xilinx/platforms/xilinx_u250_gen3x16_xdma_4_1_202210_1/hw/hw.xsa'
INFO: [v++ 74-78] Compiler Version string: 2025.1
INFO: [v++ 60-1302] Platform 'xilinx_u250_gen3x16_xdma_4_1_202210_1.xpfm' has been explicitly enabled for this release.
INFO: [v++ 60-629] Linking for hardware target
INFO: [v++ 60-423]   Target device: xilinx_u250_gen3x16_xdma_4_1_202210_1
INFO: [v++ 60-1332] Run 'run_link' status: Not started
INFO: [v++ 60-1443] [11:08:37] Run run_link: Step system_link: Started
INFO: [v++ 60-1453] Command Line: system_link --xo /home/devsounio/cs6_chained_taylor41_20260804/xclbin-build3/target23_chained_taylor41.xo --config /home/devsounio/cs6_chained_taylor41_20260804/xclbin-build3/_x_link/link/int/syslinkConfig.ini --xpfm /opt/xilinx/platforms/xilinx_u250_gen3x16_xdma_4_1_202210_1/xilinx_u250_gen3x16_xdma_4_1_202210_1.xpfm --target hw --output_dir /home/devsounio/cs6_chained_taylor41_20260804/xclbin-build3/_x_link/link/int --temp_dir /home/devsounio/cs6_chained_taylor41_20260804/xclbin-build3/_x_link/link/sys_link
INFO: [v++ 60-1454] Run Directory: /home/devsounio/cs6_chained_taylor41_20260804/xclbin-build3/_x_link/link/run_link
INFO: [SYSTEM_LINK 82-70] Extracting xo v3 file /home/devsounio/cs6_chained_taylor41_20260804/xclbin-build3/target23_chained_taylor41.xo
INFO: [SYSTEM_LINK 82-53] Creating IP database /home/devsounio/cs6_chained_taylor41_20260804/xclbin-build3/_x_link/link/sys_link/_sysl/.cdb/xd_ip_db.xml
INFO: [SYSTEM_LINK 82-38] [11:08:38] build_xd_ip_db started: /opt/amd/2025.1/Vitis/bin/build_xd_ip_db -ip_search 0  -sds-pf /home/devsounio/cs6_chained_taylor41_20260804/xclbin-build3/_x_link/link/sys_link/hw.hpfm -clkid 0 -ip /home/devsounio/cs6_chained_taylor41_20260804/xclbin-build3/_x_link/link/sys_link/iprepo/xilinx_com_hls_target23_chained_taylor41_1_0,target23_chained_taylor41 -o /home/devsounio/cs6_chained_taylor41_20260804/xclbin-build3/_x_link/link/sys_link/_sysl/.cdb/xd_ip_db.xml
INFO: [SYSTEM_LINK 82-37] [11:08:42] build_xd_ip_db finished successfully
Time (s): cpu = 00:00:00.22 ; elapsed = 00:00:03 . Memory (MB): peak = 498.832 ; gain = 0.000 ; free physical = 46405 ; free virtual = 79089
INFO: [SYSTEM_LINK 82-51] Create system connectivity graph
INFO: [SYSTEM_LINK 82-102] Applying explicit connections to the system connectivity graph: /home/devsounio/cs6_chained_taylor41_20260804/xclbin-build3/_x_link/link/sys_link/cfgraph/cfgen_cfgraph.xml
INFO: [SYSTEM_LINK 82-38] [11:08:42] cfgen started: /opt/amd/2025.1/Vitis/bin/cfgen  -nk target23_chained_taylor41:1:target23_chained_taylor41_1 -sp target23_chained_taylor41_1.input:DDR[0] -sp target23_chained_taylor41_1.output:DDR[1] -dpa_mem_offload false -dpa_aie_mem_offload false -dmclkid 0 -r /home/devsounio/cs6_chained_taylor41_20260804/xclbin-build3/_x_link/link/sys_link/_sysl/.cdb/xd_ip_db.xml -o /home/devsounio/cs6_chained_taylor41_20260804/xclbin-build3/_x_link/link/sys_link/cfgraph/cfgen_cfgraph.xml
INFO: [CFGEN 83-0] Kernel Specs: 
INFO: [CFGEN 83-0]   kernel: target23_chained_taylor41, num: 1  {target23_chained_taylor41_1}
INFO: [CFGEN 83-0] Port Specs: 
INFO: [CFGEN 83-0]   kernel: target23_chained_taylor41_1, k_port: input, sptag: DDR[0]
INFO: [CFGEN 83-0]   kernel: target23_chained_taylor41_1, k_port: output, sptag: DDR[1]
INFO: [SYSTEM_LINK 82-37] [11:08:45] cfgen finished successfully
Time (s): cpu = 00:00:03 ; elapsed = 00:00:04 . Memory (MB): peak = 498.832 ; gain = 0.000 ; free physical = 46400 ; free virtual = 79084
INFO: [SYSTEM_LINK 82-52] Create top-level block diagram
INFO: [SYSTEM_LINK 82-38] [11:08:45] cf2bd started: /opt/amd/2025.1/Vitis/bin/cf2bd  --linux --trace_buffer 1024 --input_file /home/devsounio/cs6_chained_taylor41_20260804/xclbin-build3/_x_link/link/sys_link/cfgraph/cfgen_cfgraph.xml --ip_db /home/devsounio/cs6_chained_taylor41_20260804/xclbin-build3/_x_link/link/sys_link/_sysl/.cdb/xd_ip_db.xml --cf_name dr --working_dir /home/devsounio/cs6_chained_taylor41_20260804/xclbin-build3/_x_link/link/sys_link/_sysl/.xsd --temp_dir /home/devsounio/cs6_chained_taylor41_20260804/xclbin-build3/_x_link/link/sys_link --output_dir /home/devsounio/cs6_chained_taylor41_20260804/xclbin-build3/_x_link/link/int --target_bd ulp.bd
INFO: [CF2BD 82-31] Launching cf2xd: cf2xd -linux -trace-buffer 1024 -i /home/devsounio/cs6_chained_taylor41_20260804/xclbin-build3/_x_link/link/sys_link/cfgraph/cfgen_cfgraph.xml -r /home/devsounio/cs6_chained_taylor41_20260804/xclbin-build3/_x_link/link/sys_link/_sysl/.cdb/xd_ip_db.xml -o dr.xml
INFO: [CF2BD 82-28] cf2xd finished successfully
INFO: [CF2BD 82-31] Launching cf_xsd: cf_xsd -disable-address-gen -bd ulp.bd -dn dr -dp /home/devsounio/cs6_chained_taylor41_20260804/xclbin-build3/_x_link/link/sys_link/_sysl/.xsd
INFO: [CF2BD 82-28] cf_xsd finished successfully
INFO: [SYSTEM_LINK 82-37] [11:08:48] cf2bd finished successfully
Time (s): cpu = 00:00:02 ; elapsed = 00:00:02 . Memory (MB): peak = 498.832 ; gain = 0.000 ; free physical = 46367 ; free virtual = 79051
INFO: [v++ 60-1441] [11:08:48] Run run_link: Step system_link: Completed
Time (s): cpu = 00:00:07 ; elapsed = 00:00:11 . Memory (MB): peak = 515.836 ; gain = 0.000 ; free physical = 46495 ; free virtual = 79163
INFO: [v++ 60-1443] [11:08:48] Run run_link: Step cf2sw: Started
INFO: [v++ 60-1453] Command Line: cf2sw -sdsl /home/devsounio/cs6_chained_taylor41_20260804/xclbin-build3/_x_link/link/int/sdsl.dat -rtd /home/devsounio/cs6_chained_taylor41_20260804/xclbin-build3/_x_link/link/int/cf2sw.rtd -nofilter /home/devsounio/cs6_chained_taylor41_20260804/xclbin-build3/_x_link/link/int/cf2sw_full.rtd -xclbin /home/devsounio/cs6_chained_taylor41_20260804/xclbin-build3/_x_link/link/int/xclbin_orig.xml -o /home/devsounio/cs6_chained_taylor41_20260804/xclbin-build3/_x_link/link/int/xclbin_orig.1.xml
INFO: [v++ 60-1454] Run Directory: /home/devsounio/cs6_chained_taylor41_20260804/xclbin-build3/_x_link/link/run_link
INFO: [v++ 60-1441] [11:08:51] Run run_link: Step cf2sw: Completed
Time (s): cpu = 00:00:03 ; elapsed = 00:00:03 . Memory (MB): peak = 515.836 ; gain = 0.000 ; free physical = 46494 ; free virtual = 79163
INFO: [v++ 60-1443] [11:08:51] Run run_link: Step rtd2_system_diagram: Started
INFO: [v++ 60-1453] Command Line: rtd2SystemDiagram
INFO: [v++ 60-1454] Run Directory: /home/devsounio/cs6_chained_taylor41_20260804/xclbin-build3/_x_link/link/run_link
INFO: [v++ 60-1441] [11:08:51] Run run_link: Step rtd2_system_diagram: Completed
Time (s): cpu = 00:00:00 ; elapsed = 00:00:00.25 . Memory (MB): peak = 515.836 ; gain = 0.000 ; free physical = 46477 ; free virtual = 79146
INFO: [v++ 60-1443] [11:08:51] Run run_link: Step vpl: Started
INFO: [v++ 60-1453] Command Line: vpl -t hw -f /opt/xilinx/platforms/xilinx_u250_gen3x16_xdma_4_1_202210_1/xilinx_u250_gen3x16_xdma_4_1_202210_1.xpfm --kernel_frequency 100 --remote_ip_cache /home/devsounio/cs6_chained_taylor41_20260804/hardware/fpga/u250_target23_chained_taylor41/.ipcache --output_dir /home/devsounio/cs6_chained_taylor41_20260804/xclbin-build3/_x_link/link/int --log_dir /home/devsounio/cs6_chained_taylor41_20260804/xclbin-build3/_x_link/logs/link --report_dir /home/devsounio/cs6_chained_taylor41_20260804/xclbin-build3/_x_link/reports/link --config /home/devsounio/cs6_chained_taylor41_20260804/xclbin-build3/_x_link/link/int/vplConfig.ini -k /home/devsounio/cs6_chained_taylor41_20260804/xclbin-build3/_x_link/link/int/kernel_info.dat --webtalk_flag Vitis --temp_dir /home/devsounio/cs6_chained_taylor41_20260804/xclbin-build3/_x_link/link --no-info --iprepo /home/devsounio/cs6_chained_taylor41_20260804/xclbin-build3/_x_link/link/int/xo/ip_repo/xilinx_com_hls_target23_chained_taylor41_1_0 --messageDb /home/devsounio/cs6_chained_taylor41_20260804/xclbin-build3/_x_link/link/run_link/vpl.pb /home/devsounio/cs6_chained_taylor41_20260804/xclbin-build3/_x_link/link/int/dr.bd.tcl
INFO: [v++ 60-1454] Run Directory: /home/devsounio/cs6_chained_taylor41_20260804/xclbin-build3/_x_link/link/run_link

****** vpl v2025.1 (64-bit)
  **** SW Build 6137779 on 2025-05-21-18:10:03
  **** Start of session at: Tue Aug  4 11:08:52 2026
    ** Copyright 1986-2022 Xilinx, Inc. All Rights Reserved.
    ** Copyright 2022-2025 Advanced Micro Devices, Inc. All Rights Reserved.

INFO: [VPL 60-839] Read in kernel information from file '/home/devsounio/cs6_chained_taylor41_20260804/xclbin-build3/_x_link/link/int/kernel_info.dat'.
INFO: [VPL 74-78] Compiler Version string: 2025.1
INFO: [VPL 60-423]   Target device: xilinx_u250_gen3x16_xdma_4_1_202210_1
INFO: [VPL 60-1032] Extracting hardware platform to /home/devsounio/cs6_chained_taylor41_20260804/xclbin-build3/_x_link/link/vivado/vpl/.local/hw_platform
[11:09:00] Run vpl: Step create_project: Started
Creating Vivado project.
[11:09:02] Run vpl: Step create_project: Completed
[11:09:02] Run vpl: Step create_bd: Started
[11:09:30] Run vpl: Step create_bd: Completed
[11:09:30] Run vpl: Step update_bd: Started
[11:09:30] Run vpl: Step update_bd: Completed
[11:09:30] Run vpl: Step generate_target: Started
[11:10:46] Run vpl: Step generate_target: RUNNING...
[11:10:47] Run vpl: Step generate_target: Completed
[11:10:47] Run vpl: Step config_hw_runs: Started
[11:11:15] Run vpl: Step config_hw_runs: Completed
[11:11:15] Run vpl: Step synth: Started
[11:11:45] Block-level synthesis in progress, 0 of 1 jobs complete, 1 job running.
[11:12:15] Block-level synthesis in progress, 0 of 1 jobs complete, 1 job running.
[11:12:45] Block-level synthesis in progress, 0 of 1 jobs complete, 1 job running.
[11:13:15] Block-level synthesis in progress, 0 of 1 jobs complete, 1 job running.
[11:13:45] Block-level synthesis in progress, 0 of 1 jobs complete, 1 job running.
[11:14:15] Block-level synthesis in progress, 0 of 1 jobs complete, 1 job running.
[11:14:45] Block-level synthesis in progress, 0 of 1 jobs complete, 1 job running.
[11:15:16] Block-level synthesis in progress, 0 of 1 jobs complete, 1 job running.
[11:15:46] Block-level synthesis in progress, 0 of 1 jobs complete, 1 job running.
[11:16:16] Block-level synthesis in progress, 0 of 1 jobs complete, 1 job running.
[11:16:46] Block-level synthesis in progress, 0 of 1 jobs complete, 1 job running.
[11:17:16] Block-level synthesis in progress, 0 of 1 jobs complete, 1 job running.
[11:17:46] Block-level synthesis in progress, 0 of 1 jobs complete, 1 job running.
[11:18:17] Block-level synthesis in progress, 0 of 1 jobs complete, 1 job running.
[11:18:47] Block-level synthesis in progress, 0 of 1 jobs complete, 1 job running.
[11:19:17] Block-level synthesis in progress, 0 of 1 jobs complete, 1 job running.
[11:19:47] Block-level synthesis in progress, 0 of 1 jobs complete, 1 job running.
[11:20:17] Block-level synthesis in progress, 0 of 1 jobs complete, 1 job running.
[11:20:47] Block-level synthesis in progress, 0 of 1 jobs complete, 1 job running.
[11:21:17] Block-level synthesis in progress, 0 of 1 jobs complete, 1 job running.
[11:21:47] Block-level synthesis in progress, 0 of 1 jobs complete, 1 job running.
[11:22:17] Block-level synthesis in progress, 0 of 1 jobs complete, 1 job running.
[11:22:47] Block-level synthesis in progress, 0 of 1 jobs complete, 1 job running.
[11:23:17] Block-level synthesis in progress, 0 of 1 jobs complete, 1 job running.
[11:23:47] Block-level synthesis in progress, 0 of 1 jobs complete, 1 job running.
[11:24:17] Block-level synthesis in progress, 0 of 1 jobs complete, 1 job running.
[11:24:47] Block-level synthesis in progress, 0 of 1 jobs complete, 1 job running.
[11:25:18] Block-level synthesis in progress, 0 of 1 jobs complete, 1 job running.
[11:25:48] Block-level synthesis in progress, 0 of 1 jobs complete, 1 job running.
[11:26:18] Block-level synthesis in progress, 0 of 1 jobs complete, 1 job running.
[11:26:48] Block-level synthesis in progress, 0 of 1 jobs complete, 1 job running.
[11:27:18] Block-level synthesis in progress, 0 of 1 jobs complete, 1 job running.
[11:27:48] Block-level synthesis in progress, 0 of 1 jobs complete, 1 job running.
[11:28:18] Block-level synthesis in progress, 0 of 1 jobs complete, 1 job running.
[11:28:48] Block-level synthesis in progress, 0 of 1 jobs complete, 1 job running.
[11:29:18] Block-level synthesis in progress, 0 of 1 jobs complete, 1 job running.
[11:29:48] Block-level synthesis in progress, 0 of 1 jobs complete, 1 job running.
[11:30:18] Block-level synthesis in progress, 0 of 1 jobs complete, 1 job running.
[11:30:48] Block-level synthesis in progress, 0 of 1 jobs complete, 1 job running.
[11:31:18] Block-level synthesis in progress, 0 of 1 jobs complete, 1 job running.
[11:31:48] Block-level synthesis in progress, 0 of 1 jobs complete, 1 job running.
[11:32:18] Block-level synthesis in progress, 0 of 1 jobs complete, 1 job running.
[11:32:48] Block-level synthesis in progress, 0 of 1 jobs complete, 1 job running.
[11:33:18] Block-level synthesis in progress, 0 of 1 jobs complete, 1 job running.
[11:33:49] Block-level synthesis in progress, 0 of 1 jobs complete, 1 job running.
[11:34:19] Block-level synthesis in progress, 0 of 1 jobs complete, 1 job running.
[11:34:49] Block-level synthesis in progress, 0 of 1 jobs complete, 1 job running.
[11:35:19] Block-level synthesis in progress, 0 of 1 jobs complete, 1 job running.
[11:35:49] Block-level synthesis in progress, 0 of 1 jobs complete, 1 job running.
[11:36:19] Block-level synthesis in progress, 0 of 1 jobs complete, 1 job running.
[11:36:49] Block-level synthesis in progress, 0 of 1 jobs complete, 1 job running.
[11:37:19] Block-level synthesis in progress, 0 of 1 jobs complete, 1 job running.
[11:37:49] Block-level synthesis in progress, 0 of 1 jobs complete, 1 job running.
[11:38:19] Block-level synthesis in progress, 0 of 1 jobs complete, 1 job running.
[11:38:49] Block-level synthesis in progress, 0 of 1 jobs complete, 1 job running.
[11:39:19] Block-level synthesis in progress, 0 of 1 jobs complete, 1 job running.
[11:39:50] Block-level synthesis in progress, 0 of 1 jobs complete, 1 job running.
[11:40:20] Block-level synthesis in progress, 0 of 1 jobs complete, 1 job running.
[11:40:50] Block-level synthesis in progress, 0 of 1 jobs complete, 1 job running.
[11:41:20] Block-level synthesis in progress, 0 of 1 jobs complete, 1 job running.
[11:41:50] Block-level synthesis in progress, 0 of 1 jobs complete, 1 job running.
[11:42:20] Block-level synthesis in progress, 0 of 1 jobs complete, 1 job running.
[11:42:50] Block-level synthesis in progress, 0 of 1 jobs complete, 1 job running.
[11:43:20] Block-level synthesis in progress, 0 of 1 jobs complete, 1 job running.
[11:43:50] Block-level synthesis in progress, 0 of 1 jobs complete, 1 job running.
[11:44:20] Block-level synthesis in progress, 0 of 1 jobs complete, 1 job running.
[11:44:50] Block-level synthesis in progress, 0 of 1 jobs complete, 1 job running.
[11:45:20] Block-level synthesis in progress, 0 of 1 jobs complete, 1 job running.
[11:45:51] Block-level synthesis in progress, 0 of 1 jobs complete, 1 job running.
[11:46:21] Block-level synthesis in progress, 0 of 1 jobs complete, 1 job running.
[11:46:51] Block-level synthesis in progress, 0 of 1 jobs complete, 1 job running.
[11:47:21] Block-level synthesis in progress, 0 of 1 jobs complete, 1 job running.
[11:47:51] Block-level synthesis in progress, 0 of 1 jobs complete, 1 job running.
[11:48:21] Block-level synthesis in progress, 0 of 1 jobs complete, 1 job running.
[11:48:51] Block-level synthesis in progress, 0 of 1 jobs complete, 1 job running.
[11:49:21] Block-level synthesis in progress, 0 of 1 jobs complete, 1 job running.
[11:49:51] Block-level synthesis in progress, 0 of 1 jobs complete, 1 job running.
[11:50:21] Block-level synthesis in progress, 0 of 1 jobs complete, 1 job running.
[11:50:51] Block-level synthesis in progress, 0 of 1 jobs complete, 1 job running.
[11:51:21] Block-level synthesis in progress, 0 of 1 jobs complete, 1 job running.
[11:51:52] Block-level synthesis in progress, 0 of 1 jobs complete, 1 job running.
[11:52:22] Block-level synthesis in progress, 0 of 1 jobs complete, 1 job running.
[11:52:52] Block-level synthesis in progress, 0 of 1 jobs complete, 1 job running.
[11:53:22] Block-level synthesis in progress, 0 of 1 jobs complete, 1 job running.
[11:53:52] Block-level synthesis in progress, 0 of 1 jobs complete, 1 job running.
[11:54:22] Block-level synthesis in progress, 0 of 1 jobs complete, 1 job running.
[11:54:52] Block-level synthesis in progress, 0 of 1 jobs complete, 1 job running.
[11:55:22] Block-level synthesis in progress, 0 of 1 jobs complete, 1 job running.
[11:55:52] Block-level synthesis in progress, 0 of 1 jobs complete, 1 job running.
[11:56:22] Block-level synthesis in progress, 0 of 1 jobs complete, 1 job running.
[11:56:52] Block-level synthesis in progress, 0 of 1 jobs complete, 1 job running.
[11:57:22] Block-level synthesis in progress, 0 of 1 jobs complete, 1 job running.
[11:57:53] Block-level synthesis in progress, 0 of 1 jobs complete, 1 job running.
[11:58:23] Block-level synthesis in progress, 0 of 1 jobs complete, 1 job running.
[11:58:53] Block-level synthesis in progress, 0 of 1 jobs complete, 1 job running.
[11:59:23] Block-level synthesis in progress, 0 of 1 jobs complete, 1 job running.
[11:59:53] Block-level synthesis in progress, 0 of 1 jobs complete, 1 job running.
[12:00:23] Block-level synthesis in progress, 0 of 1 jobs complete, 1 job running.
[12:00:53] Block-level synthesis in progress, 0 of 1 jobs complete, 1 job running.
[12:01:23] Block-level synthesis in progress, 0 of 1 jobs complete, 1 job running.
[12:01:53] Block-level synthesis in progress, 0 of 1 jobs complete, 1 job running.
[12:02:23] Block-level synthesis in progress, 0 of 1 jobs complete, 1 job running.
[12:02:53] Block-level synthesis in progress, 0 of 1 jobs complete, 1 job running.
[12:03:24] Block-level synthesis in progress, 0 of 1 jobs complete, 1 job running.
[12:03:54] Block-level synthesis in progress, 0 of 1 jobs complete, 1 job running.
[12:04:24] Block-level synthesis in progress, 0 of 1 jobs complete, 1 job running.
[12:04:54] Block-level synthesis in progress, 0 of 1 jobs complete, 1 job running.
[12:05:24] Block-level synthesis in progress, 0 of 1 jobs complete, 1 job running.
[12:05:54] Block-level synthesis in progress, 0 of 1 jobs complete, 1 job running.
[12:06:24] Block-level synthesis in progress, 0 of 1 jobs complete, 1 job running.
[12:06:54] Block-level synthesis in progress, 0 of 1 jobs complete, 1 job running.
[12:07:24] Block-level synthesis in progress, 0 of 1 jobs complete, 1 job running.
[12:07:54] Block-level synthesis in progress, 0 of 1 jobs complete, 1 job running.
[12:08:24] Block-level synthesis in progress, 0 of 1 jobs complete, 1 job running.
[12:08:54] Block-level synthesis in progress, 0 of 1 jobs complete, 1 job running.
[12:09:25] Block-level synthesis in progress, 0 of 1 jobs complete, 1 job running.
[12:09:55] Block-level synthesis in progress, 0 of 1 jobs complete, 1 job running.
[12:10:25] Block-level synthesis in progress, 0 of 1 jobs complete, 1 job running.
[12:10:55] Block-level synthesis in progress, 0 of 1 jobs complete, 1 job running.
[12:11:25] Block-level synthesis in progress, 0 of 1 jobs complete, 1 job running.
[12:11:55] Block-level synthesis in progress, 0 of 1 jobs complete, 1 job running.
[12:12:25] Block-level synthesis in progress, 0 of 1 jobs complete, 1 job running.
[12:12:55] Block-level synthesis in progress, 0 of 1 jobs complete, 1 job running.
[12:13:25] Block-level synthesis in progress, 0 of 1 jobs complete, 1 job running.
[12:13:55] Block-level synthesis in progress, 0 of 1 jobs complete, 1 job running.
[12:14:25] Block-level synthesis in progress, 0 of 1 jobs complete, 1 job running.
[12:14:56] Block-level synthesis in progress, 0 of 1 jobs complete, 1 job running.
[12:15:26] Block-level synthesis in progress, 0 of 1 jobs complete, 1 job running.
[12:15:56] Block-level synthesis in progress, 0 of 1 jobs complete, 1 job running.
[12:16:26] Block-level synthesis in progress, 0 of 1 jobs complete, 1 job running.
[12:16:56] Block-level synthesis in progress, 0 of 1 jobs complete, 1 job running.
[12:17:26] Block-level synthesis in progress, 0 of 1 jobs complete, 1 job running.
[12:17:56] Block-level synthesis in progress, 0 of 1 jobs complete, 1 job running.
[12:18:26] Block-level synthesis in progress, 0 of 1 jobs complete, 1 job running.
[12:18:56] Block-level synthesis in progress, 0 of 1 jobs complete, 1 job running.
[12:19:26] Block-level synthesis in progress, 0 of 1 jobs complete, 1 job running.
[12:19:56] Block-level synthesis in progress, 0 of 1 jobs complete, 1 job running.
[12:20:26] Block-level synthesis in progress, 0 of 1 jobs complete, 1 job running.
[12:20:57] Block-level synthesis in progress, 0 of 1 jobs complete, 1 job running.
[12:21:27] Block-level synthesis in progress, 0 of 1 jobs complete, 1 job running.
[12:21:57] Block-level synthesis in progress, 0 of 1 jobs complete, 1 job running.
[12:22:27] Block-level synthesis in progress, 0 of 1 jobs complete, 1 job running.
[12:22:57] Block-level synthesis in progress, 0 of 1 jobs complete, 1 job running.
[12:23:27] Block-level synthesis in progress, 0 of 1 jobs complete, 1 job running.
[12:23:57] Block-level synthesis in progress, 0 of 1 jobs complete, 1 job running.
[12:24:27] Block-level synthesis in progress, 0 of 1 jobs complete, 1 job running.
[12:24:57] Block-level synthesis in progress, 0 of 1 jobs complete, 1 job running.
[12:25:27] Block-level synthesis in progress, 0 of 1 jobs complete, 1 job running.
[12:25:57] Block-level synthesis in progress, 0 of 1 jobs complete, 1 job running.
[12:26:27] Block-level synthesis in progress, 0 of 1 jobs complete, 1 job running.
[12:26:58] Block-level synthesis in progress, 0 of 1 jobs complete, 1 job running.
[12:27:28] Block-level synthesis in progress, 0 of 1 jobs complete, 1 job running.
[12:27:58] Block-level synthesis in progress, 0 of 1 jobs complete, 1 job running.
[12:28:28] Block-level synthesis in progress, 0 of 1 jobs complete, 1 job running.
[12:28:58] Block-level synthesis in progress, 0 of 1 jobs complete, 1 job running.
[12:29:28] Block-level synthesis in progress, 0 of 1 jobs complete, 1 job running.
[12:29:58] Block-level synthesis in progress, 0 of 1 jobs complete, 1 job running.
[12:30:28] Block-level synthesis in progress, 0 of 1 jobs complete, 1 job running.
[12:30:58] Block-level synthesis in progress, 0 of 1 jobs complete, 1 job running.
[12:31:28] Block-level synthesis in progress, 0 of 1 jobs complete, 1 job running.
[12:31:59] Block-level synthesis in progress, 0 of 1 jobs complete, 1 job running.
[12:32:29] Block-level synthesis in progress, 0 of 1 jobs complete, 1 job running.
[12:32:59] Block-level synthesis in progress, 0 of 1 jobs complete, 1 job running.
[12:33:29] Block-level synthesis in progress, 0 of 1 jobs complete, 1 job running.
[12:33:59] Block-level synthesis in progress, 0 of 1 jobs complete, 1 job running.
[12:34:29] Block-level synthesis in progress, 0 of 1 jobs complete, 1 job running.
[12:34:59] Block-level synthesis in progress, 0 of 1 jobs complete, 1 job running.
[12:35:29] Block-level synthesis in progress, 0 of 1 jobs complete, 1 job running.
[12:35:59] Block-level synthesis in progress, 0 of 1 jobs complete, 1 job running.
[12:36:29] Block-level synthesis in progress, 0 of 1 jobs complete, 1 job running.
[12:36:59] Block-level synthesis in progress, 0 of 1 jobs complete, 1 job running.
[12:37:30] Block-level synthesis in progress, 0 of 1 jobs complete, 1 job running.
[12:38:00] Block-level synthesis in progress, 0 of 1 jobs complete, 1 job running.
[12:38:30] Block-level synthesis in progress, 0 of 1 jobs complete, 1 job running.
[12:39:00] Block-level synthesis in progress, 0 of 1 jobs complete, 1 job running.
[12:39:30] Block-level synthesis in progress, 0 of 1 jobs complete, 1 job running.
[12:40:00] Block-level synthesis in progress, 0 of 1 jobs complete, 1 job running.
[12:40:30] Block-level synthesis in progress, 0 of 1 jobs complete, 1 job running.
[12:41:00] Block-level synthesis in progress, 0 of 1 jobs complete, 1 job running.
[12:41:30] Block-level synthesis in progress, 0 of 1 jobs complete, 1 job running.
[12:42:00] Block-level synthesis in progress, 0 of 1 jobs complete, 1 job running.
[12:42:30] Block-level synthesis in progress, 0 of 1 jobs complete, 1 job running.
[12:43:01] Block-level synthesis in progress, 0 of 1 jobs complete, 1 job running.
[12:43:31] Block-level synthesis in progress, 0 of 1 jobs complete, 1 job running.
[12:44:01] Block-level synthesis in progress, 0 of 1 jobs complete, 1 job running.
[12:44:31] Block-level synthesis in progress, 0 of 1 jobs complete, 1 job running.
[12:45:01] Block-level synthesis in progress, 0 of 1 jobs complete, 1 job running.
[12:45:31] Block-level synthesis in progress, 0 of 1 jobs complete, 1 job running.
[12:46:01] Block-level synthesis in progress, 0 of 1 jobs complete, 1 job running.
[12:46:31] Block-level synthesis in progress, 0 of 1 jobs complete, 1 job running.
[12:47:01] Block-level synthesis in progress, 0 of 1 jobs complete, 1 job running.
[12:47:31] Block-level synthesis in progress, 0 of 1 jobs complete, 1 job running.
[12:48:01] Block-level synthesis in progress, 0 of 1 jobs complete, 1 job running.
[12:48:32] Block-level synthesis in progress, 0 of 1 jobs complete, 1 job running.
[12:49:02] Block-level synthesis in progress, 0 of 1 jobs complete, 1 job running.
[12:49:32] Block-level synthesis in progress, 0 of 1 jobs complete, 1 job running.
[12:50:02] Block-level synthesis in progress, 0 of 1 jobs complete, 1 job running.
[12:50:32] Block-level synthesis in progress, 0 of 1 jobs complete, 1 job running.
[12:51:02] Block-level synthesis in progress, 0 of 1 jobs complete, 1 job running.
[12:51:32] Block-level synthesis in progress, 0 of 1 jobs complete, 1 job running.
[12:52:02] Block-level synthesis in progress, 0 of 1 jobs complete, 1 job running.
[12:52:32] Block-level synthesis in progress, 0 of 1 jobs complete, 1 job running.
[12:53:02] Block-level synthesis in progress, 0 of 1 jobs complete, 1 job running.
[12:53:32] Block-level synthesis in progress, 0 of 1 jobs complete, 1 job running.
[12:54:03] Block-level synthesis in progress, 0 of 1 jobs complete, 1 job running.
[12:54:33] Block-level synthesis in progress, 0 of 1 jobs complete, 1 job running.
[12:55:03] Block-level synthesis in progress, 0 of 1 jobs complete, 1 job running.
[12:55:33] Block-level synthesis in progress, 0 of 1 jobs complete, 1 job running.
[12:56:03] Block-level synthesis in progress, 0 of 1 jobs complete, 1 job running.
[12:56:33] Block-level synthesis in progress, 0 of 1 jobs complete, 1 job running.
[12:57:03] Block-level synthesis in progress, 0 of 1 jobs complete, 1 job running.
[12:57:33] Block-level synthesis in progress, 0 of 1 jobs complete, 1 job running.
[12:58:03] Block-level synthesis in progress, 0 of 1 jobs complete, 1 job running.
[12:58:33] Block-level synthesis in progress, 0 of 1 jobs complete, 1 job running.
[12:59:03] Block-level synthesis in progress, 0 of 1 jobs complete, 1 job running.
[12:59:34] Block-level synthesis in progress, 0 of 1 jobs complete, 1 job running.
[13:00:04] Block-level synthesis in progress, 0 of 1 jobs complete, 1 job running.
[13:00:34] Block-level synthesis in progress, 0 of 1 jobs complete, 1 job running.
[13:01:04] Block-level synthesis in progress, 0 of 1 jobs complete, 1 job running.
[13:01:34] Block-level synthesis in progress, 0 of 1 jobs complete, 1 job running.
[13:02:04] Block-level synthesis in progress, 0 of 1 jobs complete, 1 job running.
[13:02:34] Block-level synthesis in progress, 0 of 1 jobs complete, 1 job running.
[13:03:04] Block-level synthesis in progress, 0 of 1 jobs complete, 1 job running.
[13:03:34] Block-level synthesis in progress, 0 of 1 jobs complete, 1 job running.
[13:04:04] Block-level synthesis in progress, 0 of 1 jobs complete, 1 job running.
[13:04:34] Block-level synthesis in progress, 0 of 1 jobs complete, 1 job running.
[13:05:05] Block-level synthesis in progress, 0 of 1 jobs complete, 1 job running.
[13:05:35] Block-level synthesis in progress, 0 of 1 jobs complete, 1 job running.
[13:06:05] Block-level synthesis in progress, 0 of 1 jobs complete, 1 job running.
[13:06:35] Block-level synthesis in progress, 0 of 1 jobs complete, 1 job running.
[13:07:05] Block-level synthesis in progress, 0 of 1 jobs complete, 1 job running.
[13:07:35] Block-level synthesis in progress, 0 of 1 jobs complete, 1 job running.
[13:08:05] Block-level synthesis in progress, 0 of 1 jobs complete, 1 job running.
[13:08:35] Block-level synthesis in progress, 0 of 1 jobs complete, 1 job running.
[13:09:05] Block-level synthesis in progress, 0 of 1 jobs complete, 1 job running.
[13:09:35] Block-level synthesis in progress, 0 of 1 jobs complete, 1 job running.
[13:10:05] Block-level synthesis in progress, 0 of 1 jobs complete, 1 job running.
[13:10:35] Block-level synthesis in progress, 0 of 1 jobs complete, 1 job running.
[13:11:06] Block-level synthesis in progress, 0 of 1 jobs complete, 1 job running.
[13:11:36] Block-level synthesis in progress, 0 of 1 jobs complete, 1 job running.
[13:12:06] Block-level synthesis in progress, 0 of 1 jobs complete, 1 job running.
[13:12:36] Block-level synthesis in progress, 0 of 1 jobs complete, 1 job running.
[13:13:06] Block-level synthesis in progress, 0 of 1 jobs complete, 1 job running.
[13:13:36] Block-level synthesis in progress, 0 of 1 jobs complete, 1 job running.
[13:14:06] Block-level synthesis in progress, 0 of 1 jobs complete, 1 job running.
[13:14:36] Block-level synthesis in progress, 0 of 1 jobs complete, 1 job running.
[13:15:06] Block-level synthesis in progress, 0 of 1 jobs complete, 1 job running.
[13:15:36] Block-level synthesis in progress, 0 of 1 jobs complete, 1 job running.
[13:16:06] Block-level synthesis in progress, 0 of 1 jobs complete, 1 job running.
[13:16:37] Block-level synthesis in progress, 0 of 1 jobs complete, 1 job running.
[13:17:07] Block-level synthesis in progress, 0 of 1 jobs complete, 1 job running.
[13:17:37] Block-level synthesis in progress, 0 of 1 jobs complete, 1 job running.
[13:18:07] Block-level synthesis in progress, 0 of 1 jobs complete, 1 job running.
[13:18:37] Block-level synthesis in progress, 0 of 1 jobs complete, 1 job running.
[13:19:07] Block-level synthesis in progress, 0 of 1 jobs complete, 1 job running.
[13:19:37] Block-level synthesis in progress, 0 of 1 jobs complete, 1 job running.
[13:20:07] Block-level synthesis in progress, 0 of 1 jobs complete, 1 job running.
[13:20:37] Block-level synthesis in progress, 0 of 1 jobs complete, 1 job running.
[13:21:07] Block-level synthesis in progress, 0 of 1 jobs complete, 1 job running.
[13:21:37] Block-level synthesis in progress, 0 of 1 jobs complete, 1 job running.
[13:22:08] Block-level synthesis in progress, 0 of 1 jobs complete, 1 job running.
[13:22:38] Block-level synthesis in progress, 0 of 1 jobs complete, 1 job running.
[13:23:08] Block-level synthesis in progress, 0 of 1 jobs complete, 1 job running.
[13:23:38] Block-level synthesis in progress, 0 of 1 jobs complete, 1 job running.
[13:24:08] Block-level synthesis in progress, 0 of 1 jobs complete, 1 job running.
[13:24:38] Block-level synthesis in progress, 0 of 1 jobs complete, 1 job running.
[13:25:08] Block-level synthesis in progress, 0 of 1 jobs complete, 1 job running.
[13:25:38] Block-level synthesis in progress, 0 of 1 jobs complete, 1 job running.
[13:26:08] Block-level synthesis in progress, 0 of 1 jobs complete, 1 job running.
[13:26:38] Block-level synthesis in progress, 0 of 1 jobs complete, 1 job running.
[13:27:08] Block-level synthesis in progress, 0 of 1 jobs complete, 1 job running.
[13:27:39] Block-level synthesis in progress, 0 of 1 jobs complete, 1 job running.
[13:28:09] Block-level synthesis in progress, 0 of 1 jobs complete, 1 job running.
[13:28:39] Block-level synthesis in progress, 0 of 1 jobs complete, 1 job running.
[13:29:09] Block-level synthesis in progress, 0 of 1 jobs complete, 1 job running.
[13:29:39] Block-level synthesis in progress, 0 of 1 jobs complete, 1 job running.
[13:30:09] Block-level synthesis in progress, 0 of 1 jobs complete, 1 job running.
[13:30:39] Block-level synthesis in progress, 0 of 1 jobs complete, 1 job running.
[13:31:09] Block-level synthesis in progress, 0 of 1 jobs complete, 1 job running.
[13:31:39] Block-level synthesis in progress, 0 of 1 jobs complete, 1 job running.
[13:32:09] Block-level synthesis in progress, 0 of 1 jobs complete, 1 job running.
[13:32:39] Block-level synthesis in progress, 0 of 1 jobs complete, 1 job running.
[13:33:10] Block-level synthesis in progress, 0 of 1 jobs complete, 1 job running.
[13:33:40] Block-level synthesis in progress, 0 of 1 jobs complete, 1 job running.
[13:34:10] Block-level synthesis in progress, 0 of 1 jobs complete, 1 job running.
[13:34:40] Block-level synthesis in progress, 0 of 1 jobs complete, 1 job running.
[13:35:10] Block-level synthesis in progress, 0 of 1 jobs complete, 1 job running.
[13:35:40] Block-level synthesis in progress, 0 of 1 jobs complete, 1 job running.
[13:36:10] Block-level synthesis in progress, 0 of 1 jobs complete, 1 job running.
[13:36:40] Block-level synthesis in progress, 0 of 1 jobs complete, 1 job running.
[13:37:10] Block-level synthesis in progress, 0 of 1 jobs complete, 1 job running.
[13:37:40] Block-level synthesis in progress, 0 of 1 jobs complete, 1 job running.
[13:38:10] Block-level synthesis in progress, 0 of 1 jobs complete, 1 job running.
[13:38:41] Block-level synthesis in progress, 0 of 1 jobs complete, 1 job running.
[13:39:11] Block-level synthesis in progress, 0 of 1 jobs complete, 1 job running.
[13:39:41] Block-level synthesis in progress, 0 of 1 jobs complete, 1 job running.
[13:40:11] Block-level synthesis in progress, 0 of 1 jobs complete, 1 job running.
[13:40:41] Block-level synthesis in progress, 0 of 1 jobs complete, 1 job running.
[13:41:11] Block-level synthesis in progress, 0 of 1 jobs complete, 1 job running.
[13:41:41] Block-level synthesis in progress, 0 of 1 jobs complete, 1 job running.
[13:42:11] Block-level synthesis in progress, 0 of 1 jobs complete, 1 job running.
[13:42:41] Block-level synthesis in progress, 0 of 1 jobs complete, 1 job running.
[13:43:11] Block-level synthesis in progress, 0 of 1 jobs complete, 1 job running.
[13:43:41] Block-level synthesis in progress, 0 of 1 jobs complete, 1 job running.
[13:44:12] Block-level synthesis in progress, 0 of 1 jobs complete, 1 job running.
[13:44:42] Block-level synthesis in progress, 0 of 1 jobs complete, 1 job running.
[13:45:12] Block-level synthesis in progress, 0 of 1 jobs complete, 1 job running.
[13:45:42] Block-level synthesis in progress, 0 of 1 jobs complete, 1 job running.
[13:46:12] Block-level synthesis in progress, 0 of 1 jobs complete, 1 job running.
[13:46:42] Block-level synthesis in progress, 0 of 1 jobs complete, 1 job running.
[13:47:12] Block-level synthesis in progress, 0 of 1 jobs complete, 1 job running.
[13:47:42] Block-level synthesis in progress, 0 of 1 jobs complete, 1 job running.
[13:48:12] Block-level synthesis in progress, 0 of 1 jobs complete, 1 job running.
[13:48:42] Block-level synthesis in progress, 0 of 1 jobs complete, 1 job running.
[13:49:13] Block-level synthesis in progress, 0 of 1 jobs complete, 1 job running.
[13:49:43] Block-level synthesis in progress, 0 of 1 jobs complete, 1 job running.
[13:50:13] Block-level synthesis in progress, 0 of 1 jobs complete, 1 job running.
[13:50:43] Block-level synthesis in progress, 0 of 1 jobs complete, 1 job running.
[13:51:13] Block-level synthesis in progress, 0 of 1 jobs complete, 1 job running.
[13:51:43] Block-level synthesis in progress, 0 of 1 jobs complete, 1 job running.
[13:52:13] Block-level synthesis in progress, 0 of 1 jobs complete, 1 job running.
[13:52:43] Block-level synthesis in progress, 0 of 1 jobs complete, 1 job running.
[13:53:13] Block-level synthesis in progress, 0 of 1 jobs complete, 1 job running.
[13:53:43] Block-level synthesis in progress, 0 of 1 jobs complete, 1 job running.
[13:54:13] Block-level synthesis in progress, 0 of 1 jobs complete, 1 job running.
[13:54:43] Block-level synthesis in progress, 0 of 1 jobs complete, 1 job running.
[13:55:14] Block-level synthesis in progress, 0 of 1 jobs complete, 1 job running.
[13:55:44] Block-level synthesis in progress, 0 of 1 jobs complete, 1 job running.
[13:56:14] Block-level synthesis in progress, 0 of 1 jobs complete, 1 job running.
[13:56:44] Block-level synthesis in progress, 0 of 1 jobs complete, 1 job running.
[13:57:14] Block-level synthesis in progress, 0 of 1 jobs complete, 1 job running.
[13:57:44] Block-level synthesis in progress, 0 of 1 jobs complete, 1 job running.
[13:58:14] Block-level synthesis in progress, 0 of 1 jobs complete, 1 job running.
[13:58:44] Block-level synthesis in progress, 0 of 1 jobs complete, 1 job running.
[13:59:14] Block-level synthesis in progress, 0 of 1 jobs complete, 1 job running.
[13:59:44] Block-level synthesis in progress, 0 of 1 jobs complete, 1 job running.
[14:00:14] Block-level synthesis in progress, 0 of 1 jobs complete, 1 job running.
[14:00:45] Block-level synthesis in progress, 0 of 1 jobs complete, 1 job running.
[14:01:15] Block-level synthesis in progress, 0 of 1 jobs complete, 1 job running.
[14:01:45] Block-level synthesis in progress, 0 of 1 jobs complete, 1 job running.
[14:02:15] Block-level synthesis in progress, 0 of 1 jobs complete, 1 job running.
[14:02:45] Block-level synthesis in progress, 0 of 1 jobs complete, 1 job running.
[14:03:15] Block-level synthesis in progress, 0 of 1 jobs complete, 1 job running.
[14:03:45] Block-level synthesis in progress, 0 of 1 jobs complete, 1 job running.
[14:04:15] Block-level synthesis in progress, 0 of 1 jobs complete, 1 job running.
[14:04:45] Block-level synthesis in progress, 0 of 1 jobs complete, 1 job running.
[14:05:15] Block-level synthesis in progress, 0 of 1 jobs complete, 1 job running.
[14:05:45] Block-level synthesis in progress, 0 of 1 jobs complete, 1 job running.
[14:06:16] Block-level synthesis in progress, 0 of 1 jobs complete, 1 job running.
[14:06:46] Block-level synthesis in progress, 0 of 1 jobs complete, 1 job running.
[14:07:16] Block-level synthesis in progress, 0 of 1 jobs complete, 1 job running.
[14:07:46] Block-level synthesis in progress, 0 of 1 jobs complete, 1 job running.
[14:08:16] Block-level synthesis in progress, 0 of 1 jobs complete, 1 job running.
[14:08:46] Block-level synthesis in progress, 0 of 1 jobs complete, 1 job running.
[14:09:16] Block-level synthesis in progress, 0 of 1 jobs complete, 1 job running.
[14:09:46] Block-level synthesis in progress, 0 of 1 jobs complete, 1 job running.
[14:10:16] Block-level synthesis in progress, 0 of 1 jobs complete, 1 job running.
[14:10:46] Block-level synthesis in progress, 0 of 1 jobs complete, 1 job running.
[14:11:16] Block-level synthesis in progress, 0 of 1 jobs complete, 1 job running.
[14:11:47] Block-level synthesis in progress, 0 of 1 jobs complete, 1 job running.
[14:12:17] Block-level synthesis in progress, 0 of 1 jobs complete, 1 job running.
[14:12:47] Block-level synthesis in progress, 0 of 1 jobs complete, 1 job running.
[14:13:17] Block-level synthesis in progress, 0 of 1 jobs complete, 1 job running.
[14:13:47] Block-level synthesis in progress, 0 of 1 jobs complete, 1 job running.
[14:14:17] Block-level synthesis in progress, 0 of 1 jobs complete, 1 job running.
[14:14:47] Block-level synthesis in progress, 0 of 1 jobs complete, 1 job running.
[14:15:17] Block-level synthesis in progress, 0 of 1 jobs complete, 1 job running.
[14:15:47] Block-level synthesis in progress, 0 of 1 jobs complete, 1 job running.
[14:16:17] Block-level synthesis in progress, 0 of 1 jobs complete, 1 job running.
[14:16:47] Block-level synthesis in progress, 0 of 1 jobs complete, 1 job running.
[14:17:18] Block-level synthesis in progress, 0 of 1 jobs complete, 1 job running.
[14:17:48] Block-level synthesis in progress, 0 of 1 jobs complete, 1 job running.
[14:18:18] Block-level synthesis in progress, 0 of 1 jobs complete, 1 job running.
[14:18:48] Block-level synthesis in progress, 0 of 1 jobs complete, 1 job running.
[14:19:18] Block-level synthesis in progress, 0 of 1 jobs complete, 1 job running.
[14:19:48] Block-level synthesis in progress, 0 of 1 jobs complete, 1 job running.
[14:20:18] Block-level synthesis in progress, 0 of 1 jobs complete, 1 job running.
[14:20:48] Block-level synthesis in progress, 0 of 1 jobs complete, 1 job running.
[14:21:18] Block-level synthesis in progress, 0 of 1 jobs complete, 1 job running.
[14:21:48] Block-level synthesis in progress, 0 of 1 jobs complete, 1 job running.
[14:22:18] Block-level synthesis in progress, 0 of 1 jobs complete, 1 job running.
[14:22:48] Block-level synthesis in progress, 0 of 1 jobs complete, 1 job running.
[14:23:19] Block-level synthesis in progress, 0 of 1 jobs complete, 1 job running.
[14:23:49] Block-level synthesis in progress, 0 of 1 jobs complete, 1 job running.
[14:24:19] Block-level synthesis in progress, 0 of 1 jobs complete, 1 job running.
[14:24:49] Block-level synthesis in progress, 0 of 1 jobs complete, 1 job running.
[14:25:19] Block-level synthesis in progress, 0 of 1 jobs complete, 1 job running.
[14:25:49] Block-level synthesis in progress, 0 of 1 jobs complete, 1 job running.
[14:26:19] Block-level synthesis in progress, 0 of 1 jobs complete, 1 job running.
[14:26:49] Block-level synthesis in progress, 0 of 1 jobs complete, 1 job running.
[14:27:19] Block-level synthesis in progress, 0 of 1 jobs complete, 1 job running.
[14:27:49] Block-level synthesis in progress, 0 of 1 jobs complete, 1 job running.
[14:28:19] Block-level synthesis in progress, 0 of 1 jobs complete, 1 job running.
[14:28:50] Block-level synthesis in progress, 0 of 1 jobs complete, 1 job running.
[14:29:20] Block-level synthesis in progress, 0 of 1 jobs complete, 1 job running.
[14:29:50] Block-level synthesis in progress, 0 of 1 jobs complete, 1 job running.
[14:30:20] Block-level synthesis in progress, 0 of 1 jobs complete, 1 job running.
[14:30:50] Block-level synthesis in progress, 0 of 1 jobs complete, 1 job running.
[14:31:20] Block-level synthesis in progress, 0 of 1 jobs complete, 1 job running.
[14:31:50] Block-level synthesis in progress, 0 of 1 jobs complete, 1 job running.
[14:32:20] Block-level synthesis in progress, 0 of 1 jobs complete, 1 job running.
[14:32:50] Block-level synthesis in progress, 0 of 1 jobs complete, 1 job running.
[14:33:20] Block-level synthesis in progress, 0 of 1 jobs complete, 1 job running.
[14:33:50] Block-level synthesis in progress, 0 of 1 jobs complete, 1 job running.
[14:34:21] Block-level synthesis in progress, 0 of 1 jobs complete, 1 job running.
[14:34:51] Block-level synthesis in progress, 0 of 1 jobs complete, 1 job running.
[14:35:21] Block-level synthesis in progress, 0 of 1 jobs complete, 1 job running.
[14:35:51] Block-level synthesis in progress, 0 of 1 jobs complete, 1 job running.
[14:36:21] Block-level synthesis in progress, 0 of 1 jobs complete, 1 job running.
[14:36:51] Block-level synthesis in progress, 0 of 1 jobs complete, 1 job running.
[14:37:21] Block-level synthesis in progress, 0 of 1 jobs complete, 1 job running.
[14:37:51] Block-level synthesis in progress, 0 of 1 jobs complete, 1 job running.
[14:38:21] Block-level synthesis in progress, 0 of 1 jobs complete, 1 job running.
[14:38:51] Block-level synthesis in progress, 0 of 1 jobs complete, 1 job running.
[14:39:21] Block-level synthesis in progress, 0 of 1 jobs complete, 1 job running.
[14:39:52] Block-level synthesis in progress, 0 of 1 jobs complete, 1 job running.
[14:40:22] Block-level synthesis in progress, 0 of 1 jobs complete, 1 job running.
[14:40:52] Block-level synthesis in progress, 0 of 1 jobs complete, 1 job running.
[14:41:22] Block-level synthesis in progress, 0 of 1 jobs complete, 1 job running.
[14:41:52] Block-level synthesis in progress, 0 of 1 jobs complete, 1 job running.
[14:42:22] Block-level synthesis in progress, 0 of 1 jobs complete, 1 job running.
[14:42:52] Block-level synthesis in progress, 0 of 1 jobs complete, 1 job running.
[14:43:22] Block-level synthesis in progress, 0 of 1 jobs complete, 1 job running.
[14:43:52] Block-level synthesis in progress, 0 of 1 jobs complete, 1 job running.
[14:44:22] Block-level synthesis in progress, 0 of 1 jobs complete, 1 job running.
[14:44:52] Block-level synthesis in progress, 0 of 1 jobs complete, 1 job running.
[14:45:23] Block-level synthesis in progress, 0 of 1 jobs complete, 1 job running.
[14:45:53] Block-level synthesis in progress, 0 of 1 jobs complete, 1 job running.
[14:46:23] Block-level synthesis in progress, 0 of 1 jobs complete, 1 job running.
[14:46:53] Block-level synthesis in progress, 0 of 1 jobs complete, 1 job running.
[14:47:23] Block-level synthesis in progress, 0 of 1 jobs complete, 1 job running.
[14:47:53] Block-level synthesis in progress, 0 of 1 jobs complete, 1 job running.
[14:48:23] Block-level synthesis in progress, 0 of 1 jobs complete, 1 job running.
[14:48:53] Block-level synthesis in progress, 0 of 1 jobs complete, 1 job running.
[14:49:23] Block-level synthesis in progress, 0 of 1 jobs complete, 1 job running.
[14:49:53] Block-level synthesis in progress, 0 of 1 jobs complete, 1 job running.
[14:50:23] Block-level synthesis in progress, 0 of 1 jobs complete, 1 job running.
[14:50:54] Block-level synthesis in progress, 0 of 1 jobs complete, 1 job running.
[14:51:24] Block-level synthesis in progress, 0 of 1 jobs complete, 1 job running.
[14:51:54] Block-level synthesis in progress, 0 of 1 jobs complete, 1 job running.
[14:52:24] Block-level synthesis in progress, 0 of 1 jobs complete, 1 job running.
[14:52:54] Block-level synthesis in progress, 0 of 1 jobs complete, 1 job running.
[14:53:24] Block-level synthesis in progress, 0 of 1 jobs complete, 1 job running.
[14:53:54] Block-level synthesis in progress, 0 of 1 jobs complete, 1 job running.
[14:54:24] Block-level synthesis in progress, 0 of 1 jobs complete, 1 job running.
[14:54:54] Block-level synthesis in progress, 0 of 1 jobs complete, 1 job running.
[14:55:25] Block-level synthesis in progress, 0 of 1 jobs complete, 1 job running.
[14:55:55] Block-level synthesis in progress, 0 of 1 jobs complete, 1 job running.
[14:56:25] Block-level synthesis in progress, 0 of 1 jobs complete, 1 job running.
[14:56:55] Block-level synthesis in progress, 0 of 1 jobs complete, 1 job running.
[14:57:25] Block-level synthesis in progress, 0 of 1 jobs complete, 1 job running.
[14:57:55] Block-level synthesis in progress, 0 of 1 jobs complete, 1 job running.
[14:58:25] Block-level synthesis in progress, 0 of 1 jobs complete, 1 job running.
[14:58:55] Block-level synthesis in progress, 0 of 1 jobs complete, 1 job running.
[14:59:25] Block-level synthesis in progress, 0 of 1 jobs complete, 1 job running.
[14:59:55] Block-level synthesis in progress, 0 of 1 jobs complete, 1 job running.
[15:00:26] Block-level synthesis in progress, 0 of 1 jobs complete, 1 job running.
[15:00:56] Block-level synthesis in progress, 0 of 1 jobs complete, 1 job running.
[15:01:26] Block-level synthesis in progress, 0 of 1 jobs complete, 1 job running.
[15:01:56] Block-level synthesis in progress, 0 of 1 jobs complete, 1 job running.
[15:02:26] Block-level synthesis in progress, 0 of 1 jobs complete, 1 job running.
[15:02:56] Block-level synthesis in progress, 0 of 1 jobs complete, 1 job running.
[15:03:26] Block-level synthesis in progress, 0 of 1 jobs complete, 1 job running.
[15:03:56] Block-level synthesis in progress, 0 of 1 jobs complete, 1 job running.
[15:04:26] Block-level synthesis in progress, 1 of 1 jobs complete, 0 jobs running.
[15:04:56] Top-level synthesis in progress.
[15:05:27] Top-level synthesis in progress.
[15:06:09] Run vpl: Step synth: Completed
[15:06:09] Run vpl: Step impl: Started
[15:28:14] Finished 2nd of 6 tasks (FPGA linking synthesized kernels to platform). Elapsed time: 04h 19m 22s 

[15:28:14] Starting logic optimization..
[15:28:44] Phase 1 Initialization
[15:28:44] Phase 1.1 Core Generation And Design Setup
[15:29:15] Phase 1.1.1 Generate And Synthesize MIG Cores
[15:39:17] Phase 1.1.2 Generate And Synthesize Debug Cores
[15:43:18] Phase 1.2 Setup Constraints And Sort Netlist
[15:43:18] Phase 2 Timer Update And Timing Data Collection
[15:43:18] Phase 2.1 Timer Update
[15:43:49] Phase 2.2 Timing Data Collection
[15:44:19] Phase 3 Retarget
[15:44:49] Phase 4 Constant propagation
[15:45:19] Phase 5 Sweep
[15:46:49] Phase 6 BUFG optimization
[15:47:20] Phase 7 Shift Register Optimization
[15:47:20] Phase 8 Post Processing Netlist
[15:47:50] Phase 9 Finalization
[15:47:50] Phase 9.1 Finalizing Design Cores and Updating Shapes
[15:49:20] Phase 9.2 Verifying Netlist Connectivity
[15:50:20] Finished 3rd of 6 tasks (FPGA logic optimization). Elapsed time: 00h 22m 05s 

[15:50:20] Starting logic placement..
[15:51:21] Phase 1 Placer Initialization
[15:51:21] Phase 1.1 Placer Initialization Netlist Sorting
[15:59:23] Phase 1.2 IO Placement/ Clock Placement/ Build Placer Device
[16:02:24] Phase 1.3 Build Placer Netlist Model
[16:09:25] Phase 1.4 Constrain Clocks/Macros
[16:09:56] Phase 2 Global Placement
[16:09:56] Phase 2.1 Floorplanning
[16:19:59] Phase 2.1.1 Partition Driven Placement
[16:19:59] Phase 2.1.1.1 PBP: Partition Driven Placement
[16:34:04] Phase 2.1.1.2 PBP: Clock Region Placement
[16:44:41] Phase 2.1.1.3 PBP: Discrete Incremental
[16:46:42] Phase 2.1.1.4 PBP: Compute Congestion
[16:47:12] Phase 2.1.1.5 PBP: Macro Placement
[16:47:43] Phase 2.1.1.6 PBP: UpdateTiming
[16:48:43] Phase 2.2 Physical Synthesis After Floorplan
[16:50:45] Phase 2.3 Update Timing before SLR Path Opt
[16:51:15] Phase 2.4 Post-Processing in Floorplanning
[16:51:15] Phase 2.5 Global Place Phase1
[17:14:31] Phase 2.6 Global Place Phase2
[17:14:31] Phase 2.6.1 UpdateTiming Before Physical Synthesis
[17:16:02] Phase 2.6.2 Physical Synthesis In Placer
[17:31:43] Phase 3 Detail Placement
[17:32:44] Phase 3.1 Commit Multi Column Macros
[17:33:14] Phase 3.2 Commit Most Macros & LUTRAMs
[17:48:24] Phase 3.3 Small Shape DP
[17:48:24] Phase 3.3.1 Small Shape Clustering
[17:53:58] Phase 3.3.2 Slice Area Swap
[17:54:29] Phase 3.3.2.1 Slice Area Swap Initial
[18:03:05] Phase 3.4 Place Remaining
[18:04:06] Phase 3.5 Re-assign LUT pins
[18:06:07] Phase 3.6 Pipeline Register Optimization
[18:07:08] Phase 3.7 Fast Optimization
[18:11:41] Phase 4 Post Placement Optimization and Clean-Up
[18:11:41] Phase 4.1 Post Commit Optimization
[18:15:44] Phase 4.1.1 Post Placement Optimization
[18:16:14] Phase 4.1.1.1 BUFG Insertion
[18:16:14] Phase 1 Physical Synthesis Initialization
[18:18:16] Phase 4.1.1.2 BUFG Replication
[18:18:16] Phase 4.1.1.3 Post Placement Timing Optimization
[18:25:51] Phase 4.1.1.4 Replication
[18:28:23] Phase 4.2 Post Placement Cleanup
[18:28:23] Phase 4.3 Placer Reporting
[18:28:23] Phase 4.3.1 Print Estimated Congestion
[18:28:23] Phase 4.4 Final Placement Cleanup
[19:08:54] Run vpl: Step impl: Failed
[19:08:55] Run vpl: FINISHED. Run Status: impl ERROR

===>The following messages were generated while processing /home/devsounio/cs6_chained_taylor41_20260804/xclbin-build3/_x_link/link/vivado/vpl/prj/prj.runs/impl_1 :
ERROR: [VPL 78-110] Invalid part string Project

===>The following messages were generated while  creating FPGA bitstream. Log file: /home/devsounio/cs6_chained_taylor41_20260804/xclbin-build3/_x_link/link/vivado/vpl/runme.log :
ERROR: [VPL 12-13638] Failed runs(s) : 'impl_1'
ERROR: [VPL 60-773] In '/home/devsounio/cs6_chained_taylor41_20260804/xclbin-build3/_x_link/link/vivado/vpl/runme.log', caught Tcl error:  ERROR: [Common 17-39] 'wait_on_runs' failed due to earlier errors.
WARNING: [VPL 60-732] Link warning: No monitor points found for BD automation.
WARNING: [VPL 60-732] Link warning: The available LUTs may not be sufficient to accommodate the kernels
ERROR: [VPL 60-704] Integration error, Failed to complete hardware generation. The run name is 'impl_1'. An error stack with function names and arguments may be available in the 'vivado.log'.
ERROR: [VPL 60-1328] Vpl run 'vpl' failed
ERROR: [VPL 60-806] Failed to finish platform linker
INFO: [v++ 60-1442] [19:08:55] Run run_link: Step vpl: Failed
Time (s): cpu = 00:02:33 ; elapsed = 08:00:04 . Memory (MB): peak = 515.836 ; gain = 0.000 ; free physical = 39909 ; free virtual = 76215
ERROR: [v++ 60-661] v++ link run 'run_link' failed
ERROR: [v++ 60-626] Kernel link failed to complete
ERROR: [v++ 60-703] Failed to finish linking
INFO: [v++ 60-1653] Closing dispatch client.
