Copyright 1986-2022 Xilinx, Inc. All Rights Reserved. Copyright 2022-2025 Advanced Micro Devices, Inc. All Rights Reserved.
--------------------------------------------------------------------------------------------------------------------------------------------------------------------------------------------------------------------------------------------
| Tool Version : Vivado v.2025.1 (lin64) Build 6140274 Wed May 21 22:58:25 MDT 2025
| Date         : Tue Aug  4 22:36:37 2026
| Host         : vitis-u250-builder running 64-bit Ubuntu 22.04.5 LTS
| Command      : report_accelerator_utilization -kernels { target23_chained_taylor41:level0_i/level1/level1_i/ulp/target23_chained_taylor41_1/inst:target23_chained_taylor41_1} -file kernel_util_placed.rpt -name kernel_util_placed -json
| Design       : level0_wrapper
| Device       : xcu250
| Design State : Fully Placed
--------------------------------------------------------------------------------------------------------------------------------------------------------------------------------------------------------------------------------------------

Accelerator Utilization Design Information

Table of Contents
-----------------
1. System Utilization

1. System Utilization
---------------------

+--------------------------------+-------------------+------------------+-------------------+----------------+----------------+-----------------+
| Name                           | LUT               | LUTAsMem         | REG               | BRAM           | URAM           | DSP             |
+--------------------------------+-------------------+------------------+-------------------+----------------+----------------+-----------------+
| Platform                       |  107408 [  6.22%] |  12322 [  1.56%] |  178652 [  5.17%] |  185 [  6.88%] |    0 [  0.00%] |     7 [  0.06%] |
| User Budget                    | 1618800 [100.00%] | 777870 [100.00%] | 3273764 [100.00%] | 2503 [100.00%] | 1280 [100.00%] | 12281 [100.00%] |
|    Used Resources              | 1362459 [ 84.16%] |   8032 [  1.03%] |  627001 [ 19.15%] | 1157 [ 46.22%] |    0 [  0.00%] |  3211 [ 26.15%] |
|    Unused Resources            |  256341 [ 15.84%] | 769838 [ 98.97%] | 2646763 [ 80.85%] | 1346 [ 53.78%] | 1280 [100.00%] |  9070 [ 73.85%] |
| target23_chained_taylor41      | 1362459 [ 84.16%] |   8032 [  1.03%] |  627001 [ 19.15%] | 1157 [ 46.22%] |    0 [  0.00%] |  3211 [ 26.15%] |
|    target23_chained_taylor41_1 | 1362459 [ 84.16%] |   8032 [  1.03%] |  627001 [ 19.15%] | 1157 [ 46.22%] |    0 [  0.00%] |  3211 [ 26.15%] |
+--------------------------------+-------------------+------------------+-------------------+----------------+----------------+-----------------+


