Copyright 1986-2022 Xilinx, Inc. All Rights Reserved. Copyright 2022-2025 Advanced Micro Devices, Inc. All Rights Reserved.
---------------------------------------------------------------------------------------------------------------------------------------------
| Tool Version : Vivado v.2025.1 (lin64) Build 6140274 Wed May 21 22:58:25 MDT 2025
| Date         : Tue Aug  4 22:37:48 2026
| Host         : vitis-u250-builder running 64-bit Ubuntu 22.04.5 LTS
| Command      : report_utilization -slr -file slr_util_placed.rpt -pb slr_util_placed.pb
| Design       : level0_wrapper
| Device       : xcu250-figd2104-2L-e
| Speed File   : -2L
| Design State : Fully Placed
---------------------------------------------------------------------------------------------------------------------------------------------

Utilization Design Information

Table of Contents
-----------------
1. SLR Connectivity
2. SLR Connectivity Matrix
3. SLR CLB Logic and Dedicated Block Utilization
4. SLR IO Utilization

1. SLR Connectivity
-------------------

+----------------------------------+-------+-------+-----------+-------+
|                                  |  Used | Fixed | Available | Util% |
+----------------------------------+-------+-------+-----------+-------+
| SLR3 <-> SLR2                    | 10414 |       |     23040 | 45.20 |
|   SLR2 -> SLR3                   |  3449 |       |           | 14.97 |
|     Using TX_REG only            |     0 |     0 |           |       |
|     Using RX_REG only            |     0 |     0 |           |       |
|     Using Both TX_REG and RX_REG |     0 |     0 |           |       |
|   SLR3 -> SLR2                   |  6965 |       |           | 30.23 |
|     Using TX_REG only            |     0 |     0 |           |       |
|     Using RX_REG only            |   557 |     0 |           |       |
|     Using Both TX_REG and RX_REG |     0 |     0 |           |       |
| SLR2 <-> SLR1                    |  9123 |       |     23040 | 39.60 |
|   SLR1 -> SLR2                   |  4393 |       |           | 19.07 |
|     Using TX_REG only            |     0 |     0 |           |       |
|     Using RX_REG only            |     0 |     0 |           |       |
|     Using Both TX_REG and RX_REG |     0 |     0 |           |       |
|   SLR2 -> SLR1                   |  4730 |       |           | 20.53 |
|     Using TX_REG only            |     0 |     0 |           |       |
|     Using RX_REG only            |     0 |     0 |           |       |
|     Using Both TX_REG and RX_REG |     0 |     0 |           |       |
| SLR1 <-> SLR0                    | 10751 |       |     23040 | 46.66 |
|   SLR0 -> SLR1                   |  5011 |       |           | 21.75 |
|     Using TX_REG only            |     0 |     0 |           |       |
|     Using RX_REG only            |     0 |     0 |           |       |
|     Using Both TX_REG and RX_REG |     0 |     0 |           |       |
|   SLR1 -> SLR0                   |  5740 |       |           | 24.91 |
|     Using TX_REG only            |     0 |     0 |           |       |
|     Using RX_REG only            |     0 |     0 |           |       |
|     Using Both TX_REG and RX_REG |     0 |     0 |           |       |
+----------------------------------+-------+-------+-----------+-------+
| Total SLLs Used                  | 30288 |       |           |       |
+----------------------------------+-------+-------+-----------+-------+


2. SLR Connectivity Matrix
--------------------------

+-----------+------+------+------+------+
| FROM \ TO | SLR3 | SLR2 | SLR1 | SLR0 |
+-----------+------+------+------+------+
| SLR3      |    0 | 6918 |   39 |    8 |
| SLR2      | 2791 |    0 | 2169 | 2514 |
| SLR1      |  211 | 2961 |    0 | 3218 |
| SLR0      |  447 |  774 | 3790 |    0 |
+-----------+------+------+------+------+


3. SLR CLB Logic and Dedicated Block Utilization
------------------------------------------------

+----------------------------+--------+--------+--------+--------+--------+--------+--------+--------+
|          Site Type         |  SLR0  |  SLR1  |  SLR2  |  SLR3  | SLR0 % | SLR1 % | SLR2 % | SLR3 % |
+----------------------------+--------+--------+--------+--------+--------+--------+--------+--------+
| CLB                        |  52151 |  41227 |  52785 |  52216 |  96.58 |  76.35 |  97.75 |  96.70 |
|   CLBL                     |  28034 |  21982 |  28382 |  28347 |  95.74 |  75.08 |  96.93 |  96.81 |
|   CLBM                     |  24117 |  19245 |  24403 |  23869 |  97.56 |  77.85 |  98.72 |  96.56 |
| CLB LUTs                   | 400185 | 261925 | 405446 | 402024 |  92.64 |  60.63 |  93.85 |  93.06 |
|   LUT as Logic             | 394885 | 254950 | 401076 | 398315 |  91.41 |  59.02 |  92.84 |  92.20 |
|     using O5 output only   |    580 |   1971 |    215 |     49 |   0.13 |   0.46 |   0.05 |   0.01 |
|     using O6 output only   | 304714 | 192377 | 346438 | 372516 |  70.54 |  44.53 |  80.19 |  86.23 |
|     using O5 and O6        |  89591 |  60602 |  54423 |  25750 |  20.74 |  14.03 |  12.60 |   5.96 |
|   LUT as Memory            |   5300 |   6975 |   4370 |   3709 |   2.68 |   3.53 |   2.21 |   1.88 |
|     LUT as Distributed RAM |   2824 |   2266 |    302 |    302 |   1.43 |   1.15 |   0.15 |   0.15 |
|       using O6 output only |      4 |     86 |      2 |      2 |  <0.01 |   0.04 |  <0.01 |  <0.01 |
|       using O5 and O6      |   2820 |   2180 |    300 |    300 |   1.43 |   1.10 |   0.15 |   0.15 |
|     LUT as Shift Register  |   2476 |   4709 |   4068 |   3407 |   1.25 |   2.38 |   2.06 |   1.72 |
|       using O6 output only |   2441 |   3901 |   4061 |   3407 |   1.23 |   1.97 |   2.05 |   1.72 |
|       using O5 and O6      |     35 |    808 |      7 |      0 |   0.02 |   0.41 |  <0.01 |   0.00 |
| CLB Registers              | 242216 | 216666 | 183522 | 163249 |  28.03 |  25.08 |  21.24 |  18.89 |
| CARRY8                     |  26699 |  14714 |  31974 |  33234 |  49.44 |  27.25 |  59.21 |  61.54 |
| F7 Muxes                   |   6362 |   1092 |   5130 |   2038 |   2.95 |   0.51 |   2.38 |   0.94 |
| F8 Muxes                   |   2191 |    420 |   1599 |    865 |   2.03 |   0.39 |   1.48 |   0.80 |
| F9 Muxes                   |      0 |      0 |      0 |      0 |   0.00 |   0.00 |   0.00 |   0.00 |
| Block RAM Tile             |    606 |  158.5 |    418 |    160 |  90.18 |  23.59 |  62.20 |  23.81 |
|   RAMB36/FIFO              |    605 |    155 |    418 |    160 |  90.03 |  23.07 |  62.20 |  23.81 |
|   RAMB18                   |      2 |      7 |      0 |      0 |   0.15 |   0.52 |   0.00 |   0.00 |
| URAM                       |      0 |      0 |      0 |      0 |   0.00 |   0.00 |   0.00 |   0.00 |
| DSPs                       |   1524 |    849 |    845 |      0 |  49.61 |  27.64 |  27.51 |   0.00 |
| Unique Control Sets        |   2142 |   3481 |    313 |     72 |   1.98 |   3.22 |   0.29 |   0.07 |
+----------------------------+--------+--------+--------+--------+--------+--------+--------+--------+
* Note: Available Control Sets based on CLB Registers / 8


4. SLR IO Utilization
---------------------

+-----------+-----------+---------+------------+----------+------------+----------+-----+
| SLR Index | Used IOBs | (%)IOBs | Used IPADs | (%)IPADs | Used OPADs | (%)OPADs | GTs |
+-----------+-----------+---------+------------+----------+------------+----------+-----+
| SLR3      |         0 |    0.00 |          0 |     0.00 |          0 |     0.00 |   0 |
| SLR2      |         0 |    0.00 |          0 |     0.00 |          0 |     0.00 |   0 |
| SLR1      |        20 |    9.62 |          0 |     0.00 |          0 |     0.00 |  16 |
| SLR0      |       139 |   89.10 |          0 |     0.00 |          0 |     0.00 |   0 |
+-----------+-----------+---------+------------+----------+------------+----------+-----+
| Total     |       159 |         |          0 |          |          0 |          |  16 |
+-----------+-----------+---------+------------+----------+------------+----------+-----+


