Copyright 1986-2022 Xilinx, Inc. All Rights Reserved. Copyright 2022-2025 Advanced Micro Devices, Inc. All Rights Reserved.
---------------------------------------------------------------------------------------------------------------------------------------------
| Tool Version : Vivado v.2025.1 (lin64) Build 6140274 Wed May 21 22:58:25 MDT 2025
| Date         : Tue Aug  4 19:34:25 2026
| Host         : vitis-u250-builder running 64-bit Ubuntu 22.04.5 LTS
| Command      : report_utilization -file full_util_synthed.rpt -pb full_util_synthed.pb
| Design       : level0_wrapper
| Device       : xcu250-figd2104-2L-e
| Speed File   : -2L
| Design State : Physopt postRoute
---------------------------------------------------------------------------------------------------------------------------------------------

Utilization Design Information

Table of Contents
-----------------
1. CLB Logic
1.1 Summary of Registers by Type
2. BLOCKRAM
3. ARITHMETIC
4. I/O
5. CLOCK
6. ADVANCED
7. CONFIGURATION
8. Primitives
9. Black Boxes
10. Instantiated Netlists
11. SLR Connectivity
12. SLR Connectivity Matrix
13. SLR CLB Logic and Dedicated Block Utilization
14. SLR IO Utilization

1. CLB Logic
------------

+----------------------------+---------+-------+------------+-----------+-------+
|          Site Type         |   Used  | Fixed | Prohibited | Available | Util% |
+----------------------------+---------+-------+------------+-----------+-------+
| CLB LUTs*                  | 1488104 | 66104 |       1784 |   1726216 | 86.21 |
|   LUT as Logic             | 1464554 | 61477 |       1784 |   1726216 | 84.84 |
|   LUT as Memory            |   23550 |  4627 |        840 |    790200 |  2.98 |
|     LUT as Distributed RAM |    6926 |   884 |            |           |       |
|     LUT as Shift Register  |   16624 |  3743 |            |           |       |
| CLB Registers              |  817661 | 99159 |       3568 |   3452432 | 23.68 |
|   Register as Flip Flop    |  817659 | 99158 |       3568 |   3452432 | 23.68 |
|   Register as Latch        |       0 |     0 |       3568 |   3452432 |  0.00 |
|   Register as AND/OR       |       2 |     1 |       3568 |   3452432 | <0.01 |
| CARRY8                     |  106758 |   367 |        223 |    215777 | 49.48 |
| F7 Muxes                   |   14724 |   705 |        892 |    863108 |  1.71 |
| F8 Muxes                   |    5075 |   261 |        446 |    431554 |  1.18 |
| F9 Muxes                   |       0 |     0 |        223 |    215777 |  0.00 |
+----------------------------+---------+-------+------------+-----------+-------+
* Warning! The Final LUT count, after physical optimizations and full implementation, is typically lower. Run opt_design after synthesis, if not already completed, for a more realistic count.
Warning! LUT value is adjusted to account for LUT combining.
Warning! For any ECO changes, please run place_design if there are unplaced instances


1.1 Summary of Registers by Type
--------------------------------

+--------+--------------+-------------+--------------+
|  Total | Clock Enable | Synchronous | Asynchronous |
+--------+--------------+-------------+--------------+
| 2      |            _ |           - |            - |
| 0      |            _ |           - |          Set |
| 0      |            _ |           - |        Reset |
| 0      |            _ |         Set |            - |
| 0      |            _ |       Reset |            - |
| 0      |          Yes |           - |            - |
| 798    |          Yes |           - |          Set |
| 2128   |          Yes |           - |        Reset |
| 3593   |          Yes |         Set |            - |
| 811140 |          Yes |       Reset |            - |
+--------+--------------+-------------+--------------+


2. BLOCKRAM
-----------

+-------------------+--------+-------+------------+-----------+-------+
|     Site Type     |  Used  | Fixed | Prohibited | Available | Util% |
+-------------------+--------+-------+------------+-----------+-------+
| Block RAM Tile    | 1342.5 |     0 |          0 |      2688 | 49.94 |
|   RAMB36/FIFO*    |   1338 |   102 |          0 |      2688 | 49.78 |
|     RAMB36E2 only |   1338 |       |            |           |       |
|   RAMB18          |      9 |     4 |          0 |      5376 |  0.17 |
|     RAMB18E2 only |      9 |       |            |           |       |
| URAM              |      0 |     0 |          0 |      1280 |  0.00 |
+-------------------+--------+-------+------------+-----------+-------+
* Note: Each Block RAM Tile only has one FIFO logic available and therefore can accommodate only one FIFO36E2 or one FIFO18E2. However, if a FIFO18E2 occupies a Block RAM Tile, that tile can still accommodate a RAMB18E2


3. ARITHMETIC
-------------

+----------------+------+-------+------------+-----------+-------+
|    Site Type   | Used | Fixed | Prohibited | Available | Util% |
+----------------+------+-------+------------+-----------+-------+
| DSPs           | 3218 |     4 |          0 |     12288 | 26.19 |
|   DSP48E2 only | 3218 |       |            |           |       |
+----------------+------+-------+------------+-----------+-------+


4. I/O
------

+------------------+------+-------+------------+-----------+-------+
|     Site Type    | Used | Fixed | Prohibited | Available | Util% |
+------------------+------+-------+------------+-----------+-------+
| Bonded IOB       |  159 |   159 |          0 |       676 | 23.52 |
|   HPIOB_M        |   78 |    78 |          0 |       312 | 25.00 |
|     INPUT        |    7 |       |            |           |       |
|     OUTPUT       |   17 |       |            |           |       |
|     BIDIR        |   54 |       |            |           |       |
|   HPIOB_S        |   76 |    76 |          0 |       312 | 24.36 |
|     INPUT        |    6 |       |            |           |       |
|     OUTPUT       |   16 |       |            |           |       |
|     BIDIR        |   54 |       |            |           |       |
|   HPIOB_SNGL     |    5 |     5 |          0 |        52 |  9.62 |
|     INPUT        |    1 |       |            |           |       |
|     OUTPUT       |    4 |       |            |           |       |
|     BIDIR        |    0 |       |            |           |       |
| HPIOBDIFFINBUF   |   20 |    20 |          0 |       384 |  5.21 |
|   DIFFINBUF      |   20 |    20 |            |           |       |
| HPIOBDIFFOUTBUF  |    0 |     0 |          0 |       384 |  0.00 |
| BITSLICE_CONTROL |    0 |     0 |          0 |       128 |  0.00 |
| BITSLICE_RX_TX   |  117 |   117 |          0 |      4992 |  2.34 |
|   RXTX_BITSLICE  |  117 |   117 |            |           |       |
| BITSLICE_TX      |    0 |     0 |          0 |       128 |  0.00 |
| RIU_OR           |    0 |     0 |          0 |        64 |  0.00 |
+------------------+------+-------+------------+-----------+-------+


5. CLOCK
--------

+------------+------+-------+------------+-----------+-------+
|  Site Type | Used | Fixed | Prohibited | Available | Util% |
+------------+------+-------+------------+-----------+-------+
| BUFGCE     |   24 |     8 |          0 |       384 |  6.25 |
| BUFGCE_DIV |    1 |     1 |          0 |        64 |  1.56 |
| BUFG_GT    |   22 |    22 |          0 |       768 |  2.86 |
| BUFGCTRL*  |    1 |     1 |          0 |       128 |  0.78 |
| PLL        |    4 |     1 |          0 |        32 | 12.50 |
| MMCM       |    4 |     1 |          0 |        16 | 25.00 |
+------------+------+-------+------------+-----------+-------+
* Note: Each used BUFGCTRL counts as two GLOBAL CLOCK BUFFERs. This table does not include global clocking resources, only buffer cell usage. See the Clock Utilization Report (report_clock_utilization) for detailed accounting of global clocking resource availability.


6. ADVANCED
-----------

+-----------------+------+-------+------------+-----------+-------+
|    Site Type    | Used | Fixed | Prohibited | Available | Util% |
+-----------------+------+-------+------------+-----------+-------+
| CMACE4          |    0 |     0 |          0 |        12 |  0.00 |
| GTYE4_CHANNEL   |   16 |    16 |          0 |        24 | 66.67 |
| GTYE4_COMMON    |    4 |     4 |          0 |         6 | 66.67 |
| ILKNE4          |    0 |     0 |          0 |         8 |  0.00 |
| OBUFDS_GTE4     |    0 |     0 |          0 |        12 |  0.00 |
| OBUFDS_GTE4_ADV |    0 |     0 |          0 |        12 |  0.00 |
| PCIE40E4        |    1 |     1 |          0 |         4 | 25.00 |
| SYSMONE4        |    0 |     0 |          0 |         4 |  0.00 |
+-----------------+------+-------+------------+-----------+-------+


7. CONFIGURATION
----------------

+-------------+------+-------+------------+-----------+-------+
|  Site Type  | Used | Fixed | Prohibited | Available | Util% |
+-------------+------+-------+------------+-----------+-------+
| BSCANE2     |    1 |     1 |          0 |        16 |  6.25 |
| DNA_PORTE2  |    0 |     0 |          0 |         4 |  0.00 |
| EFUSE_USR   |    0 |     0 |          0 |         4 |  0.00 |
| FRAME_ECCE4 |    0 |     0 |          0 |         4 |  0.00 |
| ICAPE3      |    1 |     1 |          0 |         8 | 12.50 |
| MASTER_JTAG |    0 |     0 |          0 |         4 |  0.00 |
| STARTUPE3   |    1 |     1 |          0 |         4 | 25.00 |
+-------------+------+-------+------------+-----------+-------+


8. Primitives
-------------

+------------------+--------+---------------------+
|     Ref Name     |  Used  | Functional Category |
+------------------+--------+---------------------+
| FDRE             | 811140 |            Register |
| LUT1             | 671458 |                 CLB |
| LUT3             | 357419 |                 CLB |
| LUT5             | 335244 |                 CLB |
| LUT4             | 146073 |                 CLB |
| LUT6             | 112374 |                 CLB |
| CARRY8           | 106758 |                 CLB |
| LUT2             |  62409 |                 CLB |
| MUXF7            |  14724 |                 CLB |
| SRLC32E          |  11129 |                 CLB |
| RAMD32           |  11112 |                 CLB |
| SRL16E           |   5488 |                 CLB |
| MUXF8            |   5075 |                 CLB |
| FDSE             |   3593 |            Register |
| DSP48E2          |   3218 |          Arithmetic |
| FDCE             |   2128 |            Register |
| RAMS32           |   1886 |                 CLB |
| RAMB36E2         |   1338 |            BLOCKRAM |
| FDPE             |    798 |            Register |
| RXTX_BITSLICE    |    117 |                 I/O |
| IBUFCTRL         |    102 |              Others |
| INBUF            |     82 |                 I/O |
| RAMD64E          |     80 |                 CLB |
| OBUFT_DCIEN      |     72 |                 I/O |
| OBUF             |     37 |                 I/O |
| OBUFT            |     36 |                 I/O |
| BUFGCE           |     24 |               Clock |
| TX_BITSLICE_TRI  |     23 |                 I/O |
| BITSLICE_CONTROL |     23 |                 I/O |
| BUFG_GT          |     22 |               Clock |
| DIFFINBUF        |     20 |                 I/O |
| INV              |     19 |                 CLB |
| BUFG_GT_SYNC     |     17 |               Clock |
| GTYE4_CHANNEL    |     16 |            Advanced |
| RIU_OR           |     12 |                 I/O |
| RAMB18E2         |      9 |            BLOCKRAM |
| HPIO_VREF        |      9 |                 I/O |
| SRLC16E          |      7 |                 CLB |
| PLLE4_ADV        |      4 |               Clock |
| MMCME4_ADV       |      4 |               Clock |
| GTYE4_COMMON     |      4 |            Advanced |
| AND2B1L          |      2 |              Others |
| STARTUPE3        |      1 |       Configuration |
| PCIE40E4         |      1 |            Advanced |
| ICAPE3           |      1 |       Configuration |
| IBUFDS_GTE4      |      1 |                 I/O |
| BUFGCTRL         |      1 |               Clock |
| BUFGCE_DIV       |      1 |               Clock |
| BSCANE2          |      1 |       Configuration |
+------------------+--------+---------------------+


9. Black Boxes
--------------

+--------------------+------+
|      Ref Name      | Used |
+--------------------+------+
| bd_7b93_xsdbm_0_bb |    1 |
+--------------------+------+


10. Instantiated Netlists
-------------------------

+---------------------------------------------------+------+
|                      Ref Name                     | Used |
+---------------------------------------------------+------+
| xsdbm                                             |    1 |
| ulp_target23_chained_taylor41_1_0                 |    1 |
| ulp_ss_ucs_0                                      |    1 |
| ulp_shell_cmp_subsystem_0_0                       |    1 |
| ulp_memory_subsystem_0                            |    1 |
| ulp_ip_rs_axi_data_h2c_03_0                       |    1 |
| ulp_ip_rs_axi_data_c2h_00_0                       |    1 |
| ulp_ip_rs_axi_ctrl_user_03_0                      |    1 |
| ulp_ip_psr_aresetn_pcie_slr3_0                    |    1 |
| ulp_ip_psr_aresetn_pcie_slr2_0                    |    1 |
| ulp_ip_psr_aresetn_pcie_slr1_0                    |    1 |
| ulp_ip_psr_aresetn_pcie_slr0_0                    |    1 |
| ulp_ip_psr_aresetn_kernel_01_slr3_0               |    1 |
| ulp_ip_psr_aresetn_kernel_01_slr2_0               |    1 |
| ulp_ip_psr_aresetn_kernel_01_slr1_0               |    1 |
| ulp_ip_psr_aresetn_kernel_01_slr0_0               |    1 |
| ulp_ip_psr_aresetn_kernel_00_slr3_0               |    1 |
| ulp_ip_psr_aresetn_kernel_00_slr2_0               |    1 |
| ulp_ip_psr_aresetn_kernel_00_slr1_0               |    1 |
| ulp_ip_psr_aresetn_kernel_00_slr0_0               |    1 |
| ulp_ip_psr_aresetn_freerun_slr3_0                 |    1 |
| ulp_ip_psr_aresetn_freerun_slr2_0                 |    1 |
| ulp_ip_psr_aresetn_freerun_slr1_0                 |    1 |
| ulp_ip_psr_aresetn_freerun_slr0_0                 |    1 |
| ulp_ip_psr_aresetn_ctrl_slr3_0                    |    1 |
| ulp_ip_psr_aresetn_ctrl_slr2_0                    |    1 |
| ulp_ip_psr_aresetn_ctrl_slr1_0                    |    1 |
| ulp_ip_psr_aresetn_ctrl_slr0_0                    |    1 |
| ulp_ip_inv_aresetn_ctrl_00_0                      |    1 |
| ulp_ip_gpio_debug_axi_data_h2c_01_0               |    1 |
| ulp_ip_gpio_debug_axi_ctrl_user_debug_00_0        |    1 |
| ulp_ip_gpio_debug_axi_ctrl_user_03_0              |    1 |
| ulp_ip_gpio_debug_axi_ctrl_user_02_0              |    1 |
| ulp_ip_gpio_debug_axi_ctrl_user_01_0              |    1 |
| ulp_ip_gpio_debug_axi_ctrl_user_00_0              |    1 |
| ulp_ip_gpio_debug_axi_ctrl_mgmt_01_0              |    1 |
| ulp_ip_gpio_debug_axi_ctrl_mgmt_00_0              |    1 |
| ulp_ip_cc_axi_data_h2c_03_0                       |    1 |
| ulp_ip_cc_axi_data_h2c_02_0                       |    1 |
| ulp_ip_cc_axi_data_h2c_01_0                       |    1 |
| ulp_ip_cc_axi_data_h2c_00_0                       |    1 |
| ulp_ii_level1_wire_0                              |    1 |
| ulp_ict_axi_data_h2c_01_upgraded_ipi_imp_xbar_0   |    1 |
| ulp_ict_axi_data_h2c_01_imp_s00_regslice_0        |    1 |
| ulp_ict_axi_data_h2c_01_imp_auto_pc_0             |    1 |
| ulp_ict_axi_data_h2c_01_imp_auto_ds_0             |    1 |
| ulp_ict_axi_ctrl_user_debug_00_imp_s00_regslice_0 |    1 |
| ulp_ict_axi_ctrl_user_03_imp_s00_regslice_0       |    1 |
| ulp_ict_axi_ctrl_user_02_imp_s00_regslice_0       |    1 |
| ulp_ict_axi_ctrl_user_01_imp_s00_regslice_0       |    1 |
| ulp_ict_axi_ctrl_user_00_upgraded_ipi_imp_xbar_0  |    1 |
| ulp_ict_axi_ctrl_user_00_imp_s00_regslice_0       |    1 |
| ulp_ict_axi_ctrl_user_00_imp_m01_regslice_0       |    1 |
| ulp_ict_axi_ctrl_user_00_imp_m00_regslice_0       |    1 |
| ulp_ict_axi_ctrl_user_00_imp_auto_cc_0            |    1 |
| ulp_ict_axi_ctrl_mgmt_01_upgraded_ipi_imp_xbar_0  |    1 |
| ulp_ict_axi_ctrl_mgmt_01_imp_s00_regslice_0       |    1 |
| ulp_ict_axi_ctrl_mgmt_01_imp_m03_regslice_0       |    1 |
| ulp_ict_axi_ctrl_mgmt_01_imp_m02_regslice_0       |    1 |
| ulp_ict_axi_ctrl_mgmt_01_imp_m01_regslice_0       |    1 |
| ulp_ict_axi_ctrl_mgmt_01_imp_m00_regslice_0       |    1 |
| ulp_ict_axi_ctrl_mgmt_00_imp_s00_regslice_0       |    1 |
| ulp                                               |    1 |
| level1_wrapper                                    |    1 |
| level0_ii_level0_pipe_0                           |    1 |
| blp_wrapper                                       |    1 |
| bd_b35e_vip_ui_rst_DDR4_MEM00_0                   |    1 |
| bd_b35e_vip_ui_clk_DDR4_MEM00_0                   |    1 |
| bd_b35e_vip_ctrl_DDR4_MEM00_0                     |    1 |
| bd_b35e_vip_S05_AXI_0                             |    1 |
| bd_b35e_vip_S04_AXI_0                             |    1 |
| bd_b35e_vip_S01_AXI_0                             |    1 |
| bd_b35e_vip_S00_AXI_0                             |    1 |
| bd_b35e_vip_M00_AXI_0                             |    1 |
| bd_b35e_vip_DDR4_MEM00_0                          |    1 |
| bd_b35e_rs_M00_AXI_0                              |    1 |
| bd_b35e_psr_ddr4_mem00_0                          |    1 |
| bd_b35e_psr_ctrl_interconnect_0                   |    1 |
| bd_b35e_psr_aclk_SLR0_0                           |    1 |
| bd_b35e_psr_aclk3_SLR1_0                          |    1 |
| bd_b35e_psr_aclk1_SLR1_0                          |    1 |
| bd_b35e_psr_aclk1_SLR0_0                          |    1 |
| bd_b35e_interconnect_ddrmem_ctrl_0                |    1 |
| bd_b35e_interconnect_M00_AXI_MEM00_0              |    1 |
| bd_b35e_interconnect_DDR4_MEM00_0                 |    1 |
| bd_b35e_ddr4_mem00_ctrl_cc_0                      |    1 |
| bd_b35e_ddr4_mem00_0                              |    1 |
| bd_b35e_calib_reduce_0                            |    1 |
| bd_7b93_lut_buffer_0                              |    1 |
| bd_53f9_bsip_0                                    |    1 |
| bd_53f9_bs_switch_1_0                             |    1 |
| bd_53f9_axi_jtag_0                                |    1 |
| bd_3f43_user_debug_hub_0                          |    1 |
| bd_3f43_user_debug_bridge_0                       |    1 |
| bd_3f43_build_info_0                              |    1 |
| bd_1361_psreset_kernel_01_0                       |    1 |
| bd_1361_psreset_kernel_00_0                       |    1 |
| bd_1361_psreset_aclk_freerun_0                    |    1 |
| bd_1361_gpio_ucs_control_status_0                 |    1 |
| bd_1361_gpio_gapping_demand_0                     |    1 |
| bd_1361_gapping_demand_update_0                   |    1 |
| bd_1361_gapping_demand_toggle_0                   |    1 |
| bd_1361_frequency_counter_aclk_kernel_01_0        |    1 |
| bd_1361_frequency_counter_aclk_kernel_00_0        |    1 |
| bd_1361_frequency_counter_aclk_0                  |    1 |
| bd_1361_fanout_aresetn_pcie_slr3_6_0              |    1 |
| bd_1361_fanout_aresetn_pcie_slr3_5_0              |    1 |
| bd_1361_fanout_aresetn_pcie_slr3_4_0              |    1 |
| bd_1361_fanout_aresetn_pcie_slr3_3_0              |    1 |
| bd_1361_fanout_aresetn_pcie_slr3_2_0              |    1 |
| bd_1361_fanout_aresetn_pcie_slr3_1_0              |    1 |
| bd_1361_fanout_aresetn_pcie_slr2_4_0              |    1 |
| bd_1361_fanout_aresetn_pcie_slr2_3_0              |    1 |
| bd_1361_fanout_aresetn_pcie_slr2_2_0              |    1 |
| bd_1361_fanout_aresetn_pcie_slr2_1_0              |    1 |
| bd_1361_fanout_aresetn_pcie_slr1_4_0              |    1 |
| bd_1361_fanout_aresetn_pcie_slr1_3_0              |    1 |
| bd_1361_fanout_aresetn_pcie_slr1_2_0              |    1 |
| bd_1361_fanout_aresetn_pcie_slr1_1_0              |    1 |
| bd_1361_fanout_aresetn_pcie_slr0_4_0              |    1 |
| bd_1361_fanout_aresetn_pcie_slr0_3_0              |    1 |
| bd_1361_fanout_aresetn_pcie_slr0_2_0              |    1 |
| bd_1361_fanout_aresetn_pcie_slr0_1_0              |    1 |
| bd_1361_fanout_aresetn_kernel_01_slr3_6_0         |    1 |
| bd_1361_fanout_aresetn_kernel_01_slr3_5_0         |    1 |
| bd_1361_fanout_aresetn_kernel_01_slr3_4_0         |    1 |
| bd_1361_fanout_aresetn_kernel_01_slr3_3_0         |    1 |
| bd_1361_fanout_aresetn_kernel_01_slr3_2_0         |    1 |
| bd_1361_fanout_aresetn_kernel_01_slr3_1_0         |    1 |
| bd_1361_fanout_aresetn_kernel_01_slr2_4_0         |    1 |
| bd_1361_fanout_aresetn_kernel_01_slr2_3_0         |    1 |
| bd_1361_fanout_aresetn_kernel_01_slr2_2_0         |    1 |
| bd_1361_fanout_aresetn_kernel_01_slr2_1_0         |    1 |
| bd_1361_fanout_aresetn_kernel_01_slr1_4_0         |    1 |
| bd_1361_fanout_aresetn_kernel_01_slr1_3_0         |    1 |
| bd_1361_fanout_aresetn_kernel_01_slr1_2_0         |    1 |
| bd_1361_fanout_aresetn_kernel_01_slr1_1_0         |    1 |
| bd_1361_fanout_aresetn_kernel_01_slr0_4_0         |    1 |
| bd_1361_fanout_aresetn_kernel_01_slr0_3_0         |    1 |
| bd_1361_fanout_aresetn_kernel_01_slr0_2_0         |    1 |
| bd_1361_fanout_aresetn_kernel_01_slr0_1_0         |    1 |
| bd_1361_fanout_aresetn_kernel_00_slr3_6_0         |    1 |
| bd_1361_fanout_aresetn_kernel_00_slr3_5_0         |    1 |
| bd_1361_fanout_aresetn_kernel_00_slr3_4_0         |    1 |
| bd_1361_fanout_aresetn_kernel_00_slr3_3_0         |    1 |
| bd_1361_fanout_aresetn_kernel_00_slr3_2_0         |    1 |
| bd_1361_fanout_aresetn_kernel_00_slr3_1_0         |    1 |
| bd_1361_fanout_aresetn_kernel_00_slr2_4_0         |    1 |
| bd_1361_fanout_aresetn_kernel_00_slr2_3_0         |    1 |
| bd_1361_fanout_aresetn_kernel_00_slr2_2_0         |    1 |
| bd_1361_fanout_aresetn_kernel_00_slr2_1_0         |    1 |
| bd_1361_fanout_aresetn_kernel_00_slr1_4_0         |    1 |
| bd_1361_fanout_aresetn_kernel_00_slr1_3_0         |    1 |
| bd_1361_fanout_aresetn_kernel_00_slr1_2_0         |    1 |
| bd_1361_fanout_aresetn_kernel_00_slr1_1_0         |    1 |
| bd_1361_fanout_aresetn_kernel_00_slr0_4_0         |    1 |
| bd_1361_fanout_aresetn_kernel_00_slr0_3_0         |    1 |
| bd_1361_fanout_aresetn_kernel_00_slr0_2_0         |    1 |
| bd_1361_fanout_aresetn_kernel_00_slr0_1_0         |    1 |
| bd_1361_fanout_aresetn_ctrl_slr3_6_0              |    1 |
| bd_1361_fanout_aresetn_ctrl_slr3_5_0              |    1 |
| bd_1361_fanout_aresetn_ctrl_slr3_4_0              |    1 |
| bd_1361_fanout_aresetn_ctrl_slr3_3_0              |    1 |
| bd_1361_fanout_aresetn_ctrl_slr3_2_0              |    1 |
| bd_1361_fanout_aresetn_ctrl_slr3_1_0              |    1 |
| bd_1361_fanout_aresetn_ctrl_slr2_4_0              |    1 |
| bd_1361_fanout_aresetn_ctrl_slr2_3_0              |    1 |
| bd_1361_fanout_aresetn_ctrl_slr2_2_0              |    1 |
| bd_1361_fanout_aresetn_ctrl_slr2_1_0              |    1 |
| bd_1361_fanout_aresetn_ctrl_slr1_4_0              |    1 |
| bd_1361_fanout_aresetn_ctrl_slr1_3_0              |    1 |
| bd_1361_fanout_aresetn_ctrl_slr1_2_0              |    1 |
| bd_1361_fanout_aresetn_ctrl_slr1_1_0              |    1 |
| bd_1361_fanout_aresetn_ctrl_slr0_4_0              |    1 |
| bd_1361_fanout_aresetn_ctrl_slr0_3_0              |    1 |
| bd_1361_fanout_aresetn_ctrl_slr0_2_0              |    1 |
| bd_1361_fanout_aresetn_ctrl_slr0_1_0              |    1 |
| bd_1361_clock_throttling_avg_0                    |    1 |
| bd_1361_clock_throttling_aclk_kernel_01_0         |    1 |
| bd_1361_clock_throttling_aclk_kernel_00_0         |    1 |
| bd_1361_clock_shutdown_latch_0                    |    1 |
| bd_1361_clkwiz_aclk_kernel_01_0                   |    1 |
| bd_1361_clkwiz_aclk_kernel_00_0                   |    1 |
| bd_1361_build_info_0                              |    1 |
| bd_1361_axi_ic_ctrl_mgmt_top_imp_xbar_0           |    1 |
| bd_1361_axi_ic_ctrl_mgmt_freq_imp_xbar_0          |    1 |
| bd_1361_axi_ic_ctrl_mgmt_freq_imp_auto_cc_0       |    1 |
| bd_1361_aclk_kernel_01_cont_adapt_0               |    1 |
| bd_1361_aclk_kernel_01_adapt_0                    |    1 |
| bd_1361_aclk_kernel_00_cont_adapt_0               |    1 |
| bd_1361_aclk_kernel_00_adapt_0                    |    1 |
+---------------------------------------------------+------+


11. SLR Connectivity
--------------------

+----------------------------------+------+-------+-----------+-------+
|                                  | Used | Fixed | Available | Util% |
+----------------------------------+------+-------+-----------+-------+
| SLR3 <-> SLR2                    |    0 |       |     23040 |  0.00 |
|   SLR2 -> SLR3                   |    0 |       |           |  0.00 |
|     Using TX_REG only            |    0 |     0 |           |       |
|     Using RX_REG only            |    0 |     0 |           |       |
|     Using Both TX_REG and RX_REG |    0 |     0 |           |       |
|   SLR3 -> SLR2                   |    0 |       |           |  0.00 |
|     Using TX_REG only            |    0 |     0 |           |       |
|     Using RX_REG only            |    0 |     0 |           |       |
|     Using Both TX_REG and RX_REG |    0 |     0 |           |       |
| SLR2 <-> SLR1                    | 4118 |       |     23040 | 17.87 |
|   SLR1 -> SLR2                   | 2231 |       |           |  9.68 |
|     Using TX_REG only            |    0 |     0 |           |       |
|     Using RX_REG only            |    0 |     0 |           |       |
|     Using Both TX_REG and RX_REG |    0 |     0 |           |       |
|   SLR2 -> SLR1                   | 1887 |       |           |  8.19 |
|     Using TX_REG only            |    0 |     0 |           |       |
|     Using RX_REG only            |    0 |     0 |           |       |
|     Using Both TX_REG and RX_REG |    0 |     0 |           |       |
| SLR1 <-> SLR0                    | 1511 |       |     23040 |  6.56 |
|   SLR0 -> SLR1                   |  612 |       |           |  2.66 |
|     Using TX_REG only            |    0 |     0 |           |       |
|     Using RX_REG only            |    0 |     0 |           |       |
|     Using Both TX_REG and RX_REG |    0 |     0 |           |       |
|   SLR1 -> SLR0                   |  899 |       |           |  3.90 |
|     Using TX_REG only            |    0 |     0 |           |       |
|     Using RX_REG only            |    0 |     0 |           |       |
|     Using Both TX_REG and RX_REG |    0 |     0 |           |       |
+----------------------------------+------+-------+-----------+-------+
| Total SLLs Used                  | 5629 |       |           |       |
+----------------------------------+------+-------+-----------+-------+


12. SLR Connectivity Matrix
---------------------------

+-----------+------+------+------+------+
| FROM \ TO | SLR3 | SLR2 | SLR1 | SLR0 |
+-----------+------+------+------+------+
| SLR3      |    0 |    0 |    0 |    0 |
| SLR2      |    0 |    0 | 1887 |    0 |
| SLR1      |    0 | 2231 |    0 |  899 |
| SLR0      |    0 |    0 |  612 |    0 |
+-----------+------+------+------+------+


13. SLR CLB Logic and Dedicated Block Utilization
-------------------------------------------------

+----------------------------+------+-------+------+------+--------+--------+--------+--------+
|          Site Type         | SLR0 |  SLR1 | SLR2 | SLR3 | SLR0 % | SLR1 % | SLR2 % | SLR3 % |
+----------------------------+------+-------+------+------+--------+--------+--------+--------+
| CLB                        |    0 |     0 |    0 |    0 |   0.00 |   0.00 |   0.00 |   0.00 |
|   CLBL                     |   93 |  7335 |  258 |    0 |   0.32 |  25.05 |   0.88 |   0.00 |
|   CLBM                     |    0 |   579 |    0 |    0 |   0.00 |   2.34 |   0.00 |   0.00 |
| CLB LUTs                   |  740 | 63300 | 2064 |    0 |   0.17 |  14.65 |   0.48 |   0.00 |
|   LUT as Logic             |  740 | 58673 | 2064 |    0 |   0.17 |  13.58 |   0.48 |   0.00 |
|   LUT as Memory            |    0 |  4627 |    0 |    0 |   0.00 |   2.34 |   0.00 |   0.00 |
|     LUT as Distributed RAM |    0 |   884 |    0 |    0 |   0.00 |   0.45 |   0.00 |   0.00 |
|     LUT as Shift Register  |    0 |  3743 |    0 |    0 |   0.00 |   1.89 |   0.00 |   0.00 |
| CLB Registers              | 2878 | 88273 | 8008 |    0 |   0.33 |  10.22 |   0.93 |   0.00 |
| CARRY8                     |    0 |   367 |    0 |    0 |   0.00 |   0.68 |   0.00 |   0.00 |
| F7 Muxes                   |    0 |   705 |    0 |    0 |   0.00 |   0.33 |   0.00 |   0.00 |
| F8 Muxes                   |    0 |   261 |    0 |    0 |   0.00 |   0.24 |   0.00 |   0.00 |
| F9 Muxes                   |    0 |     0 |    0 |    0 |   0.00 |   0.00 |   0.00 |   0.00 |
| Block RAM Tile             |    0 |   104 |    0 |    0 |   0.00 |  15.48 |   0.00 |   0.00 |
|   RAMB36/FIFO              |    0 |   102 |    0 |    0 |   0.00 |  15.18 |   0.00 |   0.00 |
|   RAMB18                   |    0 |     4 |    0 |    0 |   0.00 |   0.30 |   0.00 |   0.00 |
| URAM                       |    0 |     0 |    0 |    0 |   0.00 |   0.00 |   0.00 |   0.00 |
| DSPs                       |    0 |     4 |    0 |    0 |   0.00 |   0.13 |   0.00 |   0.00 |
| Unique Control Sets        |   35 |  2556 |   79 |    0 |   0.03 |   2.37 |   0.07 |   0.00 |
+----------------------------+------+-------+------+------+--------+--------+--------+--------+
* Note: Available Control Sets based on CLB Registers / 8


14. SLR IO Utilization
----------------------

+-----------+-----------+---------+------------+----------+------------+----------+-----+
| SLR Index | Used IOBs | (%)IOBs | Used IPADs | (%)IPADs | Used OPADs | (%)OPADs | GTs |
+-----------+-----------+---------+------------+----------+------------+----------+-----+
| SLR3      |         0 |    0.00 |          0 |     0.00 |          0 |     0.00 |   0 |
| SLR2      |         0 |    0.00 |          0 |     0.00 |          0 |     0.00 |   0 |
| SLR1      |        20 |    9.62 |          0 |     0.00 |          0 |     0.00 |  16 |
| SLR0      |       139 |   89.10 |          0 |     0.00 |          0 |     0.00 |   0 |
+-----------+-----------+---------+------------+----------+------------+----------+-----+
| Total     |       159 |         |          0 |          |          0 |          |  16 |
+-----------+-----------+---------+------------+----------+------------+----------+-----+


