# recorded: 2026-10-06 at e20f95c3c on lean_single, wall 58.0 s
# regenerate: bash scripts/talk.sh --record
=== UHS H2-brine-calcite kinetic network with honest bands ===
    after Ghaedi, Gholami, Bellas & Stamatakis, GHG: Sci. Technol.
    15(6):757-768 (2025), DOI 10.1002/ghg.2368 — CLOSED ACCESS;
    skeleton = abstract oracles + public PHREEQC-database anchors;
    AWAITING-AUTHOR-DATA slots labeled in the file header.

  Network (6 species, 5 reactions, C1-C6 labels):
    R0  H2 + CO2 -> CH4            pseudo-sink, k_m ILLUSTRATIVE (S2)
    R1  Calcite -> Ca+2 + HCO3-    PWP acid channel, aH folded (C1)
    R2  Calcite + CO2 -> Ca+2 + 2HCO3-  PWP CO2 channel (P1)
    R3  Calcite -> Ca+2 + HCO3-    PWP water channel (P1)
    R4  Ca+2 + HCO3- -> Calcite    closure k_b = k3/K4 (C5)

  Brine (C2): pH2 = 15 atm Henry charge, salting 0.85 in [0.70,1.00];
  Ca = 1e-3, HCO3 = 5e-4, CO2 = 0.05, Calcite = 1.0 mol/L; 30 yr,
  RK4 dt = 0.05 yr x 600 (dt-converged to 1e-12, C4). Engine
  findings E1-E5 and monotonicity labels M1-M2: file header.

--- 25 C (T = 298.150000 K) ---
  ks1 [1e-6/yr] = 1.614064  ks2 [1e-3 L/mol/yr] = 10.899591  ks3 [1e-6/yr] = 37.660038
  k_b [L/mol/yr] = 4.964560  K4 [1e-6 mol/L] = 7.585776  k_m [L/mol/yr] = 0.013500
  t = 10 yr: loss = 0.637115 %  calNet = 4.394601 mmol  H2 = 9.881639 mmol
  t = 20 yr: loss = 1.204481 %  calNet = 5.380331 mmol  H2 = 9.825214 mmol
  t = 30 yr: loss = 1.710120 %  calNet = 4.644216 mmol  H2 = 9.774929 mmol
    GUM 1-sigma (dt = 0.05 yr, E1 per-step band):
      sig(Calcite) = 3.324650 umol  sig(HCO3) = 4.740267 umol
      sig(H2) [1e-6 mol/L] = 0.118636  ENGINE-FLOOR (E3: true band below sqrt_approx floor)

  corners (k_m x A x salting-out):
    A=3.000000e-6 km=0.004800 salt=0.700000 : loss=0.683124 %  calNet=4.119220 mmol
    A=3.000000e-6 km=0.004800 salt=1.000000 : loss=0.682955 %  calNet=4.118314 mmol
    A=3.000000e-6 km=0.018700 salt=0.700000 : loss=2.630814 %  calNet=4.113164 mmol
    A=3.000000e-6 km=0.018700 salt=1.000000 : loss=2.628325 %  calNet=4.109669 mmol
    A=30.000000e-6 km=0.004800 salt=0.700000 : loss=0.458170 %  calNet=0.686305 mmol
    A=30.000000e-6 km=0.004800 salt=1.000000 : loss=0.458073 %  calNet=0.686018 mmol
    A=30.000000e-6 km=0.018700 salt=0.700000 : loss=1.770652 %  calNet=0.684393 mmol
    A=30.000000e-6 km=0.018700 salt=1.000000 : loss=1.769213 %  calNet=0.683288 mmol

  interior A-scan (k_m central, salt central):
    A=3.000000e-6 : loss=1.906789 %  calNet=4.114152 mmol
    A=6.000000e-6 : loss=1.818901 %  calNet=5.383436 mmol
    A=10.000000e-6 : loss=1.710120 %  calNet=4.644216 mmol
    A=15.000000e-6 : loss=1.586260 %  calNet=3.089178 mmol
    A=20.000000e-6 : loss=1.474421 %  calNet=1.933885 mmol
    A=25.000000e-6 : loss=1.373299 %  calNet=1.181693 mmol
    A=30.000000e-6 : loss=1.281746 %  calNet=0.684702 mmol

  P-BOX 30-yr H2 loss: [0.458073 , 2.630814] %  (width 2.172740)
    corners only; M1 monotonicity LABELED (comparison-arguable
    in k_m, scan evidence in A, salting cancels in relative loss)
  P-BOX calcite net balance: [0.683288 , 5.383436] mmol  (width 4.700148)
    corners + interior scan; M2 NON-MONOTONE in A — pure corner
    transfer unsound, bounds are enumerated-grid evidence, not proof

--- 50 C (T = 323.150000 K) ---
  ks1 [1e-6/yr] = 2.104404  ks2 [1e-3 L/mol/yr] = 40.021599  ks3 [1e-6/yr] = 105.655283
  k_b [L/mol/yr] = 21.014583  K4 [1e-6 mol/L] = 5.027713  k_m [L/mol/yr] = 0.013500
  t = 10 yr: loss = 0.554746 %  calNet = 3.293589 mmol  H2 = 9.889830 mmol
  t = 20 yr: loss = 0.924794 %  calNet = 0.876864 mmol  H2 = 9.853029 mmol
  t = 30 yr: loss = 1.171794 %  calNet = 0.026092 mmol  H2 = 9.828465 mmol
    GUM 1-sigma (dt = 0.05 yr, E1 per-step band):
      sig(Calcite) = 7.323506 umol  sig(HCO3) = 8.988928 umol
      sig(H2) [1e-6 mol/L] = 0.049846  ENGINE-FLOOR (E3: true band below sqrt_approx floor)

  corners (k_m x A x salting-out):
    A=3.000000e-6 km=0.004800 salt=0.700000 : loss=0.602780 %  calNet=3.683054 mmol
    A=3.000000e-6 km=0.004800 salt=1.000000 : loss=0.602637 %  calNet=3.682384 mmol
    A=3.000000e-6 km=0.018700 salt=0.700000 : loss=2.324259 %  calNet=3.678588 mmol
    A=3.000000e-6 km=0.018700 salt=1.000000 : loss=2.322153 %  calNet=3.676007 mmol
    A=30.000000e-6 km=0.004800 salt=0.700000 : loss=0.194511 %  calNet=-0.837492 mmol
    A=30.000000e-6 km=0.004800 salt=1.000000 : loss=0.194487 %  calNet=-0.837499 mmol
    A=30.000000e-6 km=0.018700 salt=0.700000 : loss=0.755013 %  calNet=-0.837539 mmol
    A=30.000000e-6 km=0.018700 salt=1.000000 : loss=0.754645 %  calNet=-0.837566 mmol

  interior A-scan (k_m central, salt central):
    A=3.000000e-6 : loss=1.683852 %  calNet=3.679312 mmol
    A=6.000000e-6 : loss=1.431948 %  calNet=1.170577 mmol
    A=10.000000e-6 : loss=1.171794 %  calNet=0.026092 mmol
    A=15.000000e-6 : loss=0.934464 %  calNet=-0.477008 mmol
    A=20.000000e-6 : loss=0.764234 %  calNet=-0.686193 mmol
    A=25.000000e-6 : loss=0.639376 %  calNet=-0.786345 mmol
    A=30.000000e-6 : loss=0.545713 %  calNet=-0.837531 mmol

  P-BOX 30-yr H2 loss: [0.194487 , 2.324259] %  (width 2.129773)
    corners only; M1 monotonicity LABELED (comparison-arguable
    in k_m, scan evidence in A, salting cancels in relative loss)
  P-BOX calcite net balance: [-0.837566 , 3.683054] mmol  (width 4.520620)
    corners + interior scan; M2 NON-MONOTONE in A — pure corner
    transfer unsound, bounds are enumerated-grid evidence, not proof

--- 90 C (T = 363.150000 K) ---
  ks1 [1e-6/yr] = 2.981733  ks2 [1e-3 L/mol/yr] = 220.971348  ks3 [1e-6/yr] = 413.006139
  k_b [L/mol/yr] = 141.005774  K4 [1e-6 mol/L] = 2.929002  k_m [L/mol/yr] = 0.000000  (ABSTRACT-LEVEL zero > 70 C, A2)
  t = 10 yr: loss = 0.000000 %  calNet = -0.730319 mmol  H2 = 9.945000 mmol
  t = 20 yr: loss = 0.000000 %  calNet = -0.919771 mmol  H2 = 9.945000 mmol
  t = 30 yr: loss = 0.000000 %  calNet = -0.938181 mmol  H2 = 9.945000 mmol
    GUM 1-sigma: UNSTABLE-WITHHELD (E4: J^2 amplification
      diverges at this T; the variance comes back non-finite
      or as 0.0 depending on the engine seed — refused,
      corners unaffected)

  corners (k_m x A x salting-out):
    A=3.000000e-6 km=0.000000 salt=0.700000 : loss=0.000000 %  calNet=-0.669708 mmol
    A=3.000000e-6 km=0.000000 salt=1.000000 : loss=0.000000 %  calNet=-0.669708 mmol
    A=30.000000e-6 km=0.000000 salt=0.700000 : loss=0.000000 %  calNet=-0.940417 mmol
    A=30.000000e-6 km=0.000000 salt=1.000000 : loss=0.000000 %  calNet=-0.940417 mmol

  interior A-scan (k_m central, salt central):
    A=3.000000e-6 : loss=0.000000 %  calNet=-0.669708 mmol
    A=6.000000e-6 : loss=0.000000 %  calNet=-0.908057 mmol
    A=10.000000e-6 : loss=0.000000 %  calNet=-0.938181 mmol
    A=15.000000e-6 : loss=0.000000 %  calNet=-0.940336 mmol
    A=20.000000e-6 : loss=0.000000 %  calNet=-0.940414 mmol
    A=25.000000e-6 : loss=0.000000 %  calNet=-0.940417 mmol
    A=30.000000e-6 : loss=0.000000 %  calNet=-0.940417 mmol

  P-BOX 30-yr H2 loss: [0.000000 , 0.000000] %  (width 0.000000)
    corners only; M1 monotonicity LABELED (comparison-arguable
    in k_m, scan evidence in A, salting cancels in relative loss)
  P-BOX calcite net balance: [-0.940417 , -0.669708] mmol  (width 0.270708)
    corners + interior scan; M2 NON-MONOTONE in A — pure corner
    transfer unsound, bounds are enumerated-grid evidence, not proof

=== abstract-level parity (S4: no digitized data exists) ===
  A2: NOT TESTED HERE. k_m = 0 above 70 C is an INPUT (slot S2 encodes
      the abstract's claim), so the 0.000000 % methanation loss at 90 C
      is that input read back, not a check of it. Testing A2 needs the
      paper's rate law (S2) with its own temperature dependence.
  M2 (a computed result): at 25 C the calcite net balance peaks INSIDE
      the A interval (5.383 mmol at A = 6e-6), above both corners
      (about 4.11 and 0.68 mmol): corner-only interval propagation would
      report a bound that excludes a reachable value. The scan catches it.
  A3: at 25-50 C the limited-H2 batch loses ~0.2-2.6 % over 30 yr
      (ILLUSTRATIVE k_m anchored to Bo 2021 field losses, P4) —
      the paper's 'considerable consumption' finding awaits its
      kinetic law (S2) for any quantitative comparison.
  A4: physical dissolution loss is not a sink in this network;
      the abstract's <1 % molar figure is about solubility
      trapping and is NOT claimed here.

  What a point-value PHREEQC run prints: one trajectory per T.
  What this file adds: the native GUM band (with its own engine
  caveats printed), the corner p-boxes through the integration,
  the monotonicity labels, and the slots where the paper's
  calibrated expressions drop in — 2-line edits, every number
  re-derives itself.
UHS_BRINE_CALCITE_OK
