# recorded: 2026-10-06 at e20f95c3c on madaros, wall 9.6 s
# regenerate: bash scripts/talk.sh --record
role fixpoint rounds (full):
4
non-empty role x class cells (full run):
216783
sparse arena words used (full run):
5041814
=== FULL GO go-plus: EL+ role-aware closure (round 14, optimized) ===
classes (H):
38245
roles (NR):
92
sub axioms:
57824
existential restrictions (exsub):
18791
disjoint pairs:
55
roleSub axioms:
107
roleComp chains:
60
atomic projection closure edges:
395939
atom-source role edges (= existential targets, stoR/RtoS):
2135207
atomic conflicts (ordered pairs):
792814846
role fixpoint rounds (full):
4
role edges without roleComp (ablation):
1883813
role edges without roleSub (ablation):
597305
role fixpoint rounds (no-roleComp):
2
role fixpoint rounds (no-roleSub):
4
ALL PASS
