# recorded: 2026-10-06 at e20f95c3c on madaros, wall 568.8 s
# regenerate: bash scripts/talk.sh --record
role edges without roleComp (ablation):
110394
role edges without roleSub (ablation):
36587
role fixpoint rounds (no-roleComp):
2
role fixpoint rounds (no-roleSub):
4
=== cl : EL+ role-aware closure (round 13) ===
classes (H):
3335
roles (NR):
29
sub axioms:
4664
existential restrictions (exsub):
477
disjoint pairs:
35
roleSub axioms:
29
roleComp chains:
14
atomic projection closure edges:
37926
atom-source role edges (= existential targets, stoR/RtoS):
146188
atomic conflicts (ordered pairs):
1071098
role fixpoint rounds (full):
5
role edges without roleComp (ablation):
1507927
role edges without roleSub (ablation):
1036281
role fixpoint rounds (no-roleComp):
2
role fixpoint rounds (no-roleSub):
4
=== uberon : EL+ role-aware closure (round 13) ===
classes (H):
14975
roles (NR):
128
sub axioms:
19607
existential restrictions (exsub):
17080
disjoint pairs:
589
roleSub axioms:
87
roleComp chains:
36
atomic projection closure edges:
150515
atom-source role edges (= existential targets, stoR/RtoS):
2343535
atomic conflicts (ordered pairs):
25001610
role fixpoint rounds (full):
7
ALL PASS
