# recorded: 2026-10-06 at e20f95c3c on madaros, wall 182.2 s
# regenerate: bash scripts/talk.sh --record
=== UBERON open_fillers: EL+ role-aware closure (round 16c) ===
role fixpoint rounds (full):
7
non-empty role x class cells (full run):
148810
sparse arena words used (full run):
4706874
ancestor arena words used:
294624
classes (H):
14976
roles (NR):
128
sub axioms:
19608
existential restrictions (exsub):
17080
disjoint pairs:
589
roleSub axioms:
87
roleComp chains:
36
atomic projection closure edges:
151399
atom-source role edges (= existential targets, stoR/RtoS):
2370693
atomic conflicts (ordered pairs):
25001610
role fixpoint rounds (full):
7
role edges without roleComp (ablation):
1529939
role edges without roleSub (ablation):
1045580
role fixpoint rounds (no-roleComp):
2
role fixpoint rounds (no-roleSub):
4
ALL PASS
