# recorded: 2026-10-06 at e20f95c3c on madaros, wall 418.1 s
# regenerate: bash scripts/talk.sh --record
role edges without roleComp (ablation):
1316520
role edges without roleSub (ablation):
370247
role fixpoint rounds (no-roleComp):
2
role fixpoint rounds (no-roleSub):
4
=== go_bp : EL+ role-aware closure (round 13) ===
classes (H):
24129
roles (NR):
32
sub axioms:
40863
existential restrictions (exsub):
12597
disjoint pairs:
28
roleSub axioms:
36
roleComp chains:
31
atomic projection closure edges:
298203
atom-source role edges (= existential targets, stoR/RtoS):
1480543
atomic conflicts (ordered pairs):
21144668
role fixpoint rounds (full):
4
role edges without roleComp (ablation):
79082
role edges without roleSub (ablation):
57459
role fixpoint rounds (no-roleComp):
2
role fixpoint rounds (no-roleSub):
3
=== go_cc : EL+ role-aware closure (round 13) ===
classes (H):
4075
roles (NR):
7
sub axioms:
4693
existential restrictions (exsub):
2158
disjoint pairs:
21
roleSub axioms:
6
roleComp chains:
6
atomic projection closure edges:
23943
atom-source role edges (= existential targets, stoR/RtoS):
105887
atomic conflicts (ordered pairs):
8621578
role fixpoint rounds (full):
4
role edges without roleComp (ablation):
45098
role edges without roleSub (ablation):
10365
role fixpoint rounds (no-roleComp):
2
role fixpoint rounds (no-roleSub):
2
=== go_mf : EL+ role-aware closure (round 13) ===
classes (H):
10041
roles (NR):
28
sub axioms:
12268
existential restrictions (exsub):
433
disjoint pairs:
3
roleSub axioms:
37
roleComp chains:
26
atomic projection closure edges:
73793
atom-source role edges (= existential targets, stoR/RtoS):
45685
atomic conflicts (ordered pairs):
4522
role fixpoint rounds (full):
3
ALL PASS
