# recorded: 2026-10-06 at e20f95c3c on gate, wall 130.3 s
# regenerate: bash scripts/talk.sh --record
[pbpk28-parity] out=/tmp/sounio-dissertation-pbpk28-parity.h6aGWF
[pbpk28-parity] threshold=1.0% RMSE per compartment (cavg)
[pbpk28-parity] Sounio reference: bin/souc run tests/run-pass/dissertation_pbpk28_parity_ref_rapamycin.sio
[pbpk28-parity] Sounio ALT (half-dt): /home/openvscode-server/work/wt-talk/bin/souc run tests/run-pass/dissertation_pbpk28_parity_alt_rapamycin.sio
[pbpk28-parity] dual Sounio emitted 168 records each
i   rmse         peak         rmse_pct     thr_pct status
0   0.000000e+00 1.265000e-03 0.0000       1.0     OK
1   1.870829e-06 4.707000e-03 0.0397       1.0     OK
2   0.000000e+00 5.236000e-03 0.0000       1.0     OK
3   0.000000e+00 1.740000e-04 0.0000       1.0     OK
4   2.886751e-07 2.852000e-03 0.0101       1.0     OK
5   0.000000e+00 3.386000e-03 0.0000       1.0     OK
6   0.000000e+00 3.330000e-04 0.0000       1.0     OK
7   0.000000e+00 1.530000e-04 0.0000       1.0     OK
8   8.660254e-07 3.424000e-03 0.0253       1.0     OK
9   0.000000e+00 8.070000e-04 0.0000       1.0     OK
10  0.000000e+00 2.870000e-04 0.0000       1.0     OK
11  0.000000e+00 2.825000e-03 0.0000       1.0     OK
12  0.000000e+00 2.423000e-03 0.0000       1.0     OK
13  0.000000e+00 4.710000e-04 0.0000       1.0     OK
PBPK28_PARITY_PASS 14/14 within 1.0% RMSE (Sounio dual REF↔ALT)
[pbpk28-parity] optional product arm: node /home/openvscode-server/work/wt-talk/scripts/dissertation/run_pbpk28_node.mjs
PRODUCT_ARM_PASS 14/14 (Sounio↔Node)

[pbpk28-parity] Case 2: Sounio PBPK28-degenerate ↔ analytical 1-state QSS
[pbpk28-parity:case2] wrote benchmarks/pbpk/qss_residual.csv
[pbpk28-parity:case2] residual summary (per-organ, max over 12 sample times):
  i   max_delta_pct
  0        30.0407
  1        33.3333
  2        50.0000
  3        32.6531
  4       100.0000
  5        35.5899
  6       100.0000
  7        66.1017
  8       100.0000
  9        50.0000
  10      100.0000
  11      100.0000
  12       45.5574
  13       17.5573

[pbpk28-parity] Case 3: Sounio PBPK28-literature ↔ Sounio PBPK14 well-stirred
[pbpk28-parity:case3] wrote benchmarks/pbpk/model_form_uc.csv
[pbpk28-parity:case3] model-form discrepancy summary (per-organ, max over 12 sample times):
  i   organ        max_delta_pct
  0   blood            300.0000
  1   liver            400.0000
  2   kidney           400.0000
  3   brain            100.0000
  4   heart            350.0000
  5   lung             450.0000
  6   muscle           100.0000
  7   adipose          100.0000
  8   gut              450.0000
  9   skin             200.0000
  10  bone             100.0000
  11  spleen           250.0000
  12  pancreas         600.0000
  13  other            100.0000

[pbpk28-parity] Case 4: mass conservation on PBPK28-lit (full-CN)
t_hours      mass_mg        delta_from_prev_mg
0            5.000000e-02   (initial)
0.100000     4.213996e-02   -7.860040e-03  OK
0.500000     2.663299e-02   -1.550697e-02  OK
1.000000     1.772737e-02   -8.905628e-03  OK
2.000000     8.701553e-03   -9.025814e-03  OK
4.000000     2.425062e-03   -6.276491e-03  OK
6.000000     8.536927e-04   -1.571369e-03  OK
8.000000     4.569661e-04   -3.967266e-04  OK
12.000000    2.980316e-04   -1.589345e-04  OK
16.000000    2.774988e-04   -2.053279e-05  OK
20.000000    2.233834e-04   -5.411539e-05  OK
24.000000    2.177183e-04   -5.665140e-06  OK
30.000000    1.983746e-04   -1.934365e-05  OK
PBPK28_MASS_CONSERVATION_PASS 12/12 samples monotonically decay

[pbpk28-parity] Case 5: Node ↔ Sounio TMDD (R_free, DR) parity at organs {1, 4, 8}
[pbpk28-parity:case5] both runs emitted 36 TMDD records
i   organ   rmse_Rfree   peak_Rfree   Rfree_pct   rmse_DR      peak_DR      DR_pct    
1   liver   0.000000e+00 4.726873e+01 0.0000  OK  0.000000e+00 1.865230e+01 0.0000  OK
4   heart   0.000000e+00 2.403520e+01 0.0000  OK  0.000000e+00 5.468670e+00 0.0000  OK
8   gut     0.000000e+00 2.890173e+01 0.0000  OK  0.000000e+00 6.920647e+00 0.0000  OK
PBPK28_TMDD_PARITY_PASS 3/3 TMDD organs within 1.0% RMSE on (R_free, DR)

[pbpk28-parity] Case 6: Node ↔ Sounio PD (A, N) parity at heart (i=4)
[pbpk28-parity:case6] both runs emitted 12 PD records
i   organ   rmse_A       peak_A       A_pct       rmse_N       peak_N       N_pct     
4   heart   0.000000e+00 9.981870e-01 0.0000  OK  0.000000e+00 1.326000e-02 0.0000  OK
PBPK28_PD_PARITY_PASS 1/1 PD organ(s) within 1.0% RMSE on (A, N)

[pbpk28-parity] Case 7: Sounio ↔ Node semaglutide PBPK28 (SC depot)
[pbpk28-parity:case7] both runs emitted 168 records
i   rmse         peak         rmse_pct     thr_pct status
0   0.000000e+00 1.062200e-02 0.0000       1.0     OK
1   0.000000e+00 6.423000e-03 0.0000       1.0     OK
2   0.000000e+00 7.052000e-03 0.0000       1.0     OK
3   0.000000e+00 8.990000e-04 0.0000       1.0     OK
4   0.000000e+00 5.916000e-03 0.0000       1.0     OK
5   0.000000e+00 5.135000e-03 0.0000       1.0     OK
6   0.000000e+00 2.426000e-03 0.0000       1.0     OK
7   0.000000e+00 1.504000e-03 0.0000       1.0     OK
8   0.000000e+00 8.521000e-03 0.0000       1.0     OK
9   0.000000e+00 3.306000e-03 0.0000       1.0     OK
10  0.000000e+00 2.434000e-03 0.0000       1.0     OK
11  0.000000e+00 6.044000e-03 0.0000       1.0     OK
12  0.000000e+00 7.995000e-03 0.0000       1.0     OK
13  0.000000e+00 3.533000e-03 0.0000       1.0     OK
PBPK28_SEMAGLUTIDE_PARITY_PASS 14/14 compartments within 1.0% RMSE

[pbpk28-parity] Case 8: Sounio ↔ Node semaglutide GLP-1R TMDD (brain, gut, pancreas)
[pbpk28-parity:case8] both runs emitted 36 sema-TMDD records
i   organ     rmse_Rfree   peak_Rfree   Rfree_pct   rmse_DR      peak_DR      DR_pct    
3   brain     0.000000e+00 9.999880e-01 0.0000  OK  0.000000e+00 1.887020e-01 0.0000  OK
8   gut       0.000000e+00 1.999494e+00 0.0000  OK  0.000000e+00 1.602497e+00 0.0000  OK
12  pancreas  0.000000e+00 4.998172e+00 0.0000  OK  0.000000e+00 3.894717e+00 0.0000  OK
PBPK28_SEMA_TMDD_PARITY_PASS 3/3 GLP-1R organs within 1.0% RMSE on (R_free, DR)

[pbpk28-parity] Case 9: Sounio ↔ Node semaglutide glucose-insulin PD (pancreas)
[pbpk28-parity:case9] both runs emitted 12 sema-PD records
i   organ     rmse_ΔG     peak_|ΔG|   G_pct       rmse_ΔI     peak_|ΔI|   I_pct     
12  pancreas  0.000000e+00 9.125985e+00 0.0000  OK  0.000000e+00 7.785732e+00 0.0000  OK
PBPK28_SEMA_PD_PARITY_PASS 1/1 PD organ(s) within 1.0% RMSE on (ΔG, ΔI)

[pbpk28-parity] Cases 10-13: Sounio ↔ Node venlafaxine XR (parent + ODV + matrix + ratio)
[pbpk28-parity:case10] venlafaxine PARENT PBPK28 (14 organs)
[pbpk28-parity:case10] both runs emitted 168 parent records
i   rmse           peak           pct       status
0   0.000000e+00   4.615300e-02   0.0000   OK
1   5.330021e-09   5.890800e-02   0.0000   OK
2   2.275147e-08   1.466760e-01   0.0000   OK
3   4.670539e-09   5.615800e-02   0.0000   OK
4   6.356229e-09   8.204400e-02   0.0000   OK
5   1.754346e-08   1.095910e-01   0.0000   OK
6   9.948594e-09   8.153700e-02   0.0000   OK
7   1.355939e-08   5.192500e-02   0.0000   OK
8   9.266869e-09   1.113790e-01   0.0000   OK
9   5.881234e-09   6.964000e-02   0.0000   OK
10  3.347515e-09   3.773600e-02   0.0000   OK
11  6.164493e-09   8.118500e-02   0.0000   OK
12  1.045222e-08   7.064100e-02   0.0000   OK
13  3.602705e-09   4.228400e-02   0.0000   OK
VENLAFAXINE_PARENT_PARITY_PASS 14/14 compartments within 1.0% RMSE

[pbpk28-parity:case11] venlafaxine ODV PBPK28 (14 organs)
i   rmse           peak           pct       status
0   1.240293e-07   7.973700e-02   0.0002   OK
1   2.042435e-09   2.372870e-01   0.0000   OK
2   3.428061e-09   2.136810e-01   0.0000   OK
3   1.441394e-07   7.975400e-02   0.0002   OK
4   8.003513e-08   1.150580e-01   0.0001   OK
5   2.476025e-09   1.503410e-01   0.0000   OK
6   2.750096e-08   1.097490e-01   0.0000   OK
7   4.640956e-08   6.962800e-02   0.0001   OK
8   3.971165e-09   1.575950e-01   0.0000   OK
9   1.090829e-07   9.544600e-02   0.0001   OK
10  1.112912e-07   5.683000e-02   0.0002   OK
11  8.124862e-08   1.140970e-01   0.0001   OK
12  1.038233e-07   9.934800e-02   0.0001   OK
13  1.072022e-07   5.705000e-02   0.0002   OK
VENLAFAXINE_ODV_PARITY_PASS 14/14 compartments within 1.0% RMSE

[pbpk28-parity:case12] venlafaxine matrix Korsmeyer-Peppas release (biomaterial bridge)
VENLAFAXINE_MATRIX_RELEASE_PARITY_PASS 12/12 samples within 1.0% RMSE (Korsmeyer-Peppas n=0.65, peak=75 mg)

[pbpk28-parity:case13] venlafaxine steady-state C_avg ODV/parent ratio (NM, 75 mg XR q24h)
dt        ratio_sio  ratio_node cf         rel_err_cf(sio,x1e12)  rel_hw(sio,x1e12)   certified(sio,node)
0.250000  1.912260   1.912260   1.912260   -0.404085              10225.220415        1,1
0.500000  1.912260   1.912260   1.912260   -28.492509             201208.803922       1,1
VENLAFAXINE_SS_RATIO_PARITY_PASS 2/2 dt within 1.0% and closed form certified on both engines

[pbpk28-parity] venlafaxine mass conservation (parent + ODV ≤ released; release monotone ≤ dose)
VENLAFAXINE_MASS_CONSERVATION_PASS 12/12 samples (parent+ODV ≤ released ≤ 75 mg, release monotone)

[pbpk28-parity] venlafaxine guards: Node input/interval checks + Sounio vfx_integrate_to refusals
dt=6 NM: auc_parent=0.6956146160268282 err_parent=1.022022019967518 lo=0.7349202540430627 hi=1e+300
VFX_NODE_GUARDS_PASS
  self-check ok: sab_exit7 (rc 7) is not a refusal
scripts/ci/dissertation_pbpk28_parity_gate.sh: line 906: 4159553 Segmentation fault      "$2" > "$OUT_DIR/vfx_probe_$1.txt" 2>&1
  self-check ok: sab_segv (rc 139) is not a refusal
  control ok: on-grid spans accepted (rc 0)
  refused: backwards (rc 1)
  refused: offgrid (rc 1)
VENLAFAXINE_GUARDS_PASS (Node guards; Sounio vfx_integrate_to refuses backwards and off-grid spans, exit 1)

[pbpk28-parity] venlafaxine XR canonical: parent + ODV + matrix within 1.0% RMSE, steady-state ratio certified (3rd canonical drug)

[pbpk28-parity] Cases 14-16: Sounio ↔ Node haloperidol (plasma + BBB Kpuu + D2 occupancy)
[pbpk28-parity:case14] haloperidol plasma PK
HALOPERIDOL_PLASMA_PARITY_PASS 12/12 within 1.0% RMSE (plasma mg/L, peak=0.00945)
[pbpk28-parity:case15] haloperidol BBB ISF_free + Kpuu (brain accumulation, Loryan 2014 Kpuu->3)
HALOPERIDOL_BBB_ISF_PARITY_PASS 12/12 within 1.0% RMSE (ISF_free mg/L, peak=0.000281)
HALOPERIDOL_BBB_KPUU_PARITY_PASS 12/12 within 1.0% RMSE (Kpuu, peak=1.927)
[pbpk28-parity:case16] haloperidol D2 receptor occupancy (Kd 1.5 nM)
HALOPERIDOL_D2_OCCUPANCY_PARITY_PASS 12/12 within 1.0% RMSE (D2 occupancy, peak=0.3323)

[pbpk28-parity] haloperidol CASO II canonical: plasma + BBB Kpuu + D2 occupancy all within 1.0% RMSE (4th canonical drug)

[pbpk28-parity] Cases 17-19: Sounio ↔ Node midazolam (solo PK + ketoconazole DDI + AUCR curve)
[pbpk28-parity:case17] midazolam solo oral PK (5 mg)
MIDAZOLAM_SOLO_PK_PARITY_PASS 12/12 within 1.0% RMSE (plasma mg/L (solo), peak=0.02272)
[pbpk28-parity:case18] midazolam + ketoconazole inhibited oral PK (CYP3A DDI)
MIDAZOLAM_DDI_PK_PARITY_PASS 12/12 within 1.0% RMSE (plasma mg/L (+keto), peak=0.05658)
[pbpk28-parity:case19] midazolam DDI inhibition curve (AUCR across I/Ki, oral ~15× at I/Ki=8)
MIDAZOLAM_AUCR_PARITY_PASS 8/8 within 1.0% RMSE (AUC ratio, peak=29.47)

[pbpk28-parity] midazolam CYP3A DDI canonical: solo PK + ketoconazole-inhibited PK + AUCR curve all within 1.0% RMSE (5th canonical drug)
