[diag] run_dir=/home/demetrios/work/sounio/artifacts/diagnostic/checked-in/20260221T201308Z
[diag] command=env SOUNIO_SELFHOST_DRIVER_STRICT=1 SOUNIO_SELFHOST_STRICT=1 cargo test -p souc --lib compiler_loader::tests::test_driver_file_pipeline_compiles_simple_file -- --nocapture
   Compiling souc v1.0.0-beta.4 (/home/demetrios/work/sounio/crates/souc)
warning: souc@1.0.0-beta.4: Embedding 53 stdlib/compiler modules
warning: souc@1.0.0-beta.4: Generated embedded_stdlib.rs with 53 modules
warning: unused import: `crate::ast::Abi`
    --> crates/souc/src/backend/cps_transform.rs:1022:9
     |
1022 |     use crate::ast::Abi;
     |         ^^^^^^^^^^^^^^^
     |
     = note: `#[warn(unused_imports)]` (part of `#[warn(unused)]`) on by default

warning: unused import: `crate::sir::ops::CausalFormulaKind`
   --> crates/souc/src/epistemic/integration_tests.rs:822:13
    |
822 |         use crate::sir::ops::CausalFormulaKind;
    |             ^^^^^^^^^^^^^^^^^^^^^^^^^^^^^^^^^^

warning: unused import: `super::*`
   --> crates/souc/src/runtime/io.rs:116:9
    |
116 |     use super::*;
    |         ^^^^^^^^

warning: unused import: `std::ptr`
   --> crates/souc/src/runtime/io.rs:117:9
    |
117 |     use std::ptr;
    |         ^^^^^^^^

warning: unnecessary `unsafe` block
   --> crates/souc/src/backend/native/quat_runtime_i8.rs:411:20
    |
411 |         let norm = unsafe { sounio_quat_batch_norm_i8(quats.as_ptr(), scales.as_ptr(), 2) };
    |                    ^^^^^^ unnecessary `unsafe` block
    |
    = note: `#[warn(unused_unsafe)]` (part of `#[warn(unused)]`) on by default

warning: unnecessary `unsafe` block
   --> crates/souc/src/backend/native/quat_runtime_i8.rs:423:9
    |
423 |         unsafe {
    |         ^^^^^^ unnecessary `unsafe` block

warning: unnecessary `unsafe` block
   --> crates/souc/src/backend/native/quat_runtime_i8.rs:428:9
    |
428 |         unsafe {
    |         ^^^^^^ unnecessary `unsafe` block

warning: variable does not need to be mutable
   --> crates/souc/src/mir/optimization/function_inlining_complete.rs:652:13
    |
652 |         let mut caller =
    |             ----^^^^^^
    |             |
    |             help: remove this `mut`
    |
    = note: `#[warn(unused_mut)]` (part of `#[warn(unused)]`) on by default

warning: variable does not need to be mutable
   --> crates/souc/src/mir/optimization/pipeline_with_validation.rs:281:13
    |
281 |         let mut pipeline = ValidatedOptimizationPipeline::new();
    |             ----^^^^^^^^
    |             |
    |             help: remove this `mut`

warning: variable does not need to be mutable
   --> crates/souc/src/mir/optimization/sroa.rs:738:13
    |
738 |         let mut pass = Sroa::new();
    |             ----^^^^
    |             |
    |             help: remove this `mut`

warning: variable does not need to be mutable
   --> crates/souc/src/mir/optimization/sroa.rs:768:13
    |
768 |         let mut pass = Sroa::new();
    |             ----^^^^
    |             |
    |             help: remove this `mut`

warning: variable does not need to be mutable
   --> crates/souc/src/ontology/applications/completion.rs:179:13
    |
179 |         let mut candidates = vec![
    |             ----^^^^^^^^^^
    |             |
    |             help: remove this `mut`

warning: comparison is useless due to type limits
    --> crates/souc/src/runtime/async_runtime.rs:1713:17
     |
1713 |         assert!(completed.len() >= 0); // May or may not complete depending on thread-local state
     |                 ^^^^^^^^^^^^^^^^^^^^
     |
     = note: `#[warn(unused_comparisons)]` on by default

warning: `souc` (lib test) generated 13 warnings (run `cargo fix --lib -p souc --tests` to apply 9 suggestions)
    Finished `test` profile [unoptimized + debuginfo] target(s) in 1m 53s
     Running unittests src/lib.rs (artifacts/diagnostic/.shared-cargo-target/debug/deps/sounio-d3a9a1dff06ed683)

running 1 test
SELFHOST=driver-first schema=v1 event=compile_start entrypoint=bootstrap::driver::compile_file strict=1 parity=0
SELFHOST=driver-first schema=v1 event=driver_orchestration entrypoint=bootstrap::driver::compile_file strict=1 status=ok
SELFHOST=driver-first schema=v1 event=driver_output entrypoint=bootstrap::driver::compile_file status=ok bytecode_len=7
SELFHOST=driver-first schema=v1 event=stage_boundary entrypoint=bootstrap::driver::compile_file status=ok bytecode_len=7
test compiler_loader::tests::test_driver_file_pipeline_compiles_simple_file ... ok

test result: ok. 1 passed; 0 failed; 0 ignored; 0 measured; 4864 filtered out; finished in 0.05s

