[diag] run_dir=/home/demetrios/work/sounio/artifacts/diagnostic/checked-in/20260221T201308Z
[diag] command=cargo test -p souc e2e::golden::golden_cascading_errors -- --nocapture
   Compiling souc v1.0.0-beta.4 (/home/demetrios/work/sounio/crates/souc)
warning: souc@1.0.0-beta.4: Embedding 53 stdlib/compiler modules
warning: souc@1.0.0-beta.4: Generated embedded_stdlib.rs with 53 modules
warning: unused import: `crate::ast::Abi`
    --> crates/souc/src/backend/cps_transform.rs:1022:9
     |
1022 |     use crate::ast::Abi;
     |         ^^^^^^^^^^^^^^^
     |
     = note: `#[warn(unused_imports)]` (part of `#[warn(unused)]`) on by default

warning: unused import: `crate::sir::ops::CausalFormulaKind`
   --> crates/souc/src/epistemic/integration_tests.rs:822:13
    |
822 |         use crate::sir::ops::CausalFormulaKind;
    |             ^^^^^^^^^^^^^^^^^^^^^^^^^^^^^^^^^^

warning: unused import: `super::*`
   --> crates/souc/src/runtime/io.rs:116:9
    |
116 |     use super::*;
    |         ^^^^^^^^

warning: unused import: `std::ptr`
   --> crates/souc/src/runtime/io.rs:117:9
    |
117 |     use std::ptr;
    |         ^^^^^^^^

warning: unnecessary `unsafe` block
   --> crates/souc/src/backend/native/quat_runtime_i8.rs:411:20
    |
411 |         let norm = unsafe { sounio_quat_batch_norm_i8(quats.as_ptr(), scales.as_ptr(), 2) };
    |                    ^^^^^^ unnecessary `unsafe` block
    |
    = note: `#[warn(unused_unsafe)]` (part of `#[warn(unused)]`) on by default

warning: unnecessary `unsafe` block
   --> crates/souc/src/backend/native/quat_runtime_i8.rs:423:9
    |
423 |         unsafe {
    |         ^^^^^^ unnecessary `unsafe` block

warning: unnecessary `unsafe` block
   --> crates/souc/src/backend/native/quat_runtime_i8.rs:428:9
    |
428 |         unsafe {
    |         ^^^^^^ unnecessary `unsafe` block

warning: variable does not need to be mutable
   --> crates/souc/src/mir/optimization/function_inlining_complete.rs:652:13
    |
652 |         let mut caller =
    |             ----^^^^^^
    |             |
    |             help: remove this `mut`
    |
    = note: `#[warn(unused_mut)]` (part of `#[warn(unused)]`) on by default

warning: variable does not need to be mutable
   --> crates/souc/src/mir/optimization/pipeline_with_validation.rs:281:13
    |
281 |         let mut pipeline = ValidatedOptimizationPipeline::new();
    |             ----^^^^^^^^
    |             |
    |             help: remove this `mut`

warning: variable does not need to be mutable
   --> crates/souc/src/mir/optimization/sroa.rs:738:13
    |
738 |         let mut pass = Sroa::new();
    |             ----^^^^
    |             |
    |             help: remove this `mut`

warning: variable does not need to be mutable
   --> crates/souc/src/mir/optimization/sroa.rs:768:13
    |
768 |         let mut pass = Sroa::new();
    |             ----^^^^
    |             |
    |             help: remove this `mut`

warning: variable does not need to be mutable
   --> crates/souc/src/ontology/applications/completion.rs:179:13
    |
179 |         let mut candidates = vec![
    |             ----^^^^^^^^^^
    |             |
    |             help: remove this `mut`

warning: comparison is useless due to type limits
    --> crates/souc/src/runtime/async_runtime.rs:1713:17
     |
1713 |         assert!(completed.len() >= 0); // May or may not complete depending on thread-local state
     |                 ^^^^^^^^^^^^^^^^^^^^
     |
     = note: `#[warn(unused_comparisons)]` on by default

warning: unused import: `std::f32::consts::PI`
  --> crates/souc/tests/sedenion_hsi_benchmark.rs:19:9
   |
19 |     use std::f32::consts::PI;
   |         ^^^^^^^^^^^^^^^^^^^^
   |
   = note: `#[warn(unused_imports)]` (part of `#[warn(unused)]`) on by default

warning: unused import: `sounio::interp::value::Value`
 --> crates/souc/tests/effect_continuations.rs:8:5
  |
8 | use sounio::interp::value::Value;
  |     ^^^^^^^^^^^^^^^^^^^^^^^^^^^^
  |
  = note: `#[warn(unused_imports)]` (part of `#[warn(unused)]`) on by default

warning: unused variable: `train_pixels`
   --> crates/souc/tests/sedenion_hsi_benchmark.rs:573:13
    |
573 |         let train_pixels = &pixels[..n_train];
    |             ^^^^^^^^^^^^ help: if this is intentional, prefix it with an underscore: `_train_pixels`
    |
    = note: `#[warn(unused_variables)]` (part of `#[warn(unused)]`) on by default

warning: unused variable: `train_labels`
   --> crates/souc/tests/sedenion_hsi_benchmark.rs:574:13
    |
574 |         let train_labels = &labels[..n_train];
    |             ^^^^^^^^^^^^ help: if this is intentional, prefix it with an underscore: `_train_labels`

warning: variable does not need to be mutable
  --> crates/souc/tests/effect_continuations.rs:13:9
   |
13 |     let mut interp = Interpreter::with_all_effects();
   |         ----^^^^^^
   |         |
   |         help: remove this `mut`
   |
   = note: `#[warn(unused_mut)]` (part of `#[warn(unused)]`) on by default

warning: unused variable: `n_pop`
   --> crates/souc/tests/genomics_stress_tests.rs:137:13
    |
137 |         let n_pop = 100u32;
    |             ^^^^^ help: if this is intentional, prefix it with an underscore: `_n_pop`
    |
    = note: `#[warn(unused_variables)]` (part of `#[warn(unused)]`) on by default

warning: unused variable: `interp`
  --> crates/souc/tests/effect_continuations.rs:13:9
   |
13 |     let mut interp = Interpreter::with_all_effects();
   |         ^^^^^^^^^^ help: if this is intentional, prefix it with an underscore: `_interp`
   |
   = note: `#[warn(unused_variables)]` (part of `#[warn(unused)]`) on by default

warning: unused variable: `source`
  --> crates/souc/tests/effect_continuations.rs:16:9
   |
16 |     let source = r#"
   |         ^^^^^^ help: if this is intentional, prefix it with an underscore: `_source`

warning: unused variable: `n_pop`
   --> crates/souc/tests/genomics_stress_tests.rs:162:13
    |
162 |         let n_pop = 100_000u32;
    |             ^^^^^ help: if this is intentional, prefix it with an underscore: `_n_pop`

warning: unused variable: `p_values`
   --> crates/souc/tests/genomics_stress_tests.rs:241:13
    |
241 |         let p_values = vec![0.001, 0.01, 0.05];
    |             ^^^^^^^^ help: if this is intentional, prefix it with an underscore: `_p_values`

warning: unused variable: `alpha`
   --> crates/souc/tests/genomics_stress_tests.rs:242:13
    |
242 |         let alpha = 0.05f64;
    |             ^^^^^ help: if this is intentional, prefix it with an underscore: `_alpha`

warning: unused variable: `p_values`
   --> crates/souc/tests/genomics_stress_tests.rs:340:13
    |
340 |         let p_values = vec![0.05];
    |             ^^^^^^^^ help: if this is intentional, prefix it with an underscore: `_p_values`

warning: unused variable: `p_values`
   --> crates/souc/tests/genomics_stress_tests.rs:350:13
    |
350 |         let p_values = vec![0.001, 0.01, 0.05, 0.1, 0.5];
    |             ^^^^^^^^ help: if this is intentional, prefix it with an underscore: `_p_values`

warning: unused import: `AArch64Reg`
 --> crates/souc/tests/runtime_linking_test.rs:6:56
  |
6 | use sounio::backend::native::aarch64::{AArch64Emitter, AArch64Reg};
  |                                                        ^^^^^^^^^^
  |
  = note: `#[warn(unused_imports)]` (part of `#[warn(unused)]`) on by default

warning: function `test_data_dir` is never used
  --> crates/souc/tests/soir_roundtrip.rs:14:4
   |
14 | fn test_data_dir() -> PathBuf {
   |    ^^^^^^^^^^^^^
   |
   = note: `#[warn(dead_code)]` (part of `#[warn(unused)]`) on by default

warning: unnecessary `unsafe` block
  --> crates/souc/tests/qnn_native_runtime_test.rs:37:9
   |
37 |         unsafe {
   |         ^^^^^^ unnecessary `unsafe` block
   |
   = note: `#[warn(unused_unsafe)]` (part of `#[warn(unused)]`) on by default

warning: unnecessary `unsafe` block
  --> crates/souc/tests/qnn_native_runtime_test.rs:51:9
   |
51 |         unsafe {
   |         ^^^^^^ unnecessary `unsafe` block

warning: unnecessary `unsafe` block
  --> crates/souc/tests/qnn_native_runtime_test.rs:63:20
   |
63 |         let norm = unsafe { sounio_quat_norm(q.as_ptr()) };
   |                    ^^^^^^ unnecessary `unsafe` block

warning: unnecessary `unsafe` block
  --> crates/souc/tests/qnn_native_runtime_test.rs:73:23
   |
73 |         let norm_sq = unsafe { sounio_quat_norm_sq(q.as_ptr()) };
   |                       ^^^^^^ unnecessary `unsafe` block

warning: unnecessary `unsafe` block
  --> crates/souc/tests/qnn_native_runtime_test.rs:83:9
   |
83 |         unsafe {
   |         ^^^^^^ unnecessary `unsafe` block

warning: unnecessary `unsafe` block
  --> crates/souc/tests/qnn_native_runtime_test.rs:97:9
   |
97 |         unsafe {
   |         ^^^^^^ unnecessary `unsafe` block

warning: unnecessary `unsafe` block
   --> crates/souc/tests/qnn_native_runtime_test.rs:111:9
    |
111 |         unsafe {
    |         ^^^^^^ unnecessary `unsafe` block

warning: unnecessary `unsafe` block
   --> crates/souc/tests/qnn_native_runtime_test.rs:126:9
    |
126 |         unsafe {
    |         ^^^^^^ unnecessary `unsafe` block

warning: unnecessary `unsafe` block
   --> crates/souc/tests/qnn_native_runtime_test.rs:142:9
    |
142 |         unsafe {
    |         ^^^^^^ unnecessary `unsafe` block

warning: unnecessary `unsafe` block
   --> crates/souc/tests/qnn_native_runtime_test.rs:159:9
    |
159 |         unsafe {
    |         ^^^^^^ unnecessary `unsafe` block

warning: unnecessary `unsafe` block
   --> crates/souc/tests/qnn_native_runtime_test.rs:176:9
    |
176 |         unsafe {
    |         ^^^^^^ unnecessary `unsafe` block

warning: unnecessary `unsafe` block
   --> crates/souc/tests/qnn_native_runtime_test.rs:193:9
    |
193 |         unsafe {
    |         ^^^^^^ unnecessary `unsafe` block

warning: unnecessary `unsafe` block
   --> crates/souc/tests/qnn_native_runtime_test.rs:208:9
    |
208 |         unsafe {
    |         ^^^^^^ unnecessary `unsafe` block

warning: unnecessary `unsafe` block
   --> crates/souc/tests/qnn_native_runtime_test.rs:243:9
    |
243 |         unsafe {
    |         ^^^^^^ unnecessary `unsafe` block

warning: unnecessary `unsafe` block
   --> crates/souc/tests/qnn_native_runtime_test.rs:271:9
    |
271 |         unsafe {
    |         ^^^^^^ unnecessary `unsafe` block

warning: unnecessary `unsafe` block
   --> crates/souc/tests/qnn_native_runtime_test.rs:314:9
    |
314 |         unsafe {
    |         ^^^^^^ unnecessary `unsafe` block

warning: unnecessary `unsafe` block
   --> crates/souc/tests/qnn_native_runtime_test.rs:329:9
    |
329 |         unsafe {
    |         ^^^^^^ unnecessary `unsafe` block

warning: unnecessary `unsafe` block
   --> crates/souc/tests/qnn_native_runtime_test.rs:345:9
    |
345 |         unsafe {
    |         ^^^^^^ unnecessary `unsafe` block

warning: `souc` (lib test) generated 13 warnings (run `cargo fix --lib -p souc --tests` to apply 9 suggestions)
warning: `souc` (test "soir_roundtrip") generated 1 warning
warning: `souc` (test "genomics_stress_tests") generated 6 warnings (run `cargo fix --test "genomics_stress_tests" -p souc` to apply 6 suggestions)
warning: `souc` (test "sedenion_hsi_benchmark") generated 3 warnings (run `cargo fix --test "sedenion_hsi_benchmark" -p souc` to apply 3 suggestions)
warning: method `reset` is never used
  --> crates/souc/tests/network_resilience.rs:28:8
   |
20 | impl MockNetworkHandler {
   | ----------------------- method in this implementation
...
28 |     fn reset(&self) {
   |        ^^^^^
   |
   = note: `#[warn(dead_code)]` (part of `#[warn(unused)]`) on by default

warning: unused variable: `with_import`
   --> crates/souc/tests/integration_cli.rs:758:9
    |
758 |     let with_import = create_test_file(&temp_dir, "with_import.sio", "import math\n\nfn main() -> i64 { math::add(1, 2) }");
    |         ^^^^^^^^^^^ help: if this is intentional, prefix it with an underscore: `_with_import`
    |
    = note: `#[warn(unused_variables)]` (part of `#[warn(unused)]`) on by default

warning: function `has_llvm_feature` is never used
  --> crates/souc/tests/integration_cli.rs:72:4
   |
72 | fn has_llvm_feature() -> bool {
   |    ^^^^^^^^^^^^^^^^
   |
   = note: `#[warn(dead_code)]` (part of `#[warn(unused)]`) on by default

warning: `souc` (test "effect_continuations") generated 4 warnings (run `cargo fix --test "effect_continuations" -p souc` to apply 4 suggestions)
warning: `souc` (test "runtime_linking_test") generated 1 warning (run `cargo fix --test "runtime_linking_test" -p souc` to apply 1 suggestion)
warning: `souc` (test "qnn_native_runtime_test") generated 18 warnings
warning: unused import: `sounio::hlir::HlirModule`
 --> crates/souc/tests/mir_pipeline_tests.rs:6:5
  |
6 | use sounio::hlir::HlirModule;
  |     ^^^^^^^^^^^^^^^^^^^^^^^^
  |
  = note: `#[warn(unused_imports)]` (part of `#[warn(unused)]`) on by default

warning: unused import: `MirTerminator`
 --> crates/souc/tests/mir_pipeline_tests.rs:9:62
  |
9 | use sounio::mir::instructions::{MirBinaryOp, MirInstruction, MirTerminator};
  |                                                              ^^^^^^^^^^^^^

warning: unused imports: `BlockId`, `MirFunction`, and `MirModule`
  --> crates/souc/tests/mir_pipeline_tests.rs:14:19
   |
14 | use sounio::mir::{BlockId, MirFunction, MirModule, ValueId};
   |                   ^^^^^^^  ^^^^^^^^^^^  ^^^^^^^^^

warning: unused import: `std::path::Path`
  --> crates/souc/tests/mir_pipeline_tests.rs:15:5
   |
15 | use std::path::Path;
   |     ^^^^^^^^^^^^^^^

warning: unused import: `sounio::hir::Hir`
   --> crates/souc/tests/mir_pipeline_tests.rs:349:13
    |
349 |         use sounio::hir::Hir;
    |             ^^^^^^^^^^^^^^^^

warning: unused import: `sounio::hlir::lower::lower`
   --> crates/souc/tests/mir_pipeline_tests.rs:350:13
    |
350 |         use sounio::hlir::lower::lower;
    |             ^^^^^^^^^^^^^^^^^^^^^^^^^^

warning: unused variable: `const_0`
  --> crates/souc/tests/mir_pipeline_tests.rs:83:13
   |
83 |         let const_0 = func_builder.build_i64(0);
   |             ^^^^^^^ help: if this is intentional, prefix it with an underscore: `_const_0`
   |
   = note: `#[warn(unused_variables)]` (part of `#[warn(unused)]`) on by default

warning: `souc` (test "integration_cli") generated 2 warnings (run `cargo fix --test "integration_cli" -p souc` to apply 1 suggestion)
warning: constant `FLOAT_TOLERANCE` is never used
  --> crates/souc/tests/integration_epistemic_backends.rs:21:7
   |
21 | const FLOAT_TOLERANCE: f64 = 1e-6;
   |       ^^^^^^^^^^^^^^^
   |
   = note: `#[warn(dead_code)]` (part of `#[warn(unused)]`) on by default

warning: fields `value` and `uncertainty` are never read
  --> crates/souc/tests/integration_epistemic_backends.rs:26:5
   |
25 | struct EpistemicResult {
   |        --------------- fields in this struct
26 |     value: f64,
   |     ^^^^^
27 |     uncertainty: f64,
   |     ^^^^^^^^^^^
   |
   = note: `EpistemicResult` has derived impls for the traits `Clone` and `Debug`, but these are intentionally ignored during dead code analysis

warning: associated items `new` and `approx_eq` are never used
  --> crates/souc/tests/integration_epistemic_backends.rs:31:8
   |
30 | impl EpistemicResult {
   | -------------------- associated items in this implementation
31 |     fn new(value: f64, uncertainty: f64) -> Self {
   |        ^^^
...
36 |     fn approx_eq(&self, other: &EpistemicResult, tolerance: f64) -> bool {
   |        ^^^^^^^^^

warning: unused import: `MirConstant`
  --> crates/souc/tests/mir_regression_tests.rs:12:26
   |
12 | use sounio::mir::types::{MirConstant, MirType};
   |                          ^^^^^^^^^^^
   |
   = note: `#[warn(unused_imports)]` (part of `#[warn(unused)]`) on by default

warning: unused imports: `BlockId`, `MirFunction`, `MirModule`, and `ValueId`
  --> crates/souc/tests/mir_regression_tests.rs:13:19
   |
13 | use sounio::mir::{BlockId, MirFunction, MirModule, ValueId};
   |                   ^^^^^^^  ^^^^^^^^^^^  ^^^^^^^^^  ^^^^^^^

warning: unused variable: `const_0`
   --> crates/souc/tests/mir_regression_tests.rs:146:9
    |
146 |     let const_0 = func_builder.build_i64(0);
    |         ^^^^^^^ help: if this is intentional, prefix it with an underscore: `_const_0`
    |
    = note: `#[warn(unused_variables)]` (part of `#[warn(unused)]`) on by default

warning: unused variable: `loop_analysis`
   --> crates/souc/tests/mir_regression_tests.rs:174:9
    |
174 |     let loop_analysis = LoopAnalysis::analyze_function(func);
    |         ^^^^^^^^^^^^^ help: if this is intentional, prefix it with an underscore: `_loop_analysis`

warning: unused import: `super::*`
   --> crates/souc/tests/phase2_integration/common.rs:186:9
    |
186 |     use super::*;
    |         ^^^^^^^^
    |
    = note: `#[warn(unused_imports)]` (part of `#[warn(unused)]`) on by default

warning: unused import: `super::*`
   --> crates/souc/tests/phase2_integration/sparse_quat_integration.rs:210:9
    |
210 |     use super::*;
    |         ^^^^^^^^

warning: unused variable: `param_y`
   --> crates/souc/tests/mir_regression_tests.rs:533:9
    |
533 |     let param_y = func_builder.get_param(1);
    |         ^^^^^^^ help: if this is intentional, prefix it with an underscore: `_param_y`

warning: unused variable: `param_z`
   --> crates/souc/tests/mir_regression_tests.rs:534:9
    |
534 |     let param_z = func_builder.get_param(2);
    |         ^^^^^^^ help: if this is intentional, prefix it with an underscore: `_param_z`

warning: `souc` (test "network_resilience") generated 1 warning
warning: unused variable: `numerical_grad`
   --> crates/souc/tests/qnn_gradient_correctness_test.rs:383:13
    |
383 |         let numerical_grad = numerical_gradient_vec4(&f, &q, EPS);
    |             ^^^^^^^^^^^^^^ help: if this is intentional, prefix it with an underscore: `_numerical_grad`
    |
    = note: `#[warn(unused_variables)]` (part of `#[warn(unused)]`) on by default

warning: unused variable: `batch_idx`
   --> crates/souc/tests/phase2_integration/combined_pipeline.rs:177:17
    |
177 |             for batch_idx in 0..5 {
    |                 ^^^^^^^^^ help: if this is intentional, prefix it with an underscore: `_batch_idx`
    |
    = note: `#[warn(unused_variables)]` (part of `#[warn(unused)]`) on by default

warning: unused variable: `harness`
   --> crates/souc/tests/phase2_integration/mixed_precision_integration.rs:150:13
    |
150 |         let harness = Phase2TestHarness::new();
    |             ^^^^^^^ help: if this is intentional, prefix it with an underscore: `_harness`

warning: unused variable: `harness`
   --> crates/souc/tests/phase2_integration/qat_integration.rs:243:13
    |
243 |         let harness = Phase2TestHarness::new();
    |             ^^^^^^^ help: if this is intentional, prefix it with an underscore: `_harness`

warning: unused variable: `harness`
   --> crates/souc/tests/phase2_integration/qat_integration.rs:476:13
    |
476 |         let harness = Phase2TestHarness::new();
    |             ^^^^^^^ help: if this is intentional, prefix it with an underscore: `_harness`

warning: unused variable: `weight_scale`
   --> crates/souc/tests/phase2_integration/qat_integration.rs:546:13
    |
546 |         let weight_scale = 1.0 / 127.0;
    |             ^^^^^^^^^^^^ help: if this is intentional, prefix it with an underscore: `_weight_scale`

warning: unused variable: `harness`
  --> crates/souc/tests/phase2_integration/sparse_quat_integration.rs:75:13
   |
75 |         let harness = Phase2TestHarness::new();
   |             ^^^^^^^ help: if this is intentional, prefix it with an underscore: `_harness`

warning: `souc` (test "qnn_gradient_correctness_test") generated 1 warning (run `cargo fix --test "qnn_gradient_correctness_test" -p souc` to apply 1 suggestion)
warning: variable does not need to be mutable
  --> crates/souc/tests/mir_optimization_tests.rs:39:13
   |
39 |         let mut cp = ConstantPropagation::new();
   |             ----^^
   |             |
   |             help: remove this `mut`
   |
   = note: `#[warn(unused_mut)]` (part of `#[warn(unused)]`) on by default

warning: variable does not need to be mutable
  --> crates/souc/tests/mir_optimization_tests.rs:68:13
   |
68 |         let mut cp = ConstantPropagation::new();
   |             ----^^
   |             |
   |             help: remove this `mut`

warning: variable does not need to be mutable
  --> crates/souc/tests/mir_optimization_tests.rs:93:13
   |
93 |         let mut cp = ConstantPropagation::new();
   |             ----^^
   |             |
   |             help: remove this `mut`

warning: variable does not need to be mutable
  --> crates/souc/tests/mir_optimization_tests.rs:96:13
   |
96 |         let mut dce = DeadCodeElimination::new();
   |             ----^^^
   |             |
   |             help: remove this `mut`

warning: variable does not need to be mutable
   --> crates/souc/tests/mir_optimization_tests.rs:124:13
    |
124 |         let mut dce = DeadCodeElimination::new();
    |             ----^^^
    |             |
    |             help: remove this `mut`

warning: unused variable: `y`
   --> crates/souc/tests/mir_optimization_tests.rs:117:13
    |
117 |         let y = func.build_i64(20); // This should be eliminated
    |             ^ help: if this is intentional, prefix it with an underscore: `_y`
    |
    = note: `#[warn(unused_variables)]` (part of `#[warn(unused)]`) on by default

warning: variable does not need to be mutable
   --> crates/souc/tests/mir_optimization_tests.rs:149:13
    |
149 |         let mut dce = DeadCodeElimination::new();
    |             ----^^^
    |             |
    |             help: remove this `mut`

warning: variable does not need to be mutable
   --> crates/souc/tests/mir_optimization_tests.rs:183:13
    |
183 |         let mut cse = CommonSubexpressionElimination::new();
    |             ----^^^
    |             |
    |             help: remove this `mut`

warning: variable does not need to be mutable
   --> crates/souc/tests/mir_optimization_tests.rs:211:13
    |
211 |         let mut cse = CommonSubexpressionElimination::new();
    |             ----^^^
    |             |
    |             help: remove this `mut`

warning: variable does not need to be mutable
   --> crates/souc/tests/mir_optimization_tests.rs:236:13
    |
236 |         let mut sr = StrengthReduction::new();
    |             ----^^
    |             |
    |             help: remove this `mut`

warning: variable does not need to be mutable
   --> crates/souc/tests/mir_optimization_tests.rs:260:13
    |
260 |         let mut sr = StrengthReduction::new();
    |             ----^^
    |             |
    |             help: remove this `mut`

warning: variable does not need to be mutable
   --> crates/souc/tests/mir_optimization_tests.rs:285:13
    |
285 |         let mut fi = FunctionInlining::new();
    |             ----^^
    |             |
    |             help: remove this `mut`

warning: variable does not need to be mutable
   --> crates/souc/tests/mir_optimization_tests.rs:309:13
    |
309 |         let mut inlining = FunctionInlining::new();
    |             ----^^^^^^^^
    |             |
    |             help: remove this `mut`

warning: variable does not need to be mutable
   --> crates/souc/tests/mir_optimization_tests.rs:446:13
    |
446 |         let mut cp = ConstantPropagation::new();
    |             ----^^
    |             |
    |             help: remove this `mut`

warning: variable does not need to be mutable
   --> crates/souc/tests/mir_optimization_tests.rs:447:13
    |
447 |         let mut dce = DeadCodeElimination::new();
    |             ----^^^
    |             |
    |             help: remove this `mut`

warning: variable does not need to be mutable
   --> crates/souc/tests/mir_optimization_tests.rs:448:13
    |
448 |         let mut cse = CommonSubexpressionElimination::new();
    |             ----^^^
    |             |
    |             help: remove this `mut`

warning: variable does not need to be mutable
   --> crates/souc/tests/mir_optimization_tests.rs:449:13
    |
449 |         let mut sr = StrengthReduction::new();
    |             ----^^
    |             |
    |             help: remove this `mut`

warning: variable does not need to be mutable
   --> crates/souc/tests/mir_optimization_tests.rs:450:13
    |
450 |         let mut fi = FunctionInlining::new();
    |             ----^^
    |             |
    |             help: remove this `mut`

warning: variable does not need to be mutable
   --> crates/souc/tests/mir_optimization_tests.rs:486:13
    |
486 |         let mut cp = ConstantPropagation::new();
    |             ----^^
    |             |
    |             help: remove this `mut`

warning: variable does not need to be mutable
   --> crates/souc/tests/mir_optimization_tests.rs:526:13
    |
526 |         let mut cse = CommonSubexpressionElimination::new();
    |             ----^^^
    |             |
    |             help: remove this `mut`

warning: variable does not need to be mutable
   --> crates/souc/tests/mir_optimization_tests.rs:575:13
    |
575 |         let mut cp = ConstantPropagation::new();
    |             ----^^
    |             |
    |             help: remove this `mut`

warning: variable does not need to be mutable
   --> crates/souc/tests/mir_optimization_tests.rs:609:13
    |
609 |         let mut dce = DeadCodeElimination::new();
    |             ----^^^
    |             |
    |             help: remove this `mut`

warning: `souc` (test "mir_pipeline_tests") generated 7 warnings (run `cargo fix --test "mir_pipeline_tests" -p souc` to apply 7 suggestions)
warning: unused imports: `AlignmentSource` and `Alignment`
 --> crates/souc/tests/mathematical_integration.rs:8:39
  |
8 |     use sounio::ontology::alignment::{Alignment, AlignmentSource, CellularSheaf};
  |                                       ^^^^^^^^^  ^^^^^^^^^^^^^^^
  |
  = note: `#[warn(unused_imports)]` (part of `#[warn(unused)]`) on by default

warning: unused import: `sounio::ontology::distance::sssom::MappingPredicate`
 --> crates/souc/tests/mathematical_integration.rs:9:9
  |
9 |     use sounio::ontology::distance::sssom::MappingPredicate;
  |         ^^^^^^^^^^^^^^^^^^^^^^^^^^^^^^^^^^^^^^^^^^^^^^^^^^^

warning: unused import: `sounio::ontology::loader::IRI`
  --> crates/souc/tests/mathematical_integration.rs:10:9
   |
10 |     use sounio::ontology::loader::IRI;
   |         ^^^^^^^^^^^^^^^^^^^^^^^^^^^^^

warning: variable does not need to be mutable
  --> crates/souc/tests/mathematical_integration.rs:80:13
   |
80 |         let mut optimizer = NaturalGradientOptimizer::new(
   |             ----^^^^^^^^^
   |             |
   |             help: remove this `mut`
   |
   = note: `#[warn(unused_mut)]` (part of `#[warn(unused)]`) on by default

warning: unused variable: `cond_q`
   --> crates/souc/tests/mathematical_integration.rs:303:13
    |
303 |         let cond_q = fisher_q.condition_number();
    |             ^^^^^^ help: if this is intentional, prefix it with an underscore: `_cond_q`
    |
    = note: `#[warn(unused_variables)]` (part of `#[warn(unused)]`) on by default

warning: variable does not need to be mutable
   --> crates/souc/tests/mathematical_integration.rs:439:13
    |
439 |         let mut optimizer = NaturalGradientOptimizer::new(2.0, 3.0, 0.1, 0.95);
    |             ----^^^^^^^^^
    |             |
    |             help: remove this `mut`

warning: `souc` (test "integration_epistemic_backends") generated 3 warnings
warning: `souc` (test "mir_regression_tests") generated 6 warnings (run `cargo fix --test "mir_regression_tests" -p souc` to apply 6 suggestions)
warning: method `dot` is never used
  --> crates/souc/tests/integration_onn_training_sanity.rs:78:12
   |
35 |     impl Octonion {
   |     ------------- method in this implementation
...
78 |         fn dot(&self, other: &Self) -> f64 {
   |            ^^^
   |
   = note: `#[warn(dead_code)]` (part of `#[warn(unused)]`) on by default

warning: associated items `zero`, `norm_sq`, and `norm` are never used
  --> crates/souc/tests/integration_sedenion_numerical.rs:36:12
   |
31 |     impl Quaternion {
   |     --------------- associated items in this implementation
...
36 |         fn zero() -> Self {
   |            ^^^^
...
44 |         fn norm_sq(&self) -> f32 {
   |            ^^^^^^^
...
48 |         fn norm(&self) -> f32 {
   |            ^^^^
   |
   = note: `#[warn(dead_code)]` (part of `#[warn(unused)]`) on by default

warning: associated items `zero`, `norm_sq`, `norm`, and `distance` are never used
   --> crates/souc/tests/integration_sedenion_numerical.rs:118:12
    |
104 |     impl Octonion {
    |     ------------- associated items in this implementation
...
118 |         fn zero() -> Self {
    |            ^^^^
...
128 |         fn norm_sq(&self) -> f32 {
    |            ^^^^^^^
...
139 |         fn norm(&self) -> f32 {
    |            ^^^^
...
175 |         fn distance(&self, other: &Self) -> f32 {
    |            ^^^^^^^^

warning: `souc` (test "mir_optimization_tests") generated 22 warnings (run `cargo fix --test "mir_optimization_tests" -p souc` to apply 22 suggestions)
warning: `souc` (test "integration_sedenion_numerical") generated 2 warnings
warning: unused import: `PACConstraint`
  --> crates/souc/tests/pac_learning.rs:10:38
   |
10 | use sounio::check::pac::{PACChecker, PACConstraint, PACErrorKind, PACVerifyResult};
   |                                      ^^^^^^^^^^^^^
   |
   = note: `#[warn(unused_imports)]` (part of `#[warn(unused)]`) on by default

warning: `souc` (test "integration_onn_training_sanity") generated 1 warning
warning: unused import: `EpistemicImpact`
  --> crates/souc/tests/real_effect_handlers.rs:17:19
   |
17 |     Continuation, EpistemicImpact, HandlerCapability, HandlerResult, HandlerState,
   |                   ^^^^^^^^^^^^^^^
   |
   = note: `#[warn(unused_imports)]` (part of `#[warn(unused)]`) on by default

warning: `souc` (test "phase2_integration") generated 8 warnings (run `cargo fix --test "phase2_integration" -p souc` to apply 8 suggestions)
warning: unused import: `super::*`
   --> crates/souc/tests/glm_optimization_integration_test.rs:307:9
    |
307 |     use super::*;
    |         ^^^^^^^^
    |
    = note: `#[warn(unused_imports)]` (part of `#[warn(unused)]`) on by default

warning: `souc` (test "mathematical_integration") generated 6 warnings (run `cargo fix --test "mathematical_integration" -p souc` to apply 6 suggestions)
warning: variable does not need to be mutable
  --> crates/souc/tests/sir_passes.rs:14:9
   |
14 |     let mut pass = UnitCheckInsertion::new();
   |         ----^^^^
   |         |
   |         help: remove this `mut`
   |
   = note: `#[warn(unused_mut)]` (part of `#[warn(unused)]`) on by default

warning: variable does not need to be mutable
  --> crates/souc/tests/sir_passes.rs:21:9
   |
21 |     let mut pass = RefinementAssertionPass::new();
   |         ----^^^^
   |         |
   |         help: remove this `mut`

warning: unused variable: `pass`
  --> crates/souc/tests/sir_passes.rs:28:9
   |
28 |     let pass = UnitCheckInsertion::new();
   |         ^^^^ help: if this is intentional, prefix it with an underscore: `_pass`
   |
   = note: `#[warn(unused_variables)]` (part of `#[warn(unused)]`) on by default

warning: `souc` (test "glm_optimization_integration_test") generated 1 warning (run `cargo fix --test "glm_optimization_integration_test" -p souc` to apply 1 suggestion)
warning: constant `EPSILON` is never used
  --> crates/souc/tests/onn_integration.rs:16:7
   |
16 | const EPSILON: f32 = 1e-5;
   |       ^^^^^^^
   |
   = note: `#[warn(dead_code)]` (part of `#[warn(unused)]`) on by default

warning: constant `GRAD_CHECK_EPSILON` is never used
  --> crates/souc/tests/onn_integration.rs:17:7
   |
17 | const GRAD_CHECK_EPSILON: f32 = 1e-4;
   |       ^^^^^^^^^^^^^^^^^^

warning: function `approx_eq` is never used
  --> crates/souc/tests/onn_integration.rs:19:4
   |
19 | fn approx_eq(a: f32, b: f32) -> bool {
   |    ^^^^^^^^^

warning: function `approx_eq_slice` is never used
  --> crates/souc/tests/onn_integration.rs:23:4
   |
23 | fn approx_eq_slice(a: &[f32], b: &[f32]) -> bool {
   |    ^^^^^^^^^^^^^^^

warning: `souc` (test "pac_learning") generated 1 warning (run `cargo fix --test "pac_learning" -p souc` to apply 1 suggestion)
warning: `souc` (test "real_effect_handlers") generated 1 warning (run `cargo fix --test "real_effect_handlers" -p souc` to apply 1 suggestion)
warning: `souc` (test "sir_passes") generated 3 warnings (run `cargo fix --test "sir_passes" -p souc` to apply 3 suggestions)
warning: `souc` (test "onn_integration") generated 4 warnings
    Finished `test` profile [unoptimized + debuginfo] target(s) in 2m 19s
     Running unittests src/lib.rs (artifacts/diagnostic/.shared-cargo-target/debug/deps/sounio-d3a9a1dff06ed683)

running 0 tests

test result: ok. 0 passed; 0 failed; 0 ignored; 0 measured; 4865 filtered out; finished in 0.00s

     Running unittests src/bin/sedenion_kg_validator.rs (artifacts/diagnostic/.shared-cargo-target/debug/deps/sedenion_kg_validator-7345f375af899927)

running 0 tests

test result: ok. 0 passed; 0 failed; 0 ignored; 0 measured; 0 filtered out; finished in 0.00s

     Running unittests src/main.rs (artifacts/diagnostic/.shared-cargo-target/debug/deps/souc-18fbb8f51a72a28c)

running 0 tests

test result: ok. 0 passed; 0 failed; 0 ignored; 0 measured; 0 filtered out; finished in 0.00s

     Running unittests src/bin/sounio-ontology-build.rs (artifacts/diagnostic/.shared-cargo-target/debug/deps/sounio_ontology_build-808892234c7d3911)

running 0 tests

test result: ok. 0 passed; 0 failed; 0 ignored; 0 measured; 0 filtered out; finished in 0.00s

     Running unittests src/bin/souniodoc.rs (artifacts/diagnostic/.shared-cargo-target/debug/deps/souniodoc-d36ba1a914efcd19)

running 0 tests

test result: ok. 0 passed; 0 failed; 0 ignored; 0 measured; 0 filtered out; finished in 0.00s

     Running tests/async_integration.rs (artifacts/diagnostic/.shared-cargo-target/debug/deps/async_integration-62dd9fea6875e1fa)

running 0 tests

test result: ok. 0 passed; 0 failed; 0 ignored; 0 measured; 9 filtered out; finished in 0.00s

     Running tests/backend_e2e.rs (artifacts/diagnostic/.shared-cargo-target/debug/deps/backend_e2e-885a39a64376fa0e)

running 0 tests

test result: ok. 0 passed; 0 failed; 0 ignored; 0 measured; 0 filtered out; finished in 0.00s

     Running tests/backend_native_tests.rs (artifacts/diagnostic/.shared-cargo-target/debug/deps/backend_native_tests-ffbeb0c5451de2eb)

running 0 tests

test result: ok. 0 passed; 0 failed; 0 ignored; 0 measured; 8 filtered out; finished in 0.00s

     Running tests/causal_epistemic_smt_composition.rs (artifacts/diagnostic/.shared-cargo-target/debug/deps/causal_epistemic_smt_composition-9a684e5c6b0c79a8)

running 0 tests

test result: ok. 0 passed; 0 failed; 0 ignored; 0 measured; 0 filtered out; finished in 0.00s

     Running tests/darwin_atlas_integration.rs (artifacts/diagnostic/.shared-cargo-target/debug/deps/darwin_atlas_integration-addb9b3488bd2974)

running 0 tests

test result: ok. 0 passed; 0 failed; 0 ignored; 0 measured; 5 filtered out; finished in 0.00s

     Running tests/ddc_check.rs (artifacts/diagnostic/.shared-cargo-target/debug/deps/ddc_check-26987e7d25018736)

running 0 tests

test result: ok. 0 passed; 0 failed; 0 ignored; 0 measured; 2 filtered out; finished in 0.00s

     Running tests/e2e_tests.rs (artifacts/diagnostic/.shared-cargo-target/debug/deps/e2e_tests-863566e7e9c105cb)

running 1 test
test e2e::golden::golden_cascading_errors ... ok

test result: ok. 1 passed; 0 failed; 0 ignored; 0 measured; 136 filtered out; finished in 0.06s

     Running tests/effect_complex_scenarios.rs (artifacts/diagnostic/.shared-cargo-target/debug/deps/effect_complex_scenarios-525e456cd9d655ec)

running 0 tests

test result: ok. 0 passed; 0 failed; 0 ignored; 0 measured; 10 filtered out; finished in 0.00s

     Running tests/effect_continuations.rs (artifacts/diagnostic/.shared-cargo-target/debug/deps/effect_continuations-01c4c156b3cd066d)

running 0 tests

test result: ok. 0 passed; 0 failed; 0 ignored; 0 measured; 3 filtered out; finished in 0.00s

     Running tests/effect_handler_continuations.rs (artifacts/diagnostic/.shared-cargo-target/debug/deps/effect_handler_continuations-54ff6e73823b98ee)

running 0 tests

test result: ok. 0 passed; 0 failed; 0 ignored; 0 measured; 6 filtered out; finished in 0.00s

     Running tests/effect_individual_handlers.rs (artifacts/diagnostic/.shared-cargo-target/debug/deps/effect_individual_handlers-3b5163140ebc03ca)

running 0 tests

test result: ok. 0 passed; 0 failed; 0 ignored; 0 measured; 12 filtered out; finished in 0.00s

     Running tests/effect_oneshot_enforcement.rs (artifacts/diagnostic/.shared-cargo-target/debug/deps/effect_oneshot_enforcement-72dd475c14f98f05)

running 0 tests

test result: ok. 0 passed; 0 failed; 0 ignored; 0 measured; 6 filtered out; finished in 0.00s

     Running tests/epistemic_boundary_enforcement.rs (artifacts/diagnostic/.shared-cargo-target/debug/deps/epistemic_boundary_enforcement-932551eb0d00ccff)

running 0 tests

test result: ok. 0 passed; 0 failed; 0 ignored; 0 measured; 3 filtered out; finished in 0.00s

     Running tests/epistemic_integration.rs (artifacts/diagnostic/.shared-cargo-target/debug/deps/epistemic_integration-f8e20afbd1f4244e)

running 0 tests

test result: ok. 0 passed; 0 failed; 0 ignored; 0 measured; 14 filtered out; finished in 0.00s

     Running tests/failure_injection.rs (artifacts/diagnostic/.shared-cargo-target/debug/deps/failure_injection-d692d4638772eb98)

running 0 tests

test result: ok. 0 passed; 0 failed; 0 ignored; 0 measured; 11 filtered out; finished in 0.00s

     Running tests/formal_verification.rs (artifacts/diagnostic/.shared-cargo-target/debug/deps/formal_verification-a5aa341fc1a71769)

running 0 tests

test result: ok. 0 passed; 0 failed; 0 ignored; 0 measured; 1 filtered out; finished in 0.00s

     Running tests/formatter_tests.rs (artifacts/diagnostic/.shared-cargo-target/debug/deps/formatter_tests-cf0523cf6255dc32)

running 0 tests

test result: ok. 0 passed; 0 failed; 0 ignored; 0 measured; 43 filtered out; finished in 0.00s

     Running tests/genomics_stress_tests.rs (artifacts/diagnostic/.shared-cargo-target/debug/deps/genomics_stress_tests-6569af3a0efdcc1d)

running 0 tests

test result: ok. 0 passed; 0 failed; 0 ignored; 0 measured; 23 filtered out; finished in 0.00s

     Running tests/glm_optimization_integration_test.rs (artifacts/diagnostic/.shared-cargo-target/debug/deps/glm_optimization_integration_test-d04b1d15dff26696)

running 0 tests

test result: ok. 0 passed; 0 failed; 0 ignored; 0 measured; 1 filtered out; finished in 0.00s

     Running tests/gpu_autodiff.rs (artifacts/diagnostic/.shared-cargo-target/debug/deps/gpu_autodiff-8b67a61df537cb2a)

running 0 tests

test result: ok. 0 passed; 0 failed; 0 ignored; 0 measured; 0 filtered out; finished in 0.00s

     Running tests/gpu_diagnostics_test.rs (artifacts/diagnostic/.shared-cargo-target/debug/deps/gpu_diagnostics_test-3147c34377d72ef0)

running 0 tests

test result: ok. 0 passed; 0 failed; 0 ignored; 0 measured; 28 filtered out; finished in 0.00s

     Running tests/gpu_execution_test.rs (artifacts/diagnostic/.shared-cargo-target/debug/deps/gpu_execution_test-d7857b814f320177)

running 0 tests

test result: ok. 0 passed; 0 failed; 0 ignored; 0 measured; 0 filtered out; finished in 0.00s

     Running tests/gpu_multi_gpu_test.rs (artifacts/diagnostic/.shared-cargo-target/debug/deps/gpu_multi_gpu_test-270d646fecf9b6d2)

running 0 tests

test result: ok. 0 passed; 0 failed; 0 ignored; 0 measured; 20 filtered out; finished in 0.00s

     Running tests/gpu_optimization_test.rs (artifacts/diagnostic/.shared-cargo-target/debug/deps/gpu_optimization_test-1ef9831856f514ca)

running 0 tests

test result: ok. 0 passed; 0 failed; 0 ignored; 0 measured; 14 filtered out; finished in 0.00s

     Running tests/gpu_performance_validation.rs (artifacts/diagnostic/.shared-cargo-target/debug/deps/gpu_performance_validation-2bfb6dc9d3d23ee8)

running 0 tests

test result: ok. 0 passed; 0 failed; 0 ignored; 0 measured; 5 filtered out; finished in 0.00s

     Running tests/gpu_profiler_test.rs (artifacts/diagnostic/.shared-cargo-target/debug/deps/gpu_profiler_test-f44b9adb43cf4e0e)

running 0 tests

test result: ok. 0 passed; 0 failed; 0 ignored; 0 measured; 31 filtered out; finished in 0.00s

     Running tests/gpu_quantize_test.rs (artifacts/diagnostic/.shared-cargo-target/debug/deps/gpu_quantize_test-555137c9fe36070f)

running 0 tests

test result: ok. 0 passed; 0 failed; 0 ignored; 0 measured; 19 filtered out; finished in 0.00s

     Running tests/handler_id_propagation_test.rs (artifacts/diagnostic/.shared-cargo-target/debug/deps/handler_id_propagation_test-2089afc048ce4bd1)

running 0 tests

test result: ok. 0 passed; 0 failed; 0 ignored; 0 measured; 6 filtered out; finished in 0.00s

     Running tests/handler_stress.rs (artifacts/diagnostic/.shared-cargo-target/debug/deps/handler_stress-9b4d93d0d752b4b0)

running 0 tests

test result: ok. 0 passed; 0 failed; 0 ignored; 0 measured; 10 filtered out; finished in 0.00s

     Running tests/imported_extern_exports.rs (artifacts/diagnostic/.shared-cargo-target/debug/deps/imported_extern_exports-82c4ccc3565a40ec)

running 0 tests

test result: ok. 0 passed; 0 failed; 0 ignored; 0 measured; 1 filtered out; finished in 0.00s

     Running tests/integration_cli.rs (artifacts/diagnostic/.shared-cargo-target/debug/deps/integration_cli-da1d9ea9eb07faab)

running 0 tests

test result: ok. 0 passed; 0 failed; 0 ignored; 0 measured; 26 filtered out; finished in 0.00s

     Running tests/integration_epistemic_backends.rs (artifacts/diagnostic/.shared-cargo-target/debug/deps/integration_epistemic_backends-9b76037e0d413076)

running 0 tests

test result: ok. 0 passed; 0 failed; 0 ignored; 0 measured; 29 filtered out; finished in 0.00s

     Running tests/integration_gpu_epistemic.rs (artifacts/diagnostic/.shared-cargo-target/debug/deps/integration_gpu_epistemic-84a80278a3c5016c)

running 0 tests

test result: ok. 0 passed; 0 failed; 0 ignored; 0 measured; 48 filtered out; finished in 0.00s

     Running tests/integration_gpu_octonion_execution.rs (artifacts/diagnostic/.shared-cargo-target/debug/deps/integration_gpu_octonion_execution-5be364b38e867356)

running 0 tests

test result: ok. 0 passed; 0 failed; 0 ignored; 0 measured; 0 filtered out; finished in 0.00s

     Running tests/integration_graph_stdlib.rs (artifacts/diagnostic/.shared-cargo-target/debug/deps/integration_graph_stdlib-e2cb79775b791e3b)

running 0 tests

test result: ok. 0 passed; 0 failed; 0 ignored; 0 measured; 11 filtered out; finished in 0.00s

     Running tests/integration_lsp.rs (artifacts/diagnostic/.shared-cargo-target/debug/deps/integration_lsp-cff17aeefa323576)

running 0 tests

test result: ok. 0 passed; 0 failed; 0 ignored; 0 measured; 0 filtered out; finished in 0.00s

     Running tests/integration_metal.rs (artifacts/diagnostic/.shared-cargo-target/debug/deps/integration_metal-e5e5a07c089bc405)

running 0 tests

test result: ok. 0 passed; 0 failed; 0 ignored; 0 measured; 34 filtered out; finished in 0.00s

     Running tests/integration_octonion_basic.rs (artifacts/diagnostic/.shared-cargo-target/debug/deps/integration_octonion_basic-d4cbf638c2515ef5)

running 0 tests

test result: ok. 0 passed; 0 failed; 0 ignored; 0 measured; 0 filtered out; finished in 0.00s

     Running tests/integration_octonion_moufang.rs (artifacts/diagnostic/.shared-cargo-target/debug/deps/integration_octonion_moufang-873503ce47859263)

running 0 tests

test result: ok. 0 passed; 0 failed; 0 ignored; 0 measured; 7 filtered out; finished in 0.00s

     Running tests/integration_octonion_moufang_exhaustive.rs (artifacts/diagnostic/.shared-cargo-target/debug/deps/integration_octonion_moufang_exhaustive-e46fae5b3cdf14f0)

running 0 tests

test result: ok. 0 passed; 0 failed; 0 ignored; 0 measured; 24 filtered out; finished in 0.00s

     Running tests/integration_octonion_numerical.rs (artifacts/diagnostic/.shared-cargo-target/debug/deps/integration_octonion_numerical-477c2ca593f60407)

running 0 tests

test result: ok. 0 passed; 0 failed; 0 ignored; 0 measured; 31 filtered out; finished in 0.00s

     Running tests/integration_onn_mnist_toy.rs (artifacts/diagnostic/.shared-cargo-target/debug/deps/integration_onn_mnist_toy-b9bf318843f93ccf)

running 0 tests

test result: ok. 0 passed; 0 failed; 0 ignored; 0 measured; 2 filtered out; finished in 0.00s

     Running tests/integration_onn_training_sanity.rs (artifacts/diagnostic/.shared-cargo-target/debug/deps/integration_onn_training_sanity-ef2e07565102e5bc)

running 0 tests

test result: ok. 0 passed; 0 failed; 0 ignored; 0 measured; 11 filtered out; finished in 0.00s

     Running tests/integration_onn_vs_real_baseline.rs (artifacts/diagnostic/.shared-cargo-target/debug/deps/integration_onn_vs_real_baseline-0fd0f449a1d63fba)

running 0 tests

test result: ok. 0 passed; 0 failed; 0 ignored; 0 measured; 7 filtered out; finished in 0.00s

     Running tests/integration_ontology_e2e.rs (artifacts/diagnostic/.shared-cargo-target/debug/deps/integration_ontology_e2e-31e852fb554d4b8b)

running 0 tests

test result: ok. 0 passed; 0 failed; 0 ignored; 0 measured; 27 filtered out; finished in 0.00s

     Running tests/integration_repl.rs (artifacts/diagnostic/.shared-cargo-target/debug/deps/integration_repl-0c6835318dd6a1c7)

running 0 tests

test result: ok. 0 passed; 0 failed; 0 ignored; 0 measured; 29 filtered out; finished in 0.00s

     Running tests/integration_sedenion_numerical.rs (artifacts/diagnostic/.shared-cargo-target/debug/deps/integration_sedenion_numerical-c458709c817bbfcb)

running 0 tests

test result: ok. 0 passed; 0 failed; 0 ignored; 0 measured; 28 filtered out; finished in 0.00s

     Running tests/integration_semantic_types.rs (artifacts/diagnostic/.shared-cargo-target/debug/deps/integration_semantic_types-fe8f084cc4a8e637)

running 0 tests

test result: ok. 0 passed; 0 failed; 0 ignored; 0 measured; 67 filtered out; finished in 0.00s

     Running tests/integration_stdlib_resolution.rs (artifacts/diagnostic/.shared-cargo-target/debug/deps/integration_stdlib_resolution-1c752975e189713d)

running 0 tests

test result: ok. 0 passed; 0 failed; 0 ignored; 0 measured; 6 filtered out; finished in 0.00s

     Running tests/ir_verification.rs (artifacts/diagnostic/.shared-cargo-target/debug/deps/ir_verification-2d1e6310f5cca738)

running 0 tests

test result: ok. 0 passed; 0 failed; 0 ignored; 0 measured; 4 filtered out; finished in 0.00s

     Running tests/jit_effects.rs (artifacts/diagnostic/.shared-cargo-target/debug/deps/jit_effects-b1871729b46e8685)

running 0 tests

test result: ok. 0 passed; 0 failed; 0 ignored; 0 measured; 37 filtered out; finished in 0.00s

     Running tests/language_suite.rs (artifacts/diagnostic/.shared-cargo-target/debug/deps/language_suite-47c957329bd41acf)

running 0 tests

test result: ok. 0 passed; 0 failed; 0 ignored; 0 measured; 1 filtered out; finished in 0.00s

     Running tests/linker_selfhost.rs (artifacts/diagnostic/.shared-cargo-target/debug/deps/linker_selfhost-7497e75de9ab782d)

running 0 tests

test result: ok. 0 passed; 0 failed; 0 ignored; 0 measured; 1 filtered out; finished in 0.00s

     Running tests/mathematical_integration.rs (artifacts/diagnostic/.shared-cargo-target/debug/deps/mathematical_integration-4c9953d7631c4933)

running 0 tests

test result: ok. 0 passed; 0 failed; 0 ignored; 0 measured; 11 filtered out; finished in 0.00s

     Running tests/mir_optimization_tests.rs (artifacts/diagnostic/.shared-cargo-target/debug/deps/mir_optimization_tests-cfa16552b8adaead)

running 0 tests

test result: ok. 0 passed; 0 failed; 0 ignored; 0 measured; 19 filtered out; finished in 0.00s

     Running tests/mir_pipeline_tests.rs (artifacts/diagnostic/.shared-cargo-target/debug/deps/mir_pipeline_tests-6090e671e2daad20)

running 0 tests

test result: ok. 0 passed; 0 failed; 0 ignored; 0 measured; 11 filtered out; finished in 0.00s

     Running tests/mir_regression_tests.rs (artifacts/diagnostic/.shared-cargo-target/debug/deps/mir_regression_tests-aeb399848af1ed37)

running 0 tests

test result: ok. 0 passed; 0 failed; 0 ignored; 0 measured; 13 filtered out; finished in 0.00s

     Running tests/native_autodiff_test.rs (artifacts/diagnostic/.shared-cargo-target/debug/deps/native_autodiff_test-94362de17640fa03)

running 0 tests

test result: ok. 0 passed; 0 failed; 0 ignored; 0 measured; 17 filtered out; finished in 0.00s

     Running tests/native_backend_linking.rs (artifacts/diagnostic/.shared-cargo-target/debug/deps/native_backend_linking-220316c36c767940)

running 0 tests

test result: ok. 0 passed; 0 failed; 0 ignored; 0 measured; 7 filtered out; finished in 0.00s

     Running tests/native_cross_validation.rs (artifacts/diagnostic/.shared-cargo-target/debug/deps/native_cross_validation-f53a706d6733db83)

running 0 tests

test result: ok. 0 passed; 0 failed; 0 ignored; 0 measured; 6 filtered out; finished in 0.00s

     Running tests/native_e2e_test.rs (artifacts/diagnostic/.shared-cargo-target/debug/deps/native_e2e_test-35e754f9b91d16d6)

running 0 tests

test result: ok. 0 passed; 0 failed; 0 ignored; 0 measured; 17 filtered out; finished in 0.00s

     Running tests/native_elf_execution.rs (artifacts/diagnostic/.shared-cargo-target/debug/deps/native_elf_execution-bd3a66575d109179)

running 0 tests

test result: ok. 0 passed; 0 failed; 0 ignored; 0 measured; 2 filtered out; finished in 0.00s

     Running tests/native_elf_generation.rs (artifacts/diagnostic/.shared-cargo-target/debug/deps/native_elf_generation-68ad15b2368081de)

running 0 tests

test result: ok. 0 passed; 0 failed; 0 ignored; 0 measured; 1 filtered out; finished in 0.00s

     Running tests/native_elf_validation.rs (artifacts/diagnostic/.shared-cargo-target/debug/deps/native_elf_validation-cfdaa65f5443c43d)

running 0 tests

test result: ok. 0 passed; 0 failed; 0 ignored; 0 measured; 7 filtered out; finished in 0.00s

     Running tests/native_execution.rs (artifacts/diagnostic/.shared-cargo-target/debug/deps/native_execution-93e3beca5e586d89)

running 0 tests

test result: ok. 0 passed; 0 failed; 0 ignored; 0 measured; 3 filtered out; finished in 0.00s

     Running tests/native_integration.rs (artifacts/diagnostic/.shared-cargo-target/debug/deps/native_integration-1ffdd1e058dded93)

running 0 tests

test result: ok. 0 passed; 0 failed; 0 ignored; 0 measured; 4 filtered out; finished in 0.00s

     Running tests/native_ode_stiff_test.rs (artifacts/diagnostic/.shared-cargo-target/debug/deps/native_ode_stiff_test-ab4d3c84131fa69a)

running 0 tests

test result: ok. 0 passed; 0 failed; 0 ignored; 0 measured; 8 filtered out; finished in 0.00s

     Running tests/native_ode_test.rs (artifacts/diagnostic/.shared-cargo-target/debug/deps/native_ode_test-cd7b75f06634bfaa)

running 0 tests

test result: ok. 0 passed; 0 failed; 0 ignored; 0 measured; 6 filtered out; finished in 0.00s

     Running tests/native_phase1_selfhost.rs (artifacts/diagnostic/.shared-cargo-target/debug/deps/native_phase1_selfhost-4c51fb00d760ea4d)

running 0 tests

test result: ok. 0 passed; 0 failed; 0 ignored; 0 measured; 2 filtered out; finished in 0.00s

     Running tests/native_phase2_selfhost.rs (artifacts/diagnostic/.shared-cargo-target/debug/deps/native_phase2_selfhost-7b9e6b6d6f2294fa)

running 0 tests

test result: ok. 0 passed; 0 failed; 0 ignored; 0 measured; 4 filtered out; finished in 0.00s

     Running tests/native_tensor_test.rs (artifacts/diagnostic/.shared-cargo-target/debug/deps/native_tensor_test-a7730962d8e9eba4)

running 0 tests

test result: ok. 0 passed; 0 failed; 0 ignored; 0 measured; 14 filtered out; finished in 0.00s

     Running tests/native_uncertain_test.rs (artifacts/diagnostic/.shared-cargo-target/debug/deps/native_uncertain_test-b248e1ad193e4bde)

running 0 tests

test result: ok. 0 passed; 0 failed; 0 ignored; 0 measured; 11 filtered out; finished in 0.00s

     Running tests/network_resilience.rs (artifacts/diagnostic/.shared-cargo-target/debug/deps/network_resilience-5ad5300204f39f85)

running 0 tests

test result: ok. 0 passed; 0 failed; 0 ignored; 0 measured; 9 filtered out; finished in 0.00s

     Running tests/onn_integration.rs (artifacts/diagnostic/.shared-cargo-target/debug/deps/onn_integration-9877b988df1ce34b)

running 0 tests

test result: ok. 0 passed; 0 failed; 0 ignored; 0 measured; 16 filtered out; finished in 0.00s

     Running tests/pac_learning.rs (artifacts/diagnostic/.shared-cargo-target/debug/deps/pac_learning-3bab0943571e47df)

running 0 tests

test result: ok. 0 passed; 0 failed; 0 ignored; 0 measured; 17 filtered out; finished in 0.00s

     Running tests/phase2_integration.rs (artifacts/diagnostic/.shared-cargo-target/debug/deps/phase2_integration-4bce8dddbcaee94b)

running 0 tests

test result: ok. 0 passed; 0 failed; 0 ignored; 0 measured; 128 filtered out; finished in 0.00s

     Running tests/phase6_self_compilation.rs (artifacts/diagnostic/.shared-cargo-target/debug/deps/phase6_self_compilation-08f3c81d6edf513d)

running 0 tests

test result: ok. 0 passed; 0 failed; 0 ignored; 0 measured; 4 filtered out; finished in 0.00s

     Running tests/pkg_integration.rs (artifacts/diagnostic/.shared-cargo-target/debug/deps/pkg_integration-7b8e5b4c2c666c3f)

running 0 tests

test result: ok. 0 passed; 0 failed; 0 ignored; 0 measured; 7 filtered out; finished in 0.00s

     Running tests/poseidon_integration.rs (artifacts/diagnostic/.shared-cargo-target/debug/deps/poseidon_integration-c15b0fe56d2a96dc)

running 0 tests

test result: ok. 0 passed; 0 failed; 0 ignored; 0 measured; 3 filtered out; finished in 0.00s

     Running tests/proptest_integration.rs (artifacts/diagnostic/.shared-cargo-target/debug/deps/proptest_integration-d12ac853c52a5a51)

running 0 tests

test result: ok. 0 passed; 0 failed; 0 ignored; 0 measured; 17 filtered out; finished in 0.00s

     Running tests/qnn_gradient_correctness_test.rs (artifacts/diagnostic/.shared-cargo-target/debug/deps/qnn_gradient_correctness_test-6119ea411f28a118)

running 0 tests

test result: ok. 0 passed; 0 failed; 0 ignored; 0 measured; 16 filtered out; finished in 0.00s

     Running tests/qnn_native_runtime_test.rs (artifacts/diagnostic/.shared-cargo-target/debug/deps/qnn_native_runtime_test-d64f6b1caae15e31)

running 0 tests

test result: ok. 0 passed; 0 failed; 0 ignored; 0 measured; 19 filtered out; finished in 0.00s

     Running tests/qnn_ops_test.rs (artifacts/diagnostic/.shared-cargo-target/debug/deps/qnn_ops_test-f692faea403d3756)

running 0 tests

test result: ok. 0 passed; 0 failed; 0 ignored; 0 measured; 6 filtered out; finished in 0.00s

     Running tests/quantum_epistemic_vqe.rs (artifacts/diagnostic/.shared-cargo-target/debug/deps/quantum_epistemic_vqe-22ec741baebbe7f9)

running 0 tests

test result: ok. 0 passed; 0 failed; 0 ignored; 0 measured; 18 filtered out; finished in 0.00s

     Running tests/real_effect_handlers.rs (artifacts/diagnostic/.shared-cargo-target/debug/deps/real_effect_handlers-f7526bfe15da7bea)

running 0 tests

test result: ok. 0 passed; 0 failed; 0 ignored; 0 measured; 13 filtered out; finished in 0.00s

     Running tests/research_validation.rs (artifacts/diagnostic/.shared-cargo-target/debug/deps/research_validation-724b15dab98cf74b)

running 0 tests

test result: ok. 0 passed; 0 failed; 0 ignored; 0 measured; 26 filtered out; finished in 0.00s

     Running tests/resilience_integration.rs (artifacts/diagnostic/.shared-cargo-target/debug/deps/resilience_integration-3fafca28c1b81f2f)

running 0 tests

test result: ok. 0 passed; 0 failed; 0 ignored; 0 measured; 10 filtered out; finished in 0.00s

     Running tests/runtime_linking_test.rs (artifacts/diagnostic/.shared-cargo-target/debug/deps/runtime_linking_test-2c68293d3e77bf16)

running 0 tests

test result: ok. 0 passed; 0 failed; 0 ignored; 0 measured; 4 filtered out; finished in 0.00s

     Running tests/rustless_e2e.rs (artifacts/diagnostic/.shared-cargo-target/debug/deps/rustless_e2e-6173c9be7a5e7db3)

running 0 tests

test result: ok. 0 passed; 0 failed; 0 ignored; 0 measured; 10 filtered out; finished in 0.00s

     Running tests/sedenion_hsi_benchmark.rs (artifacts/diagnostic/.shared-cargo-target/debug/deps/sedenion_hsi_benchmark-4bed2453066bc55f)

running 0 tests

test result: ok. 0 passed; 0 failed; 0 ignored; 0 measured; 9 filtered out; finished in 0.00s

     Running tests/sedenion_pac_integration.rs (artifacts/diagnostic/.shared-cargo-target/debug/deps/sedenion_pac_integration-d2ec737c5e3d0a4d)

running 0 tests

test result: ok. 0 passed; 0 failed; 0 ignored; 0 measured; 18 filtered out; finished in 0.00s

     Running tests/self_hosting_validation.rs (artifacts/diagnostic/.shared-cargo-target/debug/deps/self_hosting_validation-e74893ea5d52e808)

running 0 tests

test result: ok. 0 passed; 0 failed; 0 ignored; 0 measured; 14 filtered out; finished in 0.00s

     Running tests/selfhost_driver_directory_compilation.rs (artifacts/diagnostic/.shared-cargo-target/debug/deps/selfhost_driver_directory_compilation-690ab5671dde1e83)

running 0 tests

test result: ok. 0 passed; 0 failed; 0 ignored; 0 measured; 2 filtered out; finished in 0.00s

     Running tests/selfhost_imports.rs (artifacts/diagnostic/.shared-cargo-target/debug/deps/selfhost_imports-075a3ce4ae8bebaf)

running 0 tests

test result: ok. 0 passed; 0 failed; 0 ignored; 0 measured; 1 filtered out; finished in 0.00s

     Running tests/selfhost_ir_tests.rs (artifacts/diagnostic/.shared-cargo-target/debug/deps/selfhost_ir_tests-8b32b04b5146299e)

running 0 tests

test result: ok. 0 passed; 0 failed; 0 ignored; 0 measured; 1 filtered out; finished in 0.00s

     Running tests/selfhost_knowledge.rs (artifacts/diagnostic/.shared-cargo-target/debug/deps/selfhost_knowledge-5d16b15f1c72e175)

running 0 tests

test result: ok. 0 passed; 0 failed; 0 ignored; 0 measured; 1 filtered out; finished in 0.00s

     Running tests/selfhost_multimodule.rs (artifacts/diagnostic/.shared-cargo-target/debug/deps/selfhost_multimodule-88a7810de3c320f5)

running 0 tests

test result: ok. 0 passed; 0 failed; 0 ignored; 0 measured; 1 filtered out; finished in 0.00s

     Running tests/selfhost_native_e2e.rs (artifacts/diagnostic/.shared-cargo-target/debug/deps/selfhost_native_e2e-8c8c96e315acb759)

running 0 tests

test result: ok. 0 passed; 0 failed; 0 ignored; 0 measured; 2 filtered out; finished in 0.00s

     Running tests/selfhost_native_execution.rs (artifacts/diagnostic/.shared-cargo-target/debug/deps/selfhost_native_execution-b9934693b13a51c8)

running 0 tests

test result: ok. 0 passed; 0 failed; 0 ignored; 0 measured; 3 filtered out; finished in 0.00s

     Running tests/selfhost_strict_mode.rs (artifacts/diagnostic/.shared-cargo-target/debug/deps/selfhost_strict_mode-460c85542fd36d44)

running 0 tests

test result: ok. 0 passed; 0 failed; 0 ignored; 0 measured; 24 filtered out; finished in 0.00s

     Running tests/sir_passes.rs (artifacts/diagnostic/.shared-cargo-target/debug/deps/sir_passes-39c0c5c74a379602)

running 0 tests

test result: ok. 0 passed; 0 failed; 0 ignored; 0 measured; 6 filtered out; finished in 0.00s

     Running tests/sir_tests.rs (artifacts/diagnostic/.shared-cargo-target/debug/deps/sir_tests-89fb0e0dfcad425e)

running 0 tests

test result: ok. 0 passed; 0 failed; 0 ignored; 0 measured; 25 filtered out; finished in 0.00s

     Running tests/smt_epistemic_integration.rs (artifacts/diagnostic/.shared-cargo-target/debug/deps/smt_epistemic_integration-1f6501052a68ea85)

running 0 tests

test result: ok. 0 passed; 0 failed; 0 ignored; 0 measured; 0 filtered out; finished in 0.00s

     Running tests/soir_roundtrip.rs (artifacts/diagnostic/.shared-cargo-target/debug/deps/soir_roundtrip-f989938c6ad56301)

running 0 tests

test result: ok. 0 passed; 0 failed; 0 ignored; 0 measured; 4 filtered out; finished in 0.00s

     Running tests/visibility_enforcement.rs (artifacts/diagnostic/.shared-cargo-target/debug/deps/visibility_enforcement-03928419ddec8a67)

running 0 tests

test result: ok. 0 passed; 0 failed; 0 ignored; 0 measured; 10 filtered out; finished in 0.00s

     Running tests/vm_selfhost.rs (artifacts/diagnostic/.shared-cargo-target/debug/deps/vm_selfhost-3d192c35d329f345)

running 0 tests

test result: ok. 0 passed; 0 failed; 0 ignored; 0 measured; 1 filtered out; finished in 0.00s

     Running tests/while_loop_tests.rs (artifacts/diagnostic/.shared-cargo-target/debug/deps/while_loop_tests-ea22d96fe08bf547)

running 0 tests

test result: ok. 0 passed; 0 failed; 0 ignored; 0 measured; 22 filtered out; finished in 0.00s

