[diag] run_dir=/home/demetrios/work/sounio/artifacts/diagnostic/checked-in/20260221T201308Z
[diag] command=npm --prefix /home/demetrios/work/sounio/website run check:quality

> website@0.0.1 check:quality
> npm run check:i18n && npm run build && npm run check:routes && npm run check:redirects && npm run check:brand && npm run check:pagefind && npm run check:nav && npm run check:locale-fallback && npm run check:sio-highlight


> website@0.0.1 check:i18n
> node scripts/check-i18n-keys.mjs

OK: 6 locales match en.json keys.

> website@0.0.1 build
> astro build && pagefind --site dist --output-path dist/pagefind --root-selector body

17:14:12 [content] Syncing content
17:14:12 [content] Synced content
17:14:12 [types] Generated 745ms
17:14:12 [build] output: "static"
17:14:12 [build] mode: "static"
17:14:12 [build] directory: /home/demetrios/work/sounio/website/dist/
17:14:12 [build] Collecting build info...
17:14:12 [build] ✓ Completed in 806ms.
17:14:12 [build] Building static entrypoints...
17:14:21 [WARN] [vite] "ReactNode" is imported from external module "react" but never used in "src/components/science-simulators/SimulatorShell.tsx".
17:14:22 [vite] ✓ built in 10.32s
17:14:22 [build] ✓ Completed in 10.39s.

 building client (vite) 
17:14:22 [vite] transforming...
17:14:24 [vite] ✓ 58 modules transformed.
17:14:24 [vite] rendering chunks...
17:14:24 [vite] computing gzip size...
17:14:24 [vite] dist/_astro/page.DTPp-pk-.js                                                 0.05 kB │ gzip:  0.07 kB
17:14:24 [vite] dist/_astro/jsx-runtime.D_zvdyIk.js                                          0.73 kB │ gzip:  0.46 kB
17:14:24 [vite] dist/_astro/index.E2NZU3JX.js                                                2.29 kB │ gzip:  1.04 kB
17:14:24 [vite] dist/_astro/TerminalOutput.DWgK8FSl.js                                       2.37 kB │ gzip:  0.85 kB
17:14:24 [vite] dist/_astro/ThemeToggle.BRnU8l1Y.js                                          2.41 kB │ gzip:  0.90 kB
17:14:24 [vite] dist/_astro/SimulatorShell.BP9M8T2y.js                                       2.75 kB │ gzip:  1.08 kB
17:14:24 [vite] dist/_astro/NeuroSimulator.CzZj7y96.js                                       3.73 kB │ gzip:  1.72 kB
17:14:24 [vite] dist/_astro/PharmaSimulator.BSZVE8VZ.js                                      3.94 kB │ gzip:  1.64 kB
17:14:24 [vite] dist/_astro/QuantumSimulator.CvMXpuRG.js                                     4.09 kB │ gzip:  1.81 kB
17:14:24 [vite] dist/_astro/PlaygroundEditor.Cw3JKiMu.js                                     4.30 kB │ gzip:  1.85 kB
17:14:24 [vite] dist/_astro/ClimateSimulator.BcAFAkBo.js                                     4.94 kB │ gzip:  1.91 kB
17:14:24 [vite] dist/_astro/Search.BNj-7hKX.js                                               6.08 kB │ gzip:  2.10 kB
17:14:24 [vite] dist/_astro/index.DiEladB3.js                                                7.85 kB │ gzip:  3.05 kB
17:14:24 [vite] dist/_astro/ClientRouter.astro_astro_type_script_index_0_lang.DxD8ucBX.js   13.11 kB │ gzip:  4.54 kB
17:14:24 [vite] dist/_astro/client.Dc9Vh3na.js                                             186.62 kB │ gzip: 58.54 kB
17:14:24 [vite] ✓ built in 1.37s

 generating static routes 
17:14:24 ▶ src/pages/about/roadmap.astro
17:14:24   └─ /about/roadmap/index.html (+37ms) 
17:14:24 ▶ src/pages/about/vision.astro
17:14:24   └─ /about/vision/index.html (+8ms) 
17:14:24 ▶ src/pages/about/index.astro
17:14:24   └─ /about/index.html (+7ms) 
17:14:24 ▶ src/pages/blog/index.astro
17:14:24   └─ /blog/index.html (+2ms) 
17:14:24 ▶ src/pages/changelog.astro
17:14:24   └─ /changelog/index.html (+2ms) 
17:14:24 ▶ src/pages/docs/index.astro
17:14:24   └─ /docs/index.html (+1ms) 
17:14:24 ▶ src/pages/docs/[...slug].astro
17:14:24   ├─ /docs/compiler/index.html (+2ms) 
17:14:24   ├─ /docs/effects/index.html (+1ms) 
17:14:24   ├─ /docs/epistemic/index.html (+1ms) 
17:14:24   ├─ /docs/examples/index.html (+2ms) 
17:14:24   ├─ /docs/getting-started/index.html (+1ms) 
17:14:24   ├─ /docs/gpu/index.html (+1ms) 
17:14:24   ├─ /docs/language/index.html (+1ms) 
17:14:24   ├─ /docs/spec/index.html (+1ms) 
17:14:24   ├─ /docs/stdlib/index.html (+1ms) 
17:14:24   ├─ /docs/units/index.html (+1ms) 
17:14:24   ├─ /docs/compiler/codegen/index.html (+1ms) 
17:14:24   ├─ /docs/compiler/effect-system/index.html (+1ms) 
17:14:24   ├─ /docs/compiler/lexer-parser/index.html (+1ms) 
17:14:24   ├─ /docs/compiler/scientific-features/index.html (+1ms) 
17:14:24   ├─ /docs/compiler/type-system/index.html (+1ms) 
17:14:24   ├─ /docs/effects/custom/index.html (+1ms) 
17:14:24   ├─ /docs/effects/io/index.html (+1ms) 
17:14:24   ├─ /docs/epistemic/knowledge/index.html (+1ms) 
17:14:24   ├─ /docs/epistemic/provenance/index.html (+1ms) 
17:14:24   ├─ /docs/epistemic/uncertainty/index.html (+1ms) 
17:14:24   ├─ /docs/getting-started/first-program/index.html (+1ms) 
17:14:24   ├─ /docs/getting-started/hello-world/index.html (+1ms) 
17:14:24   ├─ /docs/language/control-flow/index.html (+1ms) 
17:14:24   ├─ /docs/language/functions/index.html (+1ms) 
17:14:24   ├─ /docs/language/variables/index.html (+1ms) 
17:14:25   ├─ /docs/tooling/index.html (+1ms) 
17:14:25   ├─ /docs/spec/language-spec/index.html (+1ms) 
17:14:25   ├─ /docs/tooling/lsp/index.html (+1ms) 
17:14:25   └─ /docs/vancomycin-uncertainty/index.html (+1ms) 
17:14:25 ▶ src/pages/insights/[slug].astro
17:14:25   ├─ /insights/introducing-sounio/index.html (+18ms) 
17:14:25   └─ /insights/covid-kernel-and-clinical-safety/index.html (+15ms) 
17:14:25 ▶ src/pages/insights/index.astro
17:14:25   └─ /insights/index.html (+5ms) 
17:14:25 ▶ src/pages/language.astro
17:14:25   └─ /language/index.html (+6ms) 
17:14:25 ▶ src/pages/learn/index.astro
17:14:25   └─ /learn/index.html (+15ms) 
17:14:25 ▶ src/pages/learn/[...slug].astro
17:14:25   ├─ /learn/compiler/index.html (+47ms) 
17:14:25   ├─ /learn/effects/index.html (+13ms) 
17:14:25   ├─ /learn/epistemic/index.html (+16ms) 
17:14:25   ├─ /learn/examples/index.html (+49ms) 
17:14:25   ├─ /learn/getting-started/index.html (+14ms) 
17:14:25   ├─ /learn/gpu/index.html (+12ms) 
17:14:25   ├─ /learn/language/index.html (+12ms) 
17:14:25   ├─ /learn/spec/index.html (+11ms) 
17:14:25   ├─ /learn/stdlib/index.html (+11ms) 
17:14:25   ├─ /learn/units/index.html (+27ms) 
17:14:25   ├─ /learn/compiler/codegen/index.html (+17ms) 
17:14:25   ├─ /learn/compiler/effect-system/index.html (+18ms) 
17:14:25   ├─ /learn/compiler/lexer-parser/index.html (+29ms) 
17:14:25   ├─ /learn/compiler/scientific-features/index.html (+11ms) 
17:14:25   ├─ /learn/compiler/type-system/index.html (+39ms) 
17:14:25   ├─ /learn/effects/custom/index.html (+15ms) 
17:14:25   ├─ /learn/effects/io/index.html (+13ms) 
17:14:25   ├─ /learn/epistemic/knowledge/index.html (+24ms) 
17:14:25   ├─ /learn/epistemic/provenance/index.html (+15ms) 
17:14:25   ├─ /learn/epistemic/uncertainty/index.html (+11ms) 
17:14:25   ├─ /learn/getting-started/first-program/index.html (+21ms) 
17:14:25   ├─ /learn/getting-started/hello-world/index.html (+10ms) 
17:14:25   ├─ /learn/language/control-flow/index.html (+19ms) 
17:14:25   ├─ /learn/language/functions/index.html (+18ms) 
17:14:25   ├─ /learn/language/variables/index.html (+15ms) 
17:14:25   ├─ /learn/tooling/index.html (+16ms) 
17:14:25   ├─ /learn/spec/language-spec/index.html (+10ms) 
17:14:25   ├─ /learn/tooling/lsp/index.html (+13ms) 
17:14:25   └─ /learn/vancomycin-uncertainty/index.html (+18ms) 
17:14:25 ▶ src/pages/manifesto.astro
17:14:25   └─ /manifesto/index.html (+1ms) 
17:14:25 ▶ src/pages/packages/[name].astro
17:14:25   ├─ /packages/sounio-stdlib/index.html (+4ms) 
17:14:25   ├─ /packages/sounio-math/index.html (+3ms) 
17:14:25   ├─ /packages/sounio-gpu/index.html (+3ms) 
17:14:25   ├─ /packages/sounio-units/index.html (+3ms) 
17:14:25   ├─ /packages/sounio-stats/index.html (+3ms) 
17:14:25   └─ /packages/sounio-ode/index.html (+3ms) 
17:14:25 ▶ src/pages/packages/index.astro
17:14:25   └─ /packages/index.html (+3ms) 
17:14:25 ▶ src/pages/platform.astro
17:14:25   └─ /platform/index.html (+3ms) 
17:14:25 ▶ src/pages/playground.astro
17:14:25   └─ /playground/index.html (+5ms) 
17:14:25 ▶ src/pages/registry/[name].astro
17:14:25   ├─ /registry/sounio-stdlib/index.html (+1ms) 
17:14:25   ├─ /registry/sounio-math/index.html (+1ms) 
17:14:25   ├─ /registry/sounio-gpu/index.html (+1ms) 
17:14:25   ├─ /registry/sounio-units/index.html (+1ms) 
17:14:25   ├─ /registry/sounio-stats/index.html (+1ms) 
17:14:25   └─ /registry/sounio-ode/index.html (+1ms) 
17:14:25 ▶ src/pages/registry/index.astro
17:14:25   └─ /registry/index.html (+1ms) 
17:14:25 ▶ src/pages/releases/index.astro
17:14:25   └─ /releases/index.html (+3ms) 
17:14:25 ▶ src/pages/roadmap.astro
17:14:25   └─ /roadmap/index.html (+1ms) 
17:14:25 ▶ src/pages/science/[slug].astro
17:14:25   ├─ /science/causal/index.html (+28ms) 
17:14:25   ├─ /science/climate/index.html (+24ms) 
17:14:25   ├─ /science/genomics/index.html (+8ms) 
17:14:25   ├─ /science/gpu/index.html (+27ms) 
17:14:25   ├─ /science/graphics/index.html (+19ms) 
17:14:25   ├─ /science/neuroimaging/index.html (+24ms) 
17:14:25   ├─ /science/pharma/index.html (+16ms) 
17:14:25   ├─ /science/quantum/index.html (+23ms) 
17:14:25   └─ /science/scientific-computing/index.html (+9ms) 
17:14:25 ▶ src/pages/science/index.astro
17:14:25   └─ /science/index.html (+4ms) 
17:14:25 ▶ src/pages/showcases/[slug].astro
17:14:25   ├─ /showcases/causal/index.html (+1ms) 
17:14:25   ├─ /showcases/climate/index.html (+1ms) 
17:14:25   ├─ /showcases/genomics/index.html (+1ms) 
17:14:25   ├─ /showcases/gpu/index.html (+1ms) 
17:14:25   ├─ /showcases/graphics/index.html (+1ms) 
17:14:25   ├─ /showcases/neuroimaging/index.html (+1ms) 
17:14:25   ├─ /showcases/pharma/index.html (+1ms) 
17:14:25   ├─ /showcases/quantum/index.html (+1ms) 
17:14:25   └─ /showcases/scientific-computing/index.html (+1ms) 
17:14:25 ▶ src/pages/tutorials/[series].astro
17:14:25   ├─ /tutorials/getting-started/index.html (+4ms) 
17:14:25   └─ /tutorials/drug-dosing/index.html (+3ms) 
17:14:25 ▶ src/pages/tutorials/index.astro
17:14:25   └─ /tutorials/index.html (+4ms) 
17:14:25 ▶ src/pages/tutorials/[...slug].astro
17:14:25   ├─ /tutorials/getting-started/hello-world/index.html (+10ms) 
17:14:25   ├─ /tutorials/drug-dosing/drug-dosing-01-intro/index.html (+15ms) 
17:14:25   ├─ /tutorials/drug-dosing/drug-dosing-02-pk-model/index.html (+42ms) 
17:14:26   ├─ /tutorials/drug-dosing/drug-dosing-03-knowledge/index.html (+30ms) 
17:14:26   ├─ /tutorials/drug-dosing/drug-dosing-04-propagation/index.html (+16ms) 
17:14:26   └─ /tutorials/drug-dosing/drug-dosing-05-decision/index.html (+20ms) 
17:14:26 ▶ src/pages/[lang]/about/roadmap.astro
17:14:26   ├─ /pt/about/roadmap/index.html (+5ms) 
17:14:26   ├─ /el/about/roadmap/index.html (+5ms) 
17:14:26   ├─ /zh/about/roadmap/index.html (+16ms) 
17:14:26   ├─ /ja/about/roadmap/index.html (+5ms) 
17:14:26   └─ /es/about/roadmap/index.html (+6ms) 
17:14:26 ▶ src/pages/[lang]/about/vision.astro
17:14:26   ├─ /pt/about/vision/index.html (+3ms) 
17:14:26   ├─ /el/about/vision/index.html (+3ms) 
17:14:26   ├─ /zh/about/vision/index.html (+3ms) 
17:14:26   ├─ /ja/about/vision/index.html (+7ms) 
17:14:26   └─ /es/about/vision/index.html (+3ms) 
17:14:26 ▶ src/pages/[lang]/about/index.astro
17:14:26   ├─ /pt/about/index.html (+3ms) 
17:14:26   ├─ /el/about/index.html (+3ms) 
17:14:26   ├─ /zh/about/index.html (+3ms) 
17:14:26   ├─ /ja/about/index.html (+3ms) 
17:14:26   └─ /es/about/index.html (+3ms) 
17:14:26 ▶ src/pages/[lang]/blog/index.astro
17:14:26   ├─ /pt/blog/index.html (+1ms) 
17:14:26   ├─ /el/blog/index.html (+1ms) 
17:14:26   ├─ /zh/blog/index.html (+1ms) 
17:14:26   ├─ /ja/blog/index.html (+1ms) 
17:14:26   └─ /es/blog/index.html (+1ms) 
17:14:26 ▶ src/pages/[lang]/changelog.astro
17:14:26   ├─ /pt/changelog/index.html (+1ms) 
17:14:26   ├─ /el/changelog/index.html (+1ms) 
17:14:26   ├─ /zh/changelog/index.html (+1ms) 
17:14:26   ├─ /ja/changelog/index.html (+1ms) 
17:14:26   └─ /es/changelog/index.html (+1ms) 
17:14:26 ▶ src/pages/[lang]/docs/index.astro
17:14:26   ├─ /pt/docs/index.html (+1ms) 
17:14:26   ├─ /el/docs/index.html (+1ms) 
17:14:26   ├─ /zh/docs/index.html (+1ms) 
17:14:26   ├─ /ja/docs/index.html (+1ms) 
17:14:26   └─ /es/docs/index.html (+1ms) 
17:14:26 ▶ src/pages/[lang]/docs/[...slug].astro
17:14:26   ├─ /pt/docs/compiler/index.html (+1ms) 
17:14:26   ├─ /pt/docs/effects/index.html (+1ms) 
17:14:26   ├─ /pt/docs/epistemic/index.html (+1ms) 
17:14:26   ├─ /pt/docs/examples/index.html (+1ms) 
17:14:26   ├─ /pt/docs/getting-started/index.html (+1ms) 
17:14:26   ├─ /pt/docs/gpu/index.html (+1ms) 
17:14:26   ├─ /pt/docs/language/index.html (+1ms) 
17:14:26   ├─ /pt/docs/spec/index.html (+1ms) 
17:14:26   ├─ /pt/docs/stdlib/index.html (+1ms) 
17:14:26   ├─ /pt/docs/units/index.html (+1ms) 
17:14:26   ├─ /pt/docs/compiler/codegen/index.html (+1ms) 
17:14:26   ├─ /pt/docs/compiler/effect-system/index.html (+1ms) 
17:14:26   ├─ /pt/docs/compiler/lexer-parser/index.html (+1ms) 
17:14:26   ├─ /pt/docs/compiler/scientific-features/index.html (+1ms) 
17:14:26   ├─ /pt/docs/compiler/type-system/index.html (+1ms) 
17:14:26   ├─ /pt/docs/effects/custom/index.html (+1ms) 
17:14:26   ├─ /pt/docs/effects/io/index.html (+1ms) 
17:14:26   ├─ /pt/docs/epistemic/knowledge/index.html (+1ms) 
17:14:26   ├─ /pt/docs/epistemic/provenance/index.html (+1ms) 
17:14:26   ├─ /pt/docs/epistemic/uncertainty/index.html (+1ms) 
17:14:26   ├─ /pt/docs/getting-started/first-program/index.html (+1ms) 
17:14:26   ├─ /pt/docs/getting-started/hello-world/index.html (+1ms) 
17:14:26   ├─ /pt/docs/language/control-flow/index.html (+1ms) 
17:14:26   ├─ /pt/docs/language/functions/index.html (+1ms) 
17:14:26   ├─ /pt/docs/language/variables/index.html (+1ms) 
17:14:26   ├─ /pt/docs/tooling/index.html (+1ms) 
17:14:26   ├─ /pt/docs/spec/language-spec/index.html (+1ms) 
17:14:26   ├─ /pt/docs/tooling/lsp/index.html (+1ms) 
17:14:26   ├─ /pt/docs/vancomycin-uncertainty/index.html (+1ms) 
17:14:26   ├─ /el/docs/compiler/index.html (+1ms) 
17:14:26   ├─ /el/docs/effects/index.html (+1ms) 
17:14:26   ├─ /el/docs/epistemic/index.html (+1ms) 
17:14:26   ├─ /el/docs/examples/index.html (+1ms) 
17:14:26   ├─ /el/docs/getting-started/index.html (+1ms) 
17:14:26   ├─ /el/docs/gpu/index.html (+1ms) 
17:14:26   ├─ /el/docs/language/index.html (+1ms) 
17:14:26   ├─ /el/docs/spec/index.html (+1ms) 
17:14:26   ├─ /el/docs/stdlib/index.html (+1ms) 
17:14:26   ├─ /el/docs/units/index.html (+1ms) 
17:14:26   ├─ /el/docs/compiler/codegen/index.html (+1ms) 
17:14:26   ├─ /el/docs/compiler/effect-system/index.html (+1ms) 
17:14:26   ├─ /el/docs/compiler/lexer-parser/index.html (+1ms) 
17:14:26   ├─ /el/docs/compiler/scientific-features/index.html (+1ms) 
17:14:26   ├─ /el/docs/compiler/type-system/index.html (+1ms) 
17:14:26   ├─ /el/docs/effects/custom/index.html (+1ms) 
17:14:26   ├─ /el/docs/effects/io/index.html (+1ms) 
17:14:26   ├─ /el/docs/epistemic/knowledge/index.html (+1ms) 
17:14:26   ├─ /el/docs/epistemic/provenance/index.html (+1ms) 
17:14:26   ├─ /el/docs/epistemic/uncertainty/index.html (+1ms) 
17:14:26   ├─ /el/docs/getting-started/first-program/index.html (+1ms) 
17:14:26   ├─ /el/docs/getting-started/hello-world/index.html (+1ms) 
17:14:26   ├─ /el/docs/language/control-flow/index.html (+1ms) 
17:14:26   ├─ /el/docs/language/functions/index.html (+1ms) 
17:14:26   ├─ /el/docs/language/variables/index.html (+1ms) 
17:14:26   ├─ /el/docs/tooling/index.html (+1ms) 
17:14:26   ├─ /el/docs/spec/language-spec/index.html (+1ms) 
17:14:26   ├─ /el/docs/tooling/lsp/index.html (+1ms) 
17:14:26   ├─ /el/docs/vancomycin-uncertainty/index.html (+1ms) 
17:14:26   ├─ /zh/docs/compiler/index.html (+1ms) 
17:14:26   ├─ /zh/docs/effects/index.html (+1ms) 
17:14:26   ├─ /zh/docs/epistemic/index.html (+1ms) 
17:14:26   ├─ /zh/docs/examples/index.html (+1ms) 
17:14:26   ├─ /zh/docs/getting-started/index.html (+1ms) 
17:14:26   ├─ /zh/docs/gpu/index.html (+1ms) 
17:14:26   ├─ /zh/docs/language/index.html (+1ms) 
17:14:26   ├─ /zh/docs/spec/index.html (+1ms) 
17:14:26   ├─ /zh/docs/stdlib/index.html (+1ms) 
17:14:26   ├─ /zh/docs/units/index.html (+1ms) 
17:14:26   ├─ /zh/docs/compiler/codegen/index.html (+1ms) 
17:14:26   ├─ /zh/docs/compiler/effect-system/index.html (+1ms) 
17:14:26   ├─ /zh/docs/compiler/lexer-parser/index.html (+1ms) 
17:14:26   ├─ /zh/docs/compiler/scientific-features/index.html (+1ms) 
17:14:26   ├─ /zh/docs/compiler/type-system/index.html (+1ms) 
17:14:26   ├─ /zh/docs/effects/custom/index.html (+1ms) 
17:14:26   ├─ /zh/docs/effects/io/index.html (+1ms) 
17:14:26   ├─ /zh/docs/epistemic/knowledge/index.html (+1ms) 
17:14:26   ├─ /zh/docs/epistemic/provenance/index.html (+1ms) 
17:14:26   ├─ /zh/docs/epistemic/uncertainty/index.html (+1ms) 
17:14:26   ├─ /zh/docs/getting-started/first-program/index.html (+1ms) 
17:14:26   ├─ /zh/docs/getting-started/hello-world/index.html (+1ms) 
17:14:26   ├─ /zh/docs/language/control-flow/index.html (+1ms) 
17:14:26   ├─ /zh/docs/language/functions/index.html (+1ms) 
17:14:26   ├─ /zh/docs/language/variables/index.html (+1ms) 
17:14:26   ├─ /zh/docs/tooling/index.html (+1ms) 
17:14:26   ├─ /zh/docs/spec/language-spec/index.html (+1ms) 
17:14:26   ├─ /zh/docs/tooling/lsp/index.html (+5ms) 
17:14:26   ├─ /zh/docs/vancomycin-uncertainty/index.html (+1ms) 
17:14:26   ├─ /ja/docs/compiler/index.html (+1ms) 
17:14:26   ├─ /ja/docs/effects/index.html (+1ms) 
17:14:26   ├─ /ja/docs/epistemic/index.html (+1ms) 
17:14:26   ├─ /ja/docs/examples/index.html (+1ms) 
17:14:26   ├─ /ja/docs/getting-started/index.html (+1ms) 
17:14:26   ├─ /ja/docs/gpu/index.html (+1ms) 
17:14:26   ├─ /ja/docs/language/index.html (+1ms) 
17:14:26   ├─ /ja/docs/spec/index.html (+1ms) 
17:14:26   ├─ /ja/docs/stdlib/index.html (+1ms) 
17:14:26   ├─ /ja/docs/units/index.html (+1ms) 
17:14:26   ├─ /ja/docs/compiler/codegen/index.html (+1ms) 
17:14:26   ├─ /ja/docs/compiler/effect-system/index.html (+1ms) 
17:14:26   ├─ /ja/docs/compiler/lexer-parser/index.html (+1ms) 
17:14:26   ├─ /ja/docs/compiler/scientific-features/index.html (+1ms) 
17:14:26   ├─ /ja/docs/compiler/type-system/index.html (+1ms) 
17:14:26   ├─ /ja/docs/effects/custom/index.html (+1ms) 
17:14:26   ├─ /ja/docs/effects/io/index.html (+1ms) 
17:14:26   ├─ /ja/docs/epistemic/knowledge/index.html (+1ms) 
17:14:26   ├─ /ja/docs/epistemic/provenance/index.html (+1ms) 
17:14:26   ├─ /ja/docs/epistemic/uncertainty/index.html (+1ms) 
17:14:26   ├─ /ja/docs/getting-started/first-program/index.html (+1ms) 
17:14:26   ├─ /ja/docs/getting-started/hello-world/index.html (+1ms) 
17:14:26   ├─ /ja/docs/language/control-flow/index.html (+1ms) 
17:14:26   ├─ /ja/docs/language/functions/index.html (+1ms) 
17:14:26   ├─ /ja/docs/language/variables/index.html (+1ms) 
17:14:26   ├─ /ja/docs/tooling/index.html (+1ms) 
17:14:26   ├─ /ja/docs/spec/language-spec/index.html (+1ms) 
17:14:26   ├─ /ja/docs/tooling/lsp/index.html (+1ms) 
17:14:26   ├─ /ja/docs/vancomycin-uncertainty/index.html (+1ms) 
17:14:26   ├─ /es/docs/compiler/index.html (+1ms) 
17:14:26   ├─ /es/docs/effects/index.html (+1ms) 
17:14:26   ├─ /es/docs/epistemic/index.html (+1ms) 
17:14:26   ├─ /es/docs/examples/index.html (+1ms) 
17:14:26   ├─ /es/docs/getting-started/index.html (+1ms) 
17:14:26   ├─ /es/docs/gpu/index.html (+1ms) 
17:14:26   ├─ /es/docs/language/index.html (+1ms) 
17:14:26   ├─ /es/docs/spec/index.html (+1ms) 
17:14:26   ├─ /es/docs/stdlib/index.html (+1ms) 
17:14:26   ├─ /es/docs/units/index.html (+1ms) 
17:14:26   ├─ /es/docs/compiler/codegen/index.html (+1ms) 
17:14:26   ├─ /es/docs/compiler/effect-system/index.html (+1ms) 
17:14:26   ├─ /es/docs/compiler/lexer-parser/index.html (+1ms) 
17:14:26   ├─ /es/docs/compiler/scientific-features/index.html (+1ms) 
17:14:26   ├─ /es/docs/compiler/type-system/index.html (+1ms) 
17:14:26   ├─ /es/docs/effects/custom/index.html (+1ms) 
17:14:26   ├─ /es/docs/effects/io/index.html (+1ms) 
17:14:26   ├─ /es/docs/epistemic/knowledge/index.html (+1ms) 
17:14:26   ├─ /es/docs/epistemic/provenance/index.html (+1ms) 
17:14:26   ├─ /es/docs/epistemic/uncertainty/index.html (+1ms) 
17:14:26   ├─ /es/docs/getting-started/first-program/index.html (+1ms) 
17:14:26   ├─ /es/docs/getting-started/hello-world/index.html (+1ms) 
17:14:26   ├─ /es/docs/language/control-flow/index.html (+1ms) 
17:14:26   ├─ /es/docs/language/functions/index.html (+1ms) 
17:14:26   ├─ /es/docs/language/variables/index.html (+1ms) 
17:14:26   ├─ /es/docs/tooling/index.html (+1ms) 
17:14:26   ├─ /es/docs/spec/language-spec/index.html (+1ms) 
17:14:26   ├─ /es/docs/tooling/lsp/index.html (+1ms) 
17:14:26   └─ /es/docs/vancomycin-uncertainty/index.html (+1ms) 
17:14:26 ▶ src/pages/[lang]/insights/[slug].astro
17:14:26   ├─ /pt/insights/introducing-sounio/index.html (+7ms) 
17:14:26   ├─ /pt/insights/covid-kernel-and-clinical-safety/index.html (+4ms) 
17:14:26   ├─ /el/insights/introducing-sounio/index.html (+5ms) 
17:14:26   ├─ /el/insights/covid-kernel-and-clinical-safety/index.html (+4ms) 
17:14:26   ├─ /zh/insights/introducing-sounio/index.html (+9ms) 
17:14:26   ├─ /zh/insights/covid-kernel-and-clinical-safety/index.html (+4ms) 
17:14:26   ├─ /ja/insights/introducing-sounio/index.html (+5ms) 
17:14:26   ├─ /ja/insights/covid-kernel-and-clinical-safety/index.html (+8ms) 
17:14:26   ├─ /es/insights/introducing-sounio/index.html (+6ms) 
17:14:26   └─ /es/insights/covid-kernel-and-clinical-safety/index.html (+4ms) 
17:14:26 ▶ src/pages/[lang]/insights/index.astro
17:14:26   ├─ /pt/insights/index.html (+4ms) 
17:14:26   ├─ /el/insights/index.html (+10ms) 
17:14:26   ├─ /zh/insights/index.html (+3ms) 
17:14:26   ├─ /ja/insights/index.html (+3ms) 
17:14:26   └─ /es/insights/index.html (+3ms) 
17:14:26 ▶ src/pages/[lang]/language.astro
17:14:26   ├─ /pt/language/index.html (+3ms) 
17:14:26   ├─ /el/language/index.html (+3ms) 
17:14:26   ├─ /zh/language/index.html (+3ms) 
17:14:26   ├─ /ja/language/index.html (+3ms) 
17:14:26   └─ /es/language/index.html (+3ms) 
17:14:26 ▶ src/pages/[lang]/learn/index.astro
17:14:26   ├─ /pt/learn/index.html (+5ms) 
17:14:26   ├─ /el/learn/index.html (+5ms) 
17:14:26   ├─ /zh/learn/index.html (+8ms) 
17:14:26   ├─ /ja/learn/index.html (+5ms) 
17:14:26   └─ /es/learn/index.html (+5ms) 
17:14:26 ▶ src/pages/[lang]/learn/[...slug].astro
17:14:26   ├─ /pt/learn/compiler/index.html (+23ms) 
17:14:26   ├─ /pt/learn/effects/index.html (+10ms) 
17:14:26   ├─ /pt/learn/epistemic/index.html (+31ms) 
17:14:26   ├─ /pt/learn/examples/index.html (+52ms) 
17:14:26   ├─ /pt/learn/getting-started/index.html (+10ms) 
17:14:26   ├─ /pt/learn/gpu/index.html (+9ms) 
17:14:26   ├─ /pt/learn/language/index.html (+9ms) 
17:14:26   ├─ /pt/learn/spec/index.html (+10ms) 
17:14:26   ├─ /pt/learn/stdlib/index.html (+11ms) 
17:14:26   ├─ /pt/learn/units/index.html (+11ms) 
17:14:26   ├─ /pt/learn/compiler/codegen/index.html (+36ms) 
17:14:26   ├─ /pt/learn/compiler/effect-system/index.html (+19ms) 
17:14:26   ├─ /pt/learn/compiler/lexer-parser/index.html (+17ms) 
17:14:26   ├─ /pt/learn/compiler/scientific-features/index.html (+7ms) 
17:14:26   ├─ /pt/learn/compiler/type-system/index.html (+11ms) 
17:14:26   ├─ /pt/learn/effects/custom/index.html (+14ms) 
17:14:26   ├─ /pt/learn/effects/io/index.html (+11ms) 
17:14:26   ├─ /pt/learn/epistemic/knowledge/index.html (+12ms) 
17:14:26   ├─ /pt/learn/epistemic/provenance/index.html (+9ms) 
17:14:26   ├─ /pt/learn/epistemic/uncertainty/index.html (+23ms) 
17:14:26   ├─ /pt/learn/getting-started/first-program/index.html (+16ms) 
17:14:26   ├─ /pt/learn/getting-started/hello-world/index.html (+10ms) 
17:14:26   ├─ /pt/learn/language/control-flow/index.html (+13ms) 
17:14:26   ├─ /pt/learn/language/functions/index.html (+12ms) 
17:14:26   ├─ /pt/learn/language/variables/index.html (+19ms) 
17:14:26   ├─ /pt/learn/tooling/index.html (+20ms) 
17:14:26   ├─ /pt/learn/spec/language-spec/index.html (+6ms) 
17:14:26   ├─ /pt/learn/tooling/lsp/index.html (+9ms) 
17:14:26   ├─ /pt/learn/vancomycin-uncertainty/index.html (+6ms) 
17:14:26   ├─ /el/learn/compiler/index.html (+10ms) 
17:14:26   ├─ /el/learn/effects/index.html (+13ms) 
17:14:26   ├─ /el/learn/epistemic/index.html (+8ms) 
17:14:26   ├─ /el/learn/examples/index.html (+15ms) 
17:14:26   ├─ /el/learn/getting-started/index.html (+12ms) 
17:14:26   ├─ /el/learn/gpu/index.html (+12ms) 
17:14:26   ├─ /el/learn/language/index.html (+9ms) 
17:14:26   ├─ /el/learn/spec/index.html (+7ms) 
17:14:27   ├─ /el/learn/stdlib/index.html (+9ms) 
17:14:27   ├─ /el/learn/units/index.html (+10ms) 
17:14:27   ├─ /el/learn/compiler/codegen/index.html (+9ms) 
17:14:27   ├─ /el/learn/compiler/effect-system/index.html (+10ms) 
17:14:27   ├─ /el/learn/compiler/lexer-parser/index.html (+13ms) 
17:14:27   ├─ /el/learn/compiler/scientific-features/index.html (+6ms) 
17:14:27   ├─ /el/learn/compiler/type-system/index.html (+12ms) 
17:14:27   ├─ /el/learn/effects/custom/index.html (+10ms) 
17:14:27   ├─ /el/learn/effects/io/index.html (+11ms) 
17:14:27   ├─ /el/learn/epistemic/knowledge/index.html (+10ms) 
17:14:27   ├─ /el/learn/epistemic/provenance/index.html (+8ms) 
17:14:27   ├─ /el/learn/epistemic/uncertainty/index.html (+12ms) 
17:14:27   ├─ /el/learn/getting-started/first-program/index.html (+14ms) 
17:14:27   ├─ /el/learn/getting-started/hello-world/index.html (+10ms) 
17:14:27   ├─ /el/learn/language/control-flow/index.html (+27ms) 
17:14:27   ├─ /el/learn/language/functions/index.html (+15ms) 
17:14:27   ├─ /el/learn/language/variables/index.html (+13ms) 
17:14:27   ├─ /el/learn/tooling/index.html (+12ms) 
17:14:27   ├─ /el/learn/spec/language-spec/index.html (+6ms) 
17:14:27   ├─ /el/learn/tooling/lsp/index.html (+9ms) 
17:14:27   ├─ /el/learn/vancomycin-uncertainty/index.html (+11ms) 
17:14:27   ├─ /zh/learn/compiler/index.html (+7ms) 
17:14:27   ├─ /zh/learn/effects/index.html (+9ms) 
17:14:27   ├─ /zh/learn/epistemic/index.html (+8ms) 
17:14:27   ├─ /zh/learn/examples/index.html (+10ms) 
17:14:27   ├─ /zh/learn/getting-started/index.html (+12ms) 
17:14:27   ├─ /zh/learn/gpu/index.html (+9ms) 
17:14:27   ├─ /zh/learn/language/index.html (+9ms) 
17:14:27   ├─ /zh/learn/spec/index.html (+6ms) 
17:14:27   ├─ /zh/learn/stdlib/index.html (+9ms) 
17:14:27   ├─ /zh/learn/units/index.html (+13ms) 
17:14:27   ├─ /zh/learn/compiler/codegen/index.html (+7ms) 
17:14:27   ├─ /zh/learn/compiler/effect-system/index.html (+10ms) 
17:14:27   ├─ /zh/learn/compiler/lexer-parser/index.html (+15ms) 
17:14:27   ├─ /zh/learn/compiler/scientific-features/index.html (+23ms) 
17:14:27   ├─ /zh/learn/compiler/type-system/index.html (+9ms) 
17:14:27   ├─ /zh/learn/effects/custom/index.html (+9ms) 
17:14:27   ├─ /zh/learn/effects/io/index.html (+10ms) 
17:14:27   ├─ /zh/learn/epistemic/knowledge/index.html (+10ms) 
17:14:27   ├─ /zh/learn/epistemic/provenance/index.html (+12ms) 
17:14:27   ├─ /zh/learn/epistemic/uncertainty/index.html (+132ms) 
17:14:27   ├─ /zh/learn/getting-started/first-program/index.html (+12ms) 
17:14:27   ├─ /zh/learn/getting-started/hello-world/index.html (+17ms) 
17:14:27   ├─ /zh/learn/language/control-flow/index.html (+17ms) 
17:14:27   ├─ /zh/learn/language/functions/index.html (+12ms) 
17:14:27   ├─ /zh/learn/language/variables/index.html (+21ms) 
17:14:27   ├─ /zh/learn/tooling/index.html (+11ms) 
17:14:27   ├─ /zh/learn/spec/language-spec/index.html (+7ms) 
17:14:27   ├─ /zh/learn/tooling/lsp/index.html (+12ms) 
17:14:27   ├─ /zh/learn/vancomycin-uncertainty/index.html (+6ms) 
17:14:27   ├─ /ja/learn/compiler/index.html (+7ms) 
17:14:27   ├─ /ja/learn/effects/index.html (+10ms) 
17:14:27   ├─ /ja/learn/epistemic/index.html (+12ms) 
17:14:27   ├─ /ja/learn/examples/index.html (+13ms) 
17:14:27   ├─ /ja/learn/getting-started/index.html (+12ms) 
17:14:27   ├─ /ja/learn/gpu/index.html (+11ms) 
17:14:27   ├─ /ja/learn/language/index.html (+8ms) 
17:14:27   ├─ /ja/learn/spec/index.html (+6ms) 
17:14:27   ├─ /ja/learn/stdlib/index.html (+12ms) 
17:14:27   ├─ /ja/learn/units/index.html (+12ms) 
17:14:27   ├─ /ja/learn/compiler/codegen/index.html (+7ms) 
17:14:27   ├─ /ja/learn/compiler/effect-system/index.html (+11ms) 
17:14:27   ├─ /ja/learn/compiler/lexer-parser/index.html (+24ms) 
17:14:27   ├─ /ja/learn/compiler/scientific-features/index.html (+6ms) 
17:14:27   ├─ /ja/learn/compiler/type-system/index.html (+8ms) 
17:14:27   ├─ /ja/learn/effects/custom/index.html (+9ms) 
17:14:27   ├─ /ja/learn/effects/io/index.html (+10ms) 
17:14:27   ├─ /ja/learn/epistemic/knowledge/index.html (+17ms) 
17:14:27   ├─ /ja/learn/epistemic/provenance/index.html (+8ms) 
17:14:27   ├─ /ja/learn/epistemic/uncertainty/index.html (+12ms) 
17:14:27   ├─ /ja/learn/getting-started/first-program/index.html (+18ms) 
17:14:27   ├─ /ja/learn/getting-started/hello-world/index.html (+9ms) 
17:14:27   ├─ /ja/learn/language/control-flow/index.html (+16ms) 
17:14:27   ├─ /ja/learn/language/functions/index.html (+12ms) 
17:14:27   ├─ /ja/learn/language/variables/index.html (+13ms) 
17:14:27   ├─ /ja/learn/tooling/index.html (+20ms) 
17:14:27   ├─ /ja/learn/spec/language-spec/index.html (+6ms) 
17:14:27   ├─ /ja/learn/tooling/lsp/index.html (+12ms) 
17:14:28   ├─ /ja/learn/vancomycin-uncertainty/index.html (+6ms) 
17:14:28   ├─ /es/learn/compiler/index.html (+7ms) 
17:14:28   ├─ /es/learn/effects/index.html (+9ms) 
17:14:28   ├─ /es/learn/epistemic/index.html (+8ms) 
17:14:28   ├─ /es/learn/examples/index.html (+13ms) 
17:14:28   ├─ /es/learn/getting-started/index.html (+9ms) 
17:14:28   ├─ /es/learn/gpu/index.html (+10ms) 
17:14:28   ├─ /es/learn/language/index.html (+8ms) 
17:14:28   ├─ /es/learn/spec/index.html (+6ms) 
17:14:28   ├─ /es/learn/stdlib/index.html (+27ms) 
17:14:28   ├─ /es/learn/units/index.html (+14ms) 
17:14:28   ├─ /es/learn/compiler/codegen/index.html (+6ms) 
17:14:28   ├─ /es/learn/compiler/effect-system/index.html (+9ms) 
17:14:28   ├─ /es/learn/compiler/lexer-parser/index.html (+21ms) 
17:14:28   ├─ /es/learn/compiler/scientific-features/index.html (+6ms) 
17:14:28   ├─ /es/learn/compiler/type-system/index.html (+24ms) 
17:14:28   ├─ /es/learn/effects/custom/index.html (+18ms) 
17:14:28   ├─ /es/learn/effects/io/index.html (+10ms) 
17:14:28   ├─ /es/learn/epistemic/knowledge/index.html (+27ms) 
17:14:28   ├─ /es/learn/epistemic/provenance/index.html (+11ms) 
17:14:28   ├─ /es/learn/epistemic/uncertainty/index.html (+9ms) 
17:14:28   ├─ /es/learn/getting-started/first-program/index.html (+11ms) 
17:14:28   ├─ /es/learn/getting-started/hello-world/index.html (+10ms) 
17:14:28   ├─ /es/learn/language/control-flow/index.html (+16ms) 
17:14:28   ├─ /es/learn/language/functions/index.html (+15ms) 
17:14:28   ├─ /es/learn/language/variables/index.html (+13ms) 
17:14:28   ├─ /es/learn/tooling/index.html (+12ms) 
17:14:28   ├─ /es/learn/spec/language-spec/index.html (+6ms) 
17:14:28   ├─ /es/learn/tooling/lsp/index.html (+28ms) 
17:14:28   └─ /es/learn/vancomycin-uncertainty/index.html (+6ms) 
17:14:28 ▶ src/pages/[lang]/manifesto.astro
17:14:28   ├─ /pt/manifesto/index.html (+1ms) 
17:14:28   ├─ /el/manifesto/index.html (+1ms) 
17:14:28   ├─ /zh/manifesto/index.html (+1ms) 
17:14:28   ├─ /ja/manifesto/index.html (+1ms) 
17:14:28   └─ /es/manifesto/index.html (+1ms) 
17:14:28 ▶ src/pages/[lang]/packages/[name].astro
17:14:28   ├─ /pt/packages/sounio-stdlib/index.html (+3ms) 
17:14:28   ├─ /pt/packages/sounio-math/index.html (+3ms) 
17:14:28   ├─ /pt/packages/sounio-gpu/index.html (+3ms) 
17:14:28   ├─ /pt/packages/sounio-units/index.html (+3ms) 
17:14:28   ├─ /pt/packages/sounio-stats/index.html (+3ms) 
17:14:28   ├─ /pt/packages/sounio-ode/index.html (+3ms) 
17:14:28   ├─ /el/packages/sounio-stdlib/index.html (+3ms) 
17:14:28   ├─ /el/packages/sounio-math/index.html (+3ms) 
17:14:28   ├─ /el/packages/sounio-gpu/index.html (+3ms) 
17:14:28   ├─ /el/packages/sounio-units/index.html (+2ms) 
17:14:28   ├─ /el/packages/sounio-stats/index.html (+3ms) 
17:14:28   ├─ /el/packages/sounio-ode/index.html (+2ms) 
17:14:28   ├─ /zh/packages/sounio-stdlib/index.html (+3ms) 
17:14:28   ├─ /zh/packages/sounio-math/index.html (+3ms) 
17:14:28   ├─ /zh/packages/sounio-gpu/index.html (+2ms) 
17:14:28   ├─ /zh/packages/sounio-units/index.html (+3ms) 
17:14:28   ├─ /zh/packages/sounio-stats/index.html (+6ms) 
17:14:28   ├─ /zh/packages/sounio-ode/index.html (+3ms) 
17:14:28   ├─ /ja/packages/sounio-stdlib/index.html (+3ms) 
17:14:28   ├─ /ja/packages/sounio-math/index.html (+3ms) 
17:14:28   ├─ /ja/packages/sounio-gpu/index.html (+2ms) 
17:14:28   ├─ /ja/packages/sounio-units/index.html (+2ms) 
17:14:28   ├─ /ja/packages/sounio-stats/index.html (+2ms) 
17:14:28   ├─ /ja/packages/sounio-ode/index.html (+3ms) 
17:14:28   ├─ /es/packages/sounio-stdlib/index.html (+3ms) 
17:14:28   ├─ /es/packages/sounio-math/index.html (+3ms) 
17:14:28   ├─ /es/packages/sounio-gpu/index.html (+3ms) 
17:14:28   ├─ /es/packages/sounio-units/index.html (+2ms) 
17:14:28   ├─ /es/packages/sounio-stats/index.html (+3ms) 
17:14:28   └─ /es/packages/sounio-ode/index.html (+3ms) 
17:14:28 ▶ src/pages/[lang]/packages/index.astro
17:14:28   ├─ /pt/packages/index.html (+3ms) 
17:14:28   ├─ /el/packages/index.html (+3ms) 
17:14:28   ├─ /zh/packages/index.html (+3ms) 
17:14:28   ├─ /ja/packages/index.html (+3ms) 
17:14:28   └─ /es/packages/index.html (+3ms) 
17:14:28 ▶ src/pages/[lang]/platform.astro
17:14:28   ├─ /pt/platform/index.html (+3ms) 
17:14:28   ├─ /el/platform/index.html (+3ms) 
17:14:28   ├─ /zh/platform/index.html (+3ms) 
17:14:28   ├─ /ja/platform/index.html (+3ms) 
17:14:28   └─ /es/platform/index.html (+3ms) 
17:14:28 ▶ src/pages/[lang]/playground.astro
17:14:28   ├─ /pt/playground/index.html (+3ms) 
17:14:28   ├─ /el/playground/index.html (+3ms) 
17:14:28   ├─ /zh/playground/index.html (+6ms) 
17:14:28   ├─ /ja/playground/index.html (+4ms) 
17:14:28   └─ /es/playground/index.html (+3ms) 
17:14:28 ▶ src/pages/[lang]/registry/[name].astro
17:14:28   ├─ /pt/registry/sounio-stdlib/index.html (+1ms) 
17:14:28   ├─ /pt/registry/sounio-math/index.html (+1ms) 
17:14:28   ├─ /pt/registry/sounio-gpu/index.html (+1ms) 
17:14:28   ├─ /pt/registry/sounio-units/index.html (+1ms) 
17:14:28   ├─ /pt/registry/sounio-stats/index.html (+1ms) 
17:14:28   ├─ /pt/registry/sounio-ode/index.html (+1ms) 
17:14:28   ├─ /el/registry/sounio-stdlib/index.html (+1ms) 
17:14:28   ├─ /el/registry/sounio-math/index.html (+1ms) 
17:14:28   ├─ /el/registry/sounio-gpu/index.html (+1ms) 
17:14:28   ├─ /el/registry/sounio-units/index.html (+1ms) 
17:14:28   ├─ /el/registry/sounio-stats/index.html (+1ms) 
17:14:28   ├─ /el/registry/sounio-ode/index.html (+1ms) 
17:14:28   ├─ /zh/registry/sounio-stdlib/index.html (+1ms) 
17:14:28   ├─ /zh/registry/sounio-math/index.html (+1ms) 
17:14:28   ├─ /zh/registry/sounio-gpu/index.html (+1ms) 
17:14:28   ├─ /zh/registry/sounio-units/index.html (+1ms) 
17:14:28   ├─ /zh/registry/sounio-stats/index.html (+1ms) 
17:14:28   ├─ /zh/registry/sounio-ode/index.html (+1ms) 
17:14:28   ├─ /ja/registry/sounio-stdlib/index.html (+1ms) 
17:14:28   ├─ /ja/registry/sounio-math/index.html (+1ms) 
17:14:28   ├─ /ja/registry/sounio-gpu/index.html (+1ms) 
17:14:28   ├─ /ja/registry/sounio-units/index.html (+1ms) 
17:14:28   ├─ /ja/registry/sounio-stats/index.html (+1ms) 
17:14:28   ├─ /ja/registry/sounio-ode/index.html (+1ms) 
17:14:28   ├─ /es/registry/sounio-stdlib/index.html (+1ms) 
17:14:28   ├─ /es/registry/sounio-math/index.html (+1ms) 
17:14:28   ├─ /es/registry/sounio-gpu/index.html (+1ms) 
17:14:28   ├─ /es/registry/sounio-units/index.html (+1ms) 
17:14:28   ├─ /es/registry/sounio-stats/index.html (+1ms) 
17:14:28   └─ /es/registry/sounio-ode/index.html (+1ms) 
17:14:28 ▶ src/pages/[lang]/registry/index.astro
17:14:28   ├─ /pt/registry/index.html (+1ms) 
17:14:28   ├─ /el/registry/index.html (+1ms) 
17:14:28   ├─ /zh/registry/index.html (+1ms) 
17:14:28   ├─ /ja/registry/index.html (+1ms) 
17:14:28   └─ /es/registry/index.html (+1ms) 
17:14:28 ▶ src/pages/[lang]/releases/index.astro
17:14:28   ├─ /pt/releases/index.html (+3ms) 
17:14:28   ├─ /el/releases/index.html (+3ms) 
17:14:28   ├─ /zh/releases/index.html (+3ms) 
17:14:28   ├─ /ja/releases/index.html (+3ms) 
17:14:28   └─ /es/releases/index.html (+2ms) 
17:14:28 ▶ src/pages/[lang]/roadmap.astro
17:14:28   ├─ /pt/roadmap/index.html (+1ms) 
17:14:28   ├─ /el/roadmap/index.html (+1ms) 
17:14:28   ├─ /zh/roadmap/index.html (+1ms) 
17:14:28   ├─ /ja/roadmap/index.html (+1ms) 
17:14:28   └─ /es/roadmap/index.html (+1ms) 
17:14:28 ▶ src/pages/[lang]/science/[slug].astro
17:14:28   ├─ /pt/science/causal/index.html (+25ms) 
17:14:28   ├─ /pt/science/climate/index.html (+17ms) 
17:14:28   ├─ /pt/science/genomics/index.html (+4ms) 
17:14:28   ├─ /pt/science/gpu/index.html (+14ms) 
17:14:28   ├─ /pt/science/graphics/index.html (+10ms) 
17:14:28   ├─ /pt/science/neuroimaging/index.html (+13ms) 
17:14:28   ├─ /pt/science/pharma/index.html (+8ms) 
17:14:28   ├─ /pt/science/quantum/index.html (+10ms) 
17:14:28   ├─ /pt/science/scientific-computing/index.html (+4ms) 
17:14:28   ├─ /el/science/causal/index.html (+12ms) 
17:14:28   ├─ /el/science/climate/index.html (+16ms) 
17:14:28   ├─ /el/science/genomics/index.html (+4ms) 
17:14:28   ├─ /el/science/gpu/index.html (+14ms) 
17:14:28   ├─ /el/science/graphics/index.html (+11ms) 
17:14:28   ├─ /el/science/neuroimaging/index.html (+15ms) 
17:14:28   ├─ /el/science/pharma/index.html (+8ms) 
17:14:28   ├─ /el/science/quantum/index.html (+10ms) 
17:14:28   ├─ /el/science/scientific-computing/index.html (+4ms) 
17:14:28   ├─ /zh/science/causal/index.html (+11ms) 
17:14:28   ├─ /zh/science/climate/index.html (+16ms) 
17:14:28   ├─ /zh/science/genomics/index.html (+4ms) 
17:14:28   ├─ /zh/science/gpu/index.html (+14ms) 
17:14:28   ├─ /zh/science/graphics/index.html (+10ms) 
17:14:28   ├─ /zh/science/neuroimaging/index.html (+15ms) 
17:14:28   ├─ /zh/science/pharma/index.html (+17ms) 
17:14:28   ├─ /zh/science/quantum/index.html (+10ms) 
17:14:28   ├─ /zh/science/scientific-computing/index.html (+4ms) 
17:14:28   ├─ /ja/science/causal/index.html (+11ms) 
17:14:28   ├─ /ja/science/climate/index.html (+16ms) 
17:14:28   ├─ /ja/science/genomics/index.html (+4ms) 
17:14:28   ├─ /ja/science/gpu/index.html (+13ms) 
17:14:28   ├─ /ja/science/graphics/index.html (+10ms) 
17:14:28   ├─ /ja/science/neuroimaging/index.html (+13ms) 
17:14:28   ├─ /ja/science/pharma/index.html (+8ms) 
17:14:29   ├─ /ja/science/quantum/index.html (+10ms) 
17:14:29   ├─ /ja/science/scientific-computing/index.html (+4ms) 
17:14:29   ├─ /es/science/causal/index.html (+11ms) 
17:14:29   ├─ /es/science/climate/index.html (+17ms) 
17:14:29   ├─ /es/science/genomics/index.html (+4ms) 
17:14:29   ├─ /es/science/gpu/index.html (+14ms) 
17:14:29   ├─ /es/science/graphics/index.html (+11ms) 
17:14:29   ├─ /es/science/neuroimaging/index.html (+18ms) 
17:14:29   ├─ /es/science/pharma/index.html (+8ms) 
17:14:29   ├─ /es/science/quantum/index.html (+10ms) 
17:14:29   └─ /es/science/scientific-computing/index.html (+4ms) 
17:14:29 ▶ src/pages/[lang]/science/index.astro
17:14:29   ├─ /pt/science/index.html (+3ms) 
17:14:29   ├─ /el/science/index.html (+3ms) 
17:14:29   ├─ /zh/science/index.html (+3ms) 
17:14:29   ├─ /ja/science/index.html (+6ms) 
17:14:29   └─ /es/science/index.html (+3ms) 
17:14:29 ▶ src/pages/[lang]/showcases/[slug].astro
17:14:29   ├─ /pt/showcases/causal/index.html (+1ms) 
17:14:29   ├─ /pt/showcases/climate/index.html (+1ms) 
17:14:29   ├─ /pt/showcases/genomics/index.html (+1ms) 
17:14:29   ├─ /pt/showcases/gpu/index.html (+1ms) 
17:14:29   ├─ /pt/showcases/graphics/index.html (+1ms) 
17:14:29   ├─ /pt/showcases/neuroimaging/index.html (+1ms) 
17:14:29   ├─ /pt/showcases/pharma/index.html (+1ms) 
17:14:29   ├─ /pt/showcases/quantum/index.html (+1ms) 
17:14:29   ├─ /pt/showcases/scientific-computing/index.html (+1ms) 
17:14:29   ├─ /el/showcases/causal/index.html (+1ms) 
17:14:29   ├─ /el/showcases/climate/index.html (+1ms) 
17:14:29   ├─ /el/showcases/genomics/index.html (+1ms) 
17:14:29   ├─ /el/showcases/gpu/index.html (+1ms) 
17:14:29   ├─ /el/showcases/graphics/index.html (+1ms) 
17:14:29   ├─ /el/showcases/neuroimaging/index.html (+1ms) 
17:14:29   ├─ /el/showcases/pharma/index.html (+6ms) 
17:14:29   ├─ /el/showcases/quantum/index.html (+1ms) 
17:14:29   ├─ /el/showcases/scientific-computing/index.html (+1ms) 
17:14:29   ├─ /zh/showcases/causal/index.html (+1ms) 
17:14:29   ├─ /zh/showcases/climate/index.html (+1ms) 
17:14:29   ├─ /zh/showcases/genomics/index.html (+1ms) 
17:14:29   ├─ /zh/showcases/gpu/index.html (+1ms) 
17:14:29   ├─ /zh/showcases/graphics/index.html (+1ms) 
17:14:29   ├─ /zh/showcases/neuroimaging/index.html (+1ms) 
17:14:29   ├─ /zh/showcases/pharma/index.html (+1ms) 
17:14:29   ├─ /zh/showcases/quantum/index.html (+1ms) 
17:14:29   ├─ /zh/showcases/scientific-computing/index.html (+1ms) 
17:14:29   ├─ /ja/showcases/causal/index.html (+1ms) 
17:14:29   ├─ /ja/showcases/climate/index.html (+1ms) 
17:14:29   ├─ /ja/showcases/genomics/index.html (+1ms) 
17:14:29   ├─ /ja/showcases/gpu/index.html (+1ms) 
17:14:29   ├─ /ja/showcases/graphics/index.html (+1ms) 
17:14:29   ├─ /ja/showcases/neuroimaging/index.html (+1ms) 
17:14:29   ├─ /ja/showcases/pharma/index.html (+1ms) 
17:14:29   ├─ /ja/showcases/quantum/index.html (+1ms) 
17:14:29   ├─ /ja/showcases/scientific-computing/index.html (+1ms) 
17:14:29   ├─ /es/showcases/causal/index.html (+1ms) 
17:14:29   ├─ /es/showcases/climate/index.html (+1ms) 
17:14:29   ├─ /es/showcases/genomics/index.html (+1ms) 
17:14:29   ├─ /es/showcases/gpu/index.html (+1ms) 
17:14:29   ├─ /es/showcases/graphics/index.html (+1ms) 
17:14:29   ├─ /es/showcases/neuroimaging/index.html (+1ms) 
17:14:29   ├─ /es/showcases/pharma/index.html (+1ms) 
17:14:29   ├─ /es/showcases/quantum/index.html (+1ms) 
17:14:29   └─ /es/showcases/scientific-computing/index.html (+1ms) 
17:14:29 ▶ src/pages/[lang]/tutorials/index.astro
17:14:29   ├─ /pt/tutorials/index.html (+3ms) 
17:14:29   ├─ /el/tutorials/index.html (+3ms) 
17:14:29   ├─ /zh/tutorials/index.html (+14ms) 
17:14:29   ├─ /ja/tutorials/index.html (+3ms) 
17:14:29   └─ /es/tutorials/index.html (+3ms) 
17:14:29 ▶ src/pages/[lang]/tutorials/[...slug].astro
17:14:29   ├─ /pt/tutorials/getting-started/index.html (+1ms) 
17:14:29   ├─ /pt/tutorials/getting-started/hello-world/index.html (+1ms) 
17:14:29   ├─ /pt/tutorials/drug-dosing/index.html (+1ms) 
17:14:29   ├─ /pt/tutorials/drug-dosing/drug-dosing-01-intro/index.html (+1ms) 
17:14:29   ├─ /pt/tutorials/drug-dosing/drug-dosing-02-pk-model/index.html (+1ms) 
17:14:29   ├─ /pt/tutorials/drug-dosing/drug-dosing-03-knowledge/index.html (+1ms) 
17:14:29   ├─ /pt/tutorials/drug-dosing/drug-dosing-04-propagation/index.html (+1ms) 
17:14:29   ├─ /pt/tutorials/drug-dosing/drug-dosing-05-decision/index.html (+1ms) 
17:14:29   ├─ /el/tutorials/getting-started/index.html (+1ms) 
17:14:29   ├─ /el/tutorials/getting-started/hello-world/index.html (+1ms) 
17:14:29   ├─ /el/tutorials/drug-dosing/index.html (+1ms) 
17:14:29   ├─ /el/tutorials/drug-dosing/drug-dosing-01-intro/index.html (+1ms) 
17:14:29   ├─ /el/tutorials/drug-dosing/drug-dosing-02-pk-model/index.html (+1ms) 
17:14:29   ├─ /el/tutorials/drug-dosing/drug-dosing-03-knowledge/index.html (+1ms) 
17:14:29   ├─ /el/tutorials/drug-dosing/drug-dosing-04-propagation/index.html (+1ms) 
17:14:29   ├─ /el/tutorials/drug-dosing/drug-dosing-05-decision/index.html (+1ms) 
17:14:29   ├─ /zh/tutorials/getting-started/index.html (+1ms) 
17:14:29   ├─ /zh/tutorials/getting-started/hello-world/index.html (+1ms) 
17:14:29   ├─ /zh/tutorials/drug-dosing/index.html (+1ms) 
17:14:29   ├─ /zh/tutorials/drug-dosing/drug-dosing-01-intro/index.html (+1ms) 
17:14:29   ├─ /zh/tutorials/drug-dosing/drug-dosing-02-pk-model/index.html (+1ms) 
17:14:29   ├─ /zh/tutorials/drug-dosing/drug-dosing-03-knowledge/index.html (+1ms) 
17:14:29   ├─ /zh/tutorials/drug-dosing/drug-dosing-04-propagation/index.html (+1ms) 
17:14:29   ├─ /zh/tutorials/drug-dosing/drug-dosing-05-decision/index.html (+1ms) 
17:14:29   ├─ /ja/tutorials/getting-started/index.html (+1ms) 
17:14:29   ├─ /ja/tutorials/getting-started/hello-world/index.html (+1ms) 
17:14:29   ├─ /ja/tutorials/drug-dosing/index.html (+1ms) 
17:14:29   ├─ /ja/tutorials/drug-dosing/drug-dosing-01-intro/index.html (+1ms) 
17:14:29   ├─ /ja/tutorials/drug-dosing/drug-dosing-02-pk-model/index.html (+1ms) 
17:14:29   ├─ /ja/tutorials/drug-dosing/drug-dosing-03-knowledge/index.html (+1ms) 
17:14:29   ├─ /ja/tutorials/drug-dosing/drug-dosing-04-propagation/index.html (+1ms) 
17:14:29   ├─ /ja/tutorials/drug-dosing/drug-dosing-05-decision/index.html (+1ms) 
17:14:29   ├─ /es/tutorials/getting-started/index.html (+1ms) 
17:14:29   ├─ /es/tutorials/getting-started/hello-world/index.html (+1ms) 
17:14:29   ├─ /es/tutorials/drug-dosing/index.html (+1ms) 
17:14:29   ├─ /es/tutorials/drug-dosing/drug-dosing-01-intro/index.html (+1ms) 
17:14:29   ├─ /es/tutorials/drug-dosing/drug-dosing-02-pk-model/index.html (+1ms) 
17:14:29   ├─ /es/tutorials/drug-dosing/drug-dosing-03-knowledge/index.html (+1ms) 
17:14:29   ├─ /es/tutorials/drug-dosing/drug-dosing-04-propagation/index.html (+1ms) 
17:14:29   └─ /es/tutorials/drug-dosing/drug-dosing-05-decision/index.html (+1ms) 
17:14:29 ▶ src/pages/[lang]/index.astro
17:14:29   ├─ /pt/index.html (+12ms) 
17:14:29   ├─ /el/index.html (+5ms) 
17:14:29   ├─ /zh/index.html (+4ms) 
17:14:29   ├─ /ja/index.html (+4ms) 
17:14:29   └─ /es/index.html (+4ms) 
17:14:29 ▶ src/pages/index.astro
17:14:29   └─ /index.html (+8ms) 
17:14:29 ✓ Completed in 4.53s.

 generating optimized images 
17:14:29   ▶ /_astro/yiayia_hero.C7xfm3ZT_qQ1Yv.avif (reused cache entry) (+1ms) (1/6)
17:14:29   ▶ /_astro/pappou_hero.AKV3Q5ce_ZyW2oy.avif (reused cache entry) (+2ms) (2/6)
17:14:29   ▶ /_astro/pappou_hero.AKV3Q5ce_OJytU.webp (reused cache entry) (+1ms) (3/6)
17:14:29   ▶ /_astro/yiayia_hero.C7xfm3ZT_1PxCRY.webp (reused cache entry) (+1ms) (4/6)
17:14:29   ▶ /_astro/pappou_hero.AKV3Q5ce_3Saxl.png (reused cache entry) (+5ms) (5/6)
17:14:29   ▶ /_astro/yiayia_hero.C7xfm3ZT_14GeVp.png (reused cache entry) (+5ms) (6/6)
17:14:29 ✓ Completed in 8ms.

17:14:29 [build] 702 page(s) built in 17.78s
17:14:29 [build] Complete!

Running Pagefind v1.4.0 (Extended)
Running from: "/home/demetrios/work/sounio/website"
Source:       "dist"
Output:       "dist/pagefind"

[Walking source directory]
Found 702 files matching **/*.{html}

[Parsing files]
Found a data-pagefind-body element on the site.
↳ Ignoring pages without this tag.

[Reading languages]
Discovered 6 languages: ja, zh, pt, en, el, es

[Building search indexes]
Total: 
  Indexed 6 languages
  Indexed 362 pages
  Indexed 19568 words
  Indexed 0 filters
  Indexed 0 sorts
Note: Pagefind doesn't support stemming for the language ja. 
Search will still work, but will not match across root words.
Note: Pagefind doesn't support stemming for the language zh. 
Search will still work, but will not match across root words.
Note: Pagefind doesn't support stemming for the language ja. 
Search will still work, but will not match across root words.
Note: Pagefind doesn't support stemming for the language zh. 
Search will still work, but will not match across root words.

Finished in 4.594 seconds

> website@0.0.1 check:routes
> node scripts/check-route-contract.mjs

OK: route contract validated.

> website@0.0.1 check:redirects
> node scripts/check-redirect-output.mjs

OK: redirect outputs validated (300 legacy pages).

> website@0.0.1 check:brand
> node scripts/check-brand-assets.mjs

OK: brand asset contract validated.

> website@0.0.1 check:pagefind
> node scripts/check-pagefind-body.mjs

OK: pagefind body marker present.

> website@0.0.1 check:nav
> node scripts/check-navigation-integrity.mjs

OK: navigation integrity validated (19475 internal links).

> website@0.0.1 check:locale-fallback
> node scripts/check-locale-fallback.mjs

OK: locale fallback validated (54 IA pages).

> website@0.0.1 check:sio-highlight
> node scripts/check-sio-highlighting.mjs

OK: sio highlighting validated on 95 rendered pages.
