[package-import-science] souc=/tmp/sounio-r3-mapping-reselection-source-20260719-v2/bin/souc-lean-single-x86_64
[package-import-science] stdlib=/tmp/sounio-r3-mapping-reselection-source-20260719-v2/stdlib
[package-import-science] manifest=packages/epistemic-core/sounio.toml
[package-import-science] run test_knowledge (/tmp/sounio-r3-mapping-reselection-source-20260719-v2/packages/epistemic-core/tests/test_knowledge.sio)
source: /tmp/sounio-r3-mapping-reselection-source-20260719-v2/packages/epistemic-core/tests/test_knowledge.sio 5194
 bytes
import: packages/epistemic-core/src/lib.sio 11332
 bytes
total source: 26660
 bytes
tokens: 5253

st_count: 2
 depth_end: 0

globals: 0
 bss=1048864

effects: scanned 60
 functions
refined: 109
 in 3
 passes
  prev=0
 L5

  prev=3
 L5

  prev=8
 L294

  prev=17
 L300

unc_detail: dot=0
 decl=49
 let=0
 colon=0
 other=4

epistemic: 2753
 expr, 2698
 certain (98
%), 55
 uncertain [ident=91
 ops=73
 other=4
], types=7
, gate=950
/1000
epistemic_main: 507
 expr, 504
 certain (99
%), 3
 uncertain
knightian: 0
 sites, gap_sum=0

knowledge_subtype: 0
 sites, 0
 violations
knowledge_units: 0
 sites with dimensional Knowledge<T>
tier_dist: PLATINUM=2698
 GOLD=0
 SILVER=0
 BRONZE=0
 [PLATINUM%=98
%]
econf: total=2753
 platinum=2698
 gate_pass=2698
 knightian=55
 min=0
 mean=980
 gate=950

compile: fns=60
 code=69940
 main=fn9
 patches=99
 gates[direct=94
 guarded=0
]
elf: /tmp/sounio-package-import-science.bGoORh/test_knowledge.sio.elf 74036
 bytes (bss=1048864
)
epistemic-core tests: 9
/9
 passed
[package-import-science] run test_gum_propagation (/tmp/sounio-r3-mapping-reselection-source-20260719-v2/packages/epistemic-core/tests/test_gum_propagation.sio)
source: /tmp/sounio-r3-mapping-reselection-source-20260719-v2/packages/epistemic-core/tests/test_gum_propagation.sio 2894
 bytes
import: packages/epistemic-core/src/lib.sio 11332
 bytes
total source: 24360
 bytes
tokens: 4786

st_count: 2
 depth_end: 0

globals: 0
 bss=1048864

effects: scanned 56
 functions
refined: 99
 in 3
 passes
  prev=0
 L5

  prev=3
 L5

  prev=8
 L294

  prev=17
 L300

unc_detail: dot=0
 decl=49
 let=0
 colon=0
 other=4

epistemic: 2513
 expr, 2458
 certain (97
%), 55
 uncertain [ident=91
 ops=63
 other=4
], types=7
, gate=950
/1000
epistemic_main: 267
 expr, 264
 certain (98
%), 3
 uncertain
knightian: 0
 sites, gap_sum=0

knowledge_subtype: 0
 sites, 0
 violations
knowledge_units: 0
 sites with dimensional Knowledge<T>
tier_dist: PLATINUM=2458
 GOLD=0
 SILVER=0
 BRONZE=0
 [PLATINUM%=97
%]
econf: total=2513
 platinum=2458
 gate_pass=2458
 knightian=55
 min=0
 mean=978
 gate=950

compile: fns=56
 code=62209
 main=fn5
 patches=79
 gates[direct=77
 guarded=0
]
elf: /tmp/sounio-package-import-science.bGoORh/test_gum_propagation.sio.elf 66305
 bytes (bss=1048864
)
epistemic-core GUM tests: 5
/5
 passed
[package-import-science] manifest=packages/sounio-units/sounio.toml
[package-import-science] run test_units_e2e (/tmp/sounio-r3-mapping-reselection-source-20260719-v2/packages/sounio-units/tests/test_units_e2e.sio)
source: /tmp/sounio-r3-mapping-reselection-source-20260719-v2/packages/sounio-units/tests/test_units_e2e.sio 1146
 bytes
import: stdlib/units/lib.sio 11958
 bytes
total source: 23223
 bytes
tokens: 4665

st_count: 2
 depth_end: 0

globals: 0
 bss=1048864

effects: scanned 61
 functions
refined: 55
 in 2
 passes
  prev=0
 L4

  prev=3
 L4

  prev=51
 L4

  prev=6
 L27

  prev=7
 L28

  prev=7
 L35

  prev=7
 L36

unc_detail: dot=0
 decl=45
 let=0
 colon=0
 other=7

epistemic: 2483
 expr, 2430
 certain (97
%), 53
 uncertain [ident=73
 ops=35
 other=7
], types=7
, gate=950
/1000
epistemic_main: 124
 expr, 114
 certain (91
%), 10
 uncertain
knightian: 0
 sites, gap_sum=0

knowledge_subtype: 0
 sites, 0
 violations
knowledge_units: 0
 sites with dimensional Knowledge<T>
tier_dist: PLATINUM=2430
 GOLD=0
 SILVER=0
 BRONZE=0
 [PLATINUM%=97
%]
econf: total=2483
 platinum=2430
 gate_pass=2430
 knightian=53
 min=0
 mean=978
 gate=950

compile: fns=61
 code=59565
 main=fn4
 patches=67
 gates[direct=60
 guarded=4
]
elf: /tmp/sounio-package-import-science.bGoORh/test_units_e2e.sio.elf 63661
 bytes (bss=1048864
)
[package-import-science] run test_calibration_e2e (/tmp/sounio-r3-mapping-reselection-source-20260719-v2/packages/sounio-units/tests/test_calibration_e2e.sio)
source: /tmp/sounio-r3-mapping-reselection-source-20260719-v2/packages/sounio-units/tests/test_calibration_e2e.sio 1051
 bytes
import: stdlib/metrology/calibration.sio 12567
 bytes
total source: 23749
 bytes
tokens: 4158

st_count: 4
 depth_end: 0

globals: 0
 bss=1048864

effects: scanned 40
 functions
refined: 69
 in 2
 passes
  prev=0
 L4

  prev=3
 L4

  prev=51
 L4

  prev=16
 L29

  prev=9
 L31

  prev=7
 L302

unc_detail: dot=0
 decl=36
 let=0
 colon=0
 other=6

epistemic: 2266
 expr, 2224
 certain (98
%), 42
 uncertain [ident=64
 ops=47
 other=6
], types=7
, gate=950
/1000
epistemic_main: 106
 expr, 100
 certain (94
%), 6
 uncertain
knightian: 0
 sites, gap_sum=0

knowledge_subtype: 0
 sites, 0
 violations
knowledge_units: 0
 sites with dimensional Knowledge<T>
tier_dist: PLATINUM=2224
 GOLD=0
 SILVER=0
 BRONZE=0
 [PLATINUM%=98
%]
econf: total=2266
 platinum=2224
 gate_pass=2224
 knightian=42
 min=0
 mean=981
 gate=950

compile: fns=40
 code=50293
 main=fn4
 patches=45
 gates[direct=42
 guarded=3
]
elf: /tmp/sounio-package-import-science.bGoORh/test_calibration_e2e.sio.elf 54389
 bytes (bss=1048864
)
[package-import-science] manifest=packages/sounio-formats/sounio.toml
[package-import-science] run test_yaml_e2e (/tmp/sounio-r3-mapping-reselection-source-20260719-v2/packages/sounio-formats/tests/test_yaml_e2e.sio)
source: /tmp/sounio-r3-mapping-reselection-source-20260719-v2/packages/sounio-formats/tests/test_yaml_e2e.sio 12523
 bytes
import: stdlib/yaml/parser.sio 21267
 bytes
total source: 43911
 bytes
tokens: 8913

st_count: 5
 depth_end: 0

globals: 0
 bss=1048864

effects: scanned 60
 functions
refined: 150
 in 3
 passes
  prev=0
 L11

  prev=3
 L11

  prev=51
 L11

  prev=16
 L126

  prev=32
 L137

  prev=32
 L141

  prev=7
 L162

  prev=7
 L163

  prev=7
 L164

  prev=7
 L165

  prev=7
 L166

  prev=7
 L167

  prev=7
 L168

  prev=7
 L169

  prev=7
 L170

  prev=7
 L171

  prev=7
 L172

  prev=7
 L173

  prev=7
 L174

  prev=7
 L175

  prev=7
 L176

  prev=7
 L177

  prev=7
 L178

  prev=7
 L179

  prev=7
 L180

  prev=7
 L181

  prev=16
 L183

  prev=44
 L183

  prev=7
 L201

  prev=7
 L202

  prev=7
 L203

  prev=7
 L204

  prev=7
 L205

  prev=7
 L206

  prev=7
 L207

  prev=7
 L208

  prev=7
 L209

  prev=7
 L210

  prev=7
 L211

  prev=7
 L212

  prev=7
 L213

  prev=7
 L214

  prev=7
 L215

  prev=7
 L216

  prev=7
 L217

  prev=7
 L218

  prev=7
 L219

  prev=7
 L220

  prev=16
 L222

  prev=44
 L222

unc_detail: dot=0
 decl=41
 let=0
 colon=0
 other=123

epistemic: 4642
 expr, 4478
 certain (96
%), 164
 uncertain [ident=195
 ops=118
 other=123
], types=7
, gate=950
/1000
epistemic_main: 1289
 expr, 1202
 certain (93
%), 87
 uncertain
knightian: 0
 sites, gap_sum=0

knowledge_subtype: 0
 sites, 0
 violations
knowledge_units: 0
 sites with dimensional Knowledge<T>
tier_dist: PLATINUM=4478
 GOLD=0
 SILVER=0
 BRONZE=0
 [PLATINUM%=96
%]
econf: total=4642
 platinum=4478
 gate_pass=4478
 knightian=164
 min=0
 mean=964
 gate=950

warning: array repeat element type does not match field type at stdlib/yaml/parser.sio:75
 (bundle line 75
)
warning: array repeat element type does not match field type at stdlib/yaml/parser.sio:77
 (bundle line 77
)
compile: fns=60
 code=102912
 main=fn12
 patches=112
 gates[direct=91
 guarded=21
]
elf: /tmp/sounio-package-import-science.bGoORh/test_yaml_e2e.sio.elf 107008
 bytes (bss=1048864
)
[package-import-science] run test_toml_e2e (/tmp/sounio-r3-mapping-reselection-source-20260719-v2/packages/sounio-formats/tests/test_toml_e2e.sio)
source: /tmp/sounio-r3-mapping-reselection-source-20260719-v2/packages/sounio-formats/tests/test_toml_e2e.sio 11135
 bytes
import: stdlib/toml/parser.sio 18087
 bytes
total source: 39343
 bytes
tokens: 7776

st_count: 4
 depth_end: 0

globals: 0
 bss=1048864

effects: scanned 51
 functions
refined: 121
 in 2
 passes
  prev=0
 L11

  prev=3
 L11

  prev=51
 L11

  prev=16
 L123

  prev=32
 L134

  prev=32
 L138

  prev=7
 L156

  prev=7
 L157

  prev=7
 L158

  prev=7
 L159

  prev=7
 L160

  prev=7
 L161

  prev=7
 L162

  prev=7
 L163

  prev=7
 L164

  prev=7
 L165

  prev=7
 L166

  prev=7
 L167

  prev=7
 L168

  prev=7
 L169

  prev=7
 L170

  prev=16
 L172

  prev=44
 L172

  prev=32
 L175

  prev=7
 L188

  prev=7
 L189

  prev=7
 L190

  prev=7
 L191

  prev=7
 L192

  prev=7
 L193

  prev=7
 L194

  prev=7
 L195

  prev=16
 L197

  prev=44
 L197

  prev=32
 L200

  prev=7
 L213

  prev=7
 L214

  prev=7
 L215

  prev=7
 L216

  prev=7
 L217

  prev=7
 L218

  prev=7
 L219

  prev=7
 L220

  prev=7
 L221

  prev=7
 L222

  prev=7
 L223

  prev=7
 L224

  prev=7
 L225

  prev=7
 L226

  prev=7
 L227

unc_detail: dot=0
 decl=33
 let=0
 colon=0
 other=101

epistemic: 4088
 expr, 3954
 certain (96
%), 134
 uncertain [ident=157
 ops=98
 other=101
], types=7
, gate=950
/1000
epistemic_main: 1088
 expr, 1018
 certain (93
%), 70
 uncertain
knightian: 0
 sites, gap_sum=0

knowledge_subtype: 0
 sites, 0
 violations
knowledge_units: 0
 sites with dimensional Knowledge<T>
tier_dist: PLATINUM=3954
 GOLD=0
 SILVER=0
 BRONZE=0
 [PLATINUM%=96
%]
econf: total=4088
 platinum=3954
 gate_pass=3954
 knightian=134
 min=0
 mean=967
 gate=950

warning: array repeat element type does not match field type at stdlib/toml/parser.sio:74
 (bundle line 74
)
warning: array repeat element type does not match field type at stdlib/toml/parser.sio:76
 (bundle line 76
)
compile: fns=51
 code=96111
 main=fn11
 patches=93
 gates[direct=78
 guarded=15
]
elf: /tmp/sounio-package-import-science.bGoORh/test_toml_e2e.sio.elf 100207
 bytes (bss=1048864
)
[package-import-science] run test_msgpack_e2e (/tmp/sounio-r3-mapping-reselection-source-20260719-v2/packages/sounio-formats/tests/test_msgpack_e2e.sio)
source: /tmp/sounio-r3-mapping-reselection-source-20260719-v2/packages/sounio-formats/tests/test_msgpack_e2e.sio 8094
 bytes
import: stdlib/msgpack/lib.sio 14600
 bytes
total source: 32815
 bytes
tokens: 5557

st_count: 1
 depth_end: 0

globals: 0
 bss=1048864

effects: scanned 38
 functions
refined: 99
 in 3
 passes
  prev=0
 L10

  prev=3
 L10

  prev=51
 L10

  prev=2
 L70

  prev=2
 L75

  prev=16
 L117

  prev=16
 L118

  prev=16
 L119

  prev=16
 L120

  prev=16
 L121

  prev=16
 L122

  prev=16
 L123

  prev=16
 L124

  prev=16
 L221

  prev=16
 L222

  prev=16
 L223

  prev=16
 L224

  prev=16
 L225

  prev=16
 L226

  prev=16
 L227

  prev=16
 L228

  prev=16
 L237

  prev=16
 L366

  prev=17
 L370

  prev=17
 L371

  prev=17
 L372

  prev=17
 L373

  prev=17
 L374

unc_detail: dot=0
 decl=35
 let=0
 colon=0
 other=28

epistemic: 3096
 expr, 3022
 certain (97
%), 74
 uncertain [ident=86
 ops=86
 other=28
], types=7
, gate=950
/1000
epistemic_main: 483
 expr, 480
 certain (99
%), 3
 uncertain
knightian: 0
 sites, gap_sum=0

knowledge_subtype: 0
 sites, 0
 violations
knowledge_units: 0
 sites with dimensional Knowledge<T>
tier_dist: PLATINUM=3022
 GOLD=0
 SILVER=0
 BRONZE=0
 [PLATINUM%=97
%]
econf: total=3096
 platinum=3022
 gate_pass=3022
 knightian=74
 min=0
 mean=976
 gate=950

compile: fns=38
 code=64729
 main=fn1
 patches=98
 gates[direct=79
 guarded=19
]
elf: /tmp/sounio-package-import-science.bGoORh/test_msgpack_e2e.sio.elf 68825
 bytes (bss=1048864
)
Test 1: pack nil... PASS
Test 2: pack bool false... PASS
Test 3: pack bool true... PASS
Test 4: unpack bool... PASS
Test 5: pack/unpack fixint 42... PASS
Test 6: pack/unpack fixint -1... PASS
Test 7: pack/unpack i64 1000... PASS
Test 8: pack/unpack f64 0.0... PASS
Test 9: pack/unpack f64 1.0... PASS
Test 10: unpack_type nil=0, bool=1, int=2, float=3... PASS
Test 11: multiple values in buffer... PASS

Passed: 11
 Failed: 0

[package-import-science] manifest=packages/sounio-io-primitives/sounio.toml
[package-import-science] run test_log_path_cmp_e2e (/tmp/sounio-r3-mapping-reselection-source-20260719-v2/packages/sounio-io-primitives/tests/test_log_path_cmp_e2e.sio)
source: /tmp/sounio-r3-mapping-reselection-source-20260719-v2/packages/sounio-io-primitives/tests/test_log_path_cmp_e2e.sio 6796
 bytes
import: stdlib/log/lib.sio 2177
 bytes
import: stdlib/path/lib.sio 4473
 bytes
import: stdlib/cmp/lib.sio 1679
 bytes
total source: 25285
 bytes
tokens: 5505

st_count: 2
 depth_end: 0

globals: 0
 bss=1048864

effects: scanned 62
 functions
refined: 93
 in 3
 passes
  prev=0
 L8

  prev=3
 L8

  prev=51
 L8

  prev=27
 L9

  prev=3
 L9

  prev=51
 L9

  prev=27
 L10

  prev=3
 L10

  prev=51
 L10

  prev=16
 L31

  prev=16
 L33

  prev=16
 L34

unc_detail: dot=0
 decl=51
 let=0
 colon=0
 other=12

epistemic: 2831
 expr, 2768
 certain (97
%), 63
 uncertain [ident=92
 ops=69
 other=12
], types=7
, gate=950
/1000
epistemic_main: 544
 expr, 530
 certain (97
%), 14
 uncertain
knightian: 0
 sites, gap_sum=0

knowledge_subtype: 0
 sites, 0
 violations
knowledge_units: 0
 sites with dimensional Knowledge<T>
tier_dist: PLATINUM=2768
 GOLD=0
 SILVER=0
 BRONZE=0
 [PLATINUM%=97
%]
econf: total=2831
 platinum=2768
 gate_pass=2768
 knightian=63
 min=0
 mean=977
 gate=950

compile: fns=62
 code=64861
 main=fn5
 patches=123
 gates[direct=123
 guarded=0
]
elf: /tmp/sounio-package-import-science.bGoORh/test_log_path_cmp_e2e.sio.elf 68957
 bytes (bss=1048864
)
[package-import-science] run witness:package_import_science_witness.sio (tests/packages/package_import_science_witness.sio)
source: tests/packages/package_import_science_witness.sio 2461
 bytes
import: packages/epistemic-core/src/lib.sio 11332
 bytes
total source: 23927
 bytes
tokens: 4663

st_count: 2
 depth_end: 0

globals: 0
 bss=1048864

effects: scanned 57
 functions
refined: 95
 in 3
 passes
  prev=0
 L4

  prev=3
 L4

  prev=8
 L294

  prev=17
 L300

unc_detail: dot=0
 decl=51
 let=0
 colon=0
 other=4

epistemic: 2446
 expr, 2389
 certain (97
%), 57
 uncertain [ident=93
 ops=59
 other=4
], types=7
, gate=950
/1000
epistemic_main: 200
 expr, 195
 certain (97
%), 5
 uncertain
knightian: 0
 sites, gap_sum=0

knowledge_subtype: 0
 sites, 0
 violations
knowledge_units: 0
 sites with dimensional Knowledge<T>
tier_dist: PLATINUM=2389
 GOLD=0
 SILVER=0
 BRONZE=0
 [PLATINUM%=97
%]
econf: total=2446
 platinum=2389
 gate_pass=2389
 knightian=57
 min=0
 mean=976
 gate=950

compile: fns=57
 code=60116
 main=fn6
 patches=79
 gates[direct=78
 guarded=0
]
elf: /tmp/sounio-package-import-science.bGoORh/package_import_science_witness.sio.elf 64212
 bytes (bss=1048864
)
package import science witness: 4
/4
 passed
[package-import-science] run witness:package_import_units_witness.sio (tests/packages/package_import_units_witness.sio)
source: tests/packages/package_import_units_witness.sio 557
 bytes
import: stdlib/units/lib.sio 11958
 bytes
total source: 22634
 bytes
tokens: 4496

st_count: 2
 depth_end: 0

globals: 0
 bss=1048864

effects: scanned 58
 functions
refined: 58
 in 2
 passes
  prev=0
 L4

  prev=3
 L4

  prev=51
 L4

unc_detail: dot=0
 decl=43
 let=0
 colon=0
 other=3

epistemic: 2399
 expr, 2353
 certain (98
%), 46
 uncertain [ident=71
 ops=33
 other=3
], types=7
, gate=950
/1000
epistemic_main: 40
 expr, 37
 certain (92
%), 3
 uncertain
knightian: 0
 sites, gap_sum=0

knowledge_subtype: 0
 sites, 0
 violations
knowledge_units: 0
 sites with dimensional Knowledge<T>
tier_dist: PLATINUM=2353
 GOLD=0
 SILVER=0
 BRONZE=0
 [PLATINUM%=98
%]
econf: total=2399
 platinum=2353
 gate_pass=2353
 knightian=46
 min=0
 mean=980
 gate=950

compile: fns=58
 code=55742
 main=fn1
 patches=55
 gates[direct=52
 guarded=0
]
elf: /tmp/sounio-package-import-science.bGoORh/package_import_units_witness.sio.elf 59838
 bytes (bss=1048864
)
package import units witness: passed
[package-import-science] compile negative missing-package fixture tests/packages/package_import_missing_package.sio
[package-import-science] PASS: multi-package import contract is gated
