SUFFERING_AWARE_LARGE_ARCHITECTURE contract (L1..L9)
CIFAR10 + real repository-docs text corpus; SAN-ResNet-50 + SAN-ViT-large + SAN-GPT (larger architectures)
harm structures = synthetic cost structures over real labels; no clinical claim; not medical guidance
note=no_consciousness_claim (machine channel is an operational burden proxy)
config: n_train=4000 n_val=1000 batch=128 epochs=(8,10,10) tau=(0.34,0.251,0.165) delta=(0.55,0.45,0.31) resnet_blocks=(3, 4, 6, 3) w=64 vit=(12,384,6) gpt=(10,384,6,T=64,V=2000,G=4) threads=16 smoke=False
  family[vitlarge]: budget=10 tau=0.251
    [vitlarge-san] epoch=0 acc=0.1920 harm=1.200 exit=0.000 flops=36929.15GF (598s)
    [vitlarge-san] epoch=1 acc=0.2020 harm=1.199 exit=0.000 flops=36929.15GF (387s)
    [vitlarge-san] epoch=2 acc=0.2500 harm=1.164 exit=0.000 flops=36929.15GF (379s)
    [vitlarge-san] epoch=3 acc=0.2120 harm=1.188 exit=0.000 flops=36929.15GF (381s)
    [vitlarge-san] epoch=4 acc=0.2470 harm=1.153 exit=0.028 flops=35191.22GF (359s)
    [vitlarge-san] epoch=5 acc=0.2550 harm=1.146 exit=0.131 flops=34434.56GF (375s)
    [vitlarge-san] done in 2480s t*=5
    [vitlarge-dense] epoch=0 acc=0.1920 harm=1.200 exit=0.000 flops=36928.04GF (471s)
    [vitlarge-dense] epoch=1 acc=0.2020 harm=1.199 exit=0.000 flops=36928.04GF (379s)
    [vitlarge-dense] epoch=2 acc=0.2500 harm=1.164 exit=0.000 flops=36928.04GF (393s)
    [vitlarge-dense] epoch=3 acc=0.2120 harm=1.188 exit=0.000 flops=36928.04GF (394s)
    [vitlarge-dense] epoch=4 acc=0.2380 harm=1.162 exit=0.000 flops=36928.04GF (378s)
    [vitlarge-dense] epoch=5 acc=0.2640 harm=1.138 exit=0.000 flops=36928.04GF (452s)
    [vitlarge-dense] epoch=6 acc=0.2870 harm=1.083 exit=0.000 flops=36928.04GF (439s)
    [vitlarge-dense] epoch=7 acc=0.2710 harm=1.129 exit=0.000 flops=36928.04GF (404s)
    [vitlarge-dense] epoch=8 acc=0.2400 harm=1.161 exit=0.000 flops=36928.04GF (411s)
    [vitlarge-dense] epoch=9 acc=0.2670 harm=1.132 exit=0.000 flops=36928.04GF (412s)
    [vitlarge-dense] done in 4134s t*=5
    [vitlarge-earlystop] epoch=0 acc=0.1920 harm=1.200 exit=0.000 flops=36928.04GF (413s)
    [vitlarge-earlystop] epoch=1 acc=0.2020 harm=1.199 exit=0.000 flops=36928.04GF (482s)
    [vitlarge-earlystop] epoch=2 acc=0.2500 harm=1.164 exit=0.000 flops=36928.04GF (374s)
    [vitlarge-earlystop] epoch=3 acc=0.2120 harm=1.188 exit=0.000 flops=36928.04GF (370s)
    [vitlarge-earlystop] epoch=4 acc=0.2380 harm=1.162 exit=0.000 flops=36928.04GF (586s)
    [vitlarge-earlystop] epoch=5 acc=0.2640 harm=1.138 exit=0.000 flops=36928.04GF (614s)
    [vitlarge-earlystop] done in 2839s t*=5
  ledger[vitlarge-san]: epochs_run=6 t*=5 S_m=217342.367GF avg=36223.728GF/epoch (nec=217342.367GF grat=0.000GF) S_p_int=7.05 S_p_peak=1.200 final_acc=0.2550
  ledger[vitlarge-dense]: epochs_run=10 t*=5 S_m=369280.404GF avg=36928.040GF/epoch (nec=221568.243GF grat=147712.162GF) S_p_int=11.56 S_p_peak=1.200 final_acc=0.2670
  ledger[vitlarge-earlystop]: epochs_run=6 t*=5 S_m=221568.243GF avg=36928.040GF/epoch (nec=221568.243GF grat=0.000GF) S_p_int=7.05 S_p_peak=1.200 final_acc=0.2640
  latency[vitlarge]: SAN=23.3340ms/sample Dense=15.9340ms/sample speedup=0.68x
  L1[vitlarge]: PASS (gated=2575561044480 manual=2575561044480 dense=2840710656000 exits=131/1000 prefix_max_dev=0.00e+00 pred_agree=True)
  L2[vitlarge]: PASS (SAN t*=5 of budget 10, val_acc@t*=0.2550 >= TAU=0.251)
  L3[vitlarge]: PASS (101-weight grid feasible-only=True, NO_FEASIBLE=True, abstain_acc=0.100 probe_acc=0.091 both < TAU=0.251)
  L4[vitlarge]: PASS (SAN gratuitous=0 FLOPs, dense gratuitous=147712.162GF)
  L5[vitlarge]: PASS (S_m/epoch SAN=36223.728GF vs dense=36928.040GF earlystop=36928.040GF; S_p_int SAN=7.05 vs 11.56/7.05)
  L6[vitlarge]: PASS (val exit fraction at t*=0.131 (>0.07))
  L7[harm-matrix-cifar]: asymmetry 5.0x (>= 3x)
  L7[vitlarge]: PASS (S_p_peak SAN=1.200 vs 1.200/1.200)
  L8[shortcut-cifar]: train_acc=0.583 val_acc=0.088
  L8[vitlarge]: PASS (shortcut train_acc=0.583 (>TAU: train-loss selection accepts), val_acc=0.088 (<TAU: gate rejects), never selected on 101-weight grid=True)
SUFFERING_AWARE_LARGE_VERDICT L_GREEN (8/8 clauses PASS)
