SUFFERING_AWARE_LARGE_ARCHITECTURE contract (L1..L9)
CIFAR10 + real repository-docs text corpus; SAN-ResNet-50 + SAN-ViT-large + SAN-GPT (larger architectures)
harm structures = synthetic cost structures over real labels; no clinical claim; not medical guidance
note=no_consciousness_claim (machine channel is an operational burden proxy)
config: n_train=4000 n_val=1000 batch=128 epochs=(8,10,10) tau=(0.34,0.251,0.165) delta=(0.55,0.45,0.31) resnet_blocks=(3, 4, 6, 3) w=64 vit=(12,384,6) gpt=(10,384,6,T=64,V=2000,G=4) threads=16 smoke=False
  family[resnet50]: budget=8 tau=0.34
    [resnet50-san] epoch=0 acc=0.2000 harm=1.187 exit=0.000 flops=33743.58GF (901s)
    [resnet50-san] epoch=1 acc=0.3020 harm=1.066 exit=0.000 flops=33744.50GF (728s)
    [resnet50-san] epoch=2 acc=0.3470 harm=0.982 exit=0.245 flops=31708.55GF (720s)
    [resnet50-san] done in 2350s t*=2
    [resnet50-dense] epoch=0 acc=0.2000 harm=1.187 exit=0.000 flops=33743.58GF (882s)
    [resnet50-dense] epoch=1 acc=0.3300 harm=1.003 exit=0.000 flops=33743.58GF (764s)
    [resnet50-dense] epoch=2 acc=0.3200 harm=1.000 exit=0.000 flops=33743.58GF (767s)
    [resnet50-dense] epoch=3 acc=0.3350 harm=0.890 exit=0.000 flops=33743.58GF (886s)
    [resnet50-dense] epoch=4 acc=0.3880 harm=0.945 exit=0.000 flops=33743.58GF (873s)
    [resnet50-dense] epoch=5 acc=0.4460 harm=0.787 exit=0.000 flops=33743.58GF (900s)
    [resnet50-dense] epoch=6 acc=0.4520 harm=0.762 exit=0.000 flops=33743.58GF (742s)
    [resnet50-dense] epoch=7 acc=0.5000 harm=0.706 exit=0.000 flops=33743.58GF (1318s)
    [resnet50-dense] done in 7132s t*=4
    [resnet50-earlystop] epoch=0 acc=0.2000 harm=1.187 exit=0.000 flops=33743.58GF (1344s)
    [resnet50-earlystop] epoch=1 acc=0.3300 harm=1.003 exit=0.000 flops=33743.58GF (510s)
    [resnet50-earlystop] epoch=2 acc=0.3200 harm=1.000 exit=0.000 flops=33743.58GF (469s)
    [resnet50-earlystop] epoch=3 acc=0.3350 harm=0.890 exit=0.000 flops=33743.58GF (467s)
    [resnet50-earlystop] epoch=4 acc=0.3880 harm=0.945 exit=0.000 flops=33743.58GF (472s)
    [resnet50-earlystop] done in 3262s t*=4
  ledger[resnet50-san]: epochs_run=3 t*=2 S_m=99196.627GF avg=33065.542GF/epoch (nec=99196.627GF grat=0.000GF) S_p_int=3.24 S_p_peak=1.187 final_acc=0.3470
  ledger[resnet50-dense]: epochs_run=8 t*=4 S_m=269948.617GF avg=33743.577GF/epoch (nec=168717.885GF grat=101230.731GF) S_p_int=7.28 S_p_peak=1.187 final_acc=0.5000
  ledger[resnet50-earlystop]: epochs_run=5 t*=4 S_m=168717.885GF avg=33743.577GF/epoch (nec=168717.885GF grat=0.000GF) S_p_int=5.03 S_p_peak=1.187 final_acc=0.3880
  latency[resnet50]: SAN=16.8709ms/sample Dense=12.1427ms/sample speedup=0.72x
  L1[resnet50]: PASS (gated=2400613257216 manual=2400613257216 dense=2595736576000 exits=245/1000 prefix_max_dev=0.00e+00 pred_agree=True)
  L2[resnet50]: PASS (SAN t*=2 of budget 8, val_acc@t*=0.3470 >= TAU=0.34)
  L3[resnet50]: PASS (101-weight grid feasible-only=True, NO_FEASIBLE=True, abstain_acc=0.100 probe_acc=0.091 both < TAU=0.34)
  L4[resnet50]: PASS (SAN gratuitous=0 FLOPs, dense gratuitous=101230.731GF)
  L5[resnet50]: PASS (S_m/epoch SAN=33065.542GF vs dense=33743.577GF earlystop=33743.577GF; S_p_int SAN=3.24 vs 7.28/5.03)
  L6[resnet50]: PASS (val exit fraction at t*=0.245 (>0.07))
  L7[harm-matrix-cifar]: asymmetry 5.0x (>= 3x)
  L7[resnet50]: PASS (S_p_peak SAN=1.187 vs 1.187/1.187)
  L8[shortcut-cifar]: train_acc=0.583 val_acc=0.088
  L8[resnet50]: PASS (shortcut train_acc=0.583 (>TAU: train-loss selection accepts), val_acc=0.088 (<TAU: gate rejects), never selected on 101-weight grid=True)
SUFFERING_AWARE_LARGE_VERDICT L_GREEN (8/8 clauses PASS)
