SUFFERING_AWARE_LARGE_ARCHITECTURE contract (L1..L9)
CIFAR10 + real repository-docs text corpus; SAN-ResNet-50 + SAN-ViT-large + SAN-GPT (larger architectures)
harm structures = synthetic cost structures over real labels; no clinical claim; not medical guidance
note=no_consciousness_claim (machine channel is an operational burden proxy)
config: n_train=4000 n_val=1000 batch=128 epochs=(8,10,10) tau=(0.34,0.251,0.165) delta=(0.55,0.45,0.31) resnet_blocks=(3, 4, 6, 3) w=64 vit=(12,384,6) gpt=(10,384,6,T=64,V=2000,G=4) threads=16 smoke=False
  corpus: 2000-word vocab over docs/research/*.md, hazard tokens=['no', 'not', 'never', 'without'], train_seq=3072 val_seq=768
  family[gpt]: budget=10 tau=0.165
    [gpt-san] epoch=0 acc=0.0859 harm=0.973 exit=0.000 flops=24718.06GF (463s)
    [gpt-san] epoch=1 acc=0.1136 harm=0.933 exit=0.000 flops=23617.13GF (280s)
    [gpt-san] epoch=2 acc=0.1361 harm=0.917 exit=0.030 flops=23478.55GF (273s)
    [gpt-san] epoch=3 acc=0.1517 harm=0.903 exit=0.048 flops=22307.68GF (247s)
    [gpt-san] epoch=4 acc=0.1667 harm=0.897 exit=0.112 flops=21258.26GF (242s)
    [gpt-san] done in 1509s t*=4
    [gpt-dense] epoch=0 acc=0.0859 harm=0.973 exit=0.000 flops=24151.83GF (274s)
    [gpt-dense] epoch=1 acc=0.1077 harm=0.943 exit=0.000 flops=24151.83GF (287s)
    [gpt-dense] epoch=2 acc=0.1377 harm=0.927 exit=0.000 flops=24151.83GF (285s)
    [gpt-dense] epoch=3 acc=0.1611 harm=0.894 exit=0.000 flops=24151.83GF (337s)
    [gpt-dense] epoch=4 acc=0.1719 harm=0.895 exit=0.000 flops=24151.83GF (318s)
    [gpt-dense] epoch=5 acc=0.1673 harm=0.894 exit=0.000 flops=24151.83GF (267s)
    [gpt-dense] epoch=6 acc=0.1699 harm=0.893 exit=0.000 flops=24151.83GF (267s)
    [gpt-dense] epoch=7 acc=0.1654 harm=0.886 exit=0.000 flops=24151.83GF (286s)
    [gpt-dense] epoch=8 acc=0.1559 harm=0.895 exit=0.000 flops=24151.83GF (261s)
    [gpt-dense] epoch=9 acc=0.1553 harm=0.897 exit=0.000 flops=24151.83GF (252s)
    [gpt-dense] done in 2834s t*=4
    [gpt-earlystop] epoch=0 acc=0.0859 harm=0.973 exit=0.000 flops=24151.83GF (283s)
    [gpt-earlystop] epoch=1 acc=0.1077 harm=0.943 exit=0.000 flops=24151.83GF (358s)
    [gpt-earlystop] epoch=2 acc=0.1377 harm=0.927 exit=0.000 flops=24151.83GF (320s)
    [gpt-earlystop] epoch=3 acc=0.1611 harm=0.894 exit=0.000 flops=24151.83GF (307s)
    [gpt-earlystop] epoch=4 acc=0.1719 harm=0.895 exit=0.000 flops=24151.83GF (300s)
    [gpt-earlystop] done in 1567s t*=4
  ledger[gpt-san]: epochs_run=5 t*=4 S_m=115379.684GF avg=23075.937GF/epoch (nec=115379.684GF grat=0.000GF) S_p_int=4.62 S_p_peak=0.973 final_acc=0.1667
  ledger[gpt-dense]: epochs_run=10 t*=4 S_m=241518.300GF avg=24151.830GF/epoch (nec=120759.150GF grat=120759.150GF) S_p_int=9.10 S_p_peak=0.973 final_acc=0.1553
  ledger[gpt-earlystop]: epochs_run=5 t*=4 S_m=120759.150GF avg=24151.830GF/epoch (nec=120759.150GF grat=0.000GF) S_p_int=4.63 S_p_peak=0.973 final_acc=0.1719
  latency[gpt]: SAN=26.3097ms/sample Dense=32.9767ms/sample speedup=1.25x
  L1[gpt]: PASS (gated=1724709814272 manual=1724709814272 dense=1839684648960 exits=86/768 prefix_max_dev=0.00e+00 pred_agree=True)
  L2[gpt]: PASS (SAN t*=4 of budget 10, val_acc@t*=0.1667 >= TAU=0.165)
  L3[gpt]: PASS (101-weight grid feasible-only=True, NO_FEASIBLE=True, abstain_acc=0.086 probe_acc=0.001 both < TAU=0.165)
  L4[gpt]: PASS (SAN gratuitous=0 FLOPs, dense gratuitous=120759.150GF)
  L5[gpt]: PASS (S_m/epoch SAN=23075.937GF vs dense=24151.830GF earlystop=24151.830GF; S_p_int SAN=4.62 vs 9.10/4.63)
  L6[gpt]: PASS (val exit fraction at t*=0.112 (>0.07))
  L7[harm-matrix-cifar]: asymmetry 5.0x (>= 3x)
  L7[harm-matrix-gpt]: asymmetry 5.0x (>= 3x)
  L7[gpt]: PASS (S_p_peak SAN=0.973 vs 0.973/0.973)
  L8[shortcut-gpt]: train_acc=1.000 (final scored position) val_acc=0.061
  L8[gpt]: PASS (shortcut train_acc=1.000 (>TAU: train-loss selection accepts), val_acc=0.061 (<TAU: gate rejects), never selected on 101-weight grid=True)
SUFFERING_AWARE_LARGE_VERDICT L_GREEN (8/8 clauses PASS)
