===============================================================
  EPILEPSY O-SSM: Hessian Non-Associativity in Seizure EEG
  CHB-MIT Scalp EEG | Ictal vs Interictal vs Baseline
===============================================================
  Windows: 2220
 (ictal=780
 interictal=900
 baseline=540
)
  Patients: 9

  Training: ictal(1) vs non-ictal(0)
  Method: leave-one-patient-out, 8x8 Hessian per test window
  seed_offset=5000


  Fold 0
/9
 ... train_acc=52
% test_acc=69
% hessians=300

  Fold 1
/9
 ... train_acc=56
% test_acc=72
% hessians=180

  Fold 2
/9
 ... train_acc=53
% test_acc=71
% hessians=420

  Fold 3
/9
 ... train_acc=62
% test_acc=100
% hessians=120

  Fold 4
/9
 ... train_acc=66
% test_acc=56
% hessians=420

  Fold 5
/9
 ... train_acc=66
% test_acc=57
% hessians=300

  Fold 6
/9
 ... train_acc=57
% test_acc=35
% hessians=120

  Fold 7
/9
 ... train_acc=64
% test_acc=66
% hessians=180

  Fold 8
/9
 ... train_acc=64
% test_acc=66
% hessians=180


===============================================================
  RESULTS: Seizure EEG Hessian Non-Associativity
===============================================================
  Ictal windows tested:      780

  Interictal windows tested:  900

  Baseline windows tested:    540


  Mean ||H_offdiag|| (x1e6, non-associative curvature):
    Ictal:      71141067623

    Interictal: 72197381292

    Baseline:   125590092288


  Ratios (higher = more path-dependent propagation):
    Ictal / Baseline:      566
 (x1000, expect >>1000)
    Interictal / Baseline: 575
 (x1000)
    Ictal / Interictal:    985
 (x1000, expect >1000)

  Off-diag / Diag ratio (non-associativity fraction):
    Ictal:      2373
/1000
    Interictal: 2113
/1000
    Baseline:   2719
/1000

  Hypothesis not supported by this data

DONE
