===============================================================
  EPILEPSY O-SSM: Hessian Non-Associativity in Seizure EEG
  CHB-MIT Scalp EEG | Ictal vs Interictal vs Baseline
===============================================================
  Windows: 2220
 (ictal=780
 interictal=900
 baseline=540
)
  Patients: 9

  Training: ictal(1) vs non-ictal(0)
  Method: leave-one-patient-out, 8x8 Hessian per test window
  seed_offset=19000


  Fold 0
/9
 ... train_acc=65
% test_acc=60
% hessians=300

  Fold 1
/9
 ... train_acc=62
% test_acc=62
% hessians=180

  Fold 2
/9
 ... train_acc=63
% test_acc=54
% hessians=420

  Fold 3
/9
 ... train_acc=61
% test_acc=79
% hessians=120

  Fold 4
/9
 ... train_acc=63
% test_acc=53
% hessians=420

  Fold 5
/9
 ... train_acc=51
% test_acc=40
% hessians=300

  Fold 6
/9
 ... train_acc=59
% test_acc=25
% hessians=120

  Fold 7
/9
 ... train_acc=61
% test_acc=54
% hessians=180

  Fold 8
/9
 ... train_acc=60
% test_acc=38
% hessians=180


===============================================================
  RESULTS: Seizure EEG Hessian Non-Associativity
===============================================================
  Ictal windows tested:      780

  Interictal windows tested:  900

  Baseline windows tested:    540


  Mean ||H_offdiag|| (x1e6, non-associative curvature):
    Ictal:      145301676588

    Interictal: 102497623576

    Baseline:   111878729107


  Ratios (higher = more path-dependent propagation):
    Ictal / Baseline:      1299
 (x1000, expect >>1000)
    Interictal / Baseline: 916
 (x1000)
    Ictal / Interictal:    1418
 (x1000, expect >1000)

  Off-diag / Diag ratio (non-associativity fraction):
    Ictal:      2193
/1000
    Interictal: 4561
/1000
    Baseline:   1971
/1000

  Partial support: Ictal > Baseline, but gradient not monotonic

DONE
