===============================================================
  EPILEPSY O-SSM: Hessian Non-Associativity in Seizure EEG
  CHB-MIT Scalp EEG | Ictal vs Interictal vs Baseline
===============================================================
  Windows: 2220
 (ictal=780
 interictal=900
 baseline=540
)
  Patients: 9

  Training: ictal(1) vs non-ictal(0)
  Method: leave-one-patient-out, 8x8 Hessian per test window
  seed_offset=13000


  Fold 0
/9
 ... train_acc=60
% test_acc=66
% hessians=300

  Fold 1
/9
 ... train_acc=52
% test_acc=67
% hessians=180

  Fold 2
/9
 ... train_acc=59
% test_acc=60
% hessians=420

  Fold 3
/9
 ... train_acc=55
% test_acc=29
% hessians=120

  Fold 4
/9
 ... train_acc=65
% test_acc=57
% hessians=420

  Fold 5
/9
 ... train_acc=63
% test_acc=53
% hessians=300

  Fold 6
/9
 ... train_acc=62
% test_acc=100
% hessians=120

  Fold 7
/9
 ... train_acc=61
% test_acc=57
% hessians=180

  Fold 8
/9
 ... train_acc=62
% test_acc=52
% hessians=180


===============================================================
  RESULTS: Seizure EEG Hessian Non-Associativity
===============================================================
  Ictal windows tested:      780

  Interictal windows tested:  900

  Baseline windows tested:    540


  Mean ||H_offdiag|| (x1e6, non-associative curvature):
    Ictal:      304771089198

    Interictal: 132677516752

    Baseline:   152740945932


  Ratios (higher = more path-dependent propagation):
    Ictal / Baseline:      1995
 (x1000, expect >>1000)
    Interictal / Baseline: 869
 (x1000)
    Ictal / Interictal:    2297
 (x1000, expect >1000)

  Off-diag / Diag ratio (non-associativity fraction):
    Ictal:      2014
/1000
    Interictal: 2818
/1000
    Baseline:   1373
/1000

  Partial support: Ictal > Baseline, but gradient not monotonic

DONE
