Sounio Compiler (souc)
Version: 1.0.0-beta.1
Commit: f77ba1bfe9
Build date: 2026-02-21

Host:
  Target: x86_64
  OS: linux
  Family: unix

Language Features:
  - Algebraic effects with handlers
  - Linear and affine types (resource safety)
  - Units of measure (dimensional analysis)
  - Refinement types (SMT-backed verification)
  - Epistemic types (confidence, provenance, ontology)
  - GPU-native computation (CUDA/Metal)

Enabled Backends:
  [-] LLVM - rebuild with --features llvm
  [-] Cranelift JIT - rebuild with --features jit
  [-] GPU codegen - rebuild with --features gpu

Enabled Features:
  [-] SMT Solver - rebuild with --features smt
  [-] LSP Server - rebuild with --features lsp
  [-] Ontology - rebuild with --features ontology
  [-] Distributed builds - rebuild with --features distributed
  [-] Package manager - rebuild with --features pkg

Build with all feature groups: use your selected build profile configuration.

For more information: https://sounio-lang.org
Report bugs: https://github.com/sounio-lang/sounio/issues
