═══════════════════════════════════════════════════════
  DDI expanded: DrugBank FAERS (85042 total cases)
  35 CYP triples, all with temporal data
  Zero free parameters in predictor.
═══════════════════════════════════════════════════════

=== H1: |asymmetry| by Fano group (all 35 rows) ===
  Fano=1 (n=7
)  mean|asym|=0.156971  sd=0.102702
  Fano=0 (n=28
)  mean|asym|=0.168621  sd=0.140143
  Cohen's d = 0.087268

=== H2: total adverse events by Fano group ===
  Fano=1 (7
 triples)  cases=17849
  mean=2549.857143
  Fano=0 (28
 triples)  cases=67193
  mean=2399.750000

=== Permutation test (1000 shuffles) ===
  Observed |mean_nf - mean_f| = 0.011650
  count >= observed: 865
/1000
  p-value = 0.865000
  Not significant (p >= 0.10)

T1 PASS: all 35 norms are binary (0 or 2)
T2 PASS: sufficient sample (7
 Fano, 28
 non-Fano)
T3 REPORT: delta = 0.011650  d=0.087268
           non-Fano MORE asymmetric (matches algebra)
T4 REPORT: mean cases delta = -150.107143
T5 PASS: 7
 assoc, 28
 non-assoc triples

Passed: 5

Failed: 0

ALL PASS
