
****** Vitis HLS - High-Level Synthesis from C, C++ and OpenCL v2025.1 (64-bit)
  **** SW Build 6135595 on May 21 2025
  **** IP Build 6138677 on Thu May 22 03:10:11 MDT 2025
  **** SharedData Build 6139179 on Tue May 20 17:58:58 MDT 2025
  **** Start of session at: Tue Aug  4 01:23:09 2026
    ** Copyright 1986-2022 Xilinx, Inc. All Rights Reserved.
    ** Copyright 2022-2025 Advanced Micro Devices, Inc. All Rights Reserved.

source /opt/amd/2025.1/Vitis/scripts/vitis_hls/hls.tcl -notrace
INFO: [HLS 200-10] For user 'devsounio' on host 'vitis-u250-builder.lab.sounio' (Linux_x86_64 version 5.15.0-186-generic) on Tue Aug 04 01:23:11 UTC 2026
INFO: [HLS 200-10] On os Ubuntu 22.04.5 LTS
INFO: [HLS 200-10] In directory '/home/devsounio/cs6_scaled_taylor16/hardware/fpga/u250_target23_scaled_taylor16'
WARNING: [HLS 200-2053] The vitis_hls executable is deprecated. Consider using vitis-run --mode hls --tcl
Sourcing Tcl script 'run_hls_csim.tcl'
INFO: [HLS 200-1510] Running: open_project -reset target23_scaled_taylor16 
WARNING: [HLS 200-2182] The 'target23_scaled_taylor16' project will not automatically appear within Vitis IDE workspaces and is meant only for TCL batch use.  Please use open_component instead of open_project/open_solution to generate Vitis IDE compatible component files and directory structure.
Resolution: For help on HLS 200-2182 see docs.xilinx.com/access/sources/dita/topic?Doc_Version=2025.1%20English&url=ug1448-hls-guidance&resourceid=200-2182.html
INFO: [HLS 200-10] Opening and resetting solution '/home/devsounio/cs6_scaled_taylor16/hardware/fpga/u250_target23_scaled_taylor16/target23_scaled_taylor16'.
INFO: [HLS 200-1510] Running: set_top target23_scaled_taylor16 
INFO: [HLS 200-1510] Running: add_files kernel.cpp 
INFO: [HLS 200-10] Adding design file 'kernel.cpp' to the project
INFO: [HLS 200-1510] Running: add_files -tb testbench.cpp 
INFO: [HLS 200-10] Adding test bench file 'testbench.cpp' to the project
INFO: [HLS 200-1510] Running: open_solution -reset solution -flow_target vitis 
INFO: [HLS 200-10] Creating and opening solution '/home/devsounio/cs6_scaled_taylor16/hardware/fpga/u250_target23_scaled_taylor16/target23_scaled_taylor16/solution'.
INFO: [HLS 200-10] Cleaning up the solution database.
INFO: [HLS 200-1505] Using flow_target 'vitis'
Resolution: For help on HLS 200-1505 see docs.xilinx.com/access/sources/dita/topic?Doc_Version=2025.1%20English&url=ug1448-hls-guidance&resourceid=200-1505.html
INFO: [HLS 200-435] Setting 'open_solution -flow_target vitis' configuration: config_interface -m_axi_latency=64
INFO: [HLS 200-435] Setting 'open_solution -flow_target vitis' configuration: config_interface -m_axi_alignment_byte_size=64
INFO: [HLS 200-435] Setting 'open_solution -flow_target vitis' configuration: config_interface -m_axi_max_widen_bitwidth=512
INFO: [HLS 200-435] Setting 'open_solution -flow_target vitis' configuration: config_rtl -register_reset_num=3
INFO: [HLS 200-1510] Running: set_part xcu250-figd2104-2L-e 
INFO: [HLS 200-1611] Setting target device to 'xcu250-figd2104-2L-e'
INFO: [HLS 200-1510] Running: create_clock -period 4.0 -name default 
INFO: [SYN 201-201] Setting up clock 'default' with a period of 4ns.
INFO: [HLS 200-1510] Running: csim_design -argv /home/devsounio/cs6_scaled_taylor16/scripts/research/receipts/cs6_u250_target23_scaled_taylor16_v1/inputs.bin /home/devsounio/cs6_scaled_taylor16/scripts/research/receipts/cs6_u250_target23_scaled_taylor16_v1/expected.bin 
INFO: [SIM 211-2] *************** CSIM start ***************
INFO: [SIM 211-4] CSIM will launch CLANG as the compiler.
INFO: [HLS 200-2036] Building debug C Simulation binaries
   Compiling ../../../../testbench.cpp in debug mode
   Compiling ../../../../kernel.cpp in debug mode
   Generating csim.exe
CSIM_CASES=3
CSIM_WORDS=459
CSIM_MISMATCHES=0
TARGET23_SCALED_TAYLOR16_CSIM_PASS=true
INFO: [SIM 211-1] CSim done with 0 errors.
INFO: [SIM 211-3] *************** CSIM finish ***************
INFO: [HLS 200-2161] Finished Command csim_design Elapsed time: 00:00:04; Allocated memory: 0.324 MB.
INFO: [HLS 200-112] Total CPU user time: 4.35 seconds. Total CPU system time: 0.81 seconds. Total elapsed time: 7.67 seconds; peak allocated memory: 266.289 MB.
