
****** Vitis HLS - High-Level Synthesis from C, C++ and OpenCL v2025.1 (64-bit)
  **** SW Build 6135595 on May 21 2025
  **** IP Build 6138677 on Thu May 22 03:10:11 MDT 2025
  **** SharedData Build 6139179 on Tue May 20 17:58:58 MDT 2025
  **** Start of session at: Tue Aug  4 01:23:37 2026
    ** Copyright 1986-2022 Xilinx, Inc. All Rights Reserved.
    ** Copyright 2022-2025 Advanced Micro Devices, Inc. All Rights Reserved.

source /opt/amd/2025.1/Vitis/scripts/vitis_hls/hls.tcl -notrace
INFO: [HLS 200-10] For user 'devsounio' on host 'vitis-u250-builder.lab.sounio' (Linux_x86_64 version 5.15.0-186-generic) on Tue Aug 04 01:23:37 UTC 2026
INFO: [HLS 200-10] On os Ubuntu 22.04.5 LTS
INFO: [HLS 200-10] In directory '/home/devsounio/cs6_scaled_taylor16/hardware/fpga/u250_target23_scaled_taylor16'
WARNING: [HLS 200-2053] The vitis_hls executable is deprecated. Consider using vitis-run --mode hls --tcl
Sourcing Tcl script 'run_hls_csynth.tcl'
INFO: [HLS 200-1510] Running: open_project -reset target23_scaled_taylor16_synth 
WARNING: [HLS 200-2182] The 'target23_scaled_taylor16_synth' project will not automatically appear within Vitis IDE workspaces and is meant only for TCL batch use.  Please use open_component instead of open_project/open_solution to generate Vitis IDE compatible component files and directory structure.
Resolution: For help on HLS 200-2182 see docs.xilinx.com/access/sources/dita/topic?Doc_Version=2025.1%20English&url=ug1448-hls-guidance&resourceid=200-2182.html
INFO: [HLS 200-10] Opening and resetting solution '/home/devsounio/cs6_scaled_taylor16/hardware/fpga/u250_target23_scaled_taylor16/target23_scaled_taylor16_synth'.
INFO: [HLS 200-1510] Running: set_top target23_scaled_taylor16 
INFO: [HLS 200-1510] Running: add_files kernel.cpp 
INFO: [HLS 200-10] Adding design file 'kernel.cpp' to the project
INFO: [HLS 200-1510] Running: open_solution -reset solution -flow_target vitis 
INFO: [HLS 200-10] Creating and opening solution '/home/devsounio/cs6_scaled_taylor16/hardware/fpga/u250_target23_scaled_taylor16/target23_scaled_taylor16_synth/solution'.
INFO: [HLS 200-10] Cleaning up the solution database.
INFO: [HLS 200-1505] Using flow_target 'vitis'
Resolution: For help on HLS 200-1505 see docs.xilinx.com/access/sources/dita/topic?Doc_Version=2025.1%20English&url=ug1448-hls-guidance&resourceid=200-1505.html
INFO: [HLS 200-435] Setting 'open_solution -flow_target vitis' configuration: config_interface -m_axi_latency=64
INFO: [HLS 200-435] Setting 'open_solution -flow_target vitis' configuration: config_interface -m_axi_alignment_byte_size=64
INFO: [HLS 200-435] Setting 'open_solution -flow_target vitis' configuration: config_interface -m_axi_max_widen_bitwidth=512
INFO: [HLS 200-435] Setting 'open_solution -flow_target vitis' configuration: config_rtl -register_reset_num=3
INFO: [HLS 200-1510] Running: set_part xcu250-figd2104-2L-e 
INFO: [HLS 200-1611] Setting target device to 'xcu250-figd2104-2L-e'
INFO: [HLS 200-1510] Running: create_clock -period 4.0 -name default 
INFO: [SYN 201-201] Setting up clock 'default' with a period of 4ns.
INFO: [HLS 200-1510] Running: csynth_design 
INFO: [HLS 200-111] Finished File checks and directory preparation: CPU user time: 0.34 seconds. CPU system time: 0.06 seconds. Elapsed time: 0.53 seconds; current allocated memory: 265.914 MB.
INFO: [HLS 200-10] Analyzing design file 'kernel.cpp' ... 
INFO: [HLS 200-111] Finished Source Code Analysis and Preprocessing: CPU user time: 2.26 seconds. CPU system time: 0.38 seconds. Elapsed time: 2.67 seconds; current allocated memory: 268.652 MB.
INFO: [HLS 200-777] Using interface defaults for 'Vitis' flow target.
INFO: [HLS 200-1995] There were 90,541 instructions in the design after the 'Compile/Link' phase of compilation. See the Design Size Report for more details (/home/devsounio/cs6_scaled_taylor16/hardware/fpga/u250_target23_scaled_taylor16/target23_scaled_taylor16_synth/solution/syn/report/csynth_design_size.rpt:2)
INFO: [HLS 200-1995] There were 5,873 instructions in the design after the 'Unroll/Inline (step 1)' phase of compilation. See the Design Size Report for more details (/home/devsounio/cs6_scaled_taylor16/hardware/fpga/u250_target23_scaled_taylor16/target23_scaled_taylor16_synth/solution/syn/report/csynth_design_size.rpt:2)
INFO: [HLS 200-1995] There were 3,644 instructions in the design after the 'Unroll/Inline (step 2)' phase of compilation. See the Design Size Report for more details (/home/devsounio/cs6_scaled_taylor16/hardware/fpga/u250_target23_scaled_taylor16/target23_scaled_taylor16_synth/solution/syn/report/csynth_design_size.rpt:2)
INFO: [HLS 200-1995] There were 3,309 instructions in the design after the 'Unroll/Inline (step 3)' phase of compilation. See the Design Size Report for more details (/home/devsounio/cs6_scaled_taylor16/hardware/fpga/u250_target23_scaled_taylor16/target23_scaled_taylor16_synth/solution/syn/report/csynth_design_size.rpt:2)
INFO: [HLS 200-1995] There were 3,309 instructions in the design after the 'Unroll/Inline (step 4)' phase of compilation. See the Design Size Report for more details (/home/devsounio/cs6_scaled_taylor16/hardware/fpga/u250_target23_scaled_taylor16/target23_scaled_taylor16_synth/solution/syn/report/csynth_design_size.rpt:2)
INFO: [HLS 200-1995] There were 1,915 instructions in the design after the 'Array/Struct (step 1)' phase of compilation. See the Design Size Report for more details (/home/devsounio/cs6_scaled_taylor16/hardware/fpga/u250_target23_scaled_taylor16/target23_scaled_taylor16_synth/solution/syn/report/csynth_design_size.rpt:2)
INFO: [HLS 200-1995] There were 1,763 instructions in the design after the 'Array/Struct (step 2)' phase of compilation. See the Design Size Report for more details (/home/devsounio/cs6_scaled_taylor16/hardware/fpga/u250_target23_scaled_taylor16/target23_scaled_taylor16_synth/solution/syn/report/csynth_design_size.rpt:2)
INFO: [HLS 200-1995] There were 1,763 instructions in the design after the 'Array/Struct (step 3)' phase of compilation. See the Design Size Report for more details (/home/devsounio/cs6_scaled_taylor16/hardware/fpga/u250_target23_scaled_taylor16/target23_scaled_taylor16_synth/solution/syn/report/csynth_design_size.rpt:2)
INFO: [HLS 200-1995] There were 1,763 instructions in the design after the 'Array/Struct (step 4)' phase of compilation. See the Design Size Report for more details (/home/devsounio/cs6_scaled_taylor16/hardware/fpga/u250_target23_scaled_taylor16/target23_scaled_taylor16_synth/solution/syn/report/csynth_design_size.rpt:2)
INFO: [HLS 200-1995] There were 1,799 instructions in the design after the 'Array/Struct (step 5)' phase of compilation. See the Design Size Report for more details (/home/devsounio/cs6_scaled_taylor16/hardware/fpga/u250_target23_scaled_taylor16/target23_scaled_taylor16_synth/solution/syn/report/csynth_design_size.rpt:2)
INFO: [HLS 200-1995] There were 1,785 instructions in the design after the 'Performance (step 1)' phase of compilation. See the Design Size Report for more details (/home/devsounio/cs6_scaled_taylor16/hardware/fpga/u250_target23_scaled_taylor16/target23_scaled_taylor16_synth/solution/syn/report/csynth_design_size.rpt:2)
INFO: [HLS 200-1995] There were 1,879 instructions in the design after the 'Performance (step 2)' phase of compilation. See the Design Size Report for more details (/home/devsounio/cs6_scaled_taylor16/hardware/fpga/u250_target23_scaled_taylor16/target23_scaled_taylor16_synth/solution/syn/report/csynth_design_size.rpt:2)
INFO: [HLS 200-1995] There were 5,087 instructions in the design after the 'Performance (step 3)' phase of compilation. See the Design Size Report for more details (/home/devsounio/cs6_scaled_taylor16/hardware/fpga/u250_target23_scaled_taylor16/target23_scaled_taylor16_synth/solution/syn/report/csynth_design_size.rpt:2)
INFO: [HLS 200-1995] There were 4,425 instructions in the design after the 'Performance (step 4)' phase of compilation. See the Design Size Report for more details (/home/devsounio/cs6_scaled_taylor16/hardware/fpga/u250_target23_scaled_taylor16/target23_scaled_taylor16_synth/solution/syn/report/csynth_design_size.rpt:2)
INFO: [HLS 200-1995] There were 4,445 instructions in the design after the 'HW Transforms (step 1)' phase of compilation. See the Design Size Report for more details (/home/devsounio/cs6_scaled_taylor16/hardware/fpga/u250_target23_scaled_taylor16/target23_scaled_taylor16_synth/solution/syn/report/csynth_design_size.rpt:2)
INFO: [HLS 200-1995] There were 3,486 instructions in the design after the 'HW Transforms (step 2)' phase of compilation. See the Design Size Report for more details (/home/devsounio/cs6_scaled_taylor16/hardware/fpga/u250_target23_scaled_taylor16/target23_scaled_taylor16_synth/solution/syn/report/csynth_design_size.rpt:2)
INFO: [HLS 214-131] Inlining function 'mul_floor(ap_int<128>, ap_int<128>)' into 'mul(interval_t, interval_t)' (kernel.cpp:81:15)
INFO: [HLS 214-131] Inlining function 'qmax(ap_int<128>, ap_int<128>)' into 'mul(interval_t, interval_t)' (kernel.cpp:91:9)
INFO: [HLS 214-131] Inlining function 'qmin(ap_int<128>, ap_int<128>)' into 'mul(interval_t, interval_t)' (kernel.cpp:90:9)
INFO: [HLS 214-131] Inlining function 'mul_ceil(ap_int<128>, ap_int<128>)' into 'mul(interval_t, interval_t)' (kernel.cpp:88:18)
INFO: [HLS 214-131] Inlining function 'div_ceil(ap_int<128>, ap_int<128>)' into 'div2(interval_t)' (kernel.cpp:76:34)
INFO: [HLS 214-131] Inlining function 'div_floor(ap_int<128>, ap_int<128>)' into 'div2(interval_t)' (kernel.cpp:76:10)
INFO: [HLS 214-131] Inlining function 'mul(interval_t, interval_t)' into 'evaluate_field(interval_t const*, interval_t, interval_t*)' (kernel.cpp:109:18)
INFO: [HLS 214-131] Inlining function 'sub(interval_t, interval_t)' into 'evaluate_field(interval_t const*, interval_t, interval_t*)' (kernel.cpp:117:17)
INFO: [HLS 214-131] Inlining function 'div2(interval_t)' into 'evaluate_field(interval_t const*, interval_t, interval_t*)' (kernel.cpp:117:50)
INFO: [HLS 214-131] Inlining function 'add(interval_t, interval_t)' into 'evaluate_field(interval_t const*, interval_t, interval_t*)' (kernel.cpp:111:22)
INFO: [HLS 214-131] Inlining function 'qabs(ap_int<128>)' into 'absolute_upper(interval_t)' (kernel.cpp:104:14)
INFO: [HLS 214-131] Inlining function 'qmax(ap_int<128>, ap_int<128>)' into 'absolute_upper(interval_t)' (kernel.cpp:104:9)
INFO: [HLS 214-131] Inlining function 'absolute_upper(interval_t)' into 'lipschitz_rows(interval_t const*, interval_t, ap_int<128>*)' (kernel.cpp:127:40)
INFO: [HLS 214-131] Inlining function 'div_ceil(ap_int<128>, ap_int<128>)' into 'lipschitz_rows(interval_t const*, interval_t, ap_int<128>*)' (kernel.cpp:126:11)
INFO: [HLS 214-131] Inlining function 'sub(interval_t, interval_t)' into 'lipschitz_rows(interval_t const*, interval_t, ap_int<128>*)' (kernel.cpp:124:55)
INFO: [HLS 214-131] Inlining function 'div2(interval_t)' into 'lipschitz_rows(interval_t const*, interval_t, ap_int<128>*)' (kernel.cpp:123:41)
INFO: [HLS 214-131] Inlining function 'add(interval_t, interval_t)' into 'lipschitz_rows(interval_t const*, interval_t, ap_int<128>*)' (kernel.cpp:123:46)
INFO: [HLS 214-131] Inlining function 'mul(interval_t, interval_t)' into 'step_div(interval_t, int)' (kernel.cpp:98:25)
INFO: [HLS 214-131] Inlining function 'div_ceil(ap_int<128>, ap_int<128>)' into 'step_div(interval_t, int)' (kernel.cpp:99:44)
INFO: [HLS 214-131] Inlining function 'div_floor(ap_int<128>, ap_int<128>)' into 'step_div(interval_t, int)' (kernel.cpp:99:13)
INFO: [HLS 214-131] Inlining function 'step_div(interval_t, int)' into 'coefficients(interval_t const*, interval_t, interval_t (*) [17], int)' (kernel.cpp:164:32)
INFO: [HLS 214-131] Inlining function 'sub(interval_t, interval_t)' into 'coefficients(interval_t const*, interval_t, interval_t (*) [17], int)' (kernel.cpp:165:13)
INFO: [HLS 214-131] Inlining function 'div2(interval_t)' into 'coefficients(interval_t const*, interval_t, interval_t (*) [17], int)' (kernel.cpp:166:21)
INFO: [HLS 214-131] Inlining function 'add(interval_t, interval_t)' into 'coefficients(interval_t const*, interval_t, interval_t (*) [17], int)' (kernel.cpp:163:21)
INFO: [HLS 214-131] Inlining function 'mul(interval_t, interval_t)' into 'coefficients(interval_t const*, interval_t, interval_t (*) [17], int)' (kernel.cpp:156:49)
INFO: [HLS 214-131] Inlining function 'add(interval_t, interval_t)' into 'target23_scaled_taylor16' (kernel.cpp:269:32)
INFO: [HLS 214-131] Inlining function 'div_ceil(ap_int<128>, ap_int<128>)' into 'target23_scaled_taylor16' (kernel.cpp:233:17)
INFO: [HLS 214-131] Inlining function 'qmax(ap_int<128>, ap_int<128>)' into 'target23_scaled_taylor16' (kernel.cpp:232:27)
INFO: [HLS 214-131] Inlining function 'lipschitz_rows(interval_t const*, interval_t, ap_int<128>*)' into 'target23_scaled_taylor16' (kernel.cpp:231:13)
INFO: [HLS 214-131] Inlining function 'mul(interval_t, interval_t)' into 'target23_scaled_taylor16' (kernel.cpp:224:45)
INFO: [HLS 214-131] Inlining function 'evaluate_field(interval_t const*, interval_t, interval_t*)' into 'target23_scaled_taylor16' (kernel.cpp:220:13)
INFO: [HLS 214-131] Inlining function 'in_domain(ap_int<128>)' into 'target23_scaled_taylor16' (kernel.cpp:210:39)
INFO: [HLS 214-186] Unrolling loop 'VITIS_LOOP_186_1' (kernel.cpp:186:20) in function 'target23_scaled_taylor16' completely with a factor of 4 (kernel.cpp:170:0)
INFO: [HLS 214-186] Unrolling loop 'VITIS_LOOP_193_2' (kernel.cpp:193:27) in function 'target23_scaled_taylor16' completely with a factor of 4 (kernel.cpp:170:0)
INFO: [HLS 214-186] Unrolling loop 'VITIS_LOOP_203_3' (kernel.cpp:203:31) in function 'target23_scaled_taylor16' completely with a factor of 4 (kernel.cpp:170:0)
INFO: [HLS 214-186] Unrolling loop 'VITIS_LOOP_222_4' (kernel.cpp:222:31) in function 'target23_scaled_taylor16' completely with a factor of 4 (kernel.cpp:170:0)
INFO: [HLS 214-186] Unrolling loop 'VITIS_LOOP_262_8' (kernel.cpp:262:20) in function 'target23_scaled_taylor16' completely with a factor of 4 (kernel.cpp:170:0)
INFO: [HLS 214-248] Applying array_partition to 'initial.lo': Complete partitioning on dimension 1. (kernel.cpp:182:20)
INFO: [HLS 214-248] Applying array_partition to 'initial.hi': Complete partitioning on dimension 1. (kernel.cpp:182:20)
INFO: [HLS 214-248] Applying array_partition to 'box.lo': Complete partitioning on dimension 1. (kernel.cpp:183:20)
INFO: [HLS 214-248] Applying array_partition to 'box.hi': Complete partitioning on dimension 1. (kernel.cpp:183:20)
INFO: [HLS 214-248] Applying array_partition to 'polynomial.lo': Complete partitioning on dimension 1. (kernel.cpp:256:20)
INFO: [HLS 214-248] Applying array_partition to 'polynomial.hi': Complete partitioning on dimension 1. (kernel.cpp:256:20)
INFO: [HLS 214-248] Applying array_partition to 'remainder.lo': Complete partitioning on dimension 1. (kernel.cpp:257:20)
INFO: [HLS 214-248] Applying array_partition to 'remainder.hi': Complete partitioning on dimension 1. (kernel.cpp:257:20)
INFO: [HLS 214-248] Applying array_partition to 'next_state.lo': Complete partitioning on dimension 1. (kernel.cpp:258:20)
INFO: [HLS 214-248] Applying array_partition to 'next_state.hi': Complete partitioning on dimension 1. (kernel.cpp:258:20)
INFO: [HLS 214-376] automatically set the pipeline for Loop< VITIS_LOOP_135_1> at kernel.cpp:135:23 
INFO: [HLS 214-376] automatically set the pipeline for Loop< convolution_loop> at kernel.cpp:149:9 
INFO: [HLS 214-376] automatically set the pipeline for Loop< VITIS_LOOP_238_5> at kernel.cpp:238:31 
INFO: [HLS 214-376] automatically set the pipeline for Loop< VITIS_LOOP_279_12> at kernel.cpp:279:28 
INFO: [HLS 214-376] automatically set the pipeline for Loop< VITIS_LOOP_275_11> at kernel.cpp:275:28 
INFO: [HLS 214-376] automatically set the pipeline for Loop< VITIS_LOOP_271_10> at kernel.cpp:271:28 
INFO: [HLS 214-376] automatically set the pipeline for Loop< VITIS_LOOP_265_9> at kernel.cpp:265:31 
INFO: [HLS 214-376] automatically set the pipeline for Loop< VITIS_LOOP_251_7> at kernel.cpp:251:31 
INFO: [HLS 214-291] Loop 'VITIS_LOOP_136_2' is marked as complete unroll implied by the pipeline pragma (kernel.cpp:136:27)
INFO: [HLS 214-186] Unrolling loop 'VITIS_LOOP_136_2' (kernel.cpp:136:27) in function 'coefficients' completely with a factor of 17 (kernel.cpp:132:0)
INFO: [HLS 214-437] Automatically disabling loop flattening for loop 'degree_loop'. (kernel.cpp:143:5)
INFO: [HLS 214-270] Inferring pragma 'array_partition type=complete dim=1' for array 'center.hi' due to pipeline pragma (kernel.cpp:245:20)
INFO: [HLS 214-270] Inferring pragma 'array_partition type=complete dim=2' for array 'center.hi' due to pipeline pragma (kernel.cpp:245:20)
INFO: [HLS 214-270] Inferring pragma 'array_partition type=complete dim=1' for array 'center.lo' due to pipeline pragma (kernel.cpp:245:20)
INFO: [HLS 214-270] Inferring pragma 'array_partition type=complete dim=2' for array 'center.lo' due to pipeline pragma (kernel.cpp:245:20)
INFO: [HLS 214-270] Inferring pragma 'array_partition type=complete dim=1' for array 'wide.hi' due to pipeline pragma (kernel.cpp:246:20)
INFO: [HLS 214-270] Inferring pragma 'array_partition type=complete dim=2' for array 'wide.hi' due to pipeline pragma (kernel.cpp:246:20)
INFO: [HLS 214-270] Inferring pragma 'array_partition type=complete dim=1' for array 'wide.lo' due to pipeline pragma (kernel.cpp:246:20)
INFO: [HLS 214-270] Inferring pragma 'array_partition type=complete dim=2' for array 'wide.lo' due to pipeline pragma (kernel.cpp:246:20)
INFO: [HLS 214-248] Applying array_partition to 'center.lo': Complete partitioning on dimension 1. Complete partitioning on dimension 2. (kernel.cpp:245:20)
INFO: [HLS 214-248] Applying array_partition to 'center.hi': Complete partitioning on dimension 1. Complete partitioning on dimension 2. (kernel.cpp:245:20)
INFO: [HLS 214-248] Applying array_partition to 'wide.lo': Complete partitioning on dimension 1. Complete partitioning on dimension 2. (kernel.cpp:246:20)
INFO: [HLS 214-248] Applying array_partition to 'wide.hi': Complete partitioning on dimension 1. Complete partitioning on dimension 2. (kernel.cpp:246:20)
INFO: [HLS 214-115] Multiple burst reads of variable length and bit width 256 has been inferred on bundle 'gmem0'. These burst requests might be further partitioned into multiple requests during RTL generation, based on max_read_burst_length or max_write_burst_length settings. (kernel.cpp:178:5)
INFO: [HLS 214-115] Multiple burst writes of length 152 and bit width 128 in loop 'VITIS_LOOP_238_5'(kernel.cpp:238:31) has been inferred on bundle 'gmem1'. These burst requests might be further partitioned into multiple requests during RTL generation, based on max_read_burst_length or max_write_burst_length settings. (kernel.cpp:238:31)
INFO: [HLS 214-115] Multiple burst writes of length 128 and bit width 128 in loop 'VITIS_LOOP_250_6'(kernel.cpp:250:27) has been inferred on bundle 'gmem1'. These burst requests might be further partitioned into multiple requests during RTL generation, based on max_read_burst_length or max_write_burst_length settings. (kernel.cpp:250:27)
INFO: [HLS 214-115] Multiple burst writes of length 8 and bit width 128 in loop 'VITIS_LOOP_275_11'(kernel.cpp:275:28) has been inferred on bundle 'gmem1'. These burst requests might be further partitioned into multiple requests during RTL generation, based on max_read_burst_length or max_write_burst_length settings. (kernel.cpp:275:28)
INFO: [HLS 214-115] Multiple burst writes of length 8 and bit width 128 in loop 'VITIS_LOOP_279_12'(kernel.cpp:279:28) has been inferred on bundle 'gmem1'. These burst requests might be further partitioned into multiple requests during RTL generation, based on max_read_burst_length or max_write_burst_length settings. (kernel.cpp:279:28)
INFO: [HLS 214-115] Multiple burst writes of length 8 and bit width 128 in loop 'VITIS_LOOP_271_10'(kernel.cpp:271:28) has been inferred on bundle 'gmem1'. These burst requests might be further partitioned into multiple requests during RTL generation, based on max_read_burst_length or max_write_burst_length settings. (kernel.cpp:271:28)
INFO: [HLS 200-111] Finished Compiling Optimization and Transform: CPU user time: 15.07 seconds. CPU system time: 0.45 seconds. Elapsed time: 17.84 seconds; current allocated memory: 280.598 MB.
INFO: [HLS 200-111] Finished Checking Pragmas: CPU user time: 0 seconds. CPU system time: 0 seconds. Elapsed time: 0 seconds; current allocated memory: 280.598 MB.
INFO: [HLS 200-10] Starting code transformations ...
INFO: [HLS 200-111] Finished Standard Transforms: CPU user time: 0.2 seconds. CPU system time: 0 seconds. Elapsed time: 0.2 seconds; current allocated memory: 285.379 MB.
INFO: [HLS 200-10] Checking synthesizability ...
WARNING: [SYNCHK 200-120] kernel.cpp:40: multiplication is assumed not to overflow by default, otherwise, please add option '-fwrapv'.
INFO: [SYNCHK 200-10] 0 error(s), 1 warning(s).
INFO: [HLS 200-111] Finished Checking Synthesizability: CPU user time: 0.25 seconds. CPU system time: 0.01 seconds. Elapsed time: 0.25 seconds; current allocated memory: 288.020 MB.
INFO: [XFORM 203-401] Performing if-conversion on hyperblock from (kernel.cpp:179:9) to (kernel.cpp:230:13) in function 'target23_scaled_taylor16'... converting 27 basic blocks.
INFO: [XFORM 203-11] Balancing expressions in function 'target23_scaled_taylor16' (kernel.cpp:18:28)...52 expression(s) balanced.
INFO: [XFORM 203-11] Balancing expressions in function 'coefficients' (kernel.cpp:18:30)...3 expression(s) balanced.
INFO: [HLS 200-111] Finished Loop, function and other optimizations: CPU user time: 1.77 seconds. CPU system time: 0.01 seconds. Elapsed time: 1.78 seconds; current allocated memory: 320.586 MB.
INFO: [HLS 200-2061] Successfully converted nested loops 'VITIS_LOOP_250_6'(kernel.cpp:250:27) and 'VITIS_LOOP_251_7'(kernel.cpp:251:31) in function 'target23_scaled_taylor16' into perfectly nested loops.
INFO: [XFORM 203-541] Flattening a loop nest 'VITIS_LOOP_250_6' (kernel.cpp:250:27) in function 'target23_scaled_taylor16'.
INFO: [HLS 200-111] Finished Architecture Synthesis: CPU user time: 1.5 seconds. CPU system time: 0.04 seconds. Elapsed time: 1.54 seconds; current allocated memory: 442.230 MB.
INFO: [HLS 200-10] Starting hardware synthesis ...
INFO: [HLS 200-10] Synthesizing 'target23_scaled_taylor16' ...
INFO: [HLS 200-10] ----------------------------------------------------------------
INFO: [HLS 200-42] -- Implementing module 'target23_scaled_taylor16_Pipeline_VITIS_LOOP_238_5' 
INFO: [HLS 200-10] ----------------------------------------------------------------
INFO: [SCHED 204-11] Starting scheduling ...
INFO: [SCHED 204-61] Pipelining loop 'VITIS_LOOP_238_5'.
INFO: [HLS 200-1470] Pipelining result : Target II = NA, Final II = 1, Depth = 2, loop 'VITIS_LOOP_238_5'
INFO: [SCHED 204-11] Finished scheduling.
INFO: [HLS 200-111] Finished Scheduling: CPU user time: 0.3 seconds. CPU system time: 0.04 seconds. Elapsed time: 0.34 seconds; current allocated memory: 443.762 MB.
INFO: [BIND 205-100] Starting micro-architecture generation ...
INFO: [BIND 205-101] Performing variable lifetime analysis.
INFO: [BIND 205-101] Exploring resource sharing.
INFO: [BIND 205-101] Binding ...
INFO: [BIND 205-100] Finished micro-architecture generation.
INFO: [HLS 200-111] Finished Binding: CPU user time: 0.01 seconds. CPU system time: 0.01 seconds. Elapsed time: 0.01 seconds; current allocated memory: 443.762 MB.
INFO: [HLS 200-10] ----------------------------------------------------------------
INFO: [HLS 200-42] -- Implementing module 'coefficients_Pipeline_VITIS_LOOP_135_1' 
INFO: [HLS 200-10] ----------------------------------------------------------------
INFO: [SCHED 204-11] Starting scheduling ...
INFO: [SCHED 204-61] Pipelining loop 'VITIS_LOOP_135_1'.
INFO: [HLS 200-1470] Pipelining result : Target II = NA, Final II = 1, Depth = 1, loop 'VITIS_LOOP_135_1'
INFO: [SCHED 204-11] Finished scheduling.
INFO: [HLS 200-111] Finished Scheduling: CPU user time: 0.1 seconds. CPU system time: 0 seconds. Elapsed time: 0.11 seconds; current allocated memory: 446.781 MB.
INFO: [BIND 205-100] Starting micro-architecture generation ...
INFO: [BIND 205-101] Performing variable lifetime analysis.
INFO: [BIND 205-101] Exploring resource sharing.
INFO: [BIND 205-101] Binding ...
INFO: [BIND 205-100] Finished micro-architecture generation.
INFO: [HLS 200-111] Finished Binding: CPU user time: 0.04 seconds. CPU system time: 0 seconds. Elapsed time: 0.04 seconds; current allocated memory: 446.781 MB.
INFO: [HLS 200-10] ----------------------------------------------------------------
INFO: [HLS 200-42] -- Implementing module 'coefficients_Pipeline_convolution_loop' 
INFO: [HLS 200-10] ----------------------------------------------------------------
INFO: [SCHED 204-11] Starting scheduling ...
INFO: [SCHED 204-61] Pipelining loop 'convolution_loop'.
INFO: [HLS 200-1470] Pipelining result : Target II = NA, Final II = 1, Depth = 10, loop 'convolution_loop'
INFO: [SCHED 204-11] Finished scheduling.
INFO: [HLS 200-111] Finished Scheduling: CPU user time: 0.15 seconds. CPU system time: 0.01 seconds. Elapsed time: 0.22 seconds; current allocated memory: 449.914 MB.
INFO: [BIND 205-100] Starting micro-architecture generation ...
INFO: [BIND 205-101] Performing variable lifetime analysis.
INFO: [BIND 205-101] Exploring resource sharing.
INFO: [BIND 205-101] Binding ...
INFO: [BIND 205-100] Finished micro-architecture generation.
INFO: [HLS 200-111] Finished Binding: CPU user time: 0.02 seconds. CPU system time: 0.01 seconds. Elapsed time: 0.03 seconds; current allocated memory: 449.914 MB.
INFO: [HLS 200-10] ----------------------------------------------------------------
INFO: [HLS 200-42] -- Implementing module 'coefficients' 
INFO: [HLS 200-10] ----------------------------------------------------------------
INFO: [SCHED 204-11] Starting scheduling ...
INFO: [SCHED 204-11] Finished scheduling.
INFO: [HLS 200-111] Finished Scheduling: CPU user time: 0.81 seconds. CPU system time: 0.01 seconds. Elapsed time: 0.83 seconds; current allocated memory: 463.488 MB.
INFO: [BIND 205-100] Starting micro-architecture generation ...
INFO: [BIND 205-101] Performing variable lifetime analysis.
INFO: [BIND 205-101] Exploring resource sharing.
INFO: [BIND 205-101] Binding ...
INFO: [BIND 205-100] Finished micro-architecture generation.
INFO: [HLS 200-111] Finished Binding: CPU user time: 0.35 seconds. CPU system time: 0.01 seconds. Elapsed time: 0.35 seconds; current allocated memory: 464.754 MB.
INFO: [HLS 200-10] ----------------------------------------------------------------
INFO: [HLS 200-42] -- Implementing module 'target23_scaled_taylor16_Pipeline_VITIS_LOOP_250_6_VITIS_LOOP_251_7' 
INFO: [HLS 200-10] ----------------------------------------------------------------
INFO: [SCHED 204-11] Starting scheduling ...
INFO: [SCHED 204-61] Pipelining loop 'VITIS_LOOP_250_6_VITIS_LOOP_251_7'.
WARNING: [HLS 200-880] The II Violation in module 'target23_scaled_taylor16_Pipeline_VITIS_LOOP_250_6_VITIS_LOOP_251_7' (loop 'VITIS_LOOP_250_6_VITIS_LOOP_251_7'): Unable to enforce a carried dependence constraint (II = 1, distance = 1, offset = 1) between bus write operation ('gmem1_addr_write_ln251', kernel.cpp:251) on port 'gmem1' (kernel.cpp:251) and bus write operation ('gmem1_addr_write_ln251', kernel.cpp:251) on port 'gmem1' (kernel.cpp:251).
Resolution: For help on HLS 200-880 see docs.xilinx.com/access/sources/dita/topic?Doc_Version=2025.1%20English&url=ug1448-hls-guidance&resourceid=200-880.html
INFO: [HLS 200-1470] Pipelining result : Target II = NA, Final II = 2, Depth = 3, loop 'VITIS_LOOP_250_6_VITIS_LOOP_251_7'
INFO: [SCHED 204-11] Finished scheduling.
INFO: [HLS 200-111] Finished Scheduling: CPU user time: 0.18 seconds. CPU system time: 0.02 seconds. Elapsed time: 0.21 seconds; current allocated memory: 467.625 MB.
INFO: [BIND 205-100] Starting micro-architecture generation ...
INFO: [BIND 205-101] Performing variable lifetime analysis.
INFO: [BIND 205-101] Exploring resource sharing.
INFO: [BIND 205-101] Binding ...
INFO: [BIND 205-100] Finished micro-architecture generation.
INFO: [HLS 200-111] Finished Binding: CPU user time: 0.02 seconds. CPU system time: 0 seconds. Elapsed time: 0.02 seconds; current allocated memory: 467.625 MB.
INFO: [HLS 200-10] ----------------------------------------------------------------
INFO: [HLS 200-42] -- Implementing module 'target23_scaled_taylor16_Pipeline_VITIS_LOOP_265_9' 
INFO: [HLS 200-10] ----------------------------------------------------------------
INFO: [SCHED 204-11] Starting scheduling ...
INFO: [SCHED 204-61] Pipelining loop 'VITIS_LOOP_265_9'.
INFO: [HLS 200-1470] Pipelining result : Target II = NA, Final II = 1, Depth = 2, loop 'VITIS_LOOP_265_9'
INFO: [SCHED 204-11] Finished scheduling.
INFO: [HLS 200-111] Finished Scheduling: CPU user time: 0.03 seconds. CPU system time: 0.01 seconds. Elapsed time: 0.03 seconds; current allocated memory: 468.008 MB.
INFO: [BIND 205-100] Starting micro-architecture generation ...
INFO: [BIND 205-101] Performing variable lifetime analysis.
INFO: [BIND 205-101] Exploring resource sharing.
INFO: [BIND 205-101] Binding ...
INFO: [BIND 205-100] Finished micro-architecture generation.
INFO: [HLS 200-111] Finished Binding: CPU user time: 0.01 seconds. CPU system time: 0 seconds. Elapsed time: 0.01 seconds; current allocated memory: 468.008 MB.
INFO: [HLS 200-10] ----------------------------------------------------------------
INFO: [HLS 200-42] -- Implementing module 'target23_scaled_taylor16_Pipeline_VITIS_LOOP_265_91' 
INFO: [HLS 200-10] ----------------------------------------------------------------
INFO: [SCHED 204-11] Starting scheduling ...
INFO: [SCHED 204-61] Pipelining loop 'VITIS_LOOP_265_9'.
INFO: [HLS 200-1470] Pipelining result : Target II = NA, Final II = 1, Depth = 2, loop 'VITIS_LOOP_265_9'
INFO: [SCHED 204-11] Finished scheduling.
INFO: [HLS 200-111] Finished Scheduling: CPU user time: 0.03 seconds. CPU system time: 0 seconds. Elapsed time: 0.03 seconds; current allocated memory: 468.500 MB.
INFO: [BIND 205-100] Starting micro-architecture generation ...
INFO: [BIND 205-101] Performing variable lifetime analysis.
INFO: [BIND 205-101] Exploring resource sharing.
INFO: [BIND 205-101] Binding ...
INFO: [BIND 205-100] Finished micro-architecture generation.
INFO: [HLS 200-111] Finished Binding: CPU user time: 0.01 seconds. CPU system time: 0 seconds. Elapsed time: 0.01 seconds; current allocated memory: 468.500 MB.
INFO: [HLS 200-10] ----------------------------------------------------------------
INFO: [HLS 200-42] -- Implementing module 'target23_scaled_taylor16_Pipeline_VITIS_LOOP_265_92' 
INFO: [HLS 200-10] ----------------------------------------------------------------
INFO: [SCHED 204-11] Starting scheduling ...
INFO: [SCHED 204-61] Pipelining loop 'VITIS_LOOP_265_9'.
INFO: [HLS 200-1470] Pipelining result : Target II = NA, Final II = 1, Depth = 2, loop 'VITIS_LOOP_265_9'
INFO: [SCHED 204-11] Finished scheduling.
INFO: [HLS 200-111] Finished Scheduling: CPU user time: 0.03 seconds. CPU system time: 0 seconds. Elapsed time: 0.03 seconds; current allocated memory: 469.133 MB.
INFO: [BIND 205-100] Starting micro-architecture generation ...
INFO: [BIND 205-101] Performing variable lifetime analysis.
INFO: [BIND 205-101] Exploring resource sharing.
INFO: [BIND 205-101] Binding ...
INFO: [BIND 205-100] Finished micro-architecture generation.
INFO: [HLS 200-111] Finished Binding: CPU user time: 0.01 seconds. CPU system time: 0 seconds. Elapsed time: 0.01 seconds; current allocated memory: 469.133 MB.
INFO: [HLS 200-10] ----------------------------------------------------------------
INFO: [HLS 200-42] -- Implementing module 'target23_scaled_taylor16_Pipeline_VITIS_LOOP_265_93' 
INFO: [HLS 200-10] ----------------------------------------------------------------
INFO: [SCHED 204-11] Starting scheduling ...
INFO: [SCHED 204-61] Pipelining loop 'VITIS_LOOP_265_9'.
INFO: [HLS 200-1470] Pipelining result : Target II = NA, Final II = 1, Depth = 2, loop 'VITIS_LOOP_265_9'
INFO: [SCHED 204-11] Finished scheduling.
INFO: [HLS 200-111] Finished Scheduling: CPU user time: 0.03 seconds. CPU system time: 0 seconds. Elapsed time: 0.03 seconds; current allocated memory: 469.766 MB.
INFO: [BIND 205-100] Starting micro-architecture generation ...
INFO: [BIND 205-101] Performing variable lifetime analysis.
INFO: [BIND 205-101] Exploring resource sharing.
INFO: [BIND 205-101] Binding ...
INFO: [BIND 205-100] Finished micro-architecture generation.
INFO: [HLS 200-111] Finished Binding: CPU user time: 0.01 seconds. CPU system time: 0 seconds. Elapsed time: 0.01 seconds; current allocated memory: 469.766 MB.
INFO: [HLS 200-10] ----------------------------------------------------------------
INFO: [HLS 200-42] -- Implementing module 'target23_scaled_taylor16_Pipeline_VITIS_LOOP_271_10' 
INFO: [HLS 200-10] ----------------------------------------------------------------
INFO: [SCHED 204-11] Starting scheduling ...
INFO: [SCHED 204-61] Pipelining loop 'VITIS_LOOP_271_10'.
WARNING: [HLS 200-880] The II Violation in module 'target23_scaled_taylor16_Pipeline_VITIS_LOOP_271_10' (loop 'VITIS_LOOP_271_10'): Unable to enforce a carried dependence constraint (II = 1, distance = 1, offset = 1) between bus write operation ('gmem1_addr_write_ln271', kernel.cpp:271) on port 'gmem1' (kernel.cpp:271) and bus write operation ('gmem1_addr_write_ln271', kernel.cpp:271) on port 'gmem1' (kernel.cpp:271).
Resolution: For help on HLS 200-880 see docs.xilinx.com/access/sources/dita/topic?Doc_Version=2025.1%20English&url=ug1448-hls-guidance&resourceid=200-880.html
INFO: [HLS 200-1470] Pipelining result : Target II = NA, Final II = 2, Depth = 3, loop 'VITIS_LOOP_271_10'
INFO: [SCHED 204-11] Finished scheduling.
INFO: [HLS 200-111] Finished Scheduling: CPU user time: 0.01 seconds. CPU system time: 0 seconds. Elapsed time: 0.01 seconds; current allocated memory: 470.117 MB.
INFO: [BIND 205-100] Starting micro-architecture generation ...
INFO: [BIND 205-101] Performing variable lifetime analysis.
INFO: [BIND 205-101] Exploring resource sharing.
INFO: [BIND 205-101] Binding ...
INFO: [BIND 205-100] Finished micro-architecture generation.
INFO: [HLS 200-111] Finished Binding: CPU user time: 0.01 seconds. CPU system time: 0 seconds. Elapsed time: 0.01 seconds; current allocated memory: 470.117 MB.
INFO: [HLS 200-10] ----------------------------------------------------------------
INFO: [HLS 200-42] -- Implementing module 'target23_scaled_taylor16_Pipeline_VITIS_LOOP_275_11' 
INFO: [HLS 200-10] ----------------------------------------------------------------
INFO: [SCHED 204-11] Starting scheduling ...
INFO: [SCHED 204-61] Pipelining loop 'VITIS_LOOP_275_11'.
WARNING: [HLS 200-880] The II Violation in module 'target23_scaled_taylor16_Pipeline_VITIS_LOOP_275_11' (loop 'VITIS_LOOP_275_11'): Unable to enforce a carried dependence constraint (II = 1, distance = 1, offset = 1) between bus write operation ('gmem1_addr_write_ln275', kernel.cpp:275) on port 'gmem1' (kernel.cpp:275) and bus write operation ('gmem1_addr_write_ln275', kernel.cpp:275) on port 'gmem1' (kernel.cpp:275).
Resolution: For help on HLS 200-880 see docs.xilinx.com/access/sources/dita/topic?Doc_Version=2025.1%20English&url=ug1448-hls-guidance&resourceid=200-880.html
INFO: [HLS 200-1470] Pipelining result : Target II = NA, Final II = 2, Depth = 3, loop 'VITIS_LOOP_275_11'
INFO: [SCHED 204-11] Finished scheduling.
INFO: [HLS 200-111] Finished Scheduling: CPU user time: 0.02 seconds. CPU system time: 0 seconds. Elapsed time: 0.02 seconds; current allocated memory: 470.453 MB.
INFO: [BIND 205-100] Starting micro-architecture generation ...
INFO: [BIND 205-101] Performing variable lifetime analysis.
INFO: [BIND 205-101] Exploring resource sharing.
INFO: [BIND 205-101] Binding ...
INFO: [BIND 205-100] Finished micro-architecture generation.
INFO: [HLS 200-111] Finished Binding: CPU user time: 0 seconds. CPU system time: 0 seconds. Elapsed time: 0 seconds; current allocated memory: 470.453 MB.
INFO: [HLS 200-10] ----------------------------------------------------------------
INFO: [HLS 200-42] -- Implementing module 'target23_scaled_taylor16_Pipeline_VITIS_LOOP_279_12' 
INFO: [HLS 200-10] ----------------------------------------------------------------
INFO: [SCHED 204-11] Starting scheduling ...
INFO: [SCHED 204-61] Pipelining loop 'VITIS_LOOP_279_12'.
WARNING: [HLS 200-880] The II Violation in module 'target23_scaled_taylor16_Pipeline_VITIS_LOOP_279_12' (loop 'VITIS_LOOP_279_12'): Unable to enforce a carried dependence constraint (II = 1, distance = 1, offset = 1) between bus write operation ('gmem1_addr_write_ln279', kernel.cpp:279) on port 'gmem1' (kernel.cpp:279) and bus write operation ('gmem1_addr_write_ln279', kernel.cpp:279) on port 'gmem1' (kernel.cpp:279).
Resolution: For help on HLS 200-880 see docs.xilinx.com/access/sources/dita/topic?Doc_Version=2025.1%20English&url=ug1448-hls-guidance&resourceid=200-880.html
INFO: [HLS 200-1470] Pipelining result : Target II = NA, Final II = 2, Depth = 3, loop 'VITIS_LOOP_279_12'
INFO: [SCHED 204-11] Finished scheduling.
INFO: [HLS 200-111] Finished Scheduling: CPU user time: 0.02 seconds. CPU system time: 0 seconds. Elapsed time: 0.02 seconds; current allocated memory: 470.805 MB.
INFO: [BIND 205-100] Starting micro-architecture generation ...
INFO: [BIND 205-101] Performing variable lifetime analysis.
INFO: [BIND 205-101] Exploring resource sharing.
INFO: [BIND 205-101] Binding ...
INFO: [BIND 205-100] Finished micro-architecture generation.
INFO: [HLS 200-111] Finished Binding: CPU user time: 0 seconds. CPU system time: 0 seconds. Elapsed time: 0 seconds; current allocated memory: 470.805 MB.
INFO: [HLS 200-10] ----------------------------------------------------------------
INFO: [HLS 200-42] -- Implementing module 'target23_scaled_taylor16' 
INFO: [HLS 200-10] ----------------------------------------------------------------
INFO: [SCHED 204-11] Starting scheduling ...
INFO: [SCHED 204-11] Finished scheduling.
INFO: [HLS 200-111] Finished Scheduling: CPU user time: 0.89 seconds. CPU system time: 0.03 seconds. Elapsed time: 0.92 seconds; current allocated memory: 496.957 MB.
INFO: [BIND 205-100] Starting micro-architecture generation ...
INFO: [BIND 205-101] Performing variable lifetime analysis.
INFO: [BIND 205-101] Exploring resource sharing.
INFO: [BIND 205-101] Binding ...
INFO: [BIND 205-100] Starting global binding ...
INFO: [BIND 205-100] Finished micro-architecture generation.
INFO: [HLS 200-111] Finished Binding: CPU user time: 0.51 seconds. CPU system time: 0 seconds. Elapsed time: 0.51 seconds; current allocated memory: 496.957 MB.
INFO: [HLS 200-10] ----------------------------------------------------------------
INFO: [HLS 200-10] -- Generating RTL for module 'target23_scaled_taylor16_Pipeline_VITIS_LOOP_238_5' 
INFO: [HLS 200-10] ----------------------------------------------------------------
INFO: [HLS 200-1030] Apply Unified Pipeline Control on module 'target23_scaled_taylor16_Pipeline_VITIS_LOOP_238_5' pipeline 'VITIS_LOOP_238_5' pipeline type 'loop pipeline'
WARNING: [RTGEN 206-101] Setting dangling out port 'target23_scaled_taylor16_Pipeline_VITIS_LOOP_238_5/m_axi_gmem1_0_AWVALID' to 0.
WARNING: [RTGEN 206-101] Setting dangling out port 'target23_scaled_taylor16_Pipeline_VITIS_LOOP_238_5/m_axi_gmem1_0_AWADDR' to 0.
WARNING: [RTGEN 206-101] Setting dangling out port 'target23_scaled_taylor16_Pipeline_VITIS_LOOP_238_5/m_axi_gmem1_0_AWID' to 0.
WARNING: [RTGEN 206-101] Setting dangling out port 'target23_scaled_taylor16_Pipeline_VITIS_LOOP_238_5/m_axi_gmem1_0_AWLEN' to 0.
WARNING: [RTGEN 206-101] Setting dangling out port 'target23_scaled_taylor16_Pipeline_VITIS_LOOP_238_5/m_axi_gmem1_0_AWSIZE' to 0.
WARNING: [RTGEN 206-101] Setting dangling out port 'target23_scaled_taylor16_Pipeline_VITIS_LOOP_238_5/m_axi_gmem1_0_AWBURST' to 0.
WARNING: [RTGEN 206-101] Setting dangling out port 'target23_scaled_taylor16_Pipeline_VITIS_LOOP_238_5/m_axi_gmem1_0_AWLOCK' to 0.
WARNING: [RTGEN 206-101] Setting dangling out port 'target23_scaled_taylor16_Pipeline_VITIS_LOOP_238_5/m_axi_gmem1_0_AWCACHE' to 0.
WARNING: [RTGEN 206-101] Setting dangling out port 'target23_scaled_taylor16_Pipeline_VITIS_LOOP_238_5/m_axi_gmem1_0_AWPROT' to 0.
WARNING: [RTGEN 206-101] Setting dangling out port 'target23_scaled_taylor16_Pipeline_VITIS_LOOP_238_5/m_axi_gmem1_0_AWQOS' to 0.
WARNING: [RTGEN 206-101] Setting dangling out port 'target23_scaled_taylor16_Pipeline_VITIS_LOOP_238_5/m_axi_gmem1_0_AWREGION' to 0.
WARNING: [RTGEN 206-101] Setting dangling out port 'target23_scaled_taylor16_Pipeline_VITIS_LOOP_238_5/m_axi_gmem1_0_AWUSER' to 0.
WARNING: [RTGEN 206-101] Setting dangling out port 'target23_scaled_taylor16_Pipeline_VITIS_LOOP_238_5/m_axi_gmem1_0_BREADY' to 0.
INFO: [RTGEN 206-100] Finished creating RTL model for 'target23_scaled_taylor16_Pipeline_VITIS_LOOP_238_5'.
INFO: [HLS 200-111] Finished Creating RTL model: CPU user time: 0.18 seconds. CPU system time: 0.01 seconds. Elapsed time: 0.19 seconds; current allocated memory: 496.957 MB.
INFO: [HLS 200-10] ----------------------------------------------------------------
INFO: [HLS 200-10] -- Generating RTL for module 'coefficients_Pipeline_VITIS_LOOP_135_1' 
INFO: [HLS 200-10] ----------------------------------------------------------------
INFO: [RTGEN 206-104] Estimated max fanout for 'coefficients_Pipeline_VITIS_LOOP_135_1' is 17189 from HDL expression: (ap_loop_init == 1'b1)
INFO: [RTGEN 206-100] Finished creating RTL model for 'coefficients_Pipeline_VITIS_LOOP_135_1'.
INFO: [HLS 200-111] Finished Creating RTL model: CPU user time: 0.08 seconds. CPU system time: 0 seconds. Elapsed time: 0.08 seconds; current allocated memory: 496.957 MB.
INFO: [HLS 200-10] ----------------------------------------------------------------
INFO: [HLS 200-10] -- Generating RTL for module 'coefficients_Pipeline_convolution_loop' 
INFO: [HLS 200-10] ----------------------------------------------------------------
INFO: [HLS 200-1030] Apply Unified Pipeline Control on module 'coefficients_Pipeline_convolution_loop' pipeline 'convolution_loop' pipeline type 'loop pipeline'
INFO: [RTGEN 206-104] Estimated max fanout for 'coefficients_Pipeline_convolution_loop' is 9620 from HDL expression: (1'b0 == ap_block_pp0_stage0_11001)
INFO: [RTGEN 206-100] Generating core module 'mul_128s_128s_224_5_1': 12 instance(s).
INFO: [RTGEN 206-100] Generating core module 'sparsemux_33_4_128_1_1': 8 instance(s).
INFO: [RTGEN 206-100] Finished creating RTL model for 'coefficients_Pipeline_convolution_loop'.
INFO: [HLS 200-111] Finished Creating RTL model: CPU user time: 0.18 seconds. CPU system time: 0.01 seconds. Elapsed time: 0.19 seconds; current allocated memory: 499.074 MB.
INFO: [HLS 200-10] ----------------------------------------------------------------
INFO: [HLS 200-10] -- Generating RTL for module 'coefficients' 
INFO: [HLS 200-10] ----------------------------------------------------------------
INFO: [RTGEN 206-104] Estimated max fanout for 'coefficients' is 17409 from HDL expression: ((icmp_ln143_fu_3268_p2 == 1'd1) & (1'b1 == ap_CS_fsm_state4))
INFO: [RTGEN 206-100] Generating core module 'mul_128s_128s_224_5_1': 4 instance(s).
INFO: [RTGEN 206-100] Generating core module 'sdiv_120ns_6ns_120_124_seq_1': 4 instance(s).
INFO: [RTGEN 206-100] Generating core module 'sdiv_121ns_6ns_121_125_seq_1': 4 instance(s).
INFO: [RTGEN 206-100] Generating core module 'sparsemux_33_4_128_1_1': 8 instance(s).
INFO: [RTGEN 206-100] Generating core module 'srem_120ns_6ns_120_124_seq_1': 4 instance(s).
INFO: [RTGEN 206-100] Generating core module 'srem_121ns_6ns_5_125_seq_1': 4 instance(s).
INFO: [RTGEN 206-100] Finished creating RTL model for 'coefficients'.
INFO: [HLS 200-111] Finished Creating RTL model: CPU user time: 1.85 seconds. CPU system time: 0.1 seconds. Elapsed time: 1.95 seconds; current allocated memory: 576.344 MB.
INFO: [HLS 200-10] ----------------------------------------------------------------
INFO: [HLS 200-10] -- Generating RTL for module 'target23_scaled_taylor16_Pipeline_VITIS_LOOP_250_6_VITIS_LOOP_251_7' 
INFO: [HLS 200-10] ----------------------------------------------------------------
INFO: [HLS 200-1030] Apply Unified Pipeline Control on module 'target23_scaled_taylor16_Pipeline_VITIS_LOOP_250_6_VITIS_LOOP_251_7' pipeline 'VITIS_LOOP_250_6_VITIS_LOOP_251_7' pipeline type 'loop pipeline'
WARNING: [RTGEN 206-101] Setting dangling out port 'target23_scaled_taylor16_Pipeline_VITIS_LOOP_250_6_VITIS_LOOP_251_7/m_axi_gmem1_0_AWVALID' to 0.
WARNING: [RTGEN 206-101] Setting dangling out port 'target23_scaled_taylor16_Pipeline_VITIS_LOOP_250_6_VITIS_LOOP_251_7/m_axi_gmem1_0_AWADDR' to 0.
WARNING: [RTGEN 206-101] Setting dangling out port 'target23_scaled_taylor16_Pipeline_VITIS_LOOP_250_6_VITIS_LOOP_251_7/m_axi_gmem1_0_AWID' to 0.
WARNING: [RTGEN 206-101] Setting dangling out port 'target23_scaled_taylor16_Pipeline_VITIS_LOOP_250_6_VITIS_LOOP_251_7/m_axi_gmem1_0_AWLEN' to 0.
WARNING: [RTGEN 206-101] Setting dangling out port 'target23_scaled_taylor16_Pipeline_VITIS_LOOP_250_6_VITIS_LOOP_251_7/m_axi_gmem1_0_AWSIZE' to 0.
WARNING: [RTGEN 206-101] Setting dangling out port 'target23_scaled_taylor16_Pipeline_VITIS_LOOP_250_6_VITIS_LOOP_251_7/m_axi_gmem1_0_AWBURST' to 0.
WARNING: [RTGEN 206-101] Setting dangling out port 'target23_scaled_taylor16_Pipeline_VITIS_LOOP_250_6_VITIS_LOOP_251_7/m_axi_gmem1_0_AWLOCK' to 0.
WARNING: [RTGEN 206-101] Setting dangling out port 'target23_scaled_taylor16_Pipeline_VITIS_LOOP_250_6_VITIS_LOOP_251_7/m_axi_gmem1_0_AWCACHE' to 0.
WARNING: [RTGEN 206-101] Setting dangling out port 'target23_scaled_taylor16_Pipeline_VITIS_LOOP_250_6_VITIS_LOOP_251_7/m_axi_gmem1_0_AWPROT' to 0.
WARNING: [RTGEN 206-101] Setting dangling out port 'target23_scaled_taylor16_Pipeline_VITIS_LOOP_250_6_VITIS_LOOP_251_7/m_axi_gmem1_0_AWQOS' to 0.
WARNING: [RTGEN 206-101] Setting dangling out port 'target23_scaled_taylor16_Pipeline_VITIS_LOOP_250_6_VITIS_LOOP_251_7/m_axi_gmem1_0_AWREGION' to 0.
WARNING: [RTGEN 206-101] Setting dangling out port 'target23_scaled_taylor16_Pipeline_VITIS_LOOP_250_6_VITIS_LOOP_251_7/m_axi_gmem1_0_AWUSER' to 0.
WARNING: [RTGEN 206-101] Setting dangling out port 'target23_scaled_taylor16_Pipeline_VITIS_LOOP_250_6_VITIS_LOOP_251_7/m_axi_gmem1_0_BREADY' to 0.
INFO: [RTGEN 206-100] Generating core module 'sparsemux_33_4_128_1_1': 8 instance(s).
INFO: [RTGEN 206-100] Generating core module 'sparsemux_9_2_128_1_1': 2 instance(s).
INFO: [RTGEN 206-100] Finished creating RTL model for 'target23_scaled_taylor16_Pipeline_VITIS_LOOP_250_6_VITIS_LOOP_251_7'.
INFO: [HLS 200-111] Finished Creating RTL model: CPU user time: 0.46 seconds. CPU system time: 0.08 seconds. Elapsed time: 0.69 seconds; current allocated memory: 606.051 MB.
INFO: [HLS 200-10] ----------------------------------------------------------------
INFO: [HLS 200-10] -- Generating RTL for module 'target23_scaled_taylor16_Pipeline_VITIS_LOOP_265_9' 
INFO: [HLS 200-10] ----------------------------------------------------------------
INFO: [HLS 200-1030] Apply Unified Pipeline Control on module 'target23_scaled_taylor16_Pipeline_VITIS_LOOP_265_9' pipeline 'VITIS_LOOP_265_9' pipeline type 'loop pipeline'
INFO: [RTGEN 206-100] Generating core module 'sparsemux_33_4_128_1_1': 2 instance(s).
INFO: [RTGEN 206-100] Finished creating RTL model for 'target23_scaled_taylor16_Pipeline_VITIS_LOOP_265_9'.
INFO: [HLS 200-111] Finished Creating RTL model: CPU user time: 0.07 seconds. CPU system time: 0 seconds. Elapsed time: 0.39 seconds; current allocated memory: 606.051 MB.
INFO: [HLS 200-10] ----------------------------------------------------------------
INFO: [HLS 200-10] -- Generating RTL for module 'target23_scaled_taylor16_Pipeline_VITIS_LOOP_265_91' 
INFO: [HLS 200-10] ----------------------------------------------------------------
INFO: [HLS 200-1030] Apply Unified Pipeline Control on module 'target23_scaled_taylor16_Pipeline_VITIS_LOOP_265_91' pipeline 'VITIS_LOOP_265_9' pipeline type 'loop pipeline'
INFO: [RTGEN 206-100] Generating core module 'sparsemux_33_4_128_1_1': 2 instance(s).
INFO: [RTGEN 206-100] Finished creating RTL model for 'target23_scaled_taylor16_Pipeline_VITIS_LOOP_265_91'.
INFO: [HLS 200-111] Finished Creating RTL model: CPU user time: 0.05 seconds. CPU system time: 0 seconds. Elapsed time: 0.06 seconds; current allocated memory: 606.051 MB.
INFO: [HLS 200-10] ----------------------------------------------------------------
INFO: [HLS 200-10] -- Generating RTL for module 'target23_scaled_taylor16_Pipeline_VITIS_LOOP_265_92' 
INFO: [HLS 200-10] ----------------------------------------------------------------
INFO: [HLS 200-1030] Apply Unified Pipeline Control on module 'target23_scaled_taylor16_Pipeline_VITIS_LOOP_265_92' pipeline 'VITIS_LOOP_265_9' pipeline type 'loop pipeline'
INFO: [RTGEN 206-100] Generating core module 'sparsemux_33_4_128_1_1': 2 instance(s).
INFO: [RTGEN 206-100] Finished creating RTL model for 'target23_scaled_taylor16_Pipeline_VITIS_LOOP_265_92'.
INFO: [HLS 200-111] Finished Creating RTL model: CPU user time: 0.04 seconds. CPU system time: 0 seconds. Elapsed time: 0.07 seconds; current allocated memory: 606.051 MB.
INFO: [HLS 200-10] ----------------------------------------------------------------
INFO: [HLS 200-10] -- Generating RTL for module 'target23_scaled_taylor16_Pipeline_VITIS_LOOP_265_93' 
INFO: [HLS 200-10] ----------------------------------------------------------------
INFO: [HLS 200-1030] Apply Unified Pipeline Control on module 'target23_scaled_taylor16_Pipeline_VITIS_LOOP_265_93' pipeline 'VITIS_LOOP_265_9' pipeline type 'loop pipeline'
INFO: [RTGEN 206-100] Generating core module 'sparsemux_33_4_128_1_1': 2 instance(s).
INFO: [RTGEN 206-100] Finished creating RTL model for 'target23_scaled_taylor16_Pipeline_VITIS_LOOP_265_93'.
INFO: [HLS 200-111] Finished Creating RTL model: CPU user time: 0.05 seconds. CPU system time: 0 seconds. Elapsed time: 0.06 seconds; current allocated memory: 606.051 MB.
INFO: [HLS 200-10] ----------------------------------------------------------------
INFO: [HLS 200-10] -- Generating RTL for module 'target23_scaled_taylor16_Pipeline_VITIS_LOOP_271_10' 
INFO: [HLS 200-10] ----------------------------------------------------------------
INFO: [HLS 200-1030] Apply Unified Pipeline Control on module 'target23_scaled_taylor16_Pipeline_VITIS_LOOP_271_10' pipeline 'VITIS_LOOP_271_10' pipeline type 'loop pipeline'
WARNING: [RTGEN 206-101] Setting dangling out port 'target23_scaled_taylor16_Pipeline_VITIS_LOOP_271_10/m_axi_gmem1_0_AWVALID' to 0.
WARNING: [RTGEN 206-101] Setting dangling out port 'target23_scaled_taylor16_Pipeline_VITIS_LOOP_271_10/m_axi_gmem1_0_AWADDR' to 0.
WARNING: [RTGEN 206-101] Setting dangling out port 'target23_scaled_taylor16_Pipeline_VITIS_LOOP_271_10/m_axi_gmem1_0_AWID' to 0.
WARNING: [RTGEN 206-101] Setting dangling out port 'target23_scaled_taylor16_Pipeline_VITIS_LOOP_271_10/m_axi_gmem1_0_AWLEN' to 0.
WARNING: [RTGEN 206-101] Setting dangling out port 'target23_scaled_taylor16_Pipeline_VITIS_LOOP_271_10/m_axi_gmem1_0_AWSIZE' to 0.
WARNING: [RTGEN 206-101] Setting dangling out port 'target23_scaled_taylor16_Pipeline_VITIS_LOOP_271_10/m_axi_gmem1_0_AWBURST' to 0.
WARNING: [RTGEN 206-101] Setting dangling out port 'target23_scaled_taylor16_Pipeline_VITIS_LOOP_271_10/m_axi_gmem1_0_AWLOCK' to 0.
WARNING: [RTGEN 206-101] Setting dangling out port 'target23_scaled_taylor16_Pipeline_VITIS_LOOP_271_10/m_axi_gmem1_0_AWCACHE' to 0.
WARNING: [RTGEN 206-101] Setting dangling out port 'target23_scaled_taylor16_Pipeline_VITIS_LOOP_271_10/m_axi_gmem1_0_AWPROT' to 0.
WARNING: [RTGEN 206-101] Setting dangling out port 'target23_scaled_taylor16_Pipeline_VITIS_LOOP_271_10/m_axi_gmem1_0_AWQOS' to 0.
WARNING: [RTGEN 206-101] Setting dangling out port 'target23_scaled_taylor16_Pipeline_VITIS_LOOP_271_10/m_axi_gmem1_0_AWREGION' to 0.
WARNING: [RTGEN 206-101] Setting dangling out port 'target23_scaled_taylor16_Pipeline_VITIS_LOOP_271_10/m_axi_gmem1_0_AWUSER' to 0.
WARNING: [RTGEN 206-101] Setting dangling out port 'target23_scaled_taylor16_Pipeline_VITIS_LOOP_271_10/m_axi_gmem1_0_BREADY' to 0.
INFO: [RTGEN 206-100] Generating core module 'sparsemux_9_2_128_1_1': 2 instance(s).
INFO: [RTGEN 206-100] Finished creating RTL model for 'target23_scaled_taylor16_Pipeline_VITIS_LOOP_271_10'.
INFO: [HLS 200-111] Finished Creating RTL model: CPU user time: 0.03 seconds. CPU system time: 0 seconds. Elapsed time: 0.03 seconds; current allocated memory: 606.051 MB.
INFO: [HLS 200-10] ----------------------------------------------------------------
INFO: [HLS 200-10] -- Generating RTL for module 'target23_scaled_taylor16_Pipeline_VITIS_LOOP_275_11' 
INFO: [HLS 200-10] ----------------------------------------------------------------
INFO: [HLS 200-1030] Apply Unified Pipeline Control on module 'target23_scaled_taylor16_Pipeline_VITIS_LOOP_275_11' pipeline 'VITIS_LOOP_275_11' pipeline type 'loop pipeline'
WARNING: [RTGEN 206-101] Setting dangling out port 'target23_scaled_taylor16_Pipeline_VITIS_LOOP_275_11/m_axi_gmem1_0_AWVALID' to 0.
WARNING: [RTGEN 206-101] Setting dangling out port 'target23_scaled_taylor16_Pipeline_VITIS_LOOP_275_11/m_axi_gmem1_0_AWADDR' to 0.
WARNING: [RTGEN 206-101] Setting dangling out port 'target23_scaled_taylor16_Pipeline_VITIS_LOOP_275_11/m_axi_gmem1_0_AWID' to 0.
WARNING: [RTGEN 206-101] Setting dangling out port 'target23_scaled_taylor16_Pipeline_VITIS_LOOP_275_11/m_axi_gmem1_0_AWLEN' to 0.
WARNING: [RTGEN 206-101] Setting dangling out port 'target23_scaled_taylor16_Pipeline_VITIS_LOOP_275_11/m_axi_gmem1_0_AWSIZE' to 0.
WARNING: [RTGEN 206-101] Setting dangling out port 'target23_scaled_taylor16_Pipeline_VITIS_LOOP_275_11/m_axi_gmem1_0_AWBURST' to 0.
WARNING: [RTGEN 206-101] Setting dangling out port 'target23_scaled_taylor16_Pipeline_VITIS_LOOP_275_11/m_axi_gmem1_0_AWLOCK' to 0.
WARNING: [RTGEN 206-101] Setting dangling out port 'target23_scaled_taylor16_Pipeline_VITIS_LOOP_275_11/m_axi_gmem1_0_AWCACHE' to 0.
WARNING: [RTGEN 206-101] Setting dangling out port 'target23_scaled_taylor16_Pipeline_VITIS_LOOP_275_11/m_axi_gmem1_0_AWPROT' to 0.
WARNING: [RTGEN 206-101] Setting dangling out port 'target23_scaled_taylor16_Pipeline_VITIS_LOOP_275_11/m_axi_gmem1_0_AWQOS' to 0.
WARNING: [RTGEN 206-101] Setting dangling out port 'target23_scaled_taylor16_Pipeline_VITIS_LOOP_275_11/m_axi_gmem1_0_AWREGION' to 0.
WARNING: [RTGEN 206-101] Setting dangling out port 'target23_scaled_taylor16_Pipeline_VITIS_LOOP_275_11/m_axi_gmem1_0_AWUSER' to 0.
WARNING: [RTGEN 206-101] Setting dangling out port 'target23_scaled_taylor16_Pipeline_VITIS_LOOP_275_11/m_axi_gmem1_0_BREADY' to 0.
INFO: [RTGEN 206-100] Generating core module 'sparsemux_9_2_128_1_1': 2 instance(s).
INFO: [RTGEN 206-100] Finished creating RTL model for 'target23_scaled_taylor16_Pipeline_VITIS_LOOP_275_11'.
INFO: [HLS 200-111] Finished Creating RTL model: CPU user time: 0.04 seconds. CPU system time: 0 seconds. Elapsed time: 0.04 seconds; current allocated memory: 606.051 MB.
INFO: [HLS 200-10] ----------------------------------------------------------------
INFO: [HLS 200-10] -- Generating RTL for module 'target23_scaled_taylor16_Pipeline_VITIS_LOOP_279_12' 
INFO: [HLS 200-10] ----------------------------------------------------------------
INFO: [HLS 200-1030] Apply Unified Pipeline Control on module 'target23_scaled_taylor16_Pipeline_VITIS_LOOP_279_12' pipeline 'VITIS_LOOP_279_12' pipeline type 'loop pipeline'
WARNING: [RTGEN 206-101] Setting dangling out port 'target23_scaled_taylor16_Pipeline_VITIS_LOOP_279_12/m_axi_gmem1_0_AWVALID' to 0.
WARNING: [RTGEN 206-101] Setting dangling out port 'target23_scaled_taylor16_Pipeline_VITIS_LOOP_279_12/m_axi_gmem1_0_AWADDR' to 0.
WARNING: [RTGEN 206-101] Setting dangling out port 'target23_scaled_taylor16_Pipeline_VITIS_LOOP_279_12/m_axi_gmem1_0_AWID' to 0.
WARNING: [RTGEN 206-101] Setting dangling out port 'target23_scaled_taylor16_Pipeline_VITIS_LOOP_279_12/m_axi_gmem1_0_AWLEN' to 0.
WARNING: [RTGEN 206-101] Setting dangling out port 'target23_scaled_taylor16_Pipeline_VITIS_LOOP_279_12/m_axi_gmem1_0_AWSIZE' to 0.
WARNING: [RTGEN 206-101] Setting dangling out port 'target23_scaled_taylor16_Pipeline_VITIS_LOOP_279_12/m_axi_gmem1_0_AWBURST' to 0.
WARNING: [RTGEN 206-101] Setting dangling out port 'target23_scaled_taylor16_Pipeline_VITIS_LOOP_279_12/m_axi_gmem1_0_AWLOCK' to 0.
WARNING: [RTGEN 206-101] Setting dangling out port 'target23_scaled_taylor16_Pipeline_VITIS_LOOP_279_12/m_axi_gmem1_0_AWCACHE' to 0.
WARNING: [RTGEN 206-101] Setting dangling out port 'target23_scaled_taylor16_Pipeline_VITIS_LOOP_279_12/m_axi_gmem1_0_AWPROT' to 0.
WARNING: [RTGEN 206-101] Setting dangling out port 'target23_scaled_taylor16_Pipeline_VITIS_LOOP_279_12/m_axi_gmem1_0_AWQOS' to 0.
WARNING: [RTGEN 206-101] Setting dangling out port 'target23_scaled_taylor16_Pipeline_VITIS_LOOP_279_12/m_axi_gmem1_0_AWREGION' to 0.
WARNING: [RTGEN 206-101] Setting dangling out port 'target23_scaled_taylor16_Pipeline_VITIS_LOOP_279_12/m_axi_gmem1_0_AWUSER' to 0.
WARNING: [RTGEN 206-101] Setting dangling out port 'target23_scaled_taylor16_Pipeline_VITIS_LOOP_279_12/m_axi_gmem1_0_BREADY' to 0.
INFO: [RTGEN 206-100] Generating core module 'sparsemux_9_2_128_1_1': 2 instance(s).
INFO: [RTGEN 206-100] Finished creating RTL model for 'target23_scaled_taylor16_Pipeline_VITIS_LOOP_279_12'.
INFO: [HLS 200-111] Finished Creating RTL model: CPU user time: 0.04 seconds. CPU system time: 0 seconds. Elapsed time: 0.08 seconds; current allocated memory: 606.051 MB.
INFO: [HLS 200-10] ----------------------------------------------------------------
INFO: [HLS 200-10] -- Generating RTL for module 'target23_scaled_taylor16' 
INFO: [HLS 200-10] ----------------------------------------------------------------
WARNING: [RTGEN 206-101] Design contains AXI ports. Reset is fixed to synchronous and active low.
INFO: [RTGEN 206-500] Setting interface mode on port 'target23_scaled_taylor16/gmem0' to 'm_axi'.
INFO: [RTGEN 206-500] Setting interface mode on port 'target23_scaled_taylor16/gmem1' to 'm_axi'.
INFO: [RTGEN 206-500] Setting interface mode on port 'target23_scaled_taylor16/input_r' to 's_axilite & ap_none'.
INFO: [RTGEN 206-500] Setting interface mode on port 'target23_scaled_taylor16/output_r' to 's_axilite & ap_none'.
INFO: [RTGEN 206-500] Setting interface mode on port 'target23_scaled_taylor16/n_cases' to 's_axilite & ap_none'.
INFO: [RTGEN 206-500] Setting interface mode on function 'target23_scaled_taylor16' to 's_axilite & ap_ctrl_chain'.
INFO: [RTGEN 206-100] Bundling port 'input_r', 'output_r', 'n_cases' and 'return' to AXI-Lite port control.
INFO: [RTGEN 206-104] Estimated max fanout for 'target23_scaled_taylor16' is 33796 from HDL expression: ((1'b1 == ap_CS_fsm_state179) & (grp_coefficients_fu_1466_ap_done == 1'b1))
INFO: [RTGEN 206-100] Generating core module 'mul_128s_128s_224_5_1': 11 instance(s).
INFO: [RTGEN 206-100] Generating core module 'sparsemux_7_2_2_1_1': 1 instance(s).
INFO: [RTGEN 206-100] Finished creating RTL model for 'target23_scaled_taylor16'.
INFO: [HLS 200-111] Finished Creating RTL model: CPU user time: 1.25 seconds. CPU system time: 0.06 seconds. Elapsed time: 1.3 seconds; current allocated memory: 652.738 MB.
INFO: [HLS 200-111] Finished Generating all RTL models: CPU user time: 0.87 seconds. CPU system time: 0.09 seconds. Elapsed time: 1.18 seconds; current allocated memory: 686.762 MB.
INFO: [HLS 200-1603] Design has inferred MAXI bursts and missed bursts, see Vitis HLS GUI synthesis summary report for detailed information.
INFO: [HLS 200-111] Finished Updating report files: CPU user time: 0.62 seconds. CPU system time: 0.03 seconds. Elapsed time: 0.64 seconds; current allocated memory: 691.234 MB.
INFO: [VHDL 208-304] Generating VHDL RTL for target23_scaled_taylor16.
INFO: [VLOG 209-307] Generating Verilog RTL for target23_scaled_taylor16.
INFO: [HLS 200-790] **** Loop Constraint Status: All loop constraints were NOT satisfied.
INFO: [HLS 200-789] **** Estimated Fmax: 342.47 MHz
INFO: [HLS 200-2161] Finished Command csynth_design Elapsed time: 00:00:35; Allocated memory: 425.320 MB.
INFO: [HLS 200-112] Total CPU user time: 32.19 seconds. Total CPU system time: 1.75 seconds. Total elapsed time: 37.34 seconds; peak allocated memory: 691.234 MB.
