SCHEMA=sounio.cs6.u250-target23-scaled-taylor16-vectors.v1
CONTRACT_SHA256=72e453992d584044484d34ebadc30f823f2dccf12416cdc004eb2cca1a111e49
GENERATOR_SHA256=05b7c065d022c29b572ff076bd420b84c0a1716c78114ee0081b10af50becd0d
PREDECESSOR_INPUTS_SHA256=bc0083d2ea2de9883015b66bed913fbc91bc6c60ff0264b515c740d3754a0ce5
CASES=3
ACCEPTED_CASES=1
REFUSED_CASES=2
INPUT_WORDS=54
OUTPUT_WORDS=459
CASES_SHA256=0c2d9691573ce711816eaf50763a3b71540b287ef3ab4494db41b48fdb46caa0
INPUTS_SHA256=66ce92aa18a7023760382ce01b343423faa88062ca8ddd2fe5012f9c366b5047
EXPECTED_SHA256=9eb61a08fb6a1fec4668ada47bf29c80fff2a7a3490f0aa7b9d47786cb7f5d7f
EXACT_RATIONAL_SCALED_TAYLOR_RECONSTRUCTION=true
HLS_CSIM=false
HLS_SYNTHESIS=false
PHYSICAL_FPGA_EXECUTION=false
FULL_ORBIT_CERTIFICATE=false
LEAF_WIDE_CERTIFICATE=false
GLOBAL_HPG_CERTIFICATE=false
NOVELTY_OR_PRIORITY_CLAIMED=false
OPEN_PROBLEM_SOLVED=false
VERIFY_SCHEMA=sounio.cs6.u250-target23-scaled-taylor16-verification.v1
VERIFIED_CASES=3
MAX_REMAINDER_ABS_RAW=50104134
MAX_NEXT_WIDTH_RAW=100184611
BOUNDED_ONE_STEP_TAYLOR_ENDPOINT_CERTIFICATE=true
HLS_CSIM_VERIFIED=true
HLS_SYNTHESIS_VERIFIED=true
XCLBIN_500MHZ_NEGATIVE_VERIFIED=true
XCLBIN_200MHZ_REQUEST_102_9MHZ_ACHIEVED_VERIFIED=true
PHYSICAL_U250_WORDS_VERIFIED=459
PHYSICAL_U250_EXECUTION_VERIFIED=true
TARGET23_SCALED_TAYLOR16_VERIFY_PASS=true
MUTATION=input_bit	REJECTED=true
MUTATION=coefficient_bit	REJECTED=true
MUTATION=remainder_bit	REJECTED=true
MUTATION=next_state_bit	REJECTED=true
MUTATION=csim_log_bit	REJECTED=true
MUTATION=csim_summary_bit	REJECTED=true
MUTATION=csynth_log_bit	REJECTED=true
MUTATION=csynth_report_bit	REJECTED=true
MUTATION=csynth_summary_bit	REJECTED=true
MUTATION=xclbin_negative_log_bit	REJECTED=true
MUTATION=xclbin_negative_summary_bit	REJECTED=true
MUTATION=xclbin_build_log_bit	REJECTED=true
MUTATION=xclbin_timing_report_bit	REJECTED=true
MUTATION=xclbin_info_bit	REJECTED=true
MUTATION=xclbin_link_summary_bit	REJECTED=true
MUTATION=xclbin_summary_bit	REJECTED=true
MUTATION=physical_device_bit	REJECTED=true
MUTATION=physical_run_bit	REJECTED=true
MUTATION=physical_summary_bit	REJECTED=true
MUTATIONS_TOTAL=19
MUTATIONS_REJECTED=19
TARGET23_SCALED_TAYLOR16_MUTATIONS_PASS=true
TARGET23_SCALED_TAYLOR16_GATE_PASS=true
