Option Map File Used: '/opt/amd/2025.1/Vitis/data/vitis/vpp/optMap.xml'

****** v++ v2025.1 (64-bit)
  **** SW Build 6137779 on 2025-05-21-18:10:03
  **** Start of session at: Tue Aug  4 01:32:34 2026
    ** Copyright 1986-2022 Xilinx, Inc. All Rights Reserved.
    ** Copyright 2022-2025 Advanced Micro Devices, Inc. All Rights Reserved.

INFO: [v++ 60-1306] Additional information associated with this v++ compile can be found at:
	Reports: /home/devsounio/cs6_scaled_taylor16/hardware/fpga/u250_target23_scaled_taylor16/_x/reports/target23_scaled_taylor16
	Log files: /home/devsounio/cs6_scaled_taylor16/hardware/fpga/u250_target23_scaled_taylor16/_x/logs/target23_scaled_taylor16
INFO: [v++ 60-1548] Creating build summary session with primary output /home/devsounio/cs6_scaled_taylor16/hardware/fpga/u250_target23_scaled_taylor16/build/target23_scaled_taylor16.xo.compile_summary, at Tue Aug  4 01:32:37 2026
INFO: [v++ 60-1315] Creating rulecheck session with output '/home/devsounio/cs6_scaled_taylor16/hardware/fpga/u250_target23_scaled_taylor16/_x/reports/target23_scaled_taylor16/v++_compile_target23_scaled_taylor16_guidance.html', at Tue Aug  4 01:32:37 2026
INFO: [v++ 60-895]   Target platform: /opt/xilinx/platforms/xilinx_u250_gen3x16_xdma_4_1_202210_1/xilinx_u250_gen3x16_xdma_4_1_202210_1.xpfm
INFO: [v++ 60-1578]   This platform contains Xilinx Shell Archive '/opt/xilinx/platforms/xilinx_u250_gen3x16_xdma_4_1_202210_1/hw/hw.xsa'
INFO: [v++ 74-78] Compiler Version string: 2025.1
INFO: [v++ 60-1302] Platform 'xilinx_u250_gen3x16_xdma_4_1_202210_1.xpfm' has been explicitly enabled for this release.
INFO: [v++ 60-585] Compiling for hardware target
INFO: [v++ 60-423]   Target device: xilinx_u250_gen3x16_xdma_4_1_202210_1
INFO: [v++ 60-242] Creating kernel: 'target23_scaled_taylor16'

===>The following messages were generated while  performing high-level synthesis for kernel: target23_scaled_taylor16 Log file: /home/devsounio/cs6_scaled_taylor16/hardware/fpga/u250_target23_scaled_taylor16/_x/target23_scaled_taylor16/target23_scaled_taylor16/vitis_hls.log :
INFO: [v++ 204-61] Pipelining loop 'VITIS_LOOP_238_5'.
INFO: [v++ 200-1470] Pipelining result : Target II = NA, Final II = 1, Depth = 2, loop 'VITIS_LOOP_238_5'
INFO: [v++ 204-61] Pipelining loop 'VITIS_LOOP_135_1'.
INFO: [v++ 200-1470] Pipelining result : Target II = NA, Final II = 1, Depth = 1, loop 'VITIS_LOOP_135_1'
INFO: [v++ 204-61] Pipelining loop 'convolution_loop'.
INFO: [v++ 200-1470] Pipelining result : Target II = NA, Final II = 1, Depth = 10, loop 'convolution_loop'
INFO: [v++ 204-61] Pipelining loop 'VITIS_LOOP_250_6_VITIS_LOOP_251_7'.
INFO: [v++ 200-1470] Pipelining result : Target II = NA, Final II = 2, Depth = 3, loop 'VITIS_LOOP_250_6_VITIS_LOOP_251_7'
INFO: [v++ 204-61] Pipelining loop 'VITIS_LOOP_265_9'.
INFO: [v++ 200-1470] Pipelining result : Target II = NA, Final II = 1, Depth = 2, loop 'VITIS_LOOP_265_9'
INFO: [v++ 204-61] Pipelining loop 'VITIS_LOOP_265_9'.
INFO: [v++ 200-1470] Pipelining result : Target II = NA, Final II = 1, Depth = 2, loop 'VITIS_LOOP_265_9'
INFO: [v++ 204-61] Pipelining loop 'VITIS_LOOP_265_9'.
INFO: [v++ 200-1470] Pipelining result : Target II = NA, Final II = 1, Depth = 2, loop 'VITIS_LOOP_265_9'
INFO: [v++ 204-61] Pipelining loop 'VITIS_LOOP_265_9'.
INFO: [v++ 200-1470] Pipelining result : Target II = NA, Final II = 1, Depth = 2, loop 'VITIS_LOOP_265_9'
INFO: [v++ 204-61] Pipelining loop 'VITIS_LOOP_271_10'.
INFO: [v++ 200-1470] Pipelining result : Target II = NA, Final II = 2, Depth = 3, loop 'VITIS_LOOP_271_10'
INFO: [v++ 204-61] Pipelining loop 'VITIS_LOOP_275_11'.
INFO: [v++ 200-1470] Pipelining result : Target II = NA, Final II = 2, Depth = 3, loop 'VITIS_LOOP_275_11'
INFO: [v++ 204-61] Pipelining loop 'VITIS_LOOP_279_12'.
INFO: [v++ 200-1470] Pipelining result : Target II = NA, Final II = 2, Depth = 3, loop 'VITIS_LOOP_279_12'
INFO: [v++ 200-790] **** Loop Constraint Status: All loop constraints were NOT satisfied.
INFO: [v++ 200-789] **** Estimated Fmax: 411.00 MHz
INFO: [v++ 60-594] Finished kernel compilation
INFO: [v++ 60-244] Generating system estimate report...
INFO: [v++ 60-1092] Generated system estimate report: /home/devsounio/cs6_scaled_taylor16/hardware/fpga/u250_target23_scaled_taylor16/_x/reports/target23_scaled_taylor16/system_estimate_target23_scaled_taylor16.xtxt
WARNING: [v++ 17-1525] IP definition with the same IP name already exists in XO container. Will overwrite the existing IP definition.
INFO: [v++ 60-586] Created build/target23_scaled_taylor16.xo
INFO: [v++ 60-2343] Use the Vitis Unified IDE to visualize and navigate the reports. Run the following command. 
    vitis --analyze /home/devsounio/cs6_scaled_taylor16/hardware/fpga/u250_target23_scaled_taylor16/build/target23_scaled_taylor16.xo.compile_summary 
INFO: [v++ 60-791] Total elapsed time: 0h 1m 12s
INFO: [v++ 60-1653] Closing dispatch client.
Option Map File Used: '/opt/amd/2025.1/Vitis/data/vitis/vpp/optMap.xml'

****** v++ v2025.1 (64-bit)
  **** SW Build 6137779 on 2025-05-21-18:10:03
  **** Start of session at: Tue Aug  4 01:33:47 2026
    ** Copyright 1986-2022 Xilinx, Inc. All Rights Reserved.
    ** Copyright 2022-2025 Advanced Micro Devices, Inc. All Rights Reserved.

INFO: [v++ 60-1306] Additional information associated with this v++ link can be found at:
	Reports: /home/devsounio/cs6_scaled_taylor16/hardware/fpga/u250_target23_scaled_taylor16/_x/reports/link
	Log files: /home/devsounio/cs6_scaled_taylor16/hardware/fpga/u250_target23_scaled_taylor16/_x/logs/link
INFO: [v++ 60-1548] Creating build summary session with primary output /home/devsounio/cs6_scaled_taylor16/hardware/fpga/u250_target23_scaled_taylor16/build/target23_scaled_taylor16.xclbin.link_summary, at Tue Aug  4 01:33:50 2026
INFO: [v++ 60-1315] Creating rulecheck session with output '/home/devsounio/cs6_scaled_taylor16/hardware/fpga/u250_target23_scaled_taylor16/_x/reports/link/v++_link_target23_scaled_taylor16_guidance.html', at Tue Aug  4 01:33:50 2026
INFO: [v++ 60-895]   Target platform: /opt/xilinx/platforms/xilinx_u250_gen3x16_xdma_4_1_202210_1/xilinx_u250_gen3x16_xdma_4_1_202210_1.xpfm
INFO: [v++ 60-1578]   This platform contains Xilinx Shell Archive '/opt/xilinx/platforms/xilinx_u250_gen3x16_xdma_4_1_202210_1/hw/hw.xsa'
INFO: [v++ 74-78] Compiler Version string: 2025.1
INFO: [v++ 60-1302] Platform 'xilinx_u250_gen3x16_xdma_4_1_202210_1.xpfm' has been explicitly enabled for this release.
INFO: [v++ 60-629] Linking for hardware target
INFO: [v++ 60-423]   Target device: xilinx_u250_gen3x16_xdma_4_1_202210_1
INFO: [v++ 60-1332] Run 'run_link' status: Not started
INFO: [v++ 60-1443] [01:33:53] Run run_link: Step system_link: Started
INFO: [v++ 60-1453] Command Line: system_link --xo /home/devsounio/cs6_scaled_taylor16/hardware/fpga/u250_target23_scaled_taylor16/build/target23_scaled_taylor16.xo --config /home/devsounio/cs6_scaled_taylor16/hardware/fpga/u250_target23_scaled_taylor16/_x/link/int/syslinkConfig.ini --xpfm /opt/xilinx/platforms/xilinx_u250_gen3x16_xdma_4_1_202210_1/xilinx_u250_gen3x16_xdma_4_1_202210_1.xpfm --target hw --output_dir /home/devsounio/cs6_scaled_taylor16/hardware/fpga/u250_target23_scaled_taylor16/_x/link/int --temp_dir /home/devsounio/cs6_scaled_taylor16/hardware/fpga/u250_target23_scaled_taylor16/_x/link/sys_link
INFO: [v++ 60-1454] Run Directory: /home/devsounio/cs6_scaled_taylor16/hardware/fpga/u250_target23_scaled_taylor16/_x/link/run_link
INFO: [SYSTEM_LINK 82-70] Extracting xo v3 file /home/devsounio/cs6_scaled_taylor16/hardware/fpga/u250_target23_scaled_taylor16/build/target23_scaled_taylor16.xo
INFO: [SYSTEM_LINK 82-53] Creating IP database /home/devsounio/cs6_scaled_taylor16/hardware/fpga/u250_target23_scaled_taylor16/_x/link/sys_link/_sysl/.cdb/xd_ip_db.xml
INFO: [SYSTEM_LINK 82-38] [01:33:55] build_xd_ip_db started: /opt/amd/2025.1/Vitis/bin/build_xd_ip_db -ip_search 0  -sds-pf /home/devsounio/cs6_scaled_taylor16/hardware/fpga/u250_target23_scaled_taylor16/_x/link/sys_link/hw.hpfm -clkid 0 -ip /home/devsounio/cs6_scaled_taylor16/hardware/fpga/u250_target23_scaled_taylor16/_x/link/sys_link/iprepo/xilinx_com_hls_target23_scaled_taylor16_1_0,target23_scaled_taylor16 -o /home/devsounio/cs6_scaled_taylor16/hardware/fpga/u250_target23_scaled_taylor16/_x/link/sys_link/_sysl/.cdb/xd_ip_db.xml
INFO: [SYSTEM_LINK 82-37] [01:33:55] build_xd_ip_db finished successfully
Time (s): cpu = 00:00:00.23 ; elapsed = 00:00:00.26 . Memory (MB): peak = 498.832 ; gain = 0.000 ; free physical = 33892 ; free virtual = 79123
INFO: [SYSTEM_LINK 82-51] Create system connectivity graph
INFO: [SYSTEM_LINK 82-102] Applying explicit connections to the system connectivity graph: /home/devsounio/cs6_scaled_taylor16/hardware/fpga/u250_target23_scaled_taylor16/_x/link/sys_link/cfgraph/cfgen_cfgraph.xml
INFO: [SYSTEM_LINK 82-38] [01:33:55] cfgen started: /opt/amd/2025.1/Vitis/bin/cfgen  -nk target23_scaled_taylor16:1:target23_scaled_taylor16_1 -sp target23_scaled_taylor16_1.input:DDR[0] -sp target23_scaled_taylor16_1.output:DDR[1] -dpa_mem_offload false -dpa_aie_mem_offload false -dmclkid 0 -r /home/devsounio/cs6_scaled_taylor16/hardware/fpga/u250_target23_scaled_taylor16/_x/link/sys_link/_sysl/.cdb/xd_ip_db.xml -o /home/devsounio/cs6_scaled_taylor16/hardware/fpga/u250_target23_scaled_taylor16/_x/link/sys_link/cfgraph/cfgen_cfgraph.xml
INFO: [CFGEN 83-0] Kernel Specs: 
INFO: [CFGEN 83-0]   kernel: target23_scaled_taylor16, num: 1  {target23_scaled_taylor16_1}
INFO: [CFGEN 83-0] Port Specs: 
INFO: [CFGEN 83-0]   kernel: target23_scaled_taylor16_1, k_port: input, sptag: DDR[0]
INFO: [CFGEN 83-0]   kernel: target23_scaled_taylor16_1, k_port: output, sptag: DDR[1]
INFO: [SYSTEM_LINK 82-37] [01:33:59] cfgen finished successfully
Time (s): cpu = 00:00:03 ; elapsed = 00:00:03 . Memory (MB): peak = 498.832 ; gain = 0.000 ; free physical = 33886 ; free virtual = 79117
INFO: [SYSTEM_LINK 82-52] Create top-level block diagram
INFO: [SYSTEM_LINK 82-38] [01:33:59] cf2bd started: /opt/amd/2025.1/Vitis/bin/cf2bd  --linux --trace_buffer 1024 --input_file /home/devsounio/cs6_scaled_taylor16/hardware/fpga/u250_target23_scaled_taylor16/_x/link/sys_link/cfgraph/cfgen_cfgraph.xml --ip_db /home/devsounio/cs6_scaled_taylor16/hardware/fpga/u250_target23_scaled_taylor16/_x/link/sys_link/_sysl/.cdb/xd_ip_db.xml --cf_name dr --working_dir /home/devsounio/cs6_scaled_taylor16/hardware/fpga/u250_target23_scaled_taylor16/_x/link/sys_link/_sysl/.xsd --temp_dir /home/devsounio/cs6_scaled_taylor16/hardware/fpga/u250_target23_scaled_taylor16/_x/link/sys_link --output_dir /home/devsounio/cs6_scaled_taylor16/hardware/fpga/u250_target23_scaled_taylor16/_x/link/int --target_bd ulp.bd
INFO: [CF2BD 82-31] Launching cf2xd: cf2xd -linux -trace-buffer 1024 -i /home/devsounio/cs6_scaled_taylor16/hardware/fpga/u250_target23_scaled_taylor16/_x/link/sys_link/cfgraph/cfgen_cfgraph.xml -r /home/devsounio/cs6_scaled_taylor16/hardware/fpga/u250_target23_scaled_taylor16/_x/link/sys_link/_sysl/.cdb/xd_ip_db.xml -o dr.xml
INFO: [CF2BD 82-28] cf2xd finished successfully
INFO: [CF2BD 82-31] Launching cf_xsd: cf_xsd -disable-address-gen -bd ulp.bd -dn dr -dp /home/devsounio/cs6_scaled_taylor16/hardware/fpga/u250_target23_scaled_taylor16/_x/link/sys_link/_sysl/.xsd
INFO: [CF2BD 82-28] cf_xsd finished successfully
INFO: [SYSTEM_LINK 82-37] [01:34:01] cf2bd finished successfully
Time (s): cpu = 00:00:02 ; elapsed = 00:00:03 . Memory (MB): peak = 498.832 ; gain = 0.000 ; free physical = 33882 ; free virtual = 79114
INFO: [v++ 60-1441] [01:34:01] Run run_link: Step system_link: Completed
Time (s): cpu = 00:00:08 ; elapsed = 00:00:08 . Memory (MB): peak = 515.832 ; gain = 0.000 ; free physical = 33994 ; free virtual = 79219
INFO: [v++ 60-1443] [01:34:01] Run run_link: Step cf2sw: Started
INFO: [v++ 60-1453] Command Line: cf2sw -sdsl /home/devsounio/cs6_scaled_taylor16/hardware/fpga/u250_target23_scaled_taylor16/_x/link/int/sdsl.dat -rtd /home/devsounio/cs6_scaled_taylor16/hardware/fpga/u250_target23_scaled_taylor16/_x/link/int/cf2sw.rtd -nofilter /home/devsounio/cs6_scaled_taylor16/hardware/fpga/u250_target23_scaled_taylor16/_x/link/int/cf2sw_full.rtd -xclbin /home/devsounio/cs6_scaled_taylor16/hardware/fpga/u250_target23_scaled_taylor16/_x/link/int/xclbin_orig.xml -o /home/devsounio/cs6_scaled_taylor16/hardware/fpga/u250_target23_scaled_taylor16/_x/link/int/xclbin_orig.1.xml
INFO: [v++ 60-1454] Run Directory: /home/devsounio/cs6_scaled_taylor16/hardware/fpga/u250_target23_scaled_taylor16/_x/link/run_link
INFO: [v++ 60-1441] [01:34:04] Run run_link: Step cf2sw: Completed
Time (s): cpu = 00:00:03 ; elapsed = 00:00:03 . Memory (MB): peak = 515.832 ; gain = 0.000 ; free physical = 33987 ; free virtual = 79213
INFO: [v++ 60-1443] [01:34:04] Run run_link: Step rtd2_system_diagram: Started
INFO: [v++ 60-1453] Command Line: rtd2SystemDiagram
INFO: [v++ 60-1454] Run Directory: /home/devsounio/cs6_scaled_taylor16/hardware/fpga/u250_target23_scaled_taylor16/_x/link/run_link
INFO: [v++ 60-1441] [01:34:04] Run run_link: Step rtd2_system_diagram: Completed
Time (s): cpu = 00:00:00 ; elapsed = 00:00:00.25 . Memory (MB): peak = 515.832 ; gain = 0.000 ; free physical = 33974 ; free virtual = 79200
INFO: [v++ 60-1443] [01:34:04] Run run_link: Step vpl: Started
INFO: [v++ 60-1453] Command Line: vpl -t hw -f /opt/xilinx/platforms/xilinx_u250_gen3x16_xdma_4_1_202210_1/xilinx_u250_gen3x16_xdma_4_1_202210_1.xpfm --kernel_frequency 200 --remote_ip_cache /home/devsounio/cs6_scaled_taylor16/hardware/fpga/u250_target23_scaled_taylor16/.ipcache --output_dir /home/devsounio/cs6_scaled_taylor16/hardware/fpga/u250_target23_scaled_taylor16/_x/link/int --log_dir /home/devsounio/cs6_scaled_taylor16/hardware/fpga/u250_target23_scaled_taylor16/_x/logs/link --report_dir /home/devsounio/cs6_scaled_taylor16/hardware/fpga/u250_target23_scaled_taylor16/_x/reports/link --config /home/devsounio/cs6_scaled_taylor16/hardware/fpga/u250_target23_scaled_taylor16/_x/link/int/vplConfig.ini -k /home/devsounio/cs6_scaled_taylor16/hardware/fpga/u250_target23_scaled_taylor16/_x/link/int/kernel_info.dat --webtalk_flag Vitis --temp_dir /home/devsounio/cs6_scaled_taylor16/hardware/fpga/u250_target23_scaled_taylor16/_x/link --no-info --iprepo /home/devsounio/cs6_scaled_taylor16/hardware/fpga/u250_target23_scaled_taylor16/_x/link/int/xo/ip_repo/xilinx_com_hls_target23_scaled_taylor16_1_0 --messageDb /home/devsounio/cs6_scaled_taylor16/hardware/fpga/u250_target23_scaled_taylor16/_x/link/run_link/vpl.pb /home/devsounio/cs6_scaled_taylor16/hardware/fpga/u250_target23_scaled_taylor16/_x/link/int/dr.bd.tcl
INFO: [v++ 60-1454] Run Directory: /home/devsounio/cs6_scaled_taylor16/hardware/fpga/u250_target23_scaled_taylor16/_x/link/run_link

****** vpl v2025.1 (64-bit)
  **** SW Build 6137779 on 2025-05-21-18:10:03
  **** Start of session at: Tue Aug  4 01:34:06 2026
    ** Copyright 1986-2022 Xilinx, Inc. All Rights Reserved.
    ** Copyright 2022-2025 Advanced Micro Devices, Inc. All Rights Reserved.

INFO: [VPL 60-839] Read in kernel information from file '/home/devsounio/cs6_scaled_taylor16/hardware/fpga/u250_target23_scaled_taylor16/_x/link/int/kernel_info.dat'.
INFO: [VPL 74-78] Compiler Version string: 2025.1
INFO: [VPL 60-423]   Target device: xilinx_u250_gen3x16_xdma_4_1_202210_1
INFO: [VPL 60-1032] Extracting hardware platform to /home/devsounio/cs6_scaled_taylor16/hardware/fpga/u250_target23_scaled_taylor16/_x/link/vivado/vpl/.local/hw_platform
[01:34:14] Run vpl: Step create_project: Started
Creating Vivado project.
[01:34:16] Run vpl: Step create_project: Completed
[01:34:16] Run vpl: Step create_bd: Started
[01:34:44] Run vpl: Step create_bd: Completed
[01:34:44] Run vpl: Step update_bd: Started
[01:34:44] Run vpl: Step update_bd: Completed
[01:34:44] Run vpl: Step generate_target: Started
[01:35:41] Run vpl: Step generate_target: Completed
[01:35:41] Run vpl: Step config_hw_runs: Started
[01:36:05] Run vpl: Step config_hw_runs: Completed
[01:36:05] Run vpl: Step synth: Started
[01:36:36] Block-level synthesis in progress, 0 of 1 jobs complete, 1 job running.
[01:37:06] Block-level synthesis in progress, 0 of 1 jobs complete, 1 job running.
[01:37:36] Block-level synthesis in progress, 0 of 1 jobs complete, 1 job running.
[01:38:06] Block-level synthesis in progress, 0 of 1 jobs complete, 1 job running.
[01:38:36] Block-level synthesis in progress, 0 of 1 jobs complete, 1 job running.
[01:39:06] Block-level synthesis in progress, 0 of 1 jobs complete, 1 job running.
[01:39:36] Block-level synthesis in progress, 0 of 1 jobs complete, 1 job running.
[01:40:06] Block-level synthesis in progress, 0 of 1 jobs complete, 1 job running.
[01:40:36] Block-level synthesis in progress, 0 of 1 jobs complete, 1 job running.
[01:41:06] Block-level synthesis in progress, 0 of 1 jobs complete, 1 job running.
[01:41:37] Block-level synthesis in progress, 0 of 1 jobs complete, 1 job running.
[01:42:07] Block-level synthesis in progress, 0 of 1 jobs complete, 1 job running.
[01:42:37] Block-level synthesis in progress, 0 of 1 jobs complete, 1 job running.
[01:43:07] Block-level synthesis in progress, 0 of 1 jobs complete, 1 job running.
[01:43:37] Block-level synthesis in progress, 0 of 1 jobs complete, 1 job running.
[01:44:07] Block-level synthesis in progress, 0 of 1 jobs complete, 1 job running.
[01:44:37] Block-level synthesis in progress, 0 of 1 jobs complete, 1 job running.
[01:45:07] Block-level synthesis in progress, 0 of 1 jobs complete, 1 job running.
[01:45:37] Block-level synthesis in progress, 0 of 1 jobs complete, 1 job running.
[01:46:08] Block-level synthesis in progress, 0 of 1 jobs complete, 1 job running.
[01:46:38] Block-level synthesis in progress, 0 of 1 jobs complete, 1 job running.
[01:47:08] Block-level synthesis in progress, 0 of 1 jobs complete, 1 job running.
[01:47:38] Block-level synthesis in progress, 0 of 1 jobs complete, 1 job running.
[01:48:08] Block-level synthesis in progress, 0 of 1 jobs complete, 1 job running.
[01:48:39] Block-level synthesis in progress, 0 of 1 jobs complete, 1 job running.
[01:49:09] Block-level synthesis in progress, 0 of 1 jobs complete, 1 job running.
[01:49:39] Block-level synthesis in progress, 0 of 1 jobs complete, 1 job running.
[01:50:09] Block-level synthesis in progress, 0 of 1 jobs complete, 1 job running.
[01:50:40] Block-level synthesis in progress, 1 of 1 jobs complete, 0 jobs running.
[01:51:10] Top-level synthesis in progress.
[01:51:40] Top-level synthesis in progress.
[01:52:09] Run vpl: Step synth: Completed
[01:52:09] Run vpl: Step impl: Started
[02:01:12] Finished 2nd of 6 tasks (FPGA linking synthesized kernels to platform). Elapsed time: 00h 27m 06s 

[02:01:12] Starting logic optimization..
[02:01:42] Phase 1 Initialization
[02:01:42] Phase 1.1 Core Generation And Design Setup
[02:01:42] Phase 1.1.1 Generate And Synthesize MIG Cores
[02:04:43] Phase 1.1.2 Generate And Synthesize Debug Cores
[02:06:13] Phase 1.2 Setup Constraints And Sort Netlist
[02:06:13] Phase 2 Timer Update And Timing Data Collection
[02:06:13] Phase 2.1 Timer Update
[02:06:44] Phase 2.2 Timing Data Collection
[02:06:44] Phase 3 Retarget
[02:06:44] Phase 4 Constant propagation
[02:06:44] Phase 5 Sweep
[02:07:14] Phase 6 BUFG optimization
[02:07:44] Phase 7 Shift Register Optimization
[02:07:44] Phase 8 Post Processing Netlist
[02:07:44] Phase 9 Finalization
[02:07:44] Phase 9.1 Finalizing Design Cores and Updating Shapes
[02:07:44] Phase 9.2 Verifying Netlist Connectivity
[02:08:14] Finished 3rd of 6 tasks (FPGA logic optimization). Elapsed time: 00h 07m 01s 

[02:08:14] Starting logic placement..
[02:08:44] Phase 1 Placer Initialization
[02:08:44] Phase 1.1 Placer Initialization Netlist Sorting
[02:15:16] Phase 1.2 IO Placement/ Clock Placement/ Build Placer Device
[02:16:16] Phase 1.3 Build Placer Netlist Model
[02:18:47] Phase 1.4 Constrain Clocks/Macros
[02:18:47] Phase 2 Global Placement
[02:18:47] Phase 2.1 Floorplanning
[02:20:17] Phase 2.1.1 Partition Driven Placement
[02:20:17] Phase 2.1.1.1 PBP: Partition Driven Placement
[02:21:18] Phase 2.1.1.2 PBP: Clock Region Placement
[02:23:19] Phase 2.1.1.3 PBP: Discrete Incremental
[02:23:49] Phase 2.1.1.4 PBP: Compute Congestion
[02:23:49] Phase 2.1.1.5 PBP: Macro Placement
[02:24:19] Phase 2.1.1.6 PBP: UpdateTiming
[02:24:19] Phase 2.1.1.7 PBP: Add part constraints
[02:24:49] Phase 2.2 Physical Synthesis After Floorplan
[02:25:19] Phase 2.3 Update Timing before SLR Path Opt
[02:25:19] Phase 2.4 Post-Processing in Floorplanning
[02:25:19] Phase 2.5 Global Place Phase1
[02:32:53] Phase 2.6 Global Place Phase2
[02:32:53] Phase 2.6.1 UpdateTiming Before Physical Synthesis
[02:33:23] Phase 2.6.2 Physical Synthesis In Placer
[02:36:55] Phase 3 Detail Placement
[02:37:25] Phase 3.1 Commit Multi Column Macros
[02:37:25] Phase 3.2 Commit Most Macros & LUTRAMs
[02:39:56] Phase 3.3 Small Shape DP
[02:39:56] Phase 3.3.1 Small Shape Clustering
[02:40:26] Phase 3.3.2 Slice Area Swap
[02:40:26] Phase 3.3.2.1 Slice Area Swap Initial
[02:41:57] Phase 3.4 Place Remaining
[02:42:27] Phase 3.5 Re-assign LUT pins
[02:42:57] Phase 3.6 Pipeline Register Optimization
[02:43:27] Phase 3.7 Fast Optimization
[02:44:28] Phase 4 Post Placement Optimization and Clean-Up
[02:44:28] Phase 4.1 Post Commit Optimization
[02:45:58] Phase 4.1.1 Post Placement Optimization
[02:45:58] Phase 4.1.1.1 BUFG Insertion
[02:45:58] Phase 1 Physical Synthesis Initialization
[02:46:59] Phase 4.1.1.2 BUFG Replication
[02:46:59] Phase 4.1.1.3 Post Placement Timing Optimization
[02:47:29] Phase 4.1.1.4 Replication
[02:48:29] Phase 4.2 Post Placement Cleanup
[02:48:29] Phase 4.3 Placer Reporting
[02:48:29] Phase 4.3.1 Print Estimated Congestion
[02:48:29] Phase 4.4 Final Placement Cleanup
[02:52:01] Finished 4th of 6 tasks (FPGA logic placement). Elapsed time: 00h 43m 46s 

[02:52:01] Starting logic routing..
[02:52:01] Phase 1 Build RT Design
[02:54:02] Phase 2 Router Initialization
[02:54:02] Phase 2.1 Fix Topology Constraints
[02:54:02] Phase 2.2 Pre Route Cleanup
[02:54:32] Phase 2.3 Global Clock Net Routing
[02:55:02] Phase 2.4 Update Timing
[02:56:33] Phase 2.5 Update Timing for Bus Skew
[02:56:33] Phase 2.5.1 Update Timing
[02:57:03] Phase 2.6 Soft Constraint Pins - Fast Budgeting
[02:57:33] Phase 3 Global Routing
[02:57:33] Phase 4 Initial Routing
[02:57:33] Phase 4.1 Initial Net Routing Pass
[02:59:04] Phase 5 Rip-up And Reroute
[02:59:04] Phase 5.1 Global Iteration 0
[03:05:36] Phase 5.2 Global Iteration 1
[03:06:37] Phase 6 Delay and Skew Optimization
[03:06:37] Phase 6.1 Delay CleanUp
[03:07:07] Phase 6.2 Clock Skew Optimization
[03:07:07] Phase 7 Post Hold Fix
[03:07:07] Phase 7.1 Hold Fix Iter
[03:07:37] Phase 8 Leaf Clock Prog Delay Opt
[03:08:07] Phase 9 Route finalize
[03:08:07] Phase 10 Verifying routed nets
[03:08:07] Phase 11 Depositing Routes
[03:08:38] Phase 12 Resolve XTalk
[03:08:38] Phase 13 Post Process Routing
[03:08:38] Phase 14 Post Router Timing
[03:08:38] Phase 14.1 Update Timing
[03:09:08] Phase 15 Post-Route Event Processing
[03:10:08] Finished 5th of 6 tasks (FPGA routing). Elapsed time: 00h 18m 07s 

[03:10:08] Starting bitstream generation..
[03:21:12] Creating bitmap...
[03:24:44] Writing bitstream ./level0_i_level1_level1_i_ulp_my_rm_partial.bit...
[03:24:44] Finished 6th of 6 tasks (FPGA bitstream generation). Elapsed time: 00h 14m 35s 
Check VPL, containing 11 checks, has run: 0 errors, 1 warning violation
WARNING: [AUTO-FREQ-SCALING-04] One or more timing paths failed timing requirements. The kernel clock ss_ucs/aclk_kernel_00 has an original frequency equal to 200 MHz. The frequency has been automatically changed to 102.9 MHz to enable proper functionality. The clock Id is 0.
[03:25:24] Run vpl: Step impl: Completed
[03:25:25] Run vpl: FINISHED. Run Status: impl Complete!
INFO: [v++ 60-1441] [03:25:25] Run run_link: Step vpl: Completed
Time (s): cpu = 00:00:38 ; elapsed = 01:51:21 . Memory (MB): peak = 515.832 ; gain = 0.000 ; free physical = 29829 ; free virtual = 76404
INFO: [v++ 60-1443] [03:25:25] Run run_link: Step rtdgen: Started
INFO: [v++ 60-1453] Command Line: rtdgen
INFO: [v++ 60-1454] Run Directory: /home/devsounio/cs6_scaled_taylor16/hardware/fpga/u250_target23_scaled_taylor16/_x/link/run_link
INFO: [v++ 60-991] clock name 'ss_ucs/aclk_kernel_00' (clock ID '0') is being mapped to clock name 'DATA_CLK' in the xclbin
INFO: [v++ 60-991] clock name 'ss_ucs/aclk_kernel_01' (clock ID '1') is being mapped to clock name 'KERNEL_CLK' in the xclbin
INFO: [v++ 60-1230] The compiler selected the following frequencies for the runtime controllable kernel clock(s) and scalable system clock(s): Kernel (DATA) clock: ss_ucs/aclk_kernel_00 = 102, Kernel (KERNEL) clock: ss_ucs/aclk_kernel_01 = 500
INFO: [v++ 60-1453] Command Line: cf2sw -a /home/devsounio/cs6_scaled_taylor16/hardware/fpga/u250_target23_scaled_taylor16/_x/link/int/address_map.xml -sdsl /home/devsounio/cs6_scaled_taylor16/hardware/fpga/u250_target23_scaled_taylor16/_x/link/int/sdsl.dat -xclbin /home/devsounio/cs6_scaled_taylor16/hardware/fpga/u250_target23_scaled_taylor16/_x/link/int/xclbin_orig.xml -rtd /home/devsounio/cs6_scaled_taylor16/hardware/fpga/u250_target23_scaled_taylor16/_x/link/int/target23_scaled_taylor16.rtd -o /home/devsounio/cs6_scaled_taylor16/hardware/fpga/u250_target23_scaled_taylor16/_x/link/int/target23_scaled_taylor16.xml
INFO: [v++ 60-1652] Cf2sw returned exit code: 0
INFO: [v++ 60-1441] [03:25:27] Run run_link: Step rtdgen: Completed
Time (s): cpu = 00:00:02 ; elapsed = 00:00:02 . Memory (MB): peak = 515.832 ; gain = 0.000 ; free physical = 29815 ; free virtual = 76389
INFO: [v++ 60-1443] [03:25:27] Run run_link: Step xclbinutil: Started
INFO: [v++ 60-1453] Command Line: xclbinutil --add-section BITSTREAM:RAW:/home/devsounio/cs6_scaled_taylor16/hardware/fpga/u250_target23_scaled_taylor16/_x/link/int/partial.bit --force --target hw --key-value SYS:dfx_enable:true --add-section :JSON:/home/devsounio/cs6_scaled_taylor16/hardware/fpga/u250_target23_scaled_taylor16/_x/link/int/target23_scaled_taylor16.rtd --append-section :JSON:/home/devsounio/cs6_scaled_taylor16/hardware/fpga/u250_target23_scaled_taylor16/_x/link/int/appendSection.rtd --add-section CLOCK_FREQ_TOPOLOGY:JSON:/home/devsounio/cs6_scaled_taylor16/hardware/fpga/u250_target23_scaled_taylor16/_x/link/int/target23_scaled_taylor16_xml.rtd --add-section BUILD_METADATA:JSON:/home/devsounio/cs6_scaled_taylor16/hardware/fpga/u250_target23_scaled_taylor16/_x/link/int/target23_scaled_taylor16_build.rtd --add-section EMBEDDED_METADATA:RAW:/home/devsounio/cs6_scaled_taylor16/hardware/fpga/u250_target23_scaled_taylor16/_x/link/int/target23_scaled_taylor16.xml --add-section SYSTEM_METADATA:RAW:/home/devsounio/cs6_scaled_taylor16/hardware/fpga/u250_target23_scaled_taylor16/_x/link/int/systemDiagramModelSlrBaseAddress.json --key-value SYS:PlatformVBNV:xilinx_u250_gen3x16_xdma_4_1_202210_1 --output /home/devsounio/cs6_scaled_taylor16/hardware/fpga/u250_target23_scaled_taylor16/build/target23_scaled_taylor16.xclbin
INFO: [v++ 60-1454] Run Directory: /home/devsounio/cs6_scaled_taylor16/hardware/fpga/u250_target23_scaled_taylor16/_x/link/run_link
XRT Build Version: 2.19.0 (Vitis)
       Build Date: 2025-02-07 10:52:04
          Hash ID: f02de266f785111094b02d32a9012bd0da3abd58
Creating a default 'in-memory' xclbin image.

Section: 'BITSTREAM'(0) was successfully added.
Size   : 56876298 bytes
Format : RAW
File   : '/home/devsounio/cs6_scaled_taylor16/hardware/fpga/u250_target23_scaled_taylor16/_x/link/int/partial.bit'

Section: 'MEM_TOPOLOGY'(6) was successfully added.
Format : JSON
File   : 'mem_topology'

Section: 'IP_LAYOUT'(8) was successfully added.
Format : JSON
File   : 'ip_layout'

Section: 'CONNECTIVITY'(7) was successfully added.
Format : JSON
File   : 'connectivity'

Section: 'CLOCK_FREQ_TOPOLOGY'(11) was successfully added.
Size   : 274 bytes
Format : JSON
File   : '/home/devsounio/cs6_scaled_taylor16/hardware/fpga/u250_target23_scaled_taylor16/_x/link/int/target23_scaled_taylor16_xml.rtd'

Section: 'BUILD_METADATA'(14) was successfully added.
Size   : 2391 bytes
Format : JSON
File   : '/home/devsounio/cs6_scaled_taylor16/hardware/fpga/u250_target23_scaled_taylor16/_x/link/int/target23_scaled_taylor16_build.rtd'

Section: 'EMBEDDED_METADATA'(2) was successfully added.
Size   : 60448 bytes
Format : RAW
File   : '/home/devsounio/cs6_scaled_taylor16/hardware/fpga/u250_target23_scaled_taylor16/_x/link/int/target23_scaled_taylor16.xml'

Section: 'SYSTEM_METADATA'(22) was successfully added.
Size   : 20905 bytes
Format : RAW
File   : '/home/devsounio/cs6_scaled_taylor16/hardware/fpga/u250_target23_scaled_taylor16/_x/link/int/systemDiagramModelSlrBaseAddress.json'

Section: 'PARTITION_METADATA'(20) was successfully appended to.
Format : JSON
File   : 'partition_metadata'

Section: 'IP_LAYOUT'(8) was successfully appended to.
Format : JSON
File   : 'ip_layout'
Successfully wrote (56974000 bytes) to the output file: /home/devsounio/cs6_scaled_taylor16/hardware/fpga/u250_target23_scaled_taylor16/build/target23_scaled_taylor16.xclbin
Leaving xclbinutil.
INFO: [v++ 60-1441] [03:25:28] Run run_link: Step xclbinutil: Completed
Time (s): cpu = 00:00:00.09 ; elapsed = 00:00:00.22 . Memory (MB): peak = 515.832 ; gain = 0.000 ; free physical = 29764 ; free virtual = 76392
INFO: [v++ 60-1443] [03:25:28] Run run_link: Step xclbinutilinfo: Started
INFO: [v++ 60-1453] Command Line: xclbinutil --quiet --force --info /home/devsounio/cs6_scaled_taylor16/hardware/fpga/u250_target23_scaled_taylor16/build/target23_scaled_taylor16.xclbin.info --input /home/devsounio/cs6_scaled_taylor16/hardware/fpga/u250_target23_scaled_taylor16/build/target23_scaled_taylor16.xclbin
INFO: [v++ 60-1454] Run Directory: /home/devsounio/cs6_scaled_taylor16/hardware/fpga/u250_target23_scaled_taylor16/_x/link/run_link
INFO: [v++ 60-1441] [03:25:28] Run run_link: Step xclbinutilinfo: Completed
Time (s): cpu = 00:00:00.41 ; elapsed = 00:00:00.48 . Memory (MB): peak = 515.832 ; gain = 0.000 ; free physical = 29765 ; free virtual = 76394
Check POST-VPL, containing 1 checks, has run: 0 errors
INFO: [v++ 60-244] Generating system estimate report...
INFO: [v++ 60-1092] Generated system estimate report: /home/devsounio/cs6_scaled_taylor16/hardware/fpga/u250_target23_scaled_taylor16/_x/reports/link/system_estimate_target23_scaled_taylor16.xtxt
INFO: [v++ 60-586] Created /home/devsounio/cs6_scaled_taylor16/hardware/fpga/u250_target23_scaled_taylor16/build/target23_scaled_taylor16.ltx
INFO: [v++ 60-586] Created build/target23_scaled_taylor16.xclbin
INFO: [v++ 60-1307] Run completed. Additional information can be found in:
	Guidance: /home/devsounio/cs6_scaled_taylor16/hardware/fpga/u250_target23_scaled_taylor16/_x/reports/link/v++_link_target23_scaled_taylor16_guidance.html
	Timing Report: /home/devsounio/cs6_scaled_taylor16/hardware/fpga/u250_target23_scaled_taylor16/_x/reports/link/imp/impl_1_hw_bb_locked_timing_summary_routed.rpt
	Vivado Log: /home/devsounio/cs6_scaled_taylor16/hardware/fpga/u250_target23_scaled_taylor16/_x/logs/link/vivado.log
	Steps Log File: /home/devsounio/cs6_scaled_taylor16/hardware/fpga/u250_target23_scaled_taylor16/_x/logs/link/link.steps.log

INFO: [v++ 60-2343] Use the Vitis Unified IDE to visualize and navigate the reports. Run the following command. 
    vitis --analyze /home/devsounio/cs6_scaled_taylor16/hardware/fpga/u250_target23_scaled_taylor16/build/target23_scaled_taylor16.xclbin.link_summary 
INFO: [v++ 60-791] Total elapsed time: 1h 51m 40s
INFO: [v++ 60-1653] Closing dispatch client.
