Option Map File Used: '/opt/amd/2025.1/Vitis/data/vitis/vpp/optMap.xml'

****** v++ v2025.1 (64-bit)
  **** SW Build 6137779 on 2025-05-21-18:10:03
  **** Start of session at: Mon Aug  3 22:37:49 2026
    ** Copyright 1986-2022 Xilinx, Inc. All Rights Reserved.
    ** Copyright 2022-2025 Advanced Micro Devices, Inc. All Rights Reserved.

INFO: [v++ 60-1306] Additional information associated with this v++ compile can be found at:
	Reports: /home/devsounio/cs6_scaled_taylor16/hardware/fpga/u250_target23_scaled_taylor16/_x/reports/target23_scaled_taylor16
	Log files: /home/devsounio/cs6_scaled_taylor16/hardware/fpga/u250_target23_scaled_taylor16/_x/logs/target23_scaled_taylor16
INFO: [v++ 60-1548] Creating build summary session with primary output /home/devsounio/cs6_scaled_taylor16/hardware/fpga/u250_target23_scaled_taylor16/build/target23_scaled_taylor16.xo.compile_summary, at Mon Aug  3 22:37:52 2026
INFO: [v++ 60-1315] Creating rulecheck session with output '/home/devsounio/cs6_scaled_taylor16/hardware/fpga/u250_target23_scaled_taylor16/_x/reports/target23_scaled_taylor16/v++_compile_target23_scaled_taylor16_guidance.html', at Mon Aug  3 22:37:52 2026
INFO: [v++ 60-895]   Target platform: /opt/xilinx/platforms/xilinx_u250_gen3x16_xdma_4_1_202210_1/xilinx_u250_gen3x16_xdma_4_1_202210_1.xpfm
INFO: [v++ 60-1578]   This platform contains Xilinx Shell Archive '/opt/xilinx/platforms/xilinx_u250_gen3x16_xdma_4_1_202210_1/hw/hw.xsa'
INFO: [v++ 74-78] Compiler Version string: 2025.1
INFO: [v++ 60-1302] Platform 'xilinx_u250_gen3x16_xdma_4_1_202210_1.xpfm' has been explicitly enabled for this release.
INFO: [v++ 60-585] Compiling for hardware target
INFO: [v++ 60-423]   Target device: xilinx_u250_gen3x16_xdma_4_1_202210_1
INFO: [v++ 60-242] Creating kernel: 'target23_scaled_taylor16'

===>The following messages were generated while  performing high-level synthesis for kernel: target23_scaled_taylor16 Log file: /home/devsounio/cs6_scaled_taylor16/hardware/fpga/u250_target23_scaled_taylor16/_x/target23_scaled_taylor16/target23_scaled_taylor16/vitis_hls.log :
INFO: [v++ 204-61] Pipelining loop 'VITIS_LOOP_237_5'.
INFO: [v++ 200-1470] Pipelining result : Target II = NA, Final II = 1, Depth = 2, loop 'VITIS_LOOP_237_5'
INFO: [v++ 204-61] Pipelining loop 'VITIS_LOOP_135_1'.
INFO: [v++ 200-1470] Pipelining result : Target II = NA, Final II = 1, Depth = 1, loop 'VITIS_LOOP_135_1'
INFO: [v++ 204-61] Pipelining loop 'convolution_loop'.
INFO: [v++ 200-1470] Pipelining result : Target II = NA, Final II = 1, Depth = 10, loop 'convolution_loop'
INFO: [v++ 204-61] Pipelining loop 'VITIS_LOOP_249_6_VITIS_LOOP_250_7'.
INFO: [v++ 200-1470] Pipelining result : Target II = NA, Final II = 2, Depth = 3, loop 'VITIS_LOOP_249_6_VITIS_LOOP_250_7'
INFO: [v++ 204-61] Pipelining loop 'VITIS_LOOP_264_9'.
INFO: [v++ 200-1470] Pipelining result : Target II = NA, Final II = 1, Depth = 2, loop 'VITIS_LOOP_264_9'
INFO: [v++ 204-61] Pipelining loop 'VITIS_LOOP_264_9'.
INFO: [v++ 200-1470] Pipelining result : Target II = NA, Final II = 1, Depth = 2, loop 'VITIS_LOOP_264_9'
INFO: [v++ 204-61] Pipelining loop 'VITIS_LOOP_264_9'.
INFO: [v++ 200-1470] Pipelining result : Target II = NA, Final II = 1, Depth = 2, loop 'VITIS_LOOP_264_9'
INFO: [v++ 204-61] Pipelining loop 'VITIS_LOOP_264_9'.
INFO: [v++ 200-1470] Pipelining result : Target II = NA, Final II = 1, Depth = 2, loop 'VITIS_LOOP_264_9'
INFO: [v++ 204-61] Pipelining loop 'VITIS_LOOP_270_10'.
INFO: [v++ 200-1470] Pipelining result : Target II = NA, Final II = 2, Depth = 3, loop 'VITIS_LOOP_270_10'
INFO: [v++ 204-61] Pipelining loop 'VITIS_LOOP_274_11'.
INFO: [v++ 200-1470] Pipelining result : Target II = NA, Final II = 2, Depth = 3, loop 'VITIS_LOOP_274_11'
INFO: [v++ 204-61] Pipelining loop 'VITIS_LOOP_278_12'.
INFO: [v++ 200-1470] Pipelining result : Target II = NA, Final II = 2, Depth = 3, loop 'VITIS_LOOP_278_12'
INFO: [v++ 200-790] **** Loop Constraint Status: All loop constraints were NOT satisfied.
INFO: [v++ 200-789] **** Estimated Fmax: 411.00 MHz
INFO: [v++ 60-594] Finished kernel compilation
INFO: [v++ 60-244] Generating system estimate report...
INFO: [v++ 60-1092] Generated system estimate report: /home/devsounio/cs6_scaled_taylor16/hardware/fpga/u250_target23_scaled_taylor16/_x/reports/target23_scaled_taylor16/system_estimate_target23_scaled_taylor16.xtxt
INFO: [v++ 60-586] Created build/target23_scaled_taylor16.xo
INFO: [v++ 60-2343] Use the Vitis Unified IDE to visualize and navigate the reports. Run the following command. 
    vitis --analyze /home/devsounio/cs6_scaled_taylor16/hardware/fpga/u250_target23_scaled_taylor16/build/target23_scaled_taylor16.xo.compile_summary 
INFO: [v++ 60-791] Total elapsed time: 0h 1m 4s
INFO: [v++ 60-1653] Closing dispatch client.
Option Map File Used: '/opt/amd/2025.1/Vitis/data/vitis/vpp/optMap.xml'

****** v++ v2025.1 (64-bit)
  **** SW Build 6137779 on 2025-05-21-18:10:03
  **** Start of session at: Mon Aug  3 22:38:55 2026
    ** Copyright 1986-2022 Xilinx, Inc. All Rights Reserved.
    ** Copyright 2022-2025 Advanced Micro Devices, Inc. All Rights Reserved.

INFO: [v++ 60-1306] Additional information associated with this v++ link can be found at:
	Reports: /home/devsounio/cs6_scaled_taylor16/hardware/fpga/u250_target23_scaled_taylor16/_x/reports/link
	Log files: /home/devsounio/cs6_scaled_taylor16/hardware/fpga/u250_target23_scaled_taylor16/_x/logs/link
INFO: [v++ 60-1548] Creating build summary session with primary output /home/devsounio/cs6_scaled_taylor16/hardware/fpga/u250_target23_scaled_taylor16/build/target23_scaled_taylor16.xclbin.link_summary, at Mon Aug  3 22:38:58 2026
INFO: [v++ 60-1315] Creating rulecheck session with output '/home/devsounio/cs6_scaled_taylor16/hardware/fpga/u250_target23_scaled_taylor16/_x/reports/link/v++_link_target23_scaled_taylor16_guidance.html', at Mon Aug  3 22:38:58 2026
INFO: [v++ 60-895]   Target platform: /opt/xilinx/platforms/xilinx_u250_gen3x16_xdma_4_1_202210_1/xilinx_u250_gen3x16_xdma_4_1_202210_1.xpfm
INFO: [v++ 60-1578]   This platform contains Xilinx Shell Archive '/opt/xilinx/platforms/xilinx_u250_gen3x16_xdma_4_1_202210_1/hw/hw.xsa'
INFO: [v++ 74-78] Compiler Version string: 2025.1
INFO: [v++ 60-1302] Platform 'xilinx_u250_gen3x16_xdma_4_1_202210_1.xpfm' has been explicitly enabled for this release.
INFO: [v++ 60-629] Linking for hardware target
INFO: [v++ 60-423]   Target device: xilinx_u250_gen3x16_xdma_4_1_202210_1
INFO: [v++ 60-1332] Run 'run_link' status: Not started
INFO: [v++ 60-1443] [22:39:01] Run run_link: Step system_link: Started
INFO: [v++ 60-1453] Command Line: system_link --xo /home/devsounio/cs6_scaled_taylor16/hardware/fpga/u250_target23_scaled_taylor16/build/target23_scaled_taylor16.xo --config /home/devsounio/cs6_scaled_taylor16/hardware/fpga/u250_target23_scaled_taylor16/_x/link/int/syslinkConfig.ini --xpfm /opt/xilinx/platforms/xilinx_u250_gen3x16_xdma_4_1_202210_1/xilinx_u250_gen3x16_xdma_4_1_202210_1.xpfm --target hw --output_dir /home/devsounio/cs6_scaled_taylor16/hardware/fpga/u250_target23_scaled_taylor16/_x/link/int --temp_dir /home/devsounio/cs6_scaled_taylor16/hardware/fpga/u250_target23_scaled_taylor16/_x/link/sys_link
INFO: [v++ 60-1454] Run Directory: /home/devsounio/cs6_scaled_taylor16/hardware/fpga/u250_target23_scaled_taylor16/_x/link/run_link
INFO: [SYSTEM_LINK 82-70] Extracting xo v3 file /home/devsounio/cs6_scaled_taylor16/hardware/fpga/u250_target23_scaled_taylor16/build/target23_scaled_taylor16.xo
INFO: [SYSTEM_LINK 82-53] Creating IP database /home/devsounio/cs6_scaled_taylor16/hardware/fpga/u250_target23_scaled_taylor16/_x/link/sys_link/_sysl/.cdb/xd_ip_db.xml
INFO: [SYSTEM_LINK 82-38] [22:39:02] build_xd_ip_db started: /opt/amd/2025.1/Vitis/bin/build_xd_ip_db -ip_search 0  -sds-pf /home/devsounio/cs6_scaled_taylor16/hardware/fpga/u250_target23_scaled_taylor16/_x/link/sys_link/hw.hpfm -clkid 0 -ip /home/devsounio/cs6_scaled_taylor16/hardware/fpga/u250_target23_scaled_taylor16/_x/link/sys_link/iprepo/xilinx_com_hls_target23_scaled_taylor16_1_0,target23_scaled_taylor16 -o /home/devsounio/cs6_scaled_taylor16/hardware/fpga/u250_target23_scaled_taylor16/_x/link/sys_link/_sysl/.cdb/xd_ip_db.xml
INFO: [SYSTEM_LINK 82-37] [22:39:02] build_xd_ip_db finished successfully
Time (s): cpu = 00:00:00.23 ; elapsed = 00:00:00.25 . Memory (MB): peak = 498.832 ; gain = 0.000 ; free physical = 26100 ; free virtual = 79282
INFO: [SYSTEM_LINK 82-51] Create system connectivity graph
INFO: [SYSTEM_LINK 82-102] Applying explicit connections to the system connectivity graph: /home/devsounio/cs6_scaled_taylor16/hardware/fpga/u250_target23_scaled_taylor16/_x/link/sys_link/cfgraph/cfgen_cfgraph.xml
INFO: [SYSTEM_LINK 82-38] [22:39:02] cfgen started: /opt/amd/2025.1/Vitis/bin/cfgen  -nk target23_scaled_taylor16:1:target23_scaled_taylor16_1 -sp target23_scaled_taylor16_1.input:DDR[0] -sp target23_scaled_taylor16_1.output:DDR[1] -dpa_mem_offload false -dpa_aie_mem_offload false -dmclkid 0 -r /home/devsounio/cs6_scaled_taylor16/hardware/fpga/u250_target23_scaled_taylor16/_x/link/sys_link/_sysl/.cdb/xd_ip_db.xml -o /home/devsounio/cs6_scaled_taylor16/hardware/fpga/u250_target23_scaled_taylor16/_x/link/sys_link/cfgraph/cfgen_cfgraph.xml
INFO: [CFGEN 83-0] Kernel Specs: 
INFO: [CFGEN 83-0]   kernel: target23_scaled_taylor16, num: 1  {target23_scaled_taylor16_1}
INFO: [CFGEN 83-0] Port Specs: 
INFO: [CFGEN 83-0]   kernel: target23_scaled_taylor16_1, k_port: input, sptag: DDR[0]
INFO: [CFGEN 83-0]   kernel: target23_scaled_taylor16_1, k_port: output, sptag: DDR[1]
INFO: [SYSTEM_LINK 82-37] [22:39:06] cfgen finished successfully
Time (s): cpu = 00:00:03 ; elapsed = 00:00:03 . Memory (MB): peak = 498.832 ; gain = 0.000 ; free physical = 26078 ; free virtual = 79278
INFO: [SYSTEM_LINK 82-52] Create top-level block diagram
INFO: [SYSTEM_LINK 82-38] [22:39:06] cf2bd started: /opt/amd/2025.1/Vitis/bin/cf2bd  --linux --trace_buffer 1024 --input_file /home/devsounio/cs6_scaled_taylor16/hardware/fpga/u250_target23_scaled_taylor16/_x/link/sys_link/cfgraph/cfgen_cfgraph.xml --ip_db /home/devsounio/cs6_scaled_taylor16/hardware/fpga/u250_target23_scaled_taylor16/_x/link/sys_link/_sysl/.cdb/xd_ip_db.xml --cf_name dr --working_dir /home/devsounio/cs6_scaled_taylor16/hardware/fpga/u250_target23_scaled_taylor16/_x/link/sys_link/_sysl/.xsd --temp_dir /home/devsounio/cs6_scaled_taylor16/hardware/fpga/u250_target23_scaled_taylor16/_x/link/sys_link --output_dir /home/devsounio/cs6_scaled_taylor16/hardware/fpga/u250_target23_scaled_taylor16/_x/link/int --target_bd ulp.bd
INFO: [CF2BD 82-31] Launching cf2xd: cf2xd -linux -trace-buffer 1024 -i /home/devsounio/cs6_scaled_taylor16/hardware/fpga/u250_target23_scaled_taylor16/_x/link/sys_link/cfgraph/cfgen_cfgraph.xml -r /home/devsounio/cs6_scaled_taylor16/hardware/fpga/u250_target23_scaled_taylor16/_x/link/sys_link/_sysl/.cdb/xd_ip_db.xml -o dr.xml
INFO: [CF2BD 82-28] cf2xd finished successfully
INFO: [CF2BD 82-31] Launching cf_xsd: cf_xsd -disable-address-gen -bd ulp.bd -dn dr -dp /home/devsounio/cs6_scaled_taylor16/hardware/fpga/u250_target23_scaled_taylor16/_x/link/sys_link/_sysl/.xsd
INFO: [CF2BD 82-28] cf_xsd finished successfully
INFO: [SYSTEM_LINK 82-37] [22:39:08] cf2bd finished successfully
Time (s): cpu = 00:00:02 ; elapsed = 00:00:02 . Memory (MB): peak = 498.832 ; gain = 0.000 ; free physical = 25994 ; free virtual = 79264
INFO: [v++ 60-1441] [22:39:08] Run run_link: Step system_link: Completed
Time (s): cpu = 00:00:07 ; elapsed = 00:00:07 . Memory (MB): peak = 515.836 ; gain = 0.000 ; free physical = 26104 ; free virtual = 79369
INFO: [v++ 60-1443] [22:39:08] Run run_link: Step cf2sw: Started
INFO: [v++ 60-1453] Command Line: cf2sw -sdsl /home/devsounio/cs6_scaled_taylor16/hardware/fpga/u250_target23_scaled_taylor16/_x/link/int/sdsl.dat -rtd /home/devsounio/cs6_scaled_taylor16/hardware/fpga/u250_target23_scaled_taylor16/_x/link/int/cf2sw.rtd -nofilter /home/devsounio/cs6_scaled_taylor16/hardware/fpga/u250_target23_scaled_taylor16/_x/link/int/cf2sw_full.rtd -xclbin /home/devsounio/cs6_scaled_taylor16/hardware/fpga/u250_target23_scaled_taylor16/_x/link/int/xclbin_orig.xml -o /home/devsounio/cs6_scaled_taylor16/hardware/fpga/u250_target23_scaled_taylor16/_x/link/int/xclbin_orig.1.xml
INFO: [v++ 60-1454] Run Directory: /home/devsounio/cs6_scaled_taylor16/hardware/fpga/u250_target23_scaled_taylor16/_x/link/run_link
INFO: [v++ 60-1441] [22:39:11] Run run_link: Step cf2sw: Completed
Time (s): cpu = 00:00:03 ; elapsed = 00:00:03 . Memory (MB): peak = 515.836 ; gain = 0.000 ; free physical = 26103 ; free virtual = 79372
INFO: [v++ 60-1443] [22:39:11] Run run_link: Step rtd2_system_diagram: Started
INFO: [v++ 60-1453] Command Line: rtd2SystemDiagram
INFO: [v++ 60-1454] Run Directory: /home/devsounio/cs6_scaled_taylor16/hardware/fpga/u250_target23_scaled_taylor16/_x/link/run_link
INFO: [v++ 60-1441] [22:39:11] Run run_link: Step rtd2_system_diagram: Completed
Time (s): cpu = 00:00:00 ; elapsed = 00:00:00.23 . Memory (MB): peak = 515.836 ; gain = 0.000 ; free physical = 26090 ; free virtual = 79359
INFO: [v++ 60-1443] [22:39:11] Run run_link: Step vpl: Started
INFO: [v++ 60-1453] Command Line: vpl -t hw -f /opt/xilinx/platforms/xilinx_u250_gen3x16_xdma_4_1_202210_1/xilinx_u250_gen3x16_xdma_4_1_202210_1.xpfm --remote_ip_cache /home/devsounio/cs6_scaled_taylor16/hardware/fpga/u250_target23_scaled_taylor16/.ipcache --output_dir /home/devsounio/cs6_scaled_taylor16/hardware/fpga/u250_target23_scaled_taylor16/_x/link/int --log_dir /home/devsounio/cs6_scaled_taylor16/hardware/fpga/u250_target23_scaled_taylor16/_x/logs/link --report_dir /home/devsounio/cs6_scaled_taylor16/hardware/fpga/u250_target23_scaled_taylor16/_x/reports/link --config /home/devsounio/cs6_scaled_taylor16/hardware/fpga/u250_target23_scaled_taylor16/_x/link/int/vplConfig.ini -k /home/devsounio/cs6_scaled_taylor16/hardware/fpga/u250_target23_scaled_taylor16/_x/link/int/kernel_info.dat --webtalk_flag Vitis --temp_dir /home/devsounio/cs6_scaled_taylor16/hardware/fpga/u250_target23_scaled_taylor16/_x/link --no-info --iprepo /home/devsounio/cs6_scaled_taylor16/hardware/fpga/u250_target23_scaled_taylor16/_x/link/int/xo/ip_repo/xilinx_com_hls_target23_scaled_taylor16_1_0 --messageDb /home/devsounio/cs6_scaled_taylor16/hardware/fpga/u250_target23_scaled_taylor16/_x/link/run_link/vpl.pb /home/devsounio/cs6_scaled_taylor16/hardware/fpga/u250_target23_scaled_taylor16/_x/link/int/dr.bd.tcl
INFO: [v++ 60-1454] Run Directory: /home/devsounio/cs6_scaled_taylor16/hardware/fpga/u250_target23_scaled_taylor16/_x/link/run_link

****** vpl v2025.1 (64-bit)
  **** SW Build 6137779 on 2025-05-21-18:10:03
  **** Start of session at: Mon Aug  3 22:39:12 2026
    ** Copyright 1986-2022 Xilinx, Inc. All Rights Reserved.
    ** Copyright 2022-2025 Advanced Micro Devices, Inc. All Rights Reserved.

INFO: [VPL 60-839] Read in kernel information from file '/home/devsounio/cs6_scaled_taylor16/hardware/fpga/u250_target23_scaled_taylor16/_x/link/int/kernel_info.dat'.
INFO: [VPL 74-78] Compiler Version string: 2025.1
INFO: [VPL 60-423]   Target device: xilinx_u250_gen3x16_xdma_4_1_202210_1
INFO: [VPL 60-1032] Extracting hardware platform to /home/devsounio/cs6_scaled_taylor16/hardware/fpga/u250_target23_scaled_taylor16/_x/link/vivado/vpl/.local/hw_platform
[22:39:20] Run vpl: Step create_project: Started
Creating Vivado project.
[22:39:22] Run vpl: Step create_project: Completed
[22:39:22] Run vpl: Step create_bd: Started
[22:39:50] Run vpl: Step create_bd: Completed
[22:39:50] Run vpl: Step update_bd: Started
[22:39:50] Run vpl: Step update_bd: Completed
[22:39:50] Run vpl: Step generate_target: Started
[22:41:06] Run vpl: Step generate_target: RUNNING...
[22:41:18] Run vpl: Step generate_target: Completed
[22:41:18] Run vpl: Step config_hw_runs: Started
[22:42:33] Run vpl: Step config_hw_runs: RUNNING...
[22:42:44] Run vpl: Step config_hw_runs: Completed
[22:42:44] Run vpl: Step synth: Started
[22:43:14] Block-level synthesis in progress, 0 of 187 jobs complete, 8 jobs running.
[22:43:44] Block-level synthesis in progress, 0 of 187 jobs complete, 8 jobs running.
[22:44:15] Block-level synthesis in progress, 0 of 187 jobs complete, 8 jobs running.
[22:44:46] Block-level synthesis in progress, 7 of 187 jobs complete, 1 job running.
[22:45:16] Block-level synthesis in progress, 9 of 187 jobs complete, 6 jobs running.
[22:45:46] Block-level synthesis in progress, 15 of 187 jobs complete, 2 jobs running.
[22:46:16] Block-level synthesis in progress, 20 of 187 jobs complete, 3 jobs running.
[22:46:46] Block-level synthesis in progress, 21 of 187 jobs complete, 7 jobs running.
[22:47:16] Block-level synthesis in progress, 25 of 187 jobs complete, 5 jobs running.
[22:47:46] Block-level synthesis in progress, 29 of 187 jobs complete, 6 jobs running.
[22:48:17] Block-level synthesis in progress, 29 of 187 jobs complete, 8 jobs running.
[22:48:47] Block-level synthesis in progress, 35 of 187 jobs complete, 2 jobs running.
[22:49:17] Block-level synthesis in progress, 36 of 187 jobs complete, 8 jobs running.
[22:49:47] Block-level synthesis in progress, 40 of 187 jobs complete, 4 jobs running.
[22:50:17] Block-level synthesis in progress, 43 of 187 jobs complete, 5 jobs running.
[22:50:47] Block-level synthesis in progress, 43 of 187 jobs complete, 8 jobs running.
[22:51:17] Block-level synthesis in progress, 50 of 187 jobs complete, 1 job running.
[22:51:48] Block-level synthesis in progress, 50 of 187 jobs complete, 8 jobs running.
[22:52:18] Block-level synthesis in progress, 56 of 187 jobs complete, 2 jobs running.
[22:52:48] Block-level synthesis in progress, 61 of 187 jobs complete, 3 jobs running.
[22:53:18] Block-level synthesis in progress, 64 of 187 jobs complete, 5 jobs running.
[22:53:48] Block-level synthesis in progress, 69 of 187 jobs complete, 5 jobs running.
[22:54:19] Block-level synthesis in progress, 76 of 187 jobs complete, 5 jobs running.
[22:54:49] Block-level synthesis in progress, 83 of 187 jobs complete, 5 jobs running.
[22:55:19] Block-level synthesis in progress, 88 of 187 jobs complete, 7 jobs running.
[22:55:49] Block-level synthesis in progress, 89 of 187 jobs complete, 8 jobs running.
[22:56:19] Block-level synthesis in progress, 94 of 187 jobs complete, 6 jobs running.
[22:56:50] Block-level synthesis in progress, 98 of 187 jobs complete, 6 jobs running.
[22:57:20] Block-level synthesis in progress, 105 of 187 jobs complete, 1 job running.
[22:57:50] Block-level synthesis in progress, 107 of 187 jobs complete, 6 jobs running.
[22:58:20] Block-level synthesis in progress, 112 of 187 jobs complete, 3 jobs running.
[22:58:51] Block-level synthesis in progress, 118 of 187 jobs complete, 2 jobs running.
[22:59:21] Block-level synthesis in progress, 125 of 187 jobs complete, 1 job running.
[22:59:51] Block-level synthesis in progress, 132 of 187 jobs complete, 1 job running.
[23:00:21] Block-level synthesis in progress, 139 of 187 jobs complete, 1 job running.
[23:00:52] Block-level synthesis in progress, 146 of 187 jobs complete, 1 job running.
[23:01:22] Block-level synthesis in progress, 150 of 187 jobs complete, 4 jobs running.
[23:01:52] Block-level synthesis in progress, 154 of 187 jobs complete, 4 jobs running.
[23:02:22] Block-level synthesis in progress, 158 of 187 jobs complete, 4 jobs running.
[23:02:53] Block-level synthesis in progress, 159 of 187 jobs complete, 7 jobs running.
[23:03:23] Block-level synthesis in progress, 164 of 187 jobs complete, 3 jobs running.
[23:03:53] Block-level synthesis in progress, 164 of 187 jobs complete, 8 jobs running.
[23:04:24] Block-level synthesis in progress, 169 of 187 jobs complete, 7 jobs running.
[23:04:54] Block-level synthesis in progress, 172 of 187 jobs complete, 7 jobs running.
[23:05:24] Block-level synthesis in progress, 176 of 187 jobs complete, 4 jobs running.
[23:05:54] Block-level synthesis in progress, 181 of 187 jobs complete, 5 jobs running.
[23:06:25] Block-level synthesis in progress, 183 of 187 jobs complete, 3 jobs running.
[23:06:55] Block-level synthesis in progress, 186 of 187 jobs complete, 0 jobs running.
[23:07:25] Block-level synthesis in progress, 186 of 187 jobs complete, 1 job running.
[23:07:56] Block-level synthesis in progress, 186 of 187 jobs complete, 1 job running.
[23:08:26] Top-level synthesis in progress.
[23:08:56] Top-level synthesis in progress.
[23:09:37] Run vpl: Step synth: Completed
[23:09:37] Run vpl: Step impl: Started
[23:20:16] Finished 2nd of 6 tasks (FPGA linking synthesized kernels to platform). Elapsed time: 00h 41m 04s 

[23:20:16] Starting logic optimization..
[23:21:17] Phase 1 Initialization
[23:21:17] Phase 1.1 Core Generation And Design Setup
[23:21:17] Phase 1.1.1 Generate And Synthesize MIG Cores
[23:26:51] Phase 1.1.2 Generate And Synthesize Debug Cores
[23:29:23] Phase 1.2 Setup Constraints And Sort Netlist
[23:29:23] Phase 2 Timer Update And Timing Data Collection
[23:29:23] Phase 2.1 Timer Update
[23:29:53] Phase 2.2 Timing Data Collection
[23:29:53] Phase 3 Retarget
[23:29:53] Phase 4 Constant propagation
[23:29:53] Phase 5 Sweep
[23:30:23] Phase 6 BUFG optimization
[23:30:54] Phase 7 Shift Register Optimization
[23:30:54] Phase 8 Post Processing Netlist
[23:30:54] Phase 9 Finalization
[23:30:54] Phase 9.1 Finalizing Design Cores and Updating Shapes
[23:31:24] Finished 3rd of 6 tasks (FPGA logic optimization). Elapsed time: 00h 11m 07s 

[23:31:24] Starting logic placement..
[23:31:24] Phase 9.2 Verifying Netlist Connectivity
[23:31:54] Phase 1 Placer Initialization
[23:31:54] Phase 1.1 Placer Initialization Netlist Sorting
[23:38:59] Phase 1.2 IO Placement/ Clock Placement/ Build Placer Device
[23:40:00] Phase 1.3 Build Placer Netlist Model
[23:42:31] Phase 1.4 Constrain Clocks/Macros
[23:43:02] Phase 2 Global Placement
[23:43:02] Phase 2.1 Floorplanning
[23:44:33] Phase 2.1.1 Partition Driven Placement
[23:44:33] Phase 2.1.1.1 PBP: Partition Driven Placement
[23:46:04] Phase 2.1.1.2 PBP: Clock Region Placement
[23:49:06] Phase 2.1.1.3 PBP: Discrete Incremental
[23:49:06] Phase 2.1.1.4 PBP: Compute Congestion
[23:49:37] Phase 2.1.1.5 PBP: Macro Placement
[23:50:07] Phase 2.1.1.6 PBP: UpdateTiming
[23:50:07] Phase 2.1.1.7 PBP: Add part constraints
[23:50:38] Phase 2.2 Physical Synthesis After Floorplan
[23:51:39] Phase 2.3 Update Timing before SLR Path Opt
[23:51:39] Phase 2.4 Post-Processing in Floorplanning
[23:51:39] Phase 2.5 Global Place Phase1
[00:01:17] Phase 2.6 Global Place Phase2
[00:01:17] Phase 2.6.1 UpdateTiming Before Physical Synthesis
[00:01:17] Phase 2.6.2 Physical Synthesis In Placer
[00:10:25] Phase 3 Detail Placement
[00:10:55] Phase 3.1 Commit Multi Column Macros
[00:10:55] Phase 3.2 Commit Most Macros & LUTRAMs
[00:14:28] Phase 3.3 Small Shape DP
[00:14:28] Phase 3.3.1 Small Shape Clustering
[00:17:31] Phase 3.3.2 Slice Area Swap
[00:17:31] Phase 3.3.2.1 Slice Area Swap Initial
[00:23:06] Phase 3.4 Place Remaining
[00:23:06] Phase 3.5 Re-assign LUT pins
[00:24:07] Phase 3.6 Pipeline Register Optimization
[00:24:37] Phase 3.7 Fast Optimization
[00:26:08] Phase 4 Post Placement Optimization and Clean-Up
[00:26:08] Phase 4.1 Post Commit Optimization
[00:28:10] Phase 4.1.1 Post Placement Optimization
[00:28:10] Phase 4.1.1.1 BUFG Insertion
[00:28:10] Phase 1 Physical Synthesis Initialization
[00:28:40] Phase 4.1.1.2 BUFG Replication
[00:28:40] Phase 4.1.1.3 Post Placement Timing Optimization
[00:31:12] Phase 4.1.1.4 Replication
[00:32:13] Phase 4.2 Post Placement Cleanup
[00:32:13] Phase 4.3 Placer Reporting
[00:32:13] Phase 4.3.1 Print Estimated Congestion
[00:32:13] Phase 4.4 Final Placement Cleanup
[00:49:28] Finished 4th of 6 tasks (FPGA logic placement). Elapsed time: 01h 18m 03s 

[00:49:28] Starting logic routing..
[00:49:28] Phase 1 Build RT Design
[00:52:30] Phase 2 Router Initialization
[00:52:30] Phase 2.1 Fix Topology Constraints
[00:52:30] Phase 2.2 Pre Route Cleanup
[00:53:01] Phase 2.3 Global Clock Net Routing
[00:53:01] Phase 2.4 Update Timing
[00:55:33] Phase 2.5 Update Timing for Bus Skew
[00:55:33] Phase 2.5.1 Update Timing
[00:56:04] Phase 2.6 Soft Constraint Pins - Fast Budgeting
[00:56:04] Phase 3 Global Routing
[00:56:34] Phase 4 Initial Routing
[00:56:34] Phase 4.1 Initial Net Routing Pass
[01:02:09] Phase 4.2 Update Timing
[01:03:10] Phase 4.3 Initial Net Routing Pass
[01:09:46] Phase 4.4 Update Timing
[01:10:47] Phase 4.5 Initial Net Routing Pass
[01:16:52] Phase 4.6 Update Timing
[01:17:53] Phase 4.7 Initial Net Routing Pass
[01:19:34] Run vpl: Step impl: Failed
[01:19:35] Run vpl: FINISHED. Run Status: impl ERROR

===>The following messages were generated while  creating FPGA bitstream. Log file: /home/devsounio/cs6_scaled_taylor16/hardware/fpga/u250_target23_scaled_taylor16/_x/link/vivado/vpl/runme.log :
ERROR: [VPL 12-13638] Failed runs(s) : 'impl_1'
ERROR: [VPL 60-773] In '/home/devsounio/cs6_scaled_taylor16/hardware/fpga/u250_target23_scaled_taylor16/_x/link/vivado/vpl/runme.log', caught Tcl error:  ERROR: [Common 17-39] 'wait_on_runs' failed due to earlier errors.
WARNING: [VPL 60-732] Link warning: No monitor points found for BD automation.
ERROR: [VPL 60-704] Integration error, Failed to complete hardware generation. The run name is 'impl_1'. An error stack with function names and arguments may be available in the 'vivado.log'.
ERROR: [VPL 60-1328] Vpl run 'vpl' failed
ERROR: [VPL 60-806] Failed to finish platform linker
INFO: [v++ 60-1442] [01:19:36] Run run_link: Step vpl: Failed
Time (s): cpu = 00:01:50 ; elapsed = 02:40:25 . Memory (MB): peak = 515.836 ; gain = 0.000 ; free physical = 31206 ; free virtual = 76245
ERROR: [v++ 60-661] v++ link run 'run_link' failed
ERROR: [v++ 60-626] Kernel link failed to complete
ERROR: [v++ 60-703] Failed to finish linking
INFO: [v++ 60-1653] Closing dispatch client.
