
======== chebi ========
[chebi] parsing downloads/chebi.owl (policy=ns_only) ...
[chebi] declared classes: 218253 (deprecated skipped: 19419), sub=307965 exsub=109108 disj=0 (skipped restr_shape=0, anon_subclassof=0) [21.2s]
[chebi] CHEBI/ns_only: H=218253 (primary=218253, foreign_interned=0), sub=307965, exsub=109108, disj=0; ns_only would drop foreign_parent=0 foreign_filler=0 foreign_disj_half=0
[chebi] ro: 725 subPropertyOf, 185 chains (incl. transitive) [0.0s]
[chebi] H=218253 NR=13 sub=307965 exsub=109108 disj=0 roleSub=10 roleComp=4
[chebi] probe: superclass-side restrictions=0, equivalentClass restrictions=0 (both skipped, reported for honesty)
[chebi/ns_only] full (sparse): atomic_edges=5297445 role_edges_atom=29846298 conf=0 rounds=5 [21.9s]
[chebi/ns_only] ablations: no-roleComp=22643261 no-roleSub=12049267 [17.8s]
[chebi/ns_only] conf=0 (sparse scan; grouped-conf skipped for H>=50000 or empty disj)
[chebi] parsing downloads/chebi.owl (policy=open_fillers) ...
[chebi] declared classes: 218253 (deprecated skipped: 19419), sub=307965 exsub=109108 disj=0 (skipped restr_shape=0, anon_subclassof=0) [19.3s]
[chebi] CHEBI/open_fillers: H=218253 (primary=218253, foreign_interned=0), sub=307965, exsub=109108, disj=0; ns_only would drop foreign_parent=0 foreign_filler=0 foreign_disj_half=0
[chebi] ro: 725 subPropertyOf, 185 chains (incl. transitive) [0.0s]
[chebi] H=218253 NR=13 sub=307965 exsub=109108 disj=0 roleSub=10 roleComp=4
[chebi] probe: superclass-side restrictions=0, equivalentClass restrictions=0 (both skipped, reported for honesty)
[chebi/open_fillers] full (sparse): atomic_edges=5297445 role_edges_atom=29846298 conf=0 rounds=5 [19.2s]
[chebi/open_fillers] ablations: no-roleComp=22643261 no-roleSub=12049267 [16.4s]
[chebi/open_fillers] conf=0 (sparse scan; grouped-conf skipped for H>=50000 or empty disj)
### chebi

| metric | ns_only | open_fillers | Δ |
|---|---:|---:|---:|
| H | 218253 | 218253 | 0 |
| foreign_interned | 0 | 0 | 0 |
| sub | 307965 | 307965 | 0 |
| exsub | 109108 | 109108 | 0 |
| disj | 0 | 0 | 0 |
| NR | 13 | 13 | 0 |
| atomic_edges | 5297445 | 5297445 | 0 |
| role_edges | 29846298 | 29846298 | 0 |
| conf | 0 | 0 | 0 |
| amp (edges/exsub) | 273.5× | 273.5× | +0.0 |
| foreign_filler dropped by ns_only | 0 | (recovered in open) | — |
| foreign_parent dropped by ns_only | 0 | (recovered in open) | — |
| super_side / equiv_restr (probed) | 0/0 | 0/0 | — |


[probe] wrote CROSS_NS_RESULTS.md
