
======== pato ========
[pato] parsing downloads/pato.owl (policy=ns_only) ...
[pato] declared classes: 7643 (deprecated skipped: 982), sub=11213 exsub=7751 disj=231 (skipped restr_shape=10, anon_subclassof=10) [0.5s]
[pato] PATO/ns_only: H=1887 (primary=1887, foreign_interned=0), sub=2227, exsub=37, disj=67; ns_only would drop foreign_parent=1 foreign_filler=0 foreign_disj_half=0
[pato] ro: 725 subPropertyOf, 185 chains (incl. transitive) [0.0s]
[pato] H=1887 NR=12 sub=2227 exsub=37 disj=67 roleSub=5 roleComp=2
[pato] probe: superclass-side restrictions=1, equivalentClass restrictions=0 (both skipped, reported for honesty)
[pato/ns_only] full: atomic_edges=12433 role_edges_atom=4005 conf=471806 rounds=2 [0.2s]
[pato/ns_only] ablations: no-roleComp=4005 no-roleSub=2287 [0.3s]
[pato/ns_only] grouped-conf cross-check OK (471806 conflicts, 1809 actors)
[pato] parsing downloads/pato.owl (policy=open_fillers) ...
[pato] declared classes: 7643 (deprecated skipped: 982), sub=11213 exsub=7751 disj=231 (skipped restr_shape=10, anon_subclassof=10) [0.4s]
[pato] PATO/open_fillers: H=1888 (primary=1887, foreign_interned=1), sub=2228, exsub=37, disj=67; ns_only would drop foreign_parent=1 foreign_filler=0 foreign_disj_half=0
[pato] ro: 725 subPropertyOf, 185 chains (incl. transitive) [0.0s]
[pato] H=1888 NR=12 sub=2228 exsub=37 disj=67 roleSub=5 roleComp=2
[pato] probe: superclass-side restrictions=1, equivalentClass restrictions=0 (both skipped, reported for honesty)
[pato/open_fillers] full: atomic_edges=14321 role_edges_atom=4841 conf=471806 rounds=2 [0.2s]
[pato/open_fillers] ablations: no-roleComp=4841 no-roleSub=2771 [0.3s]
[pato/open_fillers] grouped-conf cross-check OK (471806 conflicts, 1809 actors)
### pato

| metric | ns_only | open_fillers | Δ |
|---|---:|---:|---:|
| H | 1887 | 1888 | 1 |
| foreign_interned | 0 | 1 | 1 |
| sub | 2227 | 2228 | 1 |
| exsub | 37 | 37 | 0 |
| disj | 67 | 67 | 0 |
| NR | 12 | 12 | 0 |
| atomic_edges | 12433 | 14321 | 1888 |
| role_edges | 4005 | 4841 | 836 |
| conf | 471806 | 471806 | 0 |
| amp (edges/exsub) | 108.2× | 130.8× | +22.6 |
| foreign_filler dropped by ns_only | 0 | (recovered in open) | — |
| foreign_parent dropped by ns_only | 1 | (recovered in open) | — |
| super_side / equiv_restr (probed) | 1/0 | 1/0 | — |


======== cl ========
[cl] parsing downloads/cl.owl (policy=ns_only) ...
[cl] declared classes: 18880 (deprecated skipped: 287), sub=28866 exsub=19815 disj=346 (skipped restr_shape=178, anon_subclassof=2398) [1.5s]
[cl] CL/ns_only: H=3335 (primary=3335, foreign_interned=0), sub=4664, exsub=477, disj=35; ns_only would drop foreign_parent=216 foreign_filler=3754 foreign_disj_half=4
[cl] ro: 725 subPropertyOf, 185 chains (incl. transitive) [0.0s]
[cl] H=3335 NR=29 sub=4664 exsub=477 disj=35 roleSub=29 roleComp=14
[cl] probe: superclass-side restrictions=1, equivalentClass restrictions=2 (both skipped, reported for honesty)
[cl/ns_only] full: atomic_edges=37926 role_edges_atom=146188 conf=1071098 rounds=5 [0.4s]
[cl/ns_only] ablations: no-roleComp=110394 no-roleSub=36587 [0.8s]
[cl/ns_only] grouped-conf cross-check OK (1071098 conflicts, 3162 actors)
[cl] parsing downloads/cl.owl (policy=open_fillers) ...
[cl] declared classes: 18880 (deprecated skipped: 287), sub=28866 exsub=19815 disj=346 (skipped restr_shape=178, anon_subclassof=2398) [1.6s]
[cl] CL/open_fillers: H=6206 (primary=3335, foreign_interned=2871), sub=8964, exsub=5697, disj=120; ns_only would drop foreign_parent=216 foreign_filler=3754 foreign_disj_half=4
[cl] ro: 725 subPropertyOf, 185 chains (incl. transitive) [0.0s]
[cl] H=6206 NR=173 sub=8964 exsub=5697 disj=120 roleSub=154 roleComp=75
[cl] probe: superclass-side restrictions=1, equivalentClass restrictions=2 (both skipped, reported for honesty)
[cl/open_fillers] full: atomic_edges=87490 role_edges_atom=1204329 conf=7418464 rounds=6 [6.6s]
[cl/open_fillers] ablations: no-roleComp=924340 no-roleSub=434446 [6.7s]
[cl/open_fillers] grouped-conf cross-check OK (7418464 conflicts, 6127 actors)
### cl

| metric | ns_only | open_fillers | Δ |
|---|---:|---:|---:|
| H | 3335 | 6206 | 2871 |
| foreign_interned | 0 | 2871 | 2871 |
| sub | 4664 | 8964 | 4300 |
| exsub | 477 | 5697 | 5220 |
| disj | 35 | 120 | 85 |
| NR | 29 | 173 | 144 |
| atomic_edges | 37926 | 87490 | 49564 |
| role_edges | 146188 | 1204329 | 1058141 |
| conf | 1071098 | 7418464 | 6347366 |
| amp (edges/exsub) | 306.5× | 211.4× | -95.1 |
| foreign_filler dropped by ns_only | 3754 | (recovered in open) | — |
| foreign_parent dropped by ns_only | 216 | (recovered in open) | — |
| super_side / equiv_restr (probed) | 1/2 | 1/2 | — |


======== uberon ========
[uberon] parsing downloads/uberon.owl (policy=ns_only) ...
[uberon] declared classes: 25233 (deprecated skipped: 1391), sub=35440 exsub=34679 disj=846 (skipped restr_shape=3104, anon_subclassof=8279) [2.4s]
[uberon] UBERON/ns_only: H=14975 (primary=14975, foreign_interned=0), sub=19607, exsub=17080, disj=589; ns_only would drop foreign_parent=11 foreign_filler=2040 foreign_disj_half=1
[uberon] ro: 725 subPropertyOf, 185 chains (incl. transitive) [0.0s]
[uberon] H=14975 NR=128 sub=19607 exsub=17080 disj=589 roleSub=87 roleComp=36
[uberon] probe: superclass-side restrictions=1, equivalentClass restrictions=15 (both skipped, reported for honesty)
[uberon/ns_only] full: atomic_edges=150515 role_edges_atom=2343535 conf=25001610 rounds=7 [36.6s]
[uberon/ns_only] ablations: no-roleComp=1507927 no-roleSub=1036281 [40.0s]
[uberon/ns_only] grouped-conf cross-check OK (25001610 conflicts, 14913 actors)
[uberon] parsing downloads/uberon.owl (policy=open_fillers) ...
[uberon] declared classes: 25233 (deprecated skipped: 1391), sub=35440 exsub=34679 disj=846 (skipped restr_shape=3104, anon_subclassof=8279) [2.3s]
[uberon] UBERON/open_fillers: H=16295 (primary=14975, foreign_interned=1320), sub=21371, exsub=19737, disj=682; ns_only would drop foreign_parent=11 foreign_filler=2040 foreign_disj_half=1
[uberon] ro: 725 subPropertyOf, 185 chains (incl. transitive) [0.0s]
[uberon] H=16295 NR=202 sub=21371 exsub=19737 disj=682 roleSub=168 roleComp=81
[uberon] probe: superclass-side restrictions=1, equivalentClass restrictions=15 (both skipped, reported for honesty)
[uberon/open_fillers] full: atomic_edges=229014 role_edges_atom=5190470 conf=44540444 rounds=7 [77.6s]
[uberon/open_fillers] ablations: no-roleComp=2988441 no-roleSub=2089239 [64.7s]
[uberon/open_fillers] grouped-conf cross-check OK (44540444 conflicts, 16172 actors)
### uberon

| metric | ns_only | open_fillers | Δ |
|---|---:|---:|---:|
| H | 14975 | 16295 | 1320 |
| foreign_interned | 0 | 1320 | 1320 |
| sub | 19607 | 21371 | 1764 |
| exsub | 17080 | 19737 | 2657 |
| disj | 589 | 682 | 93 |
| NR | 128 | 202 | 74 |
| atomic_edges | 150515 | 229014 | 78499 |
| role_edges | 2343535 | 5190470 | 2846935 |
| conf | 25001610 | 44540444 | 19538834 |
| amp (edges/exsub) | 137.2× | 263.0× | +125.8 |
| foreign_filler dropped by ns_only | 2040 | (recovered in open) | — |
| foreign_parent dropped by ns_only | 11 | (recovered in open) | — |
| super_side / equiv_restr (probed) | 1/15 | 1/15 | — |

[probe] skip chebi

[probe] wrote CROSS_NS_RESULTS.md
