warning[E-SRB-000]: artifacts/ontology-frontiers/multi-ontology/open_fillers_elplus_driver.sio module is unclassified
science-boundary: mode=advisory verdict=UNKNOWN
Madaros v0.80.0 -- the Sounio self-hosted compiler
the bare highland that does not negotiate with ill-formed code -- Sfakia, Crete
Horizon 3: self-hosted primary compiler.

Main file: 111
 items
Loaded 1 modules
Resolve skip: single module with no imports
Type checking module 0
Type check complete for module 0
imported_compile: begin
imported_compile: load_begin
imported_compile: load_done
imported_compile: loaded 1
 modules
imported_compile: typecheck_begin
imported_compile: typecheck_done
imported_compile: typecheck ok
imported_compile: lower_begin
lower_array: seed_begin
lower_array: seed_done
lower_array: dep_mode into_acc
lower_array: seed_main_idx 110

lower_array: final_fn_count 117

lower_array: arena_reset_totals ok=0
 skip=0
 sites_reclaimed=0

imported_compile: lower_done
Merged IR: 117
 functions
Written to /tmp/madaros-run.nsswFc/main.elf
Written to /tmp/madaros-run.nsswFc/main.elf
Compilation successful!
   Output: /tmp/madaros-run.nsswFc/main.elf
=== PATO open_fillers: EL+ role-aware closure (round 16b) ===
role fixpoint rounds (full):
2
non-empty role x class cells (full run):
836
sparse arena words used (full run):
13602
ancestor arena words used:
30382
classes (H):
1888
roles (NR):
12
sub axioms:
2228
existential restrictions (exsub):
37
disjoint pairs:
67
roleSub axioms:
5
roleComp chains:
2
atomic projection closure edges:
14321
atom-source role edges (= existential targets, stoR/RtoS):
4841
atomic conflicts (ordered pairs):
471806
role fixpoint rounds (full):
2
role edges without roleComp (ablation):
4841
role edges without roleSub (ablation):
2771
role fixpoint rounds (no-roleComp):
2
role fixpoint rounds (no-roleSub):
1
=== CL open_fillers: EL+ role-aware closure (round 16b) ===
role fixpoint rounds (full):
7
non-empty role x class cells (full run):
74597
sparse arena words used (full run):
2309490
ancestor arena words used:
198434
classes (H):
6206
roles (NR):
173
sub axioms:
8964
existential restrictions (exsub):
5697
disjoint pairs:
120
roleSub axioms:
154
roleComp chains:
75
atomic projection closure edges:
87490
atom-source role edges (= existential targets, stoR/RtoS):
1204329
atomic conflicts (ordered pairs):
7418464
role fixpoint rounds (full):
7
role edges without roleComp (ablation):
924340
role edges without roleSub (ablation):
434446
role fixpoint rounds (no-roleComp):
2
role fixpoint rounds (no-roleSub):
4
ALL PASS
