warning[E-SRB-000]: artifacts/ontology-frontiers/multi-ontology/uberon_open_elplus_driver.sio module is unclassified
science-boundary: mode=advisory verdict=UNKNOWN
Madaros v0.80.0 -- the Sounio self-hosted compiler
the bare highland that does not negotiate with ill-formed code -- Sfakia, Crete
Horizon 3: self-hosted primary compiler.

Main file: 101
 items
Loaded 1 modules
Resolve skip: single module with no imports
Type checking module 0
Type check complete for module 0
imported_compile: begin
imported_compile: load_begin
imported_compile: load_done
imported_compile: loaded 1
 modules
imported_compile: typecheck_begin
imported_compile: typecheck_done
imported_compile: typecheck ok
imported_compile: lower_begin
lower_array: seed_begin
lower_array: seed_done
lower_array: dep_mode into_acc
lower_array: seed_main_idx 100

lower_array: final_fn_count 107

lower_array: arena_reset_totals ok=0
 skip=0
 sites_reclaimed=0

imported_compile: lower_done
Merged IR: 107
 functions
Written to /tmp/madaros-run.ZzgYes/main.elf
Written to /tmp/madaros-run.ZzgYes/main.elf
Compilation successful!
   Output: /tmp/madaros-run.ZzgYes/main.elf
=== UBERON open_fillers: EL+ role-aware closure (round 16c) ===
role fixpoint rounds (full):
7
non-empty role x class cells (full run):
274885
sparse arena words used (full run):
10448244
ancestor arena words used:
438604
classes (H):
16295
roles (NR):
202
sub axioms:
21371
existential restrictions (exsub):
19737
disjoint pairs:
682
roleSub axioms:
168
roleComp chains:
81
atomic projection closure edges:
229014
atom-source role edges (= existential targets, stoR/RtoS):
5190470
atomic conflicts (ordered pairs):
44540444
role fixpoint rounds (full):
7
role edges without roleComp (ablation):
2988441
role edges without roleSub (ablation):
2089239
role fixpoint rounds (no-roleComp):
2
role fixpoint rounds (no-roleSub):
5
ALL PASS
